.next/dev/types/cache-life.d.ts(1,1): error TS1127: Invalid character.
.next/dev/types/cache-life.d.ts(1,2): error TS1127: Invalid character.
.next/dev/types/cache-life.d.ts(1,3): error TS1127: Invalid character.
.next/dev/types/cache-life.d.ts(1,4): error TS1127: Invalid character.
.next/dev/types/cache-life.d.ts(1,5): error TS1127: Invalid character.
.next/dev/types/cache-life.d.ts(1,6): error TS1127: Invalid character.
.next/dev/types/cache-life.d.ts(1,7): error TS1127: Invalid character.
.next/dev/types/cache-life.d.ts(1,8): error TS1127: Invalid character.
.next/dev/types/cache-life.d.ts(1,9): error TS1127: Invalid character.
.next/dev/types/cache-life.d.ts(1,10): error TS1127: Invalid character.
.next/dev/types/cache-life.d.ts(1,11): error TS1127: Invalid character.
.next/dev/types/cache-life.d.ts(1,12): error TS1127: Invalid character.
.next/dev/types/cache-life.d.ts(1,13): error TS1127: Invalid character.
.next/dev/types/cache-life.d.ts(1,14): error TS1127: Invalid character.
.next/dev/types/cache-life.d.ts(1,15): error TS1127: Invalid character.
.next/dev/types/cache-life.d.ts(1,16): error TS1127: Invalid character.
.next/dev/types/cache-life.d.ts(1,17): error TS1127: Invalid character.
.next/dev/types/cache-life.d.ts(1,18): error TS1127: Invalid character.
.next/dev/types/cache-life.d.ts(1,19): error TS1127: Invalid character.
.next/dev/types/cache-life.d.ts(1,20): error TS1127: Invalid character.
.next/dev/types/cache-life.d.ts(1,21): error TS1127: Invalid character.
.next/dev/types/cache-life.d.ts(1,22): error TS1127: Invalid character.
.next/dev/types/cache-life.d.ts(1,23): error TS1127: Invalid character.
.next/dev/types/cache-life.d.ts(1,24): error TS1127: Invalid character.
.next/dev/types/cache-life.d.ts(1,25): error TS1127: Invalid character.
.next/dev/types/cache-life.d.ts(1,26): error TS1127: Invalid character.
.next/dev/types/cache-life.d.ts(1,27): error TS1127: Invalid character.
.next/dev/types/cache-life.d.ts(1,28): error TS1127: Invalid character.
.next/dev/types/cache-life.d.ts(1,29): error TS1127: Invalid character.
.next/dev/types/cache-life.d.ts(1,30): error TS1127: Invalid character.
.next/dev/types/cache-life.d.ts(1,31): error TS1127: Invalid character.
.next/dev/types/cache-life.d.ts(1,32): error TS1127: Invalid character.
.next/dev/types/cache-life.d.ts(1,33): error TS1127: Invalid character.
.next/dev/types/cache-life.d.ts(1,34): error TS1127: Invalid character.
.next/dev/types/cache-life.d.ts(1,35): error TS1127: Invalid character.
.next/dev/types/cache-life.d.ts(1,36): error TS1127: Invalid character.
.next/dev/types/cache-life.d.ts(1,37): error TS1127: Invalid character.
.next/dev/types/cache-life.d.ts(1,38): error TS1127: Invalid character.
.next/dev/types/cache-life.d.ts(1,39): error TS1127: Invalid character.
.next/dev/types/cache-life.d.ts(1,40): error TS1127: Invalid character.
.next/dev/types/cache-life.d.ts(1,41): error TS1127: Invalid character.
.next/dev/types/cache-life.d.ts(1,42): error TS1127: Invalid character.
.next/dev/types/cache-life.d.ts(1,43): error TS1127: Invalid character.
.next/dev/types/cache-life.d.ts(1,44): error TS1127: Invalid character.
.next/dev/types/cache-life.d.ts(1,45): error TS1127: Invalid character.
.next/dev/types/cache-life.d.ts(1,46): error TS1127: Invalid character.
.next/dev/types/cache-life.d.ts(1,47): error TS1127: Invalid character.
.next/dev/types/cache-life.d.ts(1,48): error TS1127: Invalid character.
.next/dev/types/cache-life.d.ts(1,49): error TS1127: Invalid character.
.next/dev/types/cache-life.d.ts(1,50): error TS1127: Invalid character.
.next/dev/types/cache-life.d.ts(1,51): error TS1127: Invalid character.
.next/dev/types/cache-life.d.ts(1,52): error TS1127: Invalid character.
.next/dev/types/cache-life.d.ts(1,53): error TS1127: Invalid character.
.next/dev/types/cache-life.d.ts(1,54): error TS1127: Invalid character.
.next/dev/types/cache-life.d.ts(1,55): error TS1127: Invalid character.
.next/dev/types/cache-life.d.ts(1,56): error TS1127: Invalid character.
.next/dev/types/cache-life.d.ts(1,57): error TS1127: Invalid character.
.next/dev/types/cache-life.d.ts(1,58): error TS1127: Invalid character.
.next/dev/types/cache-life.d.ts(1,59): error TS1127: Invalid character.
.next/dev/types/cache-life.d.ts(1,60): error TS1127: Invalid character.
.next/dev/types/cache-life.d.ts(1,61): error TS1127: Invalid character.
.next/dev/types/cache-life.d.ts(1,62): error TS1127: Invalid character.
.next/dev/types/cache-life.d.ts(1,63): error TS1127: Invalid character.
.next/dev/types/cache-life.d.ts(1,64): error TS1127: Invalid character.
.next/dev/types/cache-life.d.ts(1,65): error TS1127: Invalid character.
.next/dev/types/cache-life.d.ts(1,66): error TS1127: Invalid character.
.next/dev/types/cache-life.d.ts(1,67): error TS1127: Invalid character.
.next/dev/types/cache-life.d.ts(1,68): error TS1127: Invalid character.
.next/dev/types/cache-life.d.ts(1,69): error TS1127: Invalid character.
.next/dev/types/cache-life.d.ts(1,70): error TS1127: Invalid character.
.next/dev/types/cache-life.d.ts(1,71): error TS1127: Invalid character.
.next/dev/types/cache-life.d.ts(1,72): error TS1127: Invalid character.
.next/dev/types/cache-life.d.ts(1,73): error TS1127: Invalid character.
.next/dev/types/cache-life.d.ts(1,74): error TS1127: Invalid character.
.next/dev/types/cache-life.d.ts(1,75): error TS1127: Invalid character.
.next/dev/types/cache-life.d.ts(1,76): error TS1127: Invalid character.
.next/dev/types/cache-life.d.ts(1,77): error TS1127: Invalid character.
.next/dev/types/cache-life.d.ts(1,78): error TS1127: Invalid character.
.next/dev/types/cache-life.d.ts(1,79): error TS1127: Invalid character.
.next/dev/types/cache-life.d.ts(1,80): error TS1127: Invalid character.
.next/dev/types/cache-life.d.ts(1,81): error TS1127: Invalid character.
.next/dev/types/cache-life.d.ts(1,82): error TS1127: Invalid character.
.next/dev/types/cache-life.d.ts(1,83): error TS1127: Invalid character.
.next/dev/types/cache-life.d.ts(1,84): error TS1127: Invalid character.
.next/dev/types/cache-life.d.ts(1,85): error TS1127: Invalid character.
.next/dev/types/cache-life.d.ts(1,86): error TS1127: Invalid character.
.next/dev/types/cache-life.d.ts(1,87): error TS1127: Invalid character.
.next/dev/types/cache-life.d.ts(1,88): error TS1127: Invalid character.
.next/dev/types/cache-life.d.ts(1,89): error TS1127: Invalid character.
.next/dev/types/cache-life.d.ts(1,90): error TS1127: Invalid character.
.next/dev/types/cache-life.d.ts(1,91): error TS1127: Invalid character.
.next/dev/types/cache-life.d.ts(1,92): error TS1127: Invalid character.
.next/dev/types/cache-life.d.ts(1,93): error TS1127: Invalid character.
.next/dev/types/cache-life.d.ts(1,94): error TS1127: Invalid character.
.next/dev/types/cache-life.d.ts(1,95): error TS1127: Invalid character.
.next/dev/types/cache-life.d.ts(1,96): error TS1127: Invalid character.
.next/dev/types/cache-life.d.ts(1,97): error TS1127: Invalid character.
.next/dev/types/cache-life.d.ts(1,98): error TS1127: Invalid character.
.next/dev/types/cache-life.d.ts(1,99): error TS1127: Invalid character.
.next/dev/types/cache-life.d.ts(1,100): error TS1127: Invalid character.
.next/dev/types/cache-life.d.ts(1,101): error TS1127: Invalid character.
.next/dev/types/cache-life.d.ts(1,102): error TS1127: Invalid character.
.next/dev/types/cache-life.d.ts(1,103): error TS1127: Invalid character.
.next/dev/types/cache-life.d.ts(1,104): error TS1127: Invalid character.
.next/dev/types/cache-life.d.ts(1,105): error TS1127: Invalid character.
.next/dev/types/cache-life.d.ts(1,106): error TS1127: Invalid character.
.next/dev/types/cache-life.d.ts(1,107): error TS1127: Invalid character.
.next/dev/types/cache-life.d.ts(1,108): error TS1127: Invalid character.
.next/dev/types/cache-life.d.ts(1,109): error TS1127: Invalid character.
.next/dev/types/cache-life.d.ts(1,110): error TS1127: Invalid character.
.next/dev/types/cache-life.d.ts(1,111): error TS1127: Invalid character.
.next/dev/types/cache-life.d.ts(1,112): error TS1127: Invalid character.
.next/dev/types/cache-life.d.ts(1,113): error TS1127: Invalid character.
.next/dev/types/cache-life.d.ts(1,114): error TS1127: Invalid character.
.next/dev/types/cache-life.d.ts(1,115): error TS1127: Invalid character.
.next/dev/types/cache-life.d.ts(1,116): error TS1127: Invalid character.
.next/dev/types/cache-life.d.ts(1,117): error TS1127: Invalid character.
.next/dev/types/cache-life.d.ts(1,118): error TS1127: Invalid character.
.next/dev/types/cache-life.d.ts(1,119): error TS1127: Invalid character.
.next/dev/types/cache-life.d.ts(1,120): error TS1127: Invalid character.
.next/dev/types/cache-life.d.ts(1,121): error TS1127: Invalid character.
.next/dev/types/cache-life.d.ts(1,122): error TS1127: Invalid character.
.next/dev/types/cache-life.d.ts(1,123): error TS1127: Invalid character.
.next/dev/types/cache-life.d.ts(1,124): error TS1127: Invalid character.
.next/dev/types/cache-life.d.ts(1,125): error TS1127: Invalid character.
.next/dev/types/cache-life.d.ts(1,126): error TS1127: Invalid character.
.next/dev/types/cache-life.d.ts(1,127): error TS1127: Invalid character.
.next/dev/types/cache-life.d.ts(1,128): error TS1127: Invalid character.
.next/dev/types/cache-life.d.ts(1,129): error TS1127: Invalid character.
.next/dev/types/cache-life.d.ts(1,130): error TS1127: Invalid character.
.next/dev/types/cache-life.d.ts(1,131): error TS1127: Invalid character.
.next/dev/types/cache-life.d.ts(1,132): error TS1127: Invalid character.
.next/dev/types/cache-life.d.ts(1,133): error TS1127: Invalid character.
.next/dev/types/cache-life.d.ts(1,134): error TS1127: Invalid character.
.next/dev/types/cache-life.d.ts(1,135): error TS1127: Invalid character.
.next/dev/types/cache-life.d.ts(1,136): error TS1127: Invalid character.
.next/dev/types/cache-life.d.ts(1,137): error TS1127: Invalid character.
.next/dev/types/cache-life.d.ts(1,138): error TS1127: Invalid character.
.next/dev/types/cache-life.d.ts(1,139): error TS1127: Invalid character.
.next/dev/types/cache-life.d.ts(1,140): error TS1127: Invalid character.
.next/dev/types/cache-life.d.ts(1,141): error TS1127: Invalid character.
.next/dev/types/cache-life.d.ts(1,142): error TS1127: Invalid character.
.next/dev/types/cache-life.d.ts(1,143): error TS1127: Invalid character.
.next/dev/types/cache-life.d.ts(1,144): error TS1127: Invalid character.
.next/dev/types/cache-life.d.ts(1,145): error TS1127: Invalid character.
.next/dev/types/cache-life.d.ts(1,146): error TS1127: Invalid character.
.next/dev/types/cache-life.d.ts(1,147): error TS1127: Invalid character.
.next/dev/types/cache-life.d.ts(1,148): error TS1127: Invalid character.
.next/dev/types/cache-life.d.ts(1,149): error TS1127: Invalid character.
.next/dev/types/cache-life.d.ts(1,150): error TS1127: Invalid character.
.next/dev/types/cache-life.d.ts(1,151): error TS1127: Invalid character.
.next/dev/types/cache-life.d.ts(1,152): error TS1127: Invalid character.
.next/dev/types/cache-life.d.ts(1,153): error TS1127: Invalid character.
.next/dev/types/cache-life.d.ts(1,154): error TS1127: Invalid character.
.next/dev/types/cache-life.d.ts(1,155): error TS1127: Invalid character.
.next/dev/types/cache-life.d.ts(1,156): error TS1127: Invalid character.
.next/dev/types/cache-life.d.ts(1,157): error TS1127: Invalid character.
.next/dev/types/cache-life.d.ts(1,158): error TS1127: Invalid character.
.next/dev/types/cache-life.d.ts(1,159): error TS1127: Invalid character.
.next/dev/types/cache-life.d.ts(1,160): error TS1127: Invalid character.
.next/dev/types/cache-life.d.ts(1,161): error TS1127: Invalid character.
.next/dev/types/cache-life.d.ts(1,162): error TS1127: Invalid character.
.next/dev/types/cache-life.d.ts(1,163): error TS1127: Invalid character.
.next/dev/types/cache-life.d.ts(1,164): error TS1127: Invalid character.
.next/dev/types/cache-life.d.ts(1,165): error TS1127: Invalid character.
.next/dev/types/cache-life.d.ts(1,166): error TS1127: Invalid character.
.next/dev/types/cache-life.d.ts(1,167): error TS1127: Invalid character.
.next/dev/types/cache-life.d.ts(1,168): error TS1127: Invalid character.
.next/dev/types/cache-life.d.ts(1,169): error TS1127: Invalid character.
.next/dev/types/cache-life.d.ts(1,170): error TS1127: Invalid character.
.next/dev/types/cache-life.d.ts(1,171): error TS1127: Invalid character.
.next/dev/types/cache-life.d.ts(1,172): error TS1127: Invalid character.
.next/dev/types/cache-life.d.ts(1,173): error TS1127: Invalid character.
.next/dev/types/cache-life.d.ts(1,174): error TS1127: Invalid character.
.next/dev/types/cache-life.d.ts(1,175): error TS1127: Invalid character.
.next/dev/types/cache-life.d.ts(1,176): error TS1127: Invalid character.
.next/dev/types/cache-life.d.ts(1,177): error TS1127: Invalid character.
.next/dev/types/cache-life.d.ts(1,178): error TS1127: Invalid character.
.next/dev/types/cache-life.d.ts(1,179): error TS1127: Invalid character.
.next/dev/types/cache-life.d.ts(1,180): error TS1127: Invalid character.
.next/dev/types/cache-life.d.ts(1,181): error TS1127: Invalid character.
.next/dev/types/cache-life.d.ts(1,182): error TS1127: Invalid character.
.next/dev/types/cache-life.d.ts(1,183): error TS1127: Invalid character.
.next/dev/types/cache-life.d.ts(1,184): error TS1127: Invalid character.
.next/dev/types/cache-life.d.ts(1,185): error TS1127: Invalid character.
.next/dev/types/cache-life.d.ts(1,186): error TS1127: Invalid character.
.next/dev/types/cache-life.d.ts(1,187): error TS1127: Invalid character.
.next/dev/types/cache-life.d.ts(1,188): error TS1127: Invalid character.
.next/dev/types/cache-life.d.ts(1,189): error TS1127: Invalid character.
.next/dev/types/cache-life.d.ts(1,190): error TS1127: Invalid character.
.next/dev/types/cache-life.d.ts(1,191): error TS1127: Invalid character.
.next/dev/types/cache-life.d.ts(1,192): error TS1127: Invalid character.
.next/dev/types/cache-life.d.ts(1,193): error TS1127: Invalid character.
.next/dev/types/cache-life.d.ts(1,194): error TS1127: Invalid character.
.next/dev/types/cache-life.d.ts(1,195): error TS1127: Invalid character.
.next/dev/types/cache-life.d.ts(1,196): error TS1127: Invalid character.
.next/dev/types/cache-life.d.ts(1,197): error TS1127: Invalid character.
.next/dev/types/cache-life.d.ts(1,198): error TS1127: Invalid character.
.next/dev/types/cache-life.d.ts(1,199): error TS1127: Invalid character.
.next/dev/types/cache-life.d.ts(1,200): error TS1127: Invalid character.
.next/dev/types/cache-life.d.ts(1,201): error TS1127: Invalid character.
.next/dev/types/cache-life.d.ts(1,202): error TS1127: Invalid character.
.next/dev/types/cache-life.d.ts(1,203): error TS1127: Invalid character.
.next/dev/types/cache-life.d.ts(1,204): error TS1127: Invalid character.
.next/dev/types/cache-life.d.ts(1,205): error TS1127: Invalid character.
.next/dev/types/cache-life.d.ts(1,206): error TS1127: Invalid character.
.next/dev/types/cache-life.d.ts(1,207): error TS1127: Invalid character.
.next/dev/types/cache-life.d.ts(1,208): error TS1127: Invalid character.
.next/dev/types/cache-life.d.ts(1,209): error TS1127: Invalid character.
.next/dev/types/cache-life.d.ts(1,210): error TS1127: Invalid character.
.next/dev/types/cache-life.d.ts(1,211): error TS1127: Invalid character.
.next/dev/types/cache-life.d.ts(1,212): error TS1127: Invalid character.
.next/dev/types/cache-life.d.ts(1,213): error TS1127: Invalid character.
.next/dev/types/cache-life.d.ts(1,214): error TS1127: Invalid character.
.next/dev/types/cache-life.d.ts(1,215): error TS1127: Invalid character.
.next/dev/types/cache-life.d.ts(1,216): error TS1127: Invalid character.
.next/dev/types/cache-life.d.ts(1,217): error TS1127: Invalid character.
.next/dev/types/cache-life.d.ts(1,218): error TS1127: Invalid character.
.next/dev/types/cache-life.d.ts(1,219): error TS1127: Invalid character.
.next/dev/types/cache-life.d.ts(1,220): error TS1127: Invalid character.
.next/dev/types/cache-life.d.ts(1,221): error TS1127: Invalid character.
.next/dev/types/cache-life.d.ts(1,222): error TS1127: Invalid character.
.next/dev/types/cache-life.d.ts(1,223): error TS1127: Invalid character.
.next/dev/types/cache-life.d.ts(1,224): error TS1127: Invalid character.
.next/dev/types/cache-life.d.ts(1,225): error TS1127: Invalid character.
.next/dev/types/cache-life.d.ts(1,226): error TS1127: Invalid character.
.next/dev/types/cache-life.d.ts(1,227): error TS1127: Invalid character.
.next/dev/types/cache-life.d.ts(1,228): error TS1127: Invalid character.
.next/dev/types/cache-life.d.ts(1,229): error TS1127: Invalid character.
.next/dev/types/cache-life.d.ts(1,230): error TS1127: Invalid character.
.next/dev/types/cache-life.d.ts(1,231): error TS1127: Invalid character.
.next/dev/types/cache-life.d.ts(1,232): error TS1127: Invalid character.
.next/dev/types/cache-life.d.ts(1,233): error TS1127: Invalid character.
.next/dev/types/cache-life.d.ts(1,234): error TS1127: Invalid character.
.next/dev/types/cache-life.d.ts(1,235): error TS1127: Invalid character.
.next/dev/types/cache-life.d.ts(1,236): error TS1127: Invalid character.
.next/dev/types/cache-life.d.ts(1,237): error TS1127: Invalid character.
.next/dev/types/cache-life.d.ts(1,238): error TS1127: Invalid character.
.next/dev/types/cache-life.d.ts(1,239): error TS1127: Invalid character.
.next/dev/types/cache-life.d.ts(1,240): error TS1127: Invalid character.
.next/dev/types/cache-life.d.ts(1,241): error TS1127: Invalid character.
.next/dev/types/cache-life.d.ts(1,242): error TS1127: Invalid character.
.next/dev/types/cache-life.d.ts(1,243): error TS1127: Invalid character.
.next/dev/types/cache-life.d.ts(1,244): error TS1127: Invalid character.
.next/dev/types/cache-life.d.ts(1,245): error TS1127: Invalid character.
.next/dev/types/cache-life.d.ts(1,246): error TS1127: Invalid character.
.next/dev/types/cache-life.d.ts(1,247): error TS1127: Invalid character.
.next/dev/types/cache-life.d.ts(1,248): error TS1127: Invalid character.
.next/dev/types/cache-life.d.ts(1,249): error TS1127: Invalid character.
.next/dev/types/cache-life.d.ts(1,250): error TS1127: Invalid character.
.next/dev/types/cache-life.d.ts(1,251): error TS1127: Invalid character.
.next/dev/types/cache-life.d.ts(1,252): error TS1127: Invalid character.
.next/dev/types/cache-life.d.ts(1,253): error TS1127: Invalid character.
.next/dev/types/cache-life.d.ts(1,254): error TS1127: Invalid character.
.next/dev/types/cache-life.d.ts(1,255): error TS1127: Invalid character.
.next/dev/types/cache-life.d.ts(1,256): error TS1127: Invalid character.
.next/dev/types/cache-life.d.ts(1,257): error TS1127: Invalid character.
.next/dev/types/cache-life.d.ts(1,258): error TS1127: Invalid character.
.next/dev/types/cache-life.d.ts(1,259): error TS1127: Invalid character.
.next/dev/types/cache-life.d.ts(1,260): error TS1127: Invalid character.
.next/dev/types/cache-life.d.ts(1,261): error TS1127: Invalid character.
.next/dev/types/cache-life.d.ts(1,262): error TS1127: Invalid character.
.next/dev/types/cache-life.d.ts(1,263): error TS1127: Invalid character.
.next/dev/types/cache-life.d.ts(1,264): error TS1127: Invalid character.
.next/dev/types/cache-life.d.ts(1,265): error TS1127: Invalid character.
.next/dev/types/cache-life.d.ts(1,266): error TS1127: Invalid character.
.next/dev/types/cache-life.d.ts(1,267): error TS1127: Invalid character.
.next/dev/types/cache-life.d.ts(1,268): error TS1127: Invalid character.
.next/dev/types/cache-life.d.ts(1,269): error TS1127: Invalid character.
.next/dev/types/cache-life.d.ts(1,270): error TS1127: Invalid character.
.next/dev/types/cache-life.d.ts(1,271): error TS1127: Invalid character.
.next/dev/types/cache-life.d.ts(1,272): error TS1127: Invalid character.
.next/dev/types/cache-life.d.ts(1,273): error TS1127: Invalid character.
.next/dev/types/cache-life.d.ts(1,274): error TS1127: Invalid character.
.next/dev/types/cache-life.d.ts(1,275): error TS1127: Invalid character.
.next/dev/types/cache-life.d.ts(1,276): error TS1127: Invalid character.
.next/dev/types/cache-life.d.ts(1,277): error TS1127: Invalid character.
.next/dev/types/cache-life.d.ts(1,278): error TS1127: Invalid character.
.next/dev/types/cache-life.d.ts(1,279): error TS1127: Invalid character.
.next/dev/types/cache-life.d.ts(1,280): error TS1127: Invalid character.
.next/dev/types/cache-life.d.ts(1,281): error TS1127: Invalid character.
.next/dev/types/cache-life.d.ts(1,282): error TS1127: Invalid character.
.next/dev/types/cache-life.d.ts(1,283): error TS1127: Invalid character.
.next/dev/types/cache-life.d.ts(1,284): error TS1127: Invalid character.
.next/dev/types/cache-life.d.ts(1,285): error TS1127: Invalid character.
.next/dev/types/cache-life.d.ts(1,286): error TS1127: Invalid character.
.next/dev/types/cache-life.d.ts(1,287): error TS1127: Invalid character.
.next/dev/types/cache-life.d.ts(1,288): error TS1127: Invalid character.
.next/dev/types/cache-life.d.ts(1,289): error TS1127: Invalid character.
.next/dev/types/cache-life.d.ts(1,290): error TS1127: Invalid character.
.next/dev/types/cache-life.d.ts(1,291): error TS1127: Invalid character.
.next/dev/types/cache-life.d.ts(1,292): error TS1127: Invalid character.
.next/dev/types/cache-life.d.ts(1,293): error TS1127: Invalid character.
.next/dev/types/cache-life.d.ts(1,294): error TS1127: Invalid character.
.next/dev/types/cache-life.d.ts(1,295): error TS1127: Invalid character.
.next/dev/types/cache-life.d.ts(1,296): error TS1127: Invalid character.
.next/dev/types/cache-life.d.ts(1,297): error TS1127: Invalid character.
.next/dev/types/cache-life.d.ts(1,298): error TS1127: Invalid character.
.next/dev/types/cache-life.d.ts(1,299): error TS1127: Invalid character.
.next/dev/types/cache-life.d.ts(1,300): error TS1127: Invalid character.
.next/dev/types/cache-life.d.ts(1,301): error TS1127: Invalid character.
.next/dev/types/cache-life.d.ts(1,302): error TS1127: Invalid character.
.next/dev/types/cache-life.d.ts(1,303): error TS1127: Invalid character.
.next/dev/types/cache-life.d.ts(1,304): error TS1127: Invalid character.
.next/dev/types/cache-life.d.ts(1,305): error TS1127: Invalid character.
.next/dev/types/cache-life.d.ts(1,306): error TS1127: Invalid character.
.next/dev/types/cache-life.d.ts(1,307): error TS1127: Invalid character.
.next/dev/types/cache-life.d.ts(1,308): error TS1127: Invalid character.
.next/dev/types/cache-life.d.ts(1,309): error TS1127: Invalid character.
.next/dev/types/cache-life.d.ts(1,310): error TS1127: Invalid character.
.next/dev/types/cache-life.d.ts(1,311): error TS1127: Invalid character.
.next/dev/types/cache-life.d.ts(1,312): error TS1127: Invalid character.
.next/dev/types/cache-life.d.ts(1,313): error TS1127: Invalid character.
.next/dev/types/cache-life.d.ts(1,314): error TS1127: Invalid character.
.next/dev/types/cache-life.d.ts(1,315): error TS1127: Invalid character.
.next/dev/types/cache-life.d.ts(1,316): error TS1127: Invalid character.
.next/dev/types/cache-life.d.ts(1,317): error TS1127: Invalid character.
.next/dev/types/cache-life.d.ts(1,318): error TS1127: Invalid character.
.next/dev/types/cache-life.d.ts(1,319): error TS1127: Invalid character.
.next/dev/types/cache-life.d.ts(1,320): error TS1127: Invalid character.
.next/dev/types/cache-life.d.ts(1,321): error TS1127: Invalid character.
.next/dev/types/cache-life.d.ts(1,322): error TS1127: Invalid character.
.next/dev/types/cache-life.d.ts(1,323): error TS1127: Invalid character.
.next/dev/types/cache-life.d.ts(1,324): error TS1127: Invalid character.
.next/dev/types/cache-life.d.ts(1,325): error TS1127: Invalid character.
.next/dev/types/cache-life.d.ts(1,326): error TS1127: Invalid character.
.next/dev/types/cache-life.d.ts(1,327): error TS1127: Invalid character.
.next/dev/types/cache-life.d.ts(1,328): error TS1127: Invalid character.
.next/dev/types/cache-life.d.ts(1,329): error TS1127: Invalid character.
.next/dev/types/cache-life.d.ts(1,330): error TS1127: Invalid character.
.next/dev/types/cache-life.d.ts(1,331): error TS1127: Invalid character.
.next/dev/types/cache-life.d.ts(1,332): error TS1127: Invalid character.
.next/dev/types/cache-life.d.ts(1,333): error TS1127: Invalid character.
.next/dev/types/cache-life.d.ts(1,334): error TS1127: Invalid character.
.next/dev/types/cache-life.d.ts(1,335): error TS1127: Invalid character.
.next/dev/types/cache-life.d.ts(1,336): error TS1127: Invalid character.
.next/dev/types/cache-life.d.ts(1,337): error TS1127: Invalid character.
.next/dev/types/cache-life.d.ts(1,338): error TS1127: Invalid character.
.next/dev/types/cache-life.d.ts(1,339): error TS1127: Invalid character.
.next/dev/types/cache-life.d.ts(1,340): error TS1127: Invalid character.
.next/dev/types/cache-life.d.ts(1,341): error TS1127: Invalid character.
.next/dev/types/cache-life.d.ts(1,342): error TS1127: Invalid character.
.next/dev/types/cache-life.d.ts(1,343): error TS1127: Invalid character.
.next/dev/types/cache-life.d.ts(1,344): error TS1127: Invalid character.
.next/dev/types/cache-life.d.ts(1,345): error TS1127: Invalid character.
.next/dev/types/cache-life.d.ts(1,346): error TS1127: Invalid character.
.next/dev/types/cache-life.d.ts(1,347): error TS1127: Invalid character.
.next/dev/types/cache-life.d.ts(1,348): error TS1127: Invalid character.
.next/dev/types/cache-life.d.ts(1,349): error TS1127: Invalid character.
.next/dev/types/cache-life.d.ts(1,350): error TS1127: Invalid character.
.next/dev/types/cache-life.d.ts(1,351): error TS1127: Invalid character.
.next/dev/types/cache-life.d.ts(1,352): error TS1127: Invalid character.
.next/dev/types/cache-life.d.ts(1,353): error TS1127: Invalid character.
.next/dev/types/cache-life.d.ts(1,354): error TS1127: Invalid character.
.next/dev/types/cache-life.d.ts(1,355): error TS1127: Invalid character.
.next/dev/types/cache-life.d.ts(1,356): error TS1127: Invalid character.
.next/dev/types/cache-life.d.ts(1,357): error TS1127: Invalid character.
.next/dev/types/cache-life.d.ts(1,358): error TS1127: Invalid character.
.next/dev/types/cache-life.d.ts(1,359): error TS1127: Invalid character.
.next/dev/types/cache-life.d.ts(1,360): error TS1127: Invalid character.
.next/dev/types/cache-life.d.ts(1,361): error TS1127: Invalid character.
.next/dev/types/cache-life.d.ts(1,362): error TS1127: Invalid character.
.next/dev/types/cache-life.d.ts(1,363): error TS1127: Invalid character.
.next/dev/types/cache-life.d.ts(1,364): error TS1127: Invalid character.
.next/dev/types/cache-life.d.ts(1,365): error TS1127: Invalid character.
.next/dev/types/cache-life.d.ts(1,366): error TS1127: Invalid character.
.next/dev/types/cache-life.d.ts(1,367): error TS1127: Invalid character.
.next/dev/types/cache-life.d.ts(1,368): error TS1127: Invalid character.
.next/dev/types/cache-life.d.ts(1,369): error TS1127: Invalid character.
.next/dev/types/cache-life.d.ts(1,370): error TS1127: Invalid character.
.next/dev/types/cache-life.d.ts(1,371): error TS1127: Invalid character.
.next/dev/types/cache-life.d.ts(1,372): error TS1127: Invalid character.
.next/dev/types/cache-life.d.ts(1,373): error TS1127: Invalid character.
.next/dev/types/cache-life.d.ts(1,374): error TS1127: Invalid character.
.next/dev/types/cache-life.d.ts(1,375): error TS1127: Invalid character.
.next/dev/types/cache-life.d.ts(1,376): error TS1127: Invalid character.
.next/dev/types/cache-life.d.ts(1,377): error TS1127: Invalid character.
.next/dev/types/cache-life.d.ts(1,378): error TS1127: Invalid character.
.next/dev/types/cache-life.d.ts(1,379): error TS1127: Invalid character.
.next/dev/types/cache-life.d.ts(1,380): error TS1127: Invalid character.
.next/dev/types/cache-life.d.ts(1,381): error TS1127: Invalid character.
.next/dev/types/cache-life.d.ts(1,382): error TS1127: Invalid character.
.next/dev/types/cache-life.d.ts(1,383): error TS1127: Invalid character.
.next/dev/types/cache-life.d.ts(1,384): error TS1127: Invalid character.
.next/dev/types/cache-life.d.ts(1,385): error TS1127: Invalid character.
.next/dev/types/cache-life.d.ts(1,386): error TS1127: Invalid character.
.next/dev/types/cache-life.d.ts(1,387): error TS1127: Invalid character.
.next/dev/types/cache-life.d.ts(1,388): error TS1127: Invalid character.
.next/dev/types/cache-life.d.ts(1,389): error TS1127: Invalid character.
.next/dev/types/cache-life.d.ts(1,390): error TS1127: Invalid character.
.next/dev/types/cache-life.d.ts(1,391): error TS1127: Invalid character.
.next/dev/types/cache-life.d.ts(1,392): error TS1127: Invalid character.
.next/dev/types/cache-life.d.ts(1,393): error TS1127: Invalid character.
.next/dev/types/cache-life.d.ts(1,394): error TS1127: Invalid character.
.next/dev/types/cache-life.d.ts(1,395): error TS1127: Invalid character.
.next/dev/types/cache-life.d.ts(1,396): error TS1127: Invalid character.
.next/dev/types/cache-life.d.ts(1,397): error TS1127: Invalid character.
.next/dev/types/cache-life.d.ts(1,398): error TS1127: Invalid character.
.next/dev/types/cache-life.d.ts(1,399): error TS1127: Invalid character.
.next/dev/types/cache-life.d.ts(1,400): error TS1127: Invalid character.
.next/dev/types/cache-life.d.ts(1,401): error TS1127: Invalid character.
.next/dev/types/cache-life.d.ts(1,402): error TS1127: Invalid character.
.next/dev/types/cache-life.d.ts(1,403): error TS1127: Invalid character.
.next/dev/types/cache-life.d.ts(1,404): error TS1127: Invalid character.
.next/dev/types/cache-life.d.ts(1,405): error TS1127: Invalid character.
.next/dev/types/cache-life.d.ts(1,406): error TS1127: Invalid character.
.next/dev/types/cache-life.d.ts(1,407): error TS1127: Invalid character.
.next/dev/types/cache-life.d.ts(1,408): error TS1127: Invalid character.
.next/dev/types/cache-life.d.ts(1,409): error TS1127: Invalid character.
.next/dev/types/cache-life.d.ts(1,410): error TS1127: Invalid character.
.next/dev/types/cache-life.d.ts(1,411): error TS1127: Invalid character.
.next/dev/types/cache-life.d.ts(1,412): error TS1127: Invalid character.
.next/dev/types/cache-life.d.ts(1,413): error TS1127: Invalid character.
.next/dev/types/cache-life.d.ts(1,414): error TS1127: Invalid character.
.next/dev/types/cache-life.d.ts(1,415): error TS1127: Invalid character.
.next/dev/types/cache-life.d.ts(1,416): error TS1127: Invalid character.
.next/dev/types/cache-life.d.ts(1,417): error TS1127: Invalid character.
.next/dev/types/cache-life.d.ts(1,418): error TS1127: Invalid character.
.next/dev/types/cache-life.d.ts(1,419): error TS1127: Invalid character.
.next/dev/types/cache-life.d.ts(1,420): error TS1127: Invalid character.
.next/dev/types/cache-life.d.ts(1,421): error TS1127: Invalid character.
.next/dev/types/cache-life.d.ts(1,422): error TS1127: Invalid character.
.next/dev/types/cache-life.d.ts(1,423): error TS1127: Invalid character.
.next/dev/types/cache-life.d.ts(1,424): error TS1127: Invalid character.
.next/dev/types/cache-life.d.ts(1,425): error TS1127: Invalid character.
.next/dev/types/cache-life.d.ts(1,426): error TS1127: Invalid character.
.next/dev/types/cache-life.d.ts(1,427): error TS1127: Invalid character.
.next/dev/types/cache-life.d.ts(1,428): error TS1127: Invalid character.
.next/dev/types/cache-life.d.ts(1,429): error TS1127: Invalid character.
.next/dev/types/cache-life.d.ts(1,430): error TS1127: Invalid character.
.next/dev/types/cache-life.d.ts(1,431): error TS1127: Invalid character.
.next/dev/types/cache-life.d.ts(1,432): error TS1127: Invalid character.
.next/dev/types/cache-life.d.ts(1,433): error TS1127: Invalid character.
.next/dev/types/cache-life.d.ts(1,434): error TS1127: Invalid character.
.next/dev/types/cache-life.d.ts(1,435): error TS1127: Invalid character.
.next/dev/types/cache-life.d.ts(1,436): error TS1127: Invalid character.
.next/dev/types/cache-life.d.ts(1,437): error TS1127: Invalid character.
.next/dev/types/cache-life.d.ts(1,438): error TS1127: Invalid character.
.next/dev/types/cache-life.d.ts(1,439): error TS1127: Invalid character.
.next/dev/types/cache-life.d.ts(1,440): error TS1127: Invalid character.
.next/dev/types/cache-life.d.ts(1,441): error TS1127: Invalid character.
.next/dev/types/cache-life.d.ts(1,442): error TS1127: Invalid character.
.next/dev/types/cache-life.d.ts(1,443): error TS1127: Invalid character.
.next/dev/types/cache-life.d.ts(1,444): error TS1127: Invalid character.
.next/dev/types/cache-life.d.ts(1,445): error TS1127: Invalid character.
.next/dev/types/cache-life.d.ts(1,446): error TS1127: Invalid character.
.next/dev/types/cache-life.d.ts(1,447): error TS1127: Invalid character.
.next/dev/types/cache-life.d.ts(1,448): error TS1127: Invalid character.
.next/dev/types/cache-life.d.ts(1,449): error TS1127: Invalid character.
.next/dev/types/cache-life.d.ts(1,450): error TS1127: Invalid character.
.next/dev/types/cache-life.d.ts(1,451): error TS1127: Invalid character.
.next/dev/types/cache-life.d.ts(1,452): error TS1127: Invalid character.
.next/dev/types/cache-life.d.ts(1,453): error TS1127: Invalid character.
.next/dev/types/cache-life.d.ts(1,454): error TS1127: Invalid character.
.next/dev/types/cache-life.d.ts(1,455): error TS1127: Invalid character.
.next/dev/types/cache-life.d.ts(1,456): error TS1127: Invalid character.
.next/dev/types/cache-life.d.ts(1,457): error TS1127: Invalid character.
.next/dev/types/cache-life.d.ts(1,458): error TS1127: Invalid character.
.next/dev/types/cache-life.d.ts(1,459): error TS1127: Invalid character.
.next/dev/types/cache-life.d.ts(1,460): error TS1127: Invalid character.
.next/dev/types/cache-life.d.ts(1,461): error TS1127: Invalid character.
.next/dev/types/cache-life.d.ts(1,462): error TS1127: Invalid character.
.next/dev/types/cache-life.d.ts(1,463): error TS1127: Invalid character.
.next/dev/types/cache-life.d.ts(1,464): error TS1127: Invalid character.
.next/dev/types/cache-life.d.ts(1,465): error TS1127: Invalid character.
.next/dev/types/cache-life.d.ts(1,466): error TS1127: Invalid character.
.next/dev/types/cache-life.d.ts(1,467): error TS1127: Invalid character.
.next/dev/types/cache-life.d.ts(1,468): error TS1127: Invalid character.
.next/dev/types/cache-life.d.ts(1,469): error TS1127: Invalid character.
.next/dev/types/cache-life.d.ts(1,470): error TS1127: Invalid character.
.next/dev/types/cache-life.d.ts(1,471): error TS1127: Invalid character.
.next/dev/types/cache-life.d.ts(1,472): error TS1127: Invalid character.
.next/dev/types/cache-life.d.ts(1,473): error TS1127: Invalid character.
.next/dev/types/cache-life.d.ts(1,474): error TS1127: Invalid character.
.next/dev/types/cache-life.d.ts(1,475): error TS1127: Invalid character.
.next/dev/types/cache-life.d.ts(1,476): error TS1127: Invalid character.
.next/dev/types/cache-life.d.ts(1,477): error TS1127: Invalid character.
.next/dev/types/cache-life.d.ts(1,478): error TS1127: Invalid character.
.next/dev/types/cache-life.d.ts(1,479): error TS1127: Invalid character.
.next/dev/types/cache-life.d.ts(1,480): error TS1127: Invalid character.
.next/dev/types/cache-life.d.ts(1,481): error TS1127: Invalid character.
.next/dev/types/cache-life.d.ts(1,482): error TS1127: Invalid character.
.next/dev/types/cache-life.d.ts(1,483): error TS1127: Invalid character.
.next/dev/types/cache-life.d.ts(1,484): error TS1127: Invalid character.
.next/dev/types/cache-life.d.ts(1,485): error TS1127: Invalid character.
.next/dev/types/cache-life.d.ts(1,486): error TS1127: Invalid character.
.next/dev/types/cache-life.d.ts(1,487): error TS1127: Invalid character.
.next/dev/types/cache-life.d.ts(1,488): error TS1127: Invalid character.
.next/dev/types/cache-life.d.ts(1,489): error TS1127: Invalid character.
.next/dev/types/cache-life.d.ts(1,490): error TS1127: Invalid character.
.next/dev/types/cache-life.d.ts(1,491): error TS1127: Invalid character.
.next/dev/types/cache-life.d.ts(1,492): error TS1127: Invalid character.
.next/dev/types/cache-life.d.ts(1,493): error TS1127: Invalid character.
.next/dev/types/cache-life.d.ts(1,494): error TS1127: Invalid character.
.next/dev/types/cache-life.d.ts(1,495): error TS1127: Invalid character.
.next/dev/types/cache-life.d.ts(1,496): error TS1127: Invalid character.
.next/dev/types/cache-life.d.ts(1,497): error TS1127: Invalid character.
.next/dev/types/cache-life.d.ts(1,498): error TS1127: Invalid character.
.next/dev/types/cache-life.d.ts(1,499): error TS1127: Invalid character.
.next/dev/types/cache-life.d.ts(1,500): error TS1127: Invalid character.
.next/dev/types/cache-life.d.ts(1,501): error TS1127: Invalid character.
.next/dev/types/cache-life.d.ts(1,502): error TS1127: Invalid character.
.next/dev/types/cache-life.d.ts(1,503): error TS1127: Invalid character.
.next/dev/types/cache-life.d.ts(1,504): error TS1127: Invalid character.
.next/dev/types/cache-life.d.ts(1,505): error TS1127: Invalid character.
.next/dev/types/cache-life.d.ts(1,506): error TS1127: Invalid character.
.next/dev/types/cache-life.d.ts(1,507): error TS1127: Invalid character.
.next/dev/types/cache-life.d.ts(1,508): error TS1127: Invalid character.
.next/dev/types/cache-life.d.ts(1,509): error TS1127: Invalid character.
.next/dev/types/cache-life.d.ts(1,510): error TS1127: Invalid character.
.next/dev/types/cache-life.d.ts(1,511): error TS1127: Invalid character.
.next/dev/types/cache-life.d.ts(1,512): error TS1127: Invalid character.
.next/dev/types/cache-life.d.ts(1,513): error TS1127: Invalid character.
.next/dev/types/cache-life.d.ts(1,514): error TS1127: Invalid character.
.next/dev/types/cache-life.d.ts(1,515): error TS1127: Invalid character.
.next/dev/types/cache-life.d.ts(1,516): error TS1127: Invalid character.
.next/dev/types/cache-life.d.ts(1,517): error TS1127: Invalid character.
.next/dev/types/cache-life.d.ts(1,518): error TS1127: Invalid character.
.next/dev/types/cache-life.d.ts(1,519): error TS1127: Invalid character.
.next/dev/types/cache-life.d.ts(1,520): error TS1127: Invalid character.
.next/dev/types/cache-life.d.ts(1,521): error TS1127: Invalid character.
.next/dev/types/cache-life.d.ts(1,522): error TS1127: Invalid character.
.next/dev/types/cache-life.d.ts(1,523): error TS1127: Invalid character.
.next/dev/types/cache-life.d.ts(1,524): error TS1127: Invalid character.
.next/dev/types/cache-life.d.ts(1,525): error TS1127: Invalid character.
.next/dev/types/cache-life.d.ts(1,526): error TS1127: Invalid character.
.next/dev/types/cache-life.d.ts(1,527): error TS1127: Invalid character.
.next/dev/types/cache-life.d.ts(1,528): error TS1127: Invalid character.
.next/dev/types/cache-life.d.ts(1,529): error TS1127: Invalid character.
.next/dev/types/cache-life.d.ts(1,530): error TS1127: Invalid character.
.next/dev/types/cache-life.d.ts(1,531): error TS1127: Invalid character.
.next/dev/types/cache-life.d.ts(1,532): error TS1127: Invalid character.
.next/dev/types/cache-life.d.ts(1,533): error TS1127: Invalid character.
.next/dev/types/cache-life.d.ts(1,534): error TS1127: Invalid character.
.next/dev/types/cache-life.d.ts(1,535): error TS1127: Invalid character.
.next/dev/types/cache-life.d.ts(1,536): error TS1127: Invalid character.
.next/dev/types/cache-life.d.ts(1,537): error TS1127: Invalid character.
.next/dev/types/cache-life.d.ts(1,538): error TS1127: Invalid character.
.next/dev/types/cache-life.d.ts(1,539): error TS1127: Invalid character.
.next/dev/types/cache-life.d.ts(1,540): error TS1127: Invalid character.
.next/dev/types/cache-life.d.ts(1,541): error TS1127: Invalid character.
.next/dev/types/cache-life.d.ts(1,542): error TS1127: Invalid character.
.next/dev/types/cache-life.d.ts(1,543): error TS1127: Invalid character.
.next/dev/types/cache-life.d.ts(1,544): error TS1127: Invalid character.
.next/dev/types/cache-life.d.ts(1,545): error TS1127: Invalid character.
.next/dev/types/cache-life.d.ts(1,546): error TS1127: Invalid character.
.next/dev/types/cache-life.d.ts(1,547): error TS1127: Invalid character.
.next/dev/types/cache-life.d.ts(1,548): error TS1127: Invalid character.
.next/dev/types/cache-life.d.ts(1,549): error TS1127: Invalid character.
.next/dev/types/cache-life.d.ts(1,550): error TS1127: Invalid character.
.next/dev/types/cache-life.d.ts(1,551): error TS1127: Invalid character.
.next/dev/types/cache-life.d.ts(1,552): error TS1127: Invalid character.
.next/dev/types/cache-life.d.ts(1,553): error TS1127: Invalid character.
.next/dev/types/cache-life.d.ts(1,554): error TS1127: Invalid character.
.next/dev/types/cache-life.d.ts(1,555): error TS1127: Invalid character.
.next/dev/types/cache-life.d.ts(1,556): error TS1127: Invalid character.
.next/dev/types/cache-life.d.ts(1,557): error TS1127: Invalid character.
.next/dev/types/cache-life.d.ts(1,558): error TS1127: Invalid character.
.next/dev/types/cache-life.d.ts(1,559): error TS1127: Invalid character.
.next/dev/types/cache-life.d.ts(1,560): error TS1127: Invalid character.
.next/dev/types/cache-life.d.ts(1,561): error TS1127: Invalid character.
.next/dev/types/cache-life.d.ts(1,562): error TS1127: Invalid character.
.next/dev/types/cache-life.d.ts(1,563): error TS1127: Invalid character.
.next/dev/types/cache-life.d.ts(1,564): error TS1127: Invalid character.
.next/dev/types/cache-life.d.ts(1,565): error TS1127: Invalid character.
.next/dev/types/cache-life.d.ts(1,566): error TS1127: Invalid character.
.next/dev/types/cache-life.d.ts(1,567): error TS1127: Invalid character.
.next/dev/types/cache-life.d.ts(1,568): error TS1127: Invalid character.
.next/dev/types/cache-life.d.ts(1,569): error TS1127: Invalid character.
.next/dev/types/cache-life.d.ts(1,570): error TS1127: Invalid character.
.next/dev/types/cache-life.d.ts(1,571): error TS1127: Invalid character.
.next/dev/types/cache-life.d.ts(1,572): error TS1127: Invalid character.
.next/dev/types/cache-life.d.ts(1,573): error TS1127: Invalid character.
.next/dev/types/cache-life.d.ts(1,574): error TS1127: Invalid character.
.next/dev/types/cache-life.d.ts(1,575): error TS1127: Invalid character.
.next/dev/types/cache-life.d.ts(1,576): error TS1127: Invalid character.
.next/dev/types/cache-life.d.ts(1,577): error TS1127: Invalid character.
.next/dev/types/cache-life.d.ts(1,578): error TS1127: Invalid character.
.next/dev/types/cache-life.d.ts(1,579): error TS1127: Invalid character.
.next/dev/types/cache-life.d.ts(1,580): error TS1127: Invalid character.
.next/dev/types/cache-life.d.ts(1,581): error TS1127: Invalid character.
.next/dev/types/cache-life.d.ts(1,582): error TS1127: Invalid character.
.next/dev/types/cache-life.d.ts(1,583): error TS1127: Invalid character.
.next/dev/types/cache-life.d.ts(1,584): error TS1127: Invalid character.
.next/dev/types/cache-life.d.ts(1,585): error TS1127: Invalid character.
.next/dev/types/cache-life.d.ts(1,586): error TS1127: Invalid character.
.next/dev/types/cache-life.d.ts(1,587): error TS1127: Invalid character.
.next/dev/types/cache-life.d.ts(1,588): error TS1127: Invalid character.
.next/dev/types/cache-life.d.ts(1,589): error TS1127: Invalid character.
.next/dev/types/cache-life.d.ts(1,590): error TS1127: Invalid character.
.next/dev/types/cache-life.d.ts(1,591): error TS1127: Invalid character.
.next/dev/types/cache-life.d.ts(1,592): error TS1127: Invalid character.
.next/dev/types/cache-life.d.ts(1,593): error TS1127: Invalid character.
.next/dev/types/cache-life.d.ts(1,594): error TS1127: Invalid character.
.next/dev/types/cache-life.d.ts(1,595): error TS1127: Invalid character.
.next/dev/types/cache-life.d.ts(1,596): error TS1127: Invalid character.
.next/dev/types/cache-life.d.ts(1,597): error TS1127: Invalid character.
.next/dev/types/cache-life.d.ts(1,598): error TS1127: Invalid character.
.next/dev/types/cache-life.d.ts(1,599): error TS1127: Invalid character.
.next/dev/types/cache-life.d.ts(1,600): error TS1127: Invalid character.
.next/dev/types/cache-life.d.ts(1,601): error TS1127: Invalid character.
.next/dev/types/cache-life.d.ts(1,602): error TS1127: Invalid character.
.next/dev/types/cache-life.d.ts(1,603): error TS1127: Invalid character.
.next/dev/types/cache-life.d.ts(1,604): error TS1127: Invalid character.
.next/dev/types/cache-life.d.ts(1,605): error TS1127: Invalid character.
.next/dev/types/cache-life.d.ts(1,606): error TS1127: Invalid character.
.next/dev/types/cache-life.d.ts(1,607): error TS1127: Invalid character.
.next/dev/types/cache-life.d.ts(1,608): error TS1127: Invalid character.
.next/dev/types/cache-life.d.ts(1,609): error TS1127: Invalid character.
.next/dev/types/cache-life.d.ts(1,610): error TS1127: Invalid character.
.next/dev/types/cache-life.d.ts(1,611): error TS1127: Invalid character.
.next/dev/types/cache-life.d.ts(1,612): error TS1127: Invalid character.
.next/dev/types/cache-life.d.ts(1,613): error TS1127: Invalid character.
.next/dev/types/cache-life.d.ts(1,614): error TS1127: Invalid character.
.next/dev/types/cache-life.d.ts(1,615): error TS1127: Invalid character.
.next/dev/types/cache-life.d.ts(1,616): error TS1127: Invalid character.
.next/dev/types/cache-life.d.ts(1,617): error TS1127: Invalid character.
.next/dev/types/cache-life.d.ts(1,618): error TS1127: Invalid character.
.next/dev/types/cache-life.d.ts(1,619): error TS1127: Invalid character.
.next/dev/types/cache-life.d.ts(1,620): error TS1127: Invalid character.
.next/dev/types/cache-life.d.ts(1,621): error TS1127: Invalid character.
.next/dev/types/cache-life.d.ts(1,622): error TS1127: Invalid character.
.next/dev/types/cache-life.d.ts(1,623): error TS1127: Invalid character.
.next/dev/types/cache-life.d.ts(1,624): error TS1127: Invalid character.
.next/dev/types/cache-life.d.ts(1,625): error TS1127: Invalid character.
.next/dev/types/cache-life.d.ts(1,626): error TS1127: Invalid character.
.next/dev/types/cache-life.d.ts(1,627): error TS1127: Invalid character.
.next/dev/types/cache-life.d.ts(1,628): error TS1127: Invalid character.
.next/dev/types/cache-life.d.ts(1,629): error TS1127: Invalid character.
.next/dev/types/cache-life.d.ts(1,630): error TS1127: Invalid character.
.next/dev/types/cache-life.d.ts(1,631): error TS1127: Invalid character.
.next/dev/types/cache-life.d.ts(1,632): error TS1127: Invalid character.
.next/dev/types/cache-life.d.ts(1,633): error TS1127: Invalid character.
.next/dev/types/cache-life.d.ts(1,634): error TS1127: Invalid character.
.next/dev/types/cache-life.d.ts(1,635): error TS1127: Invalid character.
.next/dev/types/cache-life.d.ts(1,636): error TS1127: Invalid character.
.next/dev/types/cache-life.d.ts(1,637): error TS1127: Invalid character.
.next/dev/types/cache-life.d.ts(1,638): error TS1127: Invalid character.
.next/dev/types/cache-life.d.ts(1,639): error TS1127: Invalid character.
.next/dev/types/cache-life.d.ts(1,640): error TS1127: Invalid character.
.next/dev/types/cache-life.d.ts(1,641): error TS1127: Invalid character.
.next/dev/types/cache-life.d.ts(1,642): error TS1127: Invalid character.
.next/dev/types/cache-life.d.ts(1,643): error TS1127: Invalid character.
.next/dev/types/cache-life.d.ts(1,644): error TS1127: Invalid character.
.next/dev/types/cache-life.d.ts(1,645): error TS1127: Invalid character.
.next/dev/types/cache-life.d.ts(1,646): error TS1127: Invalid character.
.next/dev/types/cache-life.d.ts(1,647): error TS1127: Invalid character.
.next/dev/types/cache-life.d.ts(1,648): error TS1127: Invalid character.
.next/dev/types/cache-life.d.ts(1,649): error TS1127: Invalid character.
.next/dev/types/cache-life.d.ts(1,650): error TS1127: Invalid character.
.next/dev/types/cache-life.d.ts(1,651): error TS1127: Invalid character.
.next/dev/types/cache-life.d.ts(1,652): error TS1127: Invalid character.
.next/dev/types/cache-life.d.ts(1,653): error TS1127: Invalid character.
.next/dev/types/cache-life.d.ts(1,654): error TS1127: Invalid character.
.next/dev/types/cache-life.d.ts(1,655): error TS1127: Invalid character.
.next/dev/types/cache-life.d.ts(1,656): error TS1127: Invalid character.
.next/dev/types/cache-life.d.ts(1,657): error TS1127: Invalid character.
.next/dev/types/cache-life.d.ts(1,658): error TS1127: Invalid character.
.next/dev/types/cache-life.d.ts(1,659): error TS1127: Invalid character.
.next/dev/types/cache-life.d.ts(1,660): error TS1127: Invalid character.
.next/dev/types/cache-life.d.ts(1,661): error TS1127: Invalid character.
.next/dev/types/cache-life.d.ts(1,662): error TS1127: Invalid character.
.next/dev/types/cache-life.d.ts(1,663): error TS1127: Invalid character.
.next/dev/types/cache-life.d.ts(1,664): error TS1127: Invalid character.
.next/dev/types/cache-life.d.ts(1,665): error TS1127: Invalid character.
.next/dev/types/cache-life.d.ts(1,666): error TS1127: Invalid character.
.next/dev/types/cache-life.d.ts(1,667): error TS1127: Invalid character.
.next/dev/types/cache-life.d.ts(1,668): error TS1127: Invalid character.
.next/dev/types/cache-life.d.ts(1,669): error TS1127: Invalid character.
.next/dev/types/cache-life.d.ts(1,670): error TS1127: Invalid character.
.next/dev/types/cache-life.d.ts(1,671): error TS1127: Invalid character.
.next/dev/types/cache-life.d.ts(1,672): error TS1127: Invalid character.
.next/dev/types/cache-life.d.ts(1,673): error TS1127: Invalid character.
.next/dev/types/cache-life.d.ts(1,674): error TS1127: Invalid character.
.next/dev/types/cache-life.d.ts(1,675): error TS1127: Invalid character.
.next/dev/types/cache-life.d.ts(1,676): error TS1127: Invalid character.
.next/dev/types/cache-life.d.ts(1,677): error TS1127: Invalid character.
.next/dev/types/cache-life.d.ts(1,678): error TS1127: Invalid character.
.next/dev/types/cache-life.d.ts(1,679): error TS1127: Invalid character.
.next/dev/types/cache-life.d.ts(1,680): error TS1127: Invalid character.
.next/dev/types/cache-life.d.ts(1,681): error TS1127: Invalid character.
.next/dev/types/cache-life.d.ts(1,682): error TS1127: Invalid character.
.next/dev/types/cache-life.d.ts(1,683): error TS1127: Invalid character.
.next/dev/types/cache-life.d.ts(1,684): error TS1127: Invalid character.
.next/dev/types/cache-life.d.ts(1,685): error TS1127: Invalid character.
.next/dev/types/cache-life.d.ts(1,686): error TS1127: Invalid character.
.next/dev/types/cache-life.d.ts(1,687): error TS1127: Invalid character.
.next/dev/types/cache-life.d.ts(1,688): error TS1127: Invalid character.
.next/dev/types/cache-life.d.ts(1,689): error TS1127: Invalid character.
.next/dev/types/cache-life.d.ts(1,690): error TS1127: Invalid character.
.next/dev/types/cache-life.d.ts(1,691): error TS1127: Invalid character.
.next/dev/types/cache-life.d.ts(1,692): error TS1127: Invalid character.
.next/dev/types/cache-life.d.ts(1,693): error TS1127: Invalid character.
.next/dev/types/cache-life.d.ts(1,694): error TS1127: Invalid character.
.next/dev/types/cache-life.d.ts(1,695): error TS1127: Invalid character.
.next/dev/types/cache-life.d.ts(1,696): error TS1127: Invalid character.
.next/dev/types/cache-life.d.ts(1,697): error TS1127: Invalid character.
.next/dev/types/cache-life.d.ts(1,698): error TS1127: Invalid character.
.next/dev/types/cache-life.d.ts(1,699): error TS1127: Invalid character.
.next/dev/types/cache-life.d.ts(1,700): error TS1127: Invalid character.
.next/dev/types/cache-life.d.ts(1,701): error TS1127: Invalid character.
.next/dev/types/cache-life.d.ts(1,702): error TS1127: Invalid character.
.next/dev/types/cache-life.d.ts(1,703): error TS1127: Invalid character.
.next/dev/types/cache-life.d.ts(1,704): error TS1127: Invalid character.
.next/dev/types/cache-life.d.ts(1,705): error TS1127: Invalid character.
.next/dev/types/cache-life.d.ts(1,706): error TS1127: Invalid character.
.next/dev/types/cache-life.d.ts(1,707): error TS1127: Invalid character.
.next/dev/types/cache-life.d.ts(1,708): error TS1127: Invalid character.
.next/dev/types/cache-life.d.ts(1,709): error TS1127: Invalid character.
.next/dev/types/cache-life.d.ts(1,710): error TS1127: Invalid character.
.next/dev/types/cache-life.d.ts(1,711): error TS1127: Invalid character.
.next/dev/types/cache-life.d.ts(1,712): error TS1127: Invalid character.
.next/dev/types/cache-life.d.ts(1,713): error TS1127: Invalid character.
.next/dev/types/cache-life.d.ts(1,714): error TS1127: Invalid character.
.next/dev/types/cache-life.d.ts(1,715): error TS1127: Invalid character.
.next/dev/types/cache-life.d.ts(1,716): error TS1127: Invalid character.
.next/dev/types/cache-life.d.ts(1,717): error TS1127: Invalid character.
.next/dev/types/cache-life.d.ts(1,718): error TS1127: Invalid character.
.next/dev/types/cache-life.d.ts(1,719): error TS1127: Invalid character.
.next/dev/types/cache-life.d.ts(1,720): error TS1127: Invalid character.
.next/dev/types/cache-life.d.ts(1,721): error TS1127: Invalid character.
.next/dev/types/cache-life.d.ts(1,722): error TS1127: Invalid character.
.next/dev/types/cache-life.d.ts(1,723): error TS1127: Invalid character.
.next/dev/types/cache-life.d.ts(1,724): error TS1127: Invalid character.
.next/dev/types/cache-life.d.ts(1,725): error TS1127: Invalid character.
.next/dev/types/cache-life.d.ts(1,726): error TS1127: Invalid character.
.next/dev/types/cache-life.d.ts(1,727): error TS1127: Invalid character.
.next/dev/types/cache-life.d.ts(1,728): error TS1127: Invalid character.
.next/dev/types/cache-life.d.ts(1,729): error TS1127: Invalid character.
.next/dev/types/cache-life.d.ts(1,730): error TS1127: Invalid character.
.next/dev/types/cache-life.d.ts(1,731): error TS1127: Invalid character.
.next/dev/types/cache-life.d.ts(1,732): error TS1127: Invalid character.
.next/dev/types/cache-life.d.ts(1,733): error TS1127: Invalid character.
.next/dev/types/cache-life.d.ts(1,734): error TS1127: Invalid character.
.next/dev/types/cache-life.d.ts(1,735): error TS1127: Invalid character.
.next/dev/types/cache-life.d.ts(1,736): error TS1127: Invalid character.
.next/dev/types/cache-life.d.ts(1,737): error TS1127: Invalid character.
.next/dev/types/cache-life.d.ts(1,738): error TS1127: Invalid character.
.next/dev/types/cache-life.d.ts(1,739): error TS1127: Invalid character.
.next/dev/types/cache-life.d.ts(1,740): error TS1127: Invalid character.
.next/dev/types/cache-life.d.ts(1,741): error TS1127: Invalid character.
.next/dev/types/cache-life.d.ts(1,742): error TS1127: Invalid character.
.next/dev/types/cache-life.d.ts(1,743): error TS1127: Invalid character.
.next/dev/types/cache-life.d.ts(1,744): error TS1127: Invalid character.
.next/dev/types/cache-life.d.ts(1,745): error TS1127: Invalid character.
.next/dev/types/cache-life.d.ts(1,746): error TS1127: Invalid character.
.next/dev/types/cache-life.d.ts(1,747): error TS1127: Invalid character.
.next/dev/types/cache-life.d.ts(1,748): error TS1127: Invalid character.
.next/dev/types/cache-life.d.ts(1,749): error TS1127: Invalid character.
.next/dev/types/cache-life.d.ts(1,750): error TS1127: Invalid character.
.next/dev/types/cache-life.d.ts(1,751): error TS1127: Invalid character.
.next/dev/types/cache-life.d.ts(1,752): error TS1127: Invalid character.
.next/dev/types/cache-life.d.ts(1,753): error TS1127: Invalid character.
.next/dev/types/cache-life.d.ts(1,754): error TS1127: Invalid character.
.next/dev/types/cache-life.d.ts(1,755): error TS1127: Invalid character.
.next/dev/types/cache-life.d.ts(1,756): error TS1127: Invalid character.
.next/dev/types/cache-life.d.ts(1,757): error TS1127: Invalid character.
.next/dev/types/cache-life.d.ts(1,758): error TS1127: Invalid character.
.next/dev/types/cache-life.d.ts(1,759): error TS1127: Invalid character.
.next/dev/types/cache-life.d.ts(1,760): error TS1127: Invalid character.
.next/dev/types/cache-life.d.ts(1,761): error TS1127: Invalid character.
.next/dev/types/cache-life.d.ts(1,762): error TS1127: Invalid character.
.next/dev/types/cache-life.d.ts(1,763): error TS1127: Invalid character.
.next/dev/types/cache-life.d.ts(1,764): error TS1127: Invalid character.
.next/dev/types/cache-life.d.ts(1,765): error TS1127: Invalid character.
.next/dev/types/cache-life.d.ts(1,766): error TS1127: Invalid character.
.next/dev/types/cache-life.d.ts(1,767): error TS1127: Invalid character.
.next/dev/types/cache-life.d.ts(1,768): error TS1127: Invalid character.
.next/dev/types/cache-life.d.ts(1,769): error TS1127: Invalid character.
.next/dev/types/cache-life.d.ts(1,770): error TS1127: Invalid character.
.next/dev/types/cache-life.d.ts(1,771): error TS1127: Invalid character.
.next/dev/types/cache-life.d.ts(1,772): error TS1127: Invalid character.
.next/dev/types/cache-life.d.ts(1,773): error TS1127: Invalid character.
.next/dev/types/cache-life.d.ts(1,774): error TS1127: Invalid character.
.next/dev/types/cache-life.d.ts(1,775): error TS1127: Invalid character.
.next/dev/types/cache-life.d.ts(1,776): error TS1127: Invalid character.
.next/dev/types/cache-life.d.ts(1,777): error TS1127: Invalid character.
.next/dev/types/cache-life.d.ts(1,778): error TS1127: Invalid character.
.next/dev/types/cache-life.d.ts(1,779): error TS1127: Invalid character.
.next/dev/types/cache-life.d.ts(1,780): error TS1127: Invalid character.
.next/dev/types/cache-life.d.ts(1,781): error TS1127: Invalid character.
.next/dev/types/cache-life.d.ts(1,782): error TS1127: Invalid character.
.next/dev/types/cache-life.d.ts(1,783): error TS1127: Invalid character.
.next/dev/types/cache-life.d.ts(1,784): error TS1127: Invalid character.
.next/dev/types/cache-life.d.ts(1,785): error TS1127: Invalid character.
.next/dev/types/cache-life.d.ts(1,786): error TS1127: Invalid character.
.next/dev/types/cache-life.d.ts(1,787): error TS1127: Invalid character.
.next/dev/types/cache-life.d.ts(1,788): error TS1127: Invalid character.
.next/dev/types/cache-life.d.ts(1,789): error TS1127: Invalid character.
.next/dev/types/cache-life.d.ts(1,790): error TS1127: Invalid character.
.next/dev/types/cache-life.d.ts(1,791): error TS1127: Invalid character.
.next/dev/types/cache-life.d.ts(1,792): error TS1127: Invalid character.
.next/dev/types/cache-life.d.ts(1,793): error TS1127: Invalid character.
.next/dev/types/cache-life.d.ts(1,794): error TS1127: Invalid character.
.next/dev/types/cache-life.d.ts(1,795): error TS1127: Invalid character.
.next/dev/types/cache-life.d.ts(1,796): error TS1127: Invalid character.
.next/dev/types/cache-life.d.ts(1,797): error TS1127: Invalid character.
.next/dev/types/cache-life.d.ts(1,798): error TS1127: Invalid character.
.next/dev/types/cache-life.d.ts(1,799): error TS1127: Invalid character.
.next/dev/types/cache-life.d.ts(1,800): error TS1127: Invalid character.
.next/dev/types/cache-life.d.ts(1,801): error TS1127: Invalid character.
.next/dev/types/cache-life.d.ts(1,802): error TS1127: Invalid character.
.next/dev/types/cache-life.d.ts(1,803): error TS1127: Invalid character.
.next/dev/types/cache-life.d.ts(1,804): error TS1127: Invalid character.
.next/dev/types/cache-life.d.ts(1,805): error TS1127: Invalid character.
.next/dev/types/cache-life.d.ts(1,806): error TS1127: Invalid character.
.next/dev/types/cache-life.d.ts(1,807): error TS1127: Invalid character.
.next/dev/types/cache-life.d.ts(1,808): error TS1127: Invalid character.
.next/dev/types/cache-life.d.ts(1,809): error TS1127: Invalid character.
.next/dev/types/cache-life.d.ts(1,810): error TS1127: Invalid character.
.next/dev/types/cache-life.d.ts(1,811): error TS1127: Invalid character.
.next/dev/types/cache-life.d.ts(1,812): error TS1127: Invalid character.
.next/dev/types/cache-life.d.ts(1,813): error TS1127: Invalid character.
.next/dev/types/cache-life.d.ts(1,814): error TS1127: Invalid character.
.next/dev/types/cache-life.d.ts(1,815): error TS1127: Invalid character.
.next/dev/types/cache-life.d.ts(1,816): error TS1127: Invalid character.
.next/dev/types/cache-life.d.ts(1,817): error TS1127: Invalid character.
.next/dev/types/cache-life.d.ts(1,818): error TS1127: Invalid character.
.next/dev/types/cache-life.d.ts(1,819): error TS1127: Invalid character.
.next/dev/types/cache-life.d.ts(1,820): error TS1127: Invalid character.
.next/dev/types/cache-life.d.ts(1,821): error TS1127: Invalid character.
.next/dev/types/cache-life.d.ts(1,822): error TS1127: Invalid character.
.next/dev/types/cache-life.d.ts(1,823): error TS1127: Invalid character.
.next/dev/types/cache-life.d.ts(1,824): error TS1127: Invalid character.
.next/dev/types/cache-life.d.ts(1,825): error TS1127: Invalid character.
.next/dev/types/cache-life.d.ts(1,826): error TS1127: Invalid character.
.next/dev/types/cache-life.d.ts(1,827): error TS1127: Invalid character.
.next/dev/types/cache-life.d.ts(1,828): error TS1127: Invalid character.
.next/dev/types/cache-life.d.ts(1,829): error TS1127: Invalid character.
.next/dev/types/cache-life.d.ts(1,830): error TS1127: Invalid character.
.next/dev/types/cache-life.d.ts(1,831): error TS1127: Invalid character.
.next/dev/types/cache-life.d.ts(1,832): error TS1127: Invalid character.
.next/dev/types/cache-life.d.ts(1,833): error TS1127: Invalid character.
.next/dev/types/cache-life.d.ts(1,834): error TS1127: Invalid character.
.next/dev/types/cache-life.d.ts(1,835): error TS1127: Invalid character.
.next/dev/types/cache-life.d.ts(1,836): error TS1127: Invalid character.
.next/dev/types/cache-life.d.ts(1,837): error TS1127: Invalid character.
.next/dev/types/cache-life.d.ts(1,838): error TS1127: Invalid character.
.next/dev/types/cache-life.d.ts(1,839): error TS1127: Invalid character.
.next/dev/types/cache-life.d.ts(1,840): error TS1127: Invalid character.
.next/dev/types/cache-life.d.ts(1,841): error TS1127: Invalid character.
.next/dev/types/cache-life.d.ts(1,842): error TS1127: Invalid character.
.next/dev/types/cache-life.d.ts(1,843): error TS1127: Invalid character.
.next/dev/types/cache-life.d.ts(1,844): error TS1127: Invalid character.
.next/dev/types/cache-life.d.ts(1,845): error TS1127: Invalid character.
.next/dev/types/cache-life.d.ts(1,846): error TS1127: Invalid character.
.next/dev/types/cache-life.d.ts(1,847): error TS1127: Invalid character.
.next/dev/types/cache-life.d.ts(1,848): error TS1127: Invalid character.
.next/dev/types/cache-life.d.ts(1,849): error TS1127: Invalid character.
.next/dev/types/cache-life.d.ts(1,850): error TS1127: Invalid character.
.next/dev/types/cache-life.d.ts(1,851): error TS1127: Invalid character.
.next/dev/types/cache-life.d.ts(1,852): error TS1127: Invalid character.
.next/dev/types/cache-life.d.ts(1,853): error TS1127: Invalid character.
.next/dev/types/cache-life.d.ts(1,854): error TS1127: Invalid character.
.next/dev/types/cache-life.d.ts(1,855): error TS1127: Invalid character.
.next/dev/types/cache-life.d.ts(1,856): error TS1127: Invalid character.
.next/dev/types/cache-life.d.ts(1,857): error TS1127: Invalid character.
.next/dev/types/cache-life.d.ts(1,858): error TS1127: Invalid character.
.next/dev/types/cache-life.d.ts(1,859): error TS1127: Invalid character.
.next/dev/types/cache-life.d.ts(1,860): error TS1127: Invalid character.
.next/dev/types/cache-life.d.ts(1,861): error TS1127: Invalid character.
.next/dev/types/cache-life.d.ts(1,862): error TS1127: Invalid character.
.next/dev/types/cache-life.d.ts(1,863): error TS1127: Invalid character.
.next/dev/types/cache-life.d.ts(1,864): error TS1127: Invalid character.
.next/dev/types/cache-life.d.ts(1,865): error TS1127: Invalid character.
.next/dev/types/cache-life.d.ts(1,866): error TS1127: Invalid character.
.next/dev/types/cache-life.d.ts(1,867): error TS1127: Invalid character.
.next/dev/types/cache-life.d.ts(1,868): error TS1127: Invalid character.
.next/dev/types/cache-life.d.ts(1,869): error TS1127: Invalid character.
.next/dev/types/cache-life.d.ts(1,870): error TS1127: Invalid character.
.next/dev/types/cache-life.d.ts(1,871): error TS1127: Invalid character.
.next/dev/types/cache-life.d.ts(1,872): error TS1127: Invalid character.
.next/dev/types/cache-life.d.ts(1,873): error TS1127: Invalid character.
.next/dev/types/cache-life.d.ts(1,874): error TS1127: Invalid character.
.next/dev/types/cache-life.d.ts(1,875): error TS1127: Invalid character.
.next/dev/types/cache-life.d.ts(1,876): error TS1127: Invalid character.
.next/dev/types/cache-life.d.ts(1,877): error TS1127: Invalid character.
.next/dev/types/cache-life.d.ts(1,878): error TS1127: Invalid character.
.next/dev/types/cache-life.d.ts(1,879): error TS1127: Invalid character.
.next/dev/types/cache-life.d.ts(1,880): error TS1127: Invalid character.
.next/dev/types/cache-life.d.ts(1,881): error TS1127: Invalid character.
.next/dev/types/cache-life.d.ts(1,882): error TS1127: Invalid character.
.next/dev/types/cache-life.d.ts(1,883): error TS1127: Invalid character.
.next/dev/types/cache-life.d.ts(1,884): error TS1127: Invalid character.
.next/dev/types/cache-life.d.ts(1,885): error TS1127: Invalid character.
.next/dev/types/cache-life.d.ts(1,886): error TS1127: Invalid character.
.next/dev/types/cache-life.d.ts(1,887): error TS1127: Invalid character.
.next/dev/types/cache-life.d.ts(1,888): error TS1127: Invalid character.
.next/dev/types/cache-life.d.ts(1,889): error TS1127: Invalid character.
.next/dev/types/cache-life.d.ts(1,890): error TS1127: Invalid character.
.next/dev/types/cache-life.d.ts(1,891): error TS1127: Invalid character.
.next/dev/types/cache-life.d.ts(1,892): error TS1127: Invalid character.
.next/dev/types/cache-life.d.ts(1,893): error TS1127: Invalid character.
.next/dev/types/cache-life.d.ts(1,894): error TS1127: Invalid character.
.next/dev/types/cache-life.d.ts(1,895): error TS1127: Invalid character.
.next/dev/types/cache-life.d.ts(1,896): error TS1127: Invalid character.
.next/dev/types/cache-life.d.ts(1,897): error TS1127: Invalid character.
.next/dev/types/cache-life.d.ts(1,898): error TS1127: Invalid character.
.next/dev/types/cache-life.d.ts(1,899): error TS1127: Invalid character.
.next/dev/types/cache-life.d.ts(1,900): error TS1127: Invalid character.
.next/dev/types/cache-life.d.ts(1,901): error TS1127: Invalid character.
.next/dev/types/cache-life.d.ts(1,902): error TS1127: Invalid character.
.next/dev/types/cache-life.d.ts(1,903): error TS1127: Invalid character.
.next/dev/types/cache-life.d.ts(1,904): error TS1127: Invalid character.
.next/dev/types/cache-life.d.ts(1,905): error TS1127: Invalid character.
.next/dev/types/cache-life.d.ts(1,906): error TS1127: Invalid character.
.next/dev/types/cache-life.d.ts(1,907): error TS1127: Invalid character.
.next/dev/types/cache-life.d.ts(1,908): error TS1127: Invalid character.
.next/dev/types/cache-life.d.ts(1,909): error TS1127: Invalid character.
.next/dev/types/cache-life.d.ts(1,910): error TS1127: Invalid character.
.next/dev/types/cache-life.d.ts(1,911): error TS1127: Invalid character.
.next/dev/types/cache-life.d.ts(1,912): error TS1127: Invalid character.
.next/dev/types/cache-life.d.ts(1,913): error TS1127: Invalid character.
.next/dev/types/cache-life.d.ts(1,914): error TS1127: Invalid character.
.next/dev/types/cache-life.d.ts(1,915): error TS1127: Invalid character.
.next/dev/types/cache-life.d.ts(1,916): error TS1127: Invalid character.
.next/dev/types/cache-life.d.ts(1,917): error TS1127: Invalid character.
.next/dev/types/cache-life.d.ts(1,918): error TS1127: Invalid character.
.next/dev/types/cache-life.d.ts(1,919): error TS1127: Invalid character.
.next/dev/types/cache-life.d.ts(1,920): error TS1127: Invalid character.
.next/dev/types/cache-life.d.ts(1,921): error TS1127: Invalid character.
.next/dev/types/cache-life.d.ts(1,922): error TS1127: Invalid character.
.next/dev/types/cache-life.d.ts(1,923): error TS1127: Invalid character.
.next/dev/types/cache-life.d.ts(1,924): error TS1127: Invalid character.
.next/dev/types/cache-life.d.ts(1,925): error TS1127: Invalid character.
.next/dev/types/cache-life.d.ts(1,926): error TS1127: Invalid character.
.next/dev/types/cache-life.d.ts(1,927): error TS1127: Invalid character.
.next/dev/types/cache-life.d.ts(1,928): error TS1127: Invalid character.
.next/dev/types/cache-life.d.ts(1,929): error TS1127: Invalid character.
.next/dev/types/cache-life.d.ts(1,930): error TS1127: Invalid character.
.next/dev/types/cache-life.d.ts(1,931): error TS1127: Invalid character.
.next/dev/types/cache-life.d.ts(1,932): error TS1127: Invalid character.
.next/dev/types/cache-life.d.ts(1,933): error TS1127: Invalid character.
.next/dev/types/cache-life.d.ts(1,934): error TS1127: Invalid character.
.next/dev/types/cache-life.d.ts(1,935): error TS1127: Invalid character.
.next/dev/types/cache-life.d.ts(1,936): error TS1127: Invalid character.
.next/dev/types/cache-life.d.ts(1,937): error TS1127: Invalid character.
.next/dev/types/cache-life.d.ts(1,938): error TS1127: Invalid character.
.next/dev/types/cache-life.d.ts(1,939): error TS1127: Invalid character.
.next/dev/types/cache-life.d.ts(1,940): error TS1127: Invalid character.
.next/dev/types/cache-life.d.ts(1,941): error TS1127: Invalid character.
.next/dev/types/cache-life.d.ts(1,942): error TS1127: Invalid character.
.next/dev/types/cache-life.d.ts(1,943): error TS1127: Invalid character.
.next/dev/types/cache-life.d.ts(1,944): error TS1127: Invalid character.
.next/dev/types/cache-life.d.ts(1,945): error TS1127: Invalid character.
.next/dev/types/cache-life.d.ts(1,946): error TS1127: Invalid character.
.next/dev/types/cache-life.d.ts(1,947): error TS1127: Invalid character.
.next/dev/types/cache-life.d.ts(1,948): error TS1127: Invalid character.
.next/dev/types/cache-life.d.ts(1,949): error TS1127: Invalid character.
.next/dev/types/cache-life.d.ts(1,950): error TS1127: Invalid character.
.next/dev/types/cache-life.d.ts(1,951): error TS1127: Invalid character.
.next/dev/types/cache-life.d.ts(1,952): error TS1127: Invalid character.
.next/dev/types/cache-life.d.ts(1,953): error TS1127: Invalid character.
.next/dev/types/cache-life.d.ts(1,954): error TS1127: Invalid character.
.next/dev/types/cache-life.d.ts(1,955): error TS1127: Invalid character.
.next/dev/types/cache-life.d.ts(1,956): error TS1127: Invalid character.
.next/dev/types/cache-life.d.ts(1,957): error TS1127: Invalid character.
.next/dev/types/cache-life.d.ts(1,958): error TS1127: Invalid character.
.next/dev/types/cache-life.d.ts(1,959): error TS1127: Invalid character.
.next/dev/types/cache-life.d.ts(1,960): error TS1127: Invalid character.
.next/dev/types/cache-life.d.ts(1,961): error TS1127: Invalid character.
.next/dev/types/cache-life.d.ts(1,962): error TS1127: Invalid character.
.next/dev/types/cache-life.d.ts(1,963): error TS1127: Invalid character.
.next/dev/types/cache-life.d.ts(1,964): error TS1127: Invalid character.
.next/dev/types/cache-life.d.ts(1,965): error TS1127: Invalid character.
.next/dev/types/cache-life.d.ts(1,966): error TS1127: Invalid character.
.next/dev/types/cache-life.d.ts(1,967): error TS1127: Invalid character.
.next/dev/types/cache-life.d.ts(1,968): error TS1127: Invalid character.
.next/dev/types/cache-life.d.ts(1,969): error TS1127: Invalid character.
.next/dev/types/cache-life.d.ts(1,970): error TS1127: Invalid character.
.next/dev/types/cache-life.d.ts(1,971): error TS1127: Invalid character.
.next/dev/types/cache-life.d.ts(1,972): error TS1127: Invalid character.
.next/dev/types/cache-life.d.ts(1,973): error TS1127: Invalid character.
.next/dev/types/cache-life.d.ts(1,974): error TS1127: Invalid character.
.next/dev/types/cache-life.d.ts(1,975): error TS1127: Invalid character.
.next/dev/types/cache-life.d.ts(1,976): error TS1127: Invalid character.
.next/dev/types/cache-life.d.ts(1,977): error TS1127: Invalid character.
.next/dev/types/cache-life.d.ts(1,978): error TS1127: Invalid character.
.next/dev/types/cache-life.d.ts(1,979): error TS1127: Invalid character.
.next/dev/types/cache-life.d.ts(1,980): error TS1127: Invalid character.
.next/dev/types/cache-life.d.ts(1,981): error TS1127: Invalid character.
.next/dev/types/cache-life.d.ts(1,982): error TS1127: Invalid character.
.next/dev/types/cache-life.d.ts(1,983): error TS1127: Invalid character.
.next/dev/types/cache-life.d.ts(1,984): error TS1127: Invalid character.
.next/dev/types/cache-life.d.ts(1,985): error TS1127: Invalid character.
.next/dev/types/cache-life.d.ts(1,986): error TS1127: Invalid character.
.next/dev/types/cache-life.d.ts(1,987): error TS1127: Invalid character.
.next/dev/types/cache-life.d.ts(1,988): error TS1127: Invalid character.
.next/dev/types/cache-life.d.ts(1,989): error TS1127: Invalid character.
.next/dev/types/cache-life.d.ts(1,990): error TS1127: Invalid character.
.next/dev/types/cache-life.d.ts(1,991): error TS1127: Invalid character.
.next/dev/types/cache-life.d.ts(1,992): error TS1127: Invalid character.
.next/dev/types/cache-life.d.ts(1,993): error TS1127: Invalid character.
.next/dev/types/cache-life.d.ts(1,994): error TS1127: Invalid character.
.next/dev/types/cache-life.d.ts(1,995): error TS1127: Invalid character.
.next/dev/types/cache-life.d.ts(1,996): error TS1127: Invalid character.
.next/dev/types/cache-life.d.ts(1,997): error TS1127: Invalid character.
.next/dev/types/cache-life.d.ts(1,998): error TS1127: Invalid character.
.next/dev/types/cache-life.d.ts(1,999): error TS1127: Invalid character.
.next/dev/types/cache-life.d.ts(1,1000): error TS1127: Invalid character.
.next/dev/types/cache-life.d.ts(1,1001): error TS1127: Invalid character.
.next/dev/types/cache-life.d.ts(1,1002): error TS1127: Invalid character.
.next/dev/types/cache-life.d.ts(1,1003): error TS1127: Invalid character.
.next/dev/types/cache-life.d.ts(1,1004): error TS1127: Invalid character.
.next/dev/types/cache-life.d.ts(1,1005): error TS1127: Invalid character.
.next/dev/types/cache-life.d.ts(1,1006): error TS1127: Invalid character.
.next/dev/types/cache-life.d.ts(1,1007): error TS1127: Invalid character.
.next/dev/types/cache-life.d.ts(1,1008): error TS1127: Invalid character.
.next/dev/types/cache-life.d.ts(1,1009): error TS1127: Invalid character.
.next/dev/types/cache-life.d.ts(1,1010): error TS1127: Invalid character.
.next/dev/types/cache-life.d.ts(1,1011): error TS1127: Invalid character.
.next/dev/types/cache-life.d.ts(1,1012): error TS1127: Invalid character.
.next/dev/types/cache-life.d.ts(1,1013): error TS1127: Invalid character.
.next/dev/types/cache-life.d.ts(1,1014): error TS1127: Invalid character.
.next/dev/types/cache-life.d.ts(1,1015): error TS1127: Invalid character.
.next/dev/types/cache-life.d.ts(1,1016): error TS1127: Invalid character.
.next/dev/types/cache-life.d.ts(1,1017): error TS1127: Invalid character.
.next/dev/types/cache-life.d.ts(1,1018): error TS1127: Invalid character.
.next/dev/types/cache-life.d.ts(1,1019): error TS1127: Invalid character.
.next/dev/types/cache-life.d.ts(1,1020): error TS1127: Invalid character.
.next/dev/types/cache-life.d.ts(1,1021): error TS1127: Invalid character.
.next/dev/types/cache-life.d.ts(1,1022): error TS1127: Invalid character.
.next/dev/types/cache-life.d.ts(1,1023): error TS1127: Invalid character.
.next/dev/types/cache-life.d.ts(1,1024): error TS1127: Invalid character.
.next/dev/types/cache-life.d.ts(1,1025): error TS1127: Invalid character.
.next/dev/types/cache-life.d.ts(1,1026): error TS1127: Invalid character.
.next/dev/types/cache-life.d.ts(1,1027): error TS1127: Invalid character.
.next/dev/types/cache-life.d.ts(1,1028): error TS1127: Invalid character.
.next/dev/types/cache-life.d.ts(1,1029): error TS1127: Invalid character.
.next/dev/types/cache-life.d.ts(1,1030): error TS1127: Invalid character.
.next/dev/types/cache-life.d.ts(1,1031): error TS1127: Invalid character.
.next/dev/types/cache-life.d.ts(1,1032): error TS1127: Invalid character.
.next/dev/types/cache-life.d.ts(1,1033): error TS1127: Invalid character.
.next/dev/types/cache-life.d.ts(1,1034): error TS1127: Invalid character.
.next/dev/types/cache-life.d.ts(1,1035): error TS1127: Invalid character.
.next/dev/types/cache-life.d.ts(1,1036): error TS1127: Invalid character.
.next/dev/types/cache-life.d.ts(1,1037): error TS1127: Invalid character.
.next/dev/types/cache-life.d.ts(1,1038): error TS1127: Invalid character.
.next/dev/types/cache-life.d.ts(1,1039): error TS1127: Invalid character.
.next/dev/types/cache-life.d.ts(1,1040): error TS1127: Invalid character.
.next/dev/types/cache-life.d.ts(1,1041): error TS1127: Invalid character.
.next/dev/types/cache-life.d.ts(1,1042): error TS1127: Invalid character.
.next/dev/types/cache-life.d.ts(1,1043): error TS1127: Invalid character.
.next/dev/types/cache-life.d.ts(1,1044): error TS1127: Invalid character.
.next/dev/types/cache-life.d.ts(1,1045): error TS1127: Invalid character.
.next/dev/types/cache-life.d.ts(1,1046): error TS1127: Invalid character.
.next/dev/types/cache-life.d.ts(1,1047): error TS1127: Invalid character.
.next/dev/types/cache-life.d.ts(1,1048): error TS1127: Invalid character.
.next/dev/types/cache-life.d.ts(1,1049): error TS1127: Invalid character.
.next/dev/types/cache-life.d.ts(1,1050): error TS1127: Invalid character.
.next/dev/types/cache-life.d.ts(1,1051): error TS1127: Invalid character.
.next/dev/types/cache-life.d.ts(1,1052): error TS1127: Invalid character.
.next/dev/types/cache-life.d.ts(1,1053): error TS1127: Invalid character.
.next/dev/types/cache-life.d.ts(1,1054): error TS1127: Invalid character.
.next/dev/types/cache-life.d.ts(1,1055): error TS1127: Invalid character.
.next/dev/types/cache-life.d.ts(1,1056): error TS1127: Invalid character.
.next/dev/types/cache-life.d.ts(1,1057): error TS1127: Invalid character.
.next/dev/types/cache-life.d.ts(1,1058): error TS1127: Invalid character.
.next/dev/types/cache-life.d.ts(1,1059): error TS1127: Invalid character.
.next/dev/types/cache-life.d.ts(1,1060): error TS1127: Invalid character.
.next/dev/types/cache-life.d.ts(1,1061): error TS1127: Invalid character.
.next/dev/types/cache-life.d.ts(1,1062): error TS1127: Invalid character.
.next/dev/types/cache-life.d.ts(1,1063): error TS1127: Invalid character.
.next/dev/types/cache-life.d.ts(1,1064): error TS1127: Invalid character.
.next/dev/types/cache-life.d.ts(1,1065): error TS1127: Invalid character.
.next/dev/types/cache-life.d.ts(1,1066): error TS1127: Invalid character.
.next/dev/types/cache-life.d.ts(1,1067): error TS1127: Invalid character.
.next/dev/types/cache-life.d.ts(1,1068): error TS1127: Invalid character.
.next/dev/types/cache-life.d.ts(1,1069): error TS1127: Invalid character.
.next/dev/types/cache-life.d.ts(1,1070): error TS1127: Invalid character.
.next/dev/types/cache-life.d.ts(1,1071): error TS1127: Invalid character.
.next/dev/types/cache-life.d.ts(1,1072): error TS1127: Invalid character.
.next/dev/types/cache-life.d.ts(1,1073): error TS1127: Invalid character.
.next/dev/types/cache-life.d.ts(1,1074): error TS1127: Invalid character.
.next/dev/types/cache-life.d.ts(1,1075): error TS1127: Invalid character.
.next/dev/types/cache-life.d.ts(1,1076): error TS1127: Invalid character.
.next/dev/types/cache-life.d.ts(1,1077): error TS1127: Invalid character.
.next/dev/types/cache-life.d.ts(1,1078): error TS1127: Invalid character.
.next/dev/types/cache-life.d.ts(1,1079): error TS1127: Invalid character.
.next/dev/types/cache-life.d.ts(1,1080): error TS1127: Invalid character.
.next/dev/types/cache-life.d.ts(1,1081): error TS1127: Invalid character.
.next/dev/types/cache-life.d.ts(1,1082): error TS1127: Invalid character.
.next/dev/types/cache-life.d.ts(1,1083): error TS1127: Invalid character.
.next/dev/types/cache-life.d.ts(1,1084): error TS1127: Invalid character.
.next/dev/types/cache-life.d.ts(1,1085): error TS1127: Invalid character.
.next/dev/types/cache-life.d.ts(1,1086): error TS1127: Invalid character.
.next/dev/types/cache-life.d.ts(1,1087): error TS1127: Invalid character.
.next/dev/types/cache-life.d.ts(1,1088): error TS1127: Invalid character.
.next/dev/types/cache-life.d.ts(1,1089): error TS1127: Invalid character.
.next/dev/types/cache-life.d.ts(1,1090): error TS1127: Invalid character.
.next/dev/types/cache-life.d.ts(1,1091): error TS1127: Invalid character.
.next/dev/types/cache-life.d.ts(1,1092): error TS1127: Invalid character.
.next/dev/types/cache-life.d.ts(1,1093): error TS1127: Invalid character.
.next/dev/types/cache-life.d.ts(1,1094): error TS1127: Invalid character.
.next/dev/types/cache-life.d.ts(1,1095): error TS1127: Invalid character.
.next/dev/types/cache-life.d.ts(1,1096): error TS1127: Invalid character.
.next/dev/types/cache-life.d.ts(1,1097): error TS1127: Invalid character.
.next/dev/types/cache-life.d.ts(1,1098): error TS1127: Invalid character.
.next/dev/types/cache-life.d.ts(1,1099): error TS1127: Invalid character.
.next/dev/types/cache-life.d.ts(1,1100): error TS1127: Invalid character.
.next/dev/types/cache-life.d.ts(1,1101): error TS1127: Invalid character.
.next/dev/types/cache-life.d.ts(1,1102): error TS1127: Invalid character.
.next/dev/types/cache-life.d.ts(1,1103): error TS1127: Invalid character.
.next/dev/types/cache-life.d.ts(1,1104): error TS1127: Invalid character.
.next/dev/types/cache-life.d.ts(1,1105): error TS1127: Invalid character.
.next/dev/types/cache-life.d.ts(1,1106): error TS1127: Invalid character.
.next/dev/types/cache-life.d.ts(1,1107): error TS1127: Invalid character.
.next/dev/types/cache-life.d.ts(1,1108): error TS1127: Invalid character.
.next/dev/types/cache-life.d.ts(1,1109): error TS1127: Invalid character.
.next/dev/types/cache-life.d.ts(1,1110): error TS1127: Invalid character.
.next/dev/types/cache-life.d.ts(1,1111): error TS1127: Invalid character.
.next/dev/types/cache-life.d.ts(1,1112): error TS1127: Invalid character.
.next/dev/types/cache-life.d.ts(1,1113): error TS1127: Invalid character.
.next/dev/types/cache-life.d.ts(1,1114): error TS1127: Invalid character.
.next/dev/types/cache-life.d.ts(1,1115): error TS1127: Invalid character.
.next/dev/types/cache-life.d.ts(1,1116): error TS1127: Invalid character.
.next/dev/types/cache-life.d.ts(1,1117): error TS1127: Invalid character.
.next/dev/types/cache-life.d.ts(1,1118): error TS1127: Invalid character.
.next/dev/types/cache-life.d.ts(1,1119): error TS1127: Invalid character.
.next/dev/types/cache-life.d.ts(1,1120): error TS1127: Invalid character.
.next/dev/types/cache-life.d.ts(1,1121): error TS1127: Invalid character.
.next/dev/types/cache-life.d.ts(1,1122): error TS1127: Invalid character.
.next/dev/types/cache-life.d.ts(1,1123): error TS1127: Invalid character.
.next/dev/types/cache-life.d.ts(1,1124): error TS1127: Invalid character.
.next/dev/types/cache-life.d.ts(1,1125): error TS1127: Invalid character.
.next/dev/types/cache-life.d.ts(1,1126): error TS1127: Invalid character.
.next/dev/types/cache-life.d.ts(1,1127): error TS1127: Invalid character.
.next/dev/types/cache-life.d.ts(1,1128): error TS1127: Invalid character.
.next/dev/types/cache-life.d.ts(1,1129): error TS1127: Invalid character.
.next/dev/types/cache-life.d.ts(1,1130): error TS1127: Invalid character.
.next/dev/types/cache-life.d.ts(1,1131): error TS1127: Invalid character.
.next/dev/types/cache-life.d.ts(1,1132): error TS1127: Invalid character.
.next/dev/types/cache-life.d.ts(1,1133): error TS1127: Invalid character.
.next/dev/types/cache-life.d.ts(1,1134): error TS1127: Invalid character.
.next/dev/types/cache-life.d.ts(1,1135): error TS1127: Invalid character.
.next/dev/types/cache-life.d.ts(1,1136): error TS1127: Invalid character.
.next/dev/types/cache-life.d.ts(1,1137): error TS1127: Invalid character.
.next/dev/types/cache-life.d.ts(1,1138): error TS1127: Invalid character.
.next/dev/types/cache-life.d.ts(1,1139): error TS1127: Invalid character.
.next/dev/types/cache-life.d.ts(1,1140): error TS1127: Invalid character.
.next/dev/types/cache-life.d.ts(1,1141): error TS1127: Invalid character.
.next/dev/types/cache-life.d.ts(1,1142): error TS1127: Invalid character.
.next/dev/types/cache-life.d.ts(1,1143): error TS1127: Invalid character.
.next/dev/types/cache-life.d.ts(1,1144): error TS1127: Invalid character.
.next/dev/types/cache-life.d.ts(1,1145): error TS1127: Invalid character.
.next/dev/types/cache-life.d.ts(1,1146): error TS1127: Invalid character.
.next/dev/types/cache-life.d.ts(1,1147): error TS1127: Invalid character.
.next/dev/types/cache-life.d.ts(1,1148): error TS1127: Invalid character.
.next/dev/types/cache-life.d.ts(1,1149): error TS1127: Invalid character.
.next/dev/types/cache-life.d.ts(1,1150): error TS1127: Invalid character.
.next/dev/types/cache-life.d.ts(1,1151): error TS1127: Invalid character.
.next/dev/types/cache-life.d.ts(1,1152): error TS1127: Invalid character.
.next/dev/types/cache-life.d.ts(1,1153): error TS1127: Invalid character.
.next/dev/types/cache-life.d.ts(1,1154): error TS1127: Invalid character.
.next/dev/types/cache-life.d.ts(1,1155): error TS1127: Invalid character.
.next/dev/types/cache-life.d.ts(1,1156): error TS1127: Invalid character.
.next/dev/types/cache-life.d.ts(1,1157): error TS1127: Invalid character.
.next/dev/types/cache-life.d.ts(1,1158): error TS1127: Invalid character.
.next/dev/types/cache-life.d.ts(1,1159): error TS1127: Invalid character.
.next/dev/types/cache-life.d.ts(1,1160): error TS1127: Invalid character.
.next/dev/types/cache-life.d.ts(1,1161): error TS1127: Invalid character.
.next/dev/types/cache-life.d.ts(1,1162): error TS1127: Invalid character.
.next/dev/types/cache-life.d.ts(1,1163): error TS1127: Invalid character.
.next/dev/types/cache-life.d.ts(1,1164): error TS1127: Invalid character.
.next/dev/types/cache-life.d.ts(1,1165): error TS1127: Invalid character.
.next/dev/types/cache-life.d.ts(1,1166): error TS1127: Invalid character.
.next/dev/types/cache-life.d.ts(1,1167): error TS1127: Invalid character.
.next/dev/types/cache-life.d.ts(1,1168): error TS1127: Invalid character.
.next/dev/types/cache-life.d.ts(1,1169): error TS1127: Invalid character.
.next/dev/types/cache-life.d.ts(1,1170): error TS1127: Invalid character.
.next/dev/types/cache-life.d.ts(1,1171): error TS1127: Invalid character.
.next/dev/types/cache-life.d.ts(1,1172): error TS1127: Invalid character.
.next/dev/types/cache-life.d.ts(1,1173): error TS1127: Invalid character.
.next/dev/types/cache-life.d.ts(1,1174): error TS1127: Invalid character.
.next/dev/types/cache-life.d.ts(1,1175): error TS1127: Invalid character.
.next/dev/types/cache-life.d.ts(1,1176): error TS1127: Invalid character.
.next/dev/types/cache-life.d.ts(1,1177): error TS1127: Invalid character.
.next/dev/types/cache-life.d.ts(1,1178): error TS1127: Invalid character.
.next/dev/types/cache-life.d.ts(1,1179): error TS1127: Invalid character.
.next/dev/types/cache-life.d.ts(1,1180): error TS1127: Invalid character.
.next/dev/types/cache-life.d.ts(1,1181): error TS1127: Invalid character.
.next/dev/types/cache-life.d.ts(1,1182): error TS1127: Invalid character.
.next/dev/types/cache-life.d.ts(1,1183): error TS1127: Invalid character.
.next/dev/types/cache-life.d.ts(1,1184): error TS1127: Invalid character.
.next/dev/types/cache-life.d.ts(1,1185): error TS1127: Invalid character.
.next/dev/types/cache-life.d.ts(1,1186): error TS1127: Invalid character.
.next/dev/types/cache-life.d.ts(1,1187): error TS1127: Invalid character.
.next/dev/types/cache-life.d.ts(1,1188): error TS1127: Invalid character.
.next/dev/types/cache-life.d.ts(1,1189): error TS1127: Invalid character.
.next/dev/types/cache-life.d.ts(1,1190): error TS1127: Invalid character.
.next/dev/types/cache-life.d.ts(1,1191): error TS1127: Invalid character.
.next/dev/types/cache-life.d.ts(1,1192): error TS1127: Invalid character.
.next/dev/types/cache-life.d.ts(1,1193): error TS1127: Invalid character.
.next/dev/types/cache-life.d.ts(1,1194): error TS1127: Invalid character.
.next/dev/types/cache-life.d.ts(1,1195): error TS1127: Invalid character.
.next/dev/types/cache-life.d.ts(1,1196): error TS1127: Invalid character.
.next/dev/types/cache-life.d.ts(1,1197): error TS1127: Invalid character.
.next/dev/types/cache-life.d.ts(1,1198): error TS1127: Invalid character.
.next/dev/types/cache-life.d.ts(1,1199): error TS1127: Invalid character.
.next/dev/types/cache-life.d.ts(1,1200): error TS1127: Invalid character.
.next/dev/types/cache-life.d.ts(1,1201): error TS1127: Invalid character.
.next/dev/types/cache-life.d.ts(1,1202): error TS1127: Invalid character.
.next/dev/types/cache-life.d.ts(1,1203): error TS1127: Invalid character.
.next/dev/types/cache-life.d.ts(1,1204): error TS1127: Invalid character.
.next/dev/types/cache-life.d.ts(1,1205): error TS1127: Invalid character.
.next/dev/types/cache-life.d.ts(1,1206): error TS1127: Invalid character.
.next/dev/types/cache-life.d.ts(1,1207): error TS1127: Invalid character.
.next/dev/types/cache-life.d.ts(1,1208): error TS1127: Invalid character.
.next/dev/types/cache-life.d.ts(1,1209): error TS1127: Invalid character.
.next/dev/types/cache-life.d.ts(1,1210): error TS1127: Invalid character.
.next/dev/types/cache-life.d.ts(1,1211): error TS1127: Invalid character.
.next/dev/types/cache-life.d.ts(1,1212): error TS1127: Invalid character.
.next/dev/types/cache-life.d.ts(1,1213): error TS1127: Invalid character.
.next/dev/types/cache-life.d.ts(1,1214): error TS1127: Invalid character.
.next/dev/types/cache-life.d.ts(1,1215): error TS1127: Invalid character.
.next/dev/types/cache-life.d.ts(1,1216): error TS1127: Invalid character.
.next/dev/types/cache-life.d.ts(1,1217): error TS1127: Invalid character.
.next/dev/types/cache-life.d.ts(1,1218): error TS1127: Invalid character.
.next/dev/types/cache-life.d.ts(1,1219): error TS1127: Invalid character.
.next/dev/types/cache-life.d.ts(1,1220): error TS1127: Invalid character.
.next/dev/types/cache-life.d.ts(1,1221): error TS1127: Invalid character.
.next/dev/types/cache-life.d.ts(1,1222): error TS1127: Invalid character.
.next/dev/types/cache-life.d.ts(1,1223): error TS1127: Invalid character.
.next/dev/types/cache-life.d.ts(1,1224): error TS1127: Invalid character.
.next/dev/types/cache-life.d.ts(1,1225): error TS1127: Invalid character.
.next/dev/types/cache-life.d.ts(1,1226): error TS1127: Invalid character.
.next/dev/types/cache-life.d.ts(1,1227): error TS1127: Invalid character.
.next/dev/types/cache-life.d.ts(1,1228): error TS1127: Invalid character.
.next/dev/types/cache-life.d.ts(1,1229): error TS1127: Invalid character.
.next/dev/types/cache-life.d.ts(1,1230): error TS1127: Invalid character.
.next/dev/types/cache-life.d.ts(1,1231): error TS1127: Invalid character.
.next/dev/types/cache-life.d.ts(1,1232): error TS1127: Invalid character.
.next/dev/types/cache-life.d.ts(1,1233): error TS1127: Invalid character.
.next/dev/types/cache-life.d.ts(1,1234): error TS1127: Invalid character.
.next/dev/types/cache-life.d.ts(1,1235): error TS1127: Invalid character.
.next/dev/types/cache-life.d.ts(1,1236): error TS1127: Invalid character.
.next/dev/types/cache-life.d.ts(1,1237): error TS1127: Invalid character.
.next/dev/types/cache-life.d.ts(1,1238): error TS1127: Invalid character.
.next/dev/types/cache-life.d.ts(1,1239): error TS1127: Invalid character.
.next/dev/types/cache-life.d.ts(1,1240): error TS1127: Invalid character.
.next/dev/types/cache-life.d.ts(1,1241): error TS1127: Invalid character.
.next/dev/types/cache-life.d.ts(1,1242): error TS1127: Invalid character.
.next/dev/types/cache-life.d.ts(1,1243): error TS1127: Invalid character.
.next/dev/types/cache-life.d.ts(1,1244): error TS1127: Invalid character.
.next/dev/types/cache-life.d.ts(1,1245): error TS1127: Invalid character.
.next/dev/types/cache-life.d.ts(1,1246): error TS1127: Invalid character.
.next/dev/types/cache-life.d.ts(1,1247): error TS1127: Invalid character.
.next/dev/types/cache-life.d.ts(1,1248): error TS1127: Invalid character.
.next/dev/types/cache-life.d.ts(1,1249): error TS1127: Invalid character.
.next/dev/types/cache-life.d.ts(1,1250): error TS1127: Invalid character.
.next/dev/types/cache-life.d.ts(1,1251): error TS1127: Invalid character.
.next/dev/types/cache-life.d.ts(1,1252): error TS1127: Invalid character.
.next/dev/types/cache-life.d.ts(1,1253): error TS1127: Invalid character.
.next/dev/types/cache-life.d.ts(1,1254): error TS1127: Invalid character.
.next/dev/types/cache-life.d.ts(1,1255): error TS1127: Invalid character.
.next/dev/types/cache-life.d.ts(1,1256): error TS1127: Invalid character.
.next/dev/types/cache-life.d.ts(1,1257): error TS1127: Invalid character.
.next/dev/types/cache-life.d.ts(1,1258): error TS1127: Invalid character.
.next/dev/types/cache-life.d.ts(1,1259): error TS1127: Invalid character.
.next/dev/types/cache-life.d.ts(1,1260): error TS1127: Invalid character.
.next/dev/types/cache-life.d.ts(1,1261): error TS1127: Invalid character.
.next/dev/types/cache-life.d.ts(1,1262): error TS1127: Invalid character.
.next/dev/types/cache-life.d.ts(1,1263): error TS1127: Invalid character.
.next/dev/types/cache-life.d.ts(1,1264): error TS1127: Invalid character.
.next/dev/types/cache-life.d.ts(1,1265): error TS1127: Invalid character.
.next/dev/types/cache-life.d.ts(1,1266): error TS1127: Invalid character.
.next/dev/types/cache-life.d.ts(1,1267): error TS1127: Invalid character.
.next/dev/types/cache-life.d.ts(1,1268): error TS1127: Invalid character.
.next/dev/types/cache-life.d.ts(1,1269): error TS1127: Invalid character.
.next/dev/types/cache-life.d.ts(1,1270): error TS1127: Invalid character.
.next/dev/types/cache-life.d.ts(1,1271): error TS1127: Invalid character.
.next/dev/types/cache-life.d.ts(1,1272): error TS1127: Invalid character.
.next/dev/types/cache-life.d.ts(1,1273): error TS1127: Invalid character.
.next/dev/types/cache-life.d.ts(1,1274): error TS1127: Invalid character.
.next/dev/types/cache-life.d.ts(1,1275): error TS1127: Invalid character.
.next/dev/types/cache-life.d.ts(1,1276): error TS1127: Invalid character.
.next/dev/types/cache-life.d.ts(1,1277): error TS1127: Invalid character.
.next/dev/types/cache-life.d.ts(1,1278): error TS1127: Invalid character.
.next/dev/types/cache-life.d.ts(1,1279): error TS1127: Invalid character.
.next/dev/types/cache-life.d.ts(1,1280): error TS1127: Invalid character.
.next/dev/types/cache-life.d.ts(1,1281): error TS1127: Invalid character.
.next/dev/types/cache-life.d.ts(1,1282): error TS1127: Invalid character.
.next/dev/types/cache-life.d.ts(1,1283): error TS1127: Invalid character.
.next/dev/types/cache-life.d.ts(1,1284): error TS1127: Invalid character.
.next/dev/types/cache-life.d.ts(1,1285): error TS1127: Invalid character.
.next/dev/types/cache-life.d.ts(1,1286): error TS1127: Invalid character.
.next/dev/types/cache-life.d.ts(1,1287): error TS1127: Invalid character.
.next/dev/types/cache-life.d.ts(1,1288): error TS1127: Invalid character.
.next/dev/types/cache-life.d.ts(1,1289): error TS1127: Invalid character.
.next/dev/types/cache-life.d.ts(1,1290): error TS1127: Invalid character.
.next/dev/types/cache-life.d.ts(1,1291): error TS1127: Invalid character.
.next/dev/types/cache-life.d.ts(1,1292): error TS1127: Invalid character.
.next/dev/types/cache-life.d.ts(1,1293): error TS1127: Invalid character.
.next/dev/types/cache-life.d.ts(1,1294): error TS1127: Invalid character.
.next/dev/types/cache-life.d.ts(1,1295): error TS1127: Invalid character.
.next/dev/types/cache-life.d.ts(1,1296): error TS1127: Invalid character.
.next/dev/types/cache-life.d.ts(1,1297): error TS1127: Invalid character.
.next/dev/types/cache-life.d.ts(1,1298): error TS1127: Invalid character.
.next/dev/types/cache-life.d.ts(1,1299): error TS1127: Invalid character.
.next/dev/types/cache-life.d.ts(1,1300): error TS1127: Invalid character.
.next/dev/types/cache-life.d.ts(1,1301): error TS1127: Invalid character.
.next/dev/types/cache-life.d.ts(1,1302): error TS1127: Invalid character.
.next/dev/types/cache-life.d.ts(1,1303): error TS1127: Invalid character.
.next/dev/types/cache-life.d.ts(1,1304): error TS1127: Invalid character.
.next/dev/types/cache-life.d.ts(1,1305): error TS1127: Invalid character.
.next/dev/types/cache-life.d.ts(1,1306): error TS1127: Invalid character.
.next/dev/types/cache-life.d.ts(1,1307): error TS1127: Invalid character.
.next/dev/types/cache-life.d.ts(1,1308): error TS1127: Invalid character.
.next/dev/types/cache-life.d.ts(1,1309): error TS1127: Invalid character.
.next/dev/types/cache-life.d.ts(1,1310): error TS1127: Invalid character.
.next/dev/types/cache-life.d.ts(1,1311): error TS1127: Invalid character.
.next/dev/types/cache-life.d.ts(1,1312): error TS1127: Invalid character.
.next/dev/types/cache-life.d.ts(1,1313): error TS1127: Invalid character.
.next/dev/types/cache-life.d.ts(1,1314): error TS1127: Invalid character.
.next/dev/types/cache-life.d.ts(1,1315): error TS1127: Invalid character.
.next/dev/types/cache-life.d.ts(1,1316): error TS1127: Invalid character.
.next/dev/types/cache-life.d.ts(1,1317): error TS1127: Invalid character.
.next/dev/types/cache-life.d.ts(1,1318): error TS1127: Invalid character.
.next/dev/types/cache-life.d.ts(1,1319): error TS1127: Invalid character.
.next/dev/types/cache-life.d.ts(1,1320): error TS1127: Invalid character.
.next/dev/types/cache-life.d.ts(1,1321): error TS1127: Invalid character.
.next/dev/types/cache-life.d.ts(1,1322): error TS1127: Invalid character.
.next/dev/types/cache-life.d.ts(1,1323): error TS1127: Invalid character.
.next/dev/types/cache-life.d.ts(1,1324): error TS1127: Invalid character.
.next/dev/types/cache-life.d.ts(1,1325): error TS1127: Invalid character.
.next/dev/types/cache-life.d.ts(1,1326): error TS1127: Invalid character.
.next/dev/types/cache-life.d.ts(1,1327): error TS1127: Invalid character.
.next/dev/types/cache-life.d.ts(1,1328): error TS1127: Invalid character.
.next/dev/types/cache-life.d.ts(1,1329): error TS1127: Invalid character.
.next/dev/types/cache-life.d.ts(1,1330): error TS1127: Invalid character.
.next/dev/types/cache-life.d.ts(1,1331): error TS1127: Invalid character.
.next/dev/types/cache-life.d.ts(1,1332): error TS1127: Invalid character.
.next/dev/types/cache-life.d.ts(1,1333): error TS1127: Invalid character.
.next/dev/types/cache-life.d.ts(1,1334): error TS1127: Invalid character.
.next/dev/types/cache-life.d.ts(1,1335): error TS1127: Invalid character.
.next/dev/types/cache-life.d.ts(1,1336): error TS1127: Invalid character.
.next/dev/types/cache-life.d.ts(1,1337): error TS1127: Invalid character.
.next/dev/types/cache-life.d.ts(1,1338): error TS1127: Invalid character.
.next/dev/types/cache-life.d.ts(1,1339): error TS1127: Invalid character.
.next/dev/types/cache-life.d.ts(1,1340): error TS1127: Invalid character.
.next/dev/types/cache-life.d.ts(1,1341): error TS1127: Invalid character.
.next/dev/types/cache-life.d.ts(1,1342): error TS1127: Invalid character.
.next/dev/types/cache-life.d.ts(1,1343): error TS1127: Invalid character.
.next/dev/types/cache-life.d.ts(1,1344): error TS1127: Invalid character.
.next/dev/types/cache-life.d.ts(1,1345): error TS1127: Invalid character.
.next/dev/types/cache-life.d.ts(1,1346): error TS1127: Invalid character.
.next/dev/types/cache-life.d.ts(1,1347): error TS1127: Invalid character.
.next/dev/types/cache-life.d.ts(1,1348): error TS1127: Invalid character.
.next/dev/types/cache-life.d.ts(1,1349): error TS1127: Invalid character.
.next/dev/types/cache-life.d.ts(1,1350): error TS1127: Invalid character.
.next/dev/types/cache-life.d.ts(1,1351): error TS1127: Invalid character.
.next/dev/types/cache-life.d.ts(1,1352): error TS1127: Invalid character.
.next/dev/types/cache-life.d.ts(1,1353): error TS1127: Invalid character.
.next/dev/types/cache-life.d.ts(1,1354): error TS1127: Invalid character.
.next/dev/types/cache-life.d.ts(1,1355): error TS1127: Invalid character.
.next/dev/types/cache-life.d.ts(1,1356): error TS1127: Invalid character.
.next/dev/types/cache-life.d.ts(1,1357): error TS1127: Invalid character.
.next/dev/types/cache-life.d.ts(1,1358): error TS1127: Invalid character.
.next/dev/types/cache-life.d.ts(1,1359): error TS1127: Invalid character.
.next/dev/types/cache-life.d.ts(1,1360): error TS1127: Invalid character.
.next/dev/types/cache-life.d.ts(1,1361): error TS1127: Invalid character.
.next/dev/types/cache-life.d.ts(1,1362): error TS1127: Invalid character.
.next/dev/types/cache-life.d.ts(1,1363): error TS1127: Invalid character.
.next/dev/types/cache-life.d.ts(1,1364): error TS1127: Invalid character.
.next/dev/types/cache-life.d.ts(1,1365): error TS1127: Invalid character.
.next/dev/types/cache-life.d.ts(1,1366): error TS1127: Invalid character.
.next/dev/types/cache-life.d.ts(1,1367): error TS1127: Invalid character.
.next/dev/types/cache-life.d.ts(1,1368): error TS1127: Invalid character.
.next/dev/types/cache-life.d.ts(1,1369): error TS1127: Invalid character.
.next/dev/types/cache-life.d.ts(1,1370): error TS1127: Invalid character.
.next/dev/types/cache-life.d.ts(1,1371): error TS1127: Invalid character.
.next/dev/types/cache-life.d.ts(1,1372): error TS1127: Invalid character.
.next/dev/types/cache-life.d.ts(1,1373): error TS1127: Invalid character.
.next/dev/types/cache-life.d.ts(1,1374): error TS1127: Invalid character.
.next/dev/types/cache-life.d.ts(1,1375): error TS1127: Invalid character.
.next/dev/types/cache-life.d.ts(1,1376): error TS1127: Invalid character.
.next/dev/types/cache-life.d.ts(1,1377): error TS1127: Invalid character.
.next/dev/types/cache-life.d.ts(1,1378): error TS1127: Invalid character.
.next/dev/types/cache-life.d.ts(1,1379): error TS1127: Invalid character.
.next/dev/types/cache-life.d.ts(1,1380): error TS1127: Invalid character.
.next/dev/types/cache-life.d.ts(1,1381): error TS1127: Invalid character.
.next/dev/types/cache-life.d.ts(1,1382): error TS1127: Invalid character.
.next/dev/types/cache-life.d.ts(1,1383): error TS1127: Invalid character.
.next/dev/types/cache-life.d.ts(1,1384): error TS1127: Invalid character.
.next/dev/types/cache-life.d.ts(1,1385): error TS1127: Invalid character.
.next/dev/types/cache-life.d.ts(1,1386): error TS1127: Invalid character.
.next/dev/types/cache-life.d.ts(1,1387): error TS1127: Invalid character.
.next/dev/types/cache-life.d.ts(1,1388): error TS1127: Invalid character.
.next/dev/types/cache-life.d.ts(1,1389): error TS1127: Invalid character.
.next/dev/types/cache-life.d.ts(1,1390): error TS1127: Invalid character.
.next/dev/types/cache-life.d.ts(1,1391): error TS1127: Invalid character.
.next/dev/types/cache-life.d.ts(1,1392): error TS1127: Invalid character.
.next/dev/types/cache-life.d.ts(1,1393): error TS1127: Invalid character.
.next/dev/types/cache-life.d.ts(1,1394): error TS1127: Invalid character.
.next/dev/types/cache-life.d.ts(1,1395): error TS1127: Invalid character.
.next/dev/types/cache-life.d.ts(1,1396): error TS1127: Invalid character.
.next/dev/types/cache-life.d.ts(1,1397): error TS1127: Invalid character.
.next/dev/types/cache-life.d.ts(1,1398): error TS1127: Invalid character.
.next/dev/types/cache-life.d.ts(1,1399): error TS1127: Invalid character.
.next/dev/types/cache-life.d.ts(1,1400): error TS1127: Invalid character.
.next/dev/types/cache-life.d.ts(1,1401): error TS1127: Invalid character.
.next/dev/types/cache-life.d.ts(1,1402): error TS1127: Invalid character.
.next/dev/types/cache-life.d.ts(1,1403): error TS1127: Invalid character.
.next/dev/types/cache-life.d.ts(1,1404): error TS1127: Invalid character.
.next/dev/types/cache-life.d.ts(1,1405): error TS1127: Invalid character.
.next/dev/types/cache-life.d.ts(1,1406): error TS1127: Invalid character.
.next/dev/types/cache-life.d.ts(1,1407): error TS1127: Invalid character.
.next/dev/types/cache-life.d.ts(1,1408): error TS1127: Invalid character.
.next/dev/types/cache-life.d.ts(1,1409): error TS1127: Invalid character.
.next/dev/types/cache-life.d.ts(1,1410): error TS1127: Invalid character.
.next/dev/types/cache-life.d.ts(1,1411): error TS1127: Invalid character.
.next/dev/types/cache-life.d.ts(1,1412): error TS1127: Invalid character.
.next/dev/types/cache-life.d.ts(1,1413): error TS1127: Invalid character.
.next/dev/types/cache-life.d.ts(1,1414): error TS1127: Invalid character.
.next/dev/types/cache-life.d.ts(1,1415): error TS1127: Invalid character.
.next/dev/types/cache-life.d.ts(1,1416): error TS1127: Invalid character.
.next/dev/types/cache-life.d.ts(1,1417): error TS1127: Invalid character.
.next/dev/types/cache-life.d.ts(1,1418): error TS1127: Invalid character.
.next/dev/types/cache-life.d.ts(1,1419): error TS1127: Invalid character.
.next/dev/types/cache-life.d.ts(1,1420): error TS1127: Invalid character.
.next/dev/types/cache-life.d.ts(1,1421): error TS1127: Invalid character.
.next/dev/types/cache-life.d.ts(1,1422): error TS1127: Invalid character.
.next/dev/types/cache-life.d.ts(1,1423): error TS1127: Invalid character.
.next/dev/types/cache-life.d.ts(1,1424): error TS1127: Invalid character.
.next/dev/types/cache-life.d.ts(1,1425): error TS1127: Invalid character.
.next/dev/types/cache-life.d.ts(1,1426): error TS1127: Invalid character.
.next/dev/types/cache-life.d.ts(1,1427): error TS1127: Invalid character.
.next/dev/types/cache-life.d.ts(1,1428): error TS1127: Invalid character.
.next/dev/types/cache-life.d.ts(1,1429): error TS1127: Invalid character.
.next/dev/types/cache-life.d.ts(1,1430): error TS1127: Invalid character.
.next/dev/types/cache-life.d.ts(1,1431): error TS1127: Invalid character.
.next/dev/types/cache-life.d.ts(1,1432): error TS1127: Invalid character.
.next/dev/types/cache-life.d.ts(1,1433): error TS1127: Invalid character.
.next/dev/types/cache-life.d.ts(1,1434): error TS1127: Invalid character.
.next/dev/types/cache-life.d.ts(1,1435): error TS1127: Invalid character.
.next/dev/types/cache-life.d.ts(1,1436): error TS1127: Invalid character.
.next/dev/types/cache-life.d.ts(1,1437): error TS1127: Invalid character.
.next/dev/types/cache-life.d.ts(1,1438): error TS1127: Invalid character.
.next/dev/types/cache-life.d.ts(1,1439): error TS1127: Invalid character.
.next/dev/types/cache-life.d.ts(1,1440): error TS1127: Invalid character.
.next/dev/types/cache-life.d.ts(1,1441): error TS1127: Invalid character.
.next/dev/types/cache-life.d.ts(1,1442): error TS1127: Invalid character.
.next/dev/types/cache-life.d.ts(1,1443): error TS1127: Invalid character.
.next/dev/types/cache-life.d.ts(1,1444): error TS1127: Invalid character.
.next/dev/types/cache-life.d.ts(1,1445): error TS1127: Invalid character.
.next/dev/types/cache-life.d.ts(1,1446): error TS1127: Invalid character.
.next/dev/types/cache-life.d.ts(1,1447): error TS1127: Invalid character.
.next/dev/types/cache-life.d.ts(1,1448): error TS1127: Invalid character.
.next/dev/types/cache-life.d.ts(1,1449): error TS1127: Invalid character.
.next/dev/types/cache-life.d.ts(1,1450): error TS1127: Invalid character.
.next/dev/types/cache-life.d.ts(1,1451): error TS1127: Invalid character.
.next/dev/types/cache-life.d.ts(1,1452): error TS1127: Invalid character.
.next/dev/types/cache-life.d.ts(1,1453): error TS1127: Invalid character.
.next/dev/types/cache-life.d.ts(1,1454): error TS1127: Invalid character.
.next/dev/types/cache-life.d.ts(1,1455): error TS1127: Invalid character.
.next/dev/types/cache-life.d.ts(1,1456): error TS1127: Invalid character.
.next/dev/types/cache-life.d.ts(1,1457): error TS1127: Invalid character.
.next/dev/types/cache-life.d.ts(1,1458): error TS1127: Invalid character.
.next/dev/types/cache-life.d.ts(1,1459): error TS1127: Invalid character.
.next/dev/types/cache-life.d.ts(1,1460): error TS1127: Invalid character.
.next/dev/types/cache-life.d.ts(1,1461): error TS1127: Invalid character.
.next/dev/types/cache-life.d.ts(1,1462): error TS1127: Invalid character.
.next/dev/types/cache-life.d.ts(1,1463): error TS1127: Invalid character.
.next/dev/types/cache-life.d.ts(1,1464): error TS1127: Invalid character.
.next/dev/types/cache-life.d.ts(1,1465): error TS1127: Invalid character.
.next/dev/types/cache-life.d.ts(1,1466): error TS1127: Invalid character.
.next/dev/types/cache-life.d.ts(1,1467): error TS1127: Invalid character.
.next/dev/types/cache-life.d.ts(1,1468): error TS1127: Invalid character.
.next/dev/types/cache-life.d.ts(1,1469): error TS1127: Invalid character.
.next/dev/types/cache-life.d.ts(1,1470): error TS1127: Invalid character.
.next/dev/types/cache-life.d.ts(1,1471): error TS1127: Invalid character.
.next/dev/types/cache-life.d.ts(1,1472): error TS1127: Invalid character.
.next/dev/types/cache-life.d.ts(1,1473): error TS1127: Invalid character.
.next/dev/types/cache-life.d.ts(1,1474): error TS1127: Invalid character.
.next/dev/types/cache-life.d.ts(1,1475): error TS1127: Invalid character.
.next/dev/types/cache-life.d.ts(1,1476): error TS1127: Invalid character.
.next/dev/types/cache-life.d.ts(1,1477): error TS1127: Invalid character.
.next/dev/types/cache-life.d.ts(1,1478): error TS1127: Invalid character.
.next/dev/types/cache-life.d.ts(1,1479): error TS1127: Invalid character.
.next/dev/types/cache-life.d.ts(1,1480): error TS1127: Invalid character.
.next/dev/types/cache-life.d.ts(1,1481): error TS1127: Invalid character.
.next/dev/types/cache-life.d.ts(1,1482): error TS1127: Invalid character.
.next/dev/types/cache-life.d.ts(1,1483): error TS1127: Invalid character.
.next/dev/types/cache-life.d.ts(1,1484): error TS1127: Invalid character.
.next/dev/types/cache-life.d.ts(1,1485): error TS1127: Invalid character.
.next/dev/types/cache-life.d.ts(1,1486): error TS1127: Invalid character.
.next/dev/types/cache-life.d.ts(1,1487): error TS1127: Invalid character.
.next/dev/types/cache-life.d.ts(1,1488): error TS1127: Invalid character.
.next/dev/types/cache-life.d.ts(1,1489): error TS1127: Invalid character.
.next/dev/types/cache-life.d.ts(1,1490): error TS1127: Invalid character.
.next/dev/types/cache-life.d.ts(1,1491): error TS1127: Invalid character.
.next/dev/types/cache-life.d.ts(1,1492): error TS1127: Invalid character.
.next/dev/types/cache-life.d.ts(1,1493): error TS1127: Invalid character.
.next/dev/types/cache-life.d.ts(1,1494): error TS1127: Invalid character.
.next/dev/types/cache-life.d.ts(1,1495): error TS1127: Invalid character.
.next/dev/types/cache-life.d.ts(1,1496): error TS1127: Invalid character.
.next/dev/types/cache-life.d.ts(1,1497): error TS1127: Invalid character.
.next/dev/types/cache-life.d.ts(1,1498): error TS1127: Invalid character.
.next/dev/types/cache-life.d.ts(1,1499): error TS1127: Invalid character.
.next/dev/types/cache-life.d.ts(1,1500): error TS1127: Invalid character.
.next/dev/types/cache-life.d.ts(1,1501): error TS1127: Invalid character.
.next/dev/types/cache-life.d.ts(1,1502): error TS1127: Invalid character.
.next/dev/types/cache-life.d.ts(1,1503): error TS1127: Invalid character.
.next/dev/types/cache-life.d.ts(1,1504): error TS1127: Invalid character.
.next/dev/types/cache-life.d.ts(1,1505): error TS1127: Invalid character.
.next/dev/types/cache-life.d.ts(1,1506): error TS1127: Invalid character.
.next/dev/types/cache-life.d.ts(1,1507): error TS1127: Invalid character.
.next/dev/types/cache-life.d.ts(1,1508): error TS1127: Invalid character.
.next/dev/types/cache-life.d.ts(1,1509): error TS1127: Invalid character.
.next/dev/types/cache-life.d.ts(1,1510): error TS1127: Invalid character.
.next/dev/types/cache-life.d.ts(1,1511): error TS1127: Invalid character.
.next/dev/types/cache-life.d.ts(1,1512): error TS1127: Invalid character.
.next/dev/types/cache-life.d.ts(1,1513): error TS1127: Invalid character.
.next/dev/types/cache-life.d.ts(1,1514): error TS1127: Invalid character.
.next/dev/types/cache-life.d.ts(1,1515): error TS1127: Invalid character.
.next/dev/types/cache-life.d.ts(1,1516): error TS1127: Invalid character.
.next/dev/types/cache-life.d.ts(1,1517): error TS1127: Invalid character.
.next/dev/types/cache-life.d.ts(1,1518): error TS1127: Invalid character.
.next/dev/types/cache-life.d.ts(1,1519): error TS1127: Invalid character.
.next/dev/types/cache-life.d.ts(1,1520): error TS1127: Invalid character.
.next/dev/types/cache-life.d.ts(1,1521): error TS1127: Invalid character.
.next/dev/types/cache-life.d.ts(1,1522): error TS1127: Invalid character.
.next/dev/types/cache-life.d.ts(1,1523): error TS1127: Invalid character.
.next/dev/types/cache-life.d.ts(1,1524): error TS1127: Invalid character.
.next/dev/types/cache-life.d.ts(1,1525): error TS1127: Invalid character.
.next/dev/types/cache-life.d.ts(1,1526): error TS1127: Invalid character.
.next/dev/types/cache-life.d.ts(1,1527): error TS1127: Invalid character.
.next/dev/types/cache-life.d.ts(1,1528): error TS1127: Invalid character.
.next/dev/types/cache-life.d.ts(1,1529): error TS1127: Invalid character.
.next/dev/types/cache-life.d.ts(1,1530): error TS1127: Invalid character.
.next/dev/types/cache-life.d.ts(1,1531): error TS1127: Invalid character.
.next/dev/types/cache-life.d.ts(1,1532): error TS1127: Invalid character.
.next/dev/types/cache-life.d.ts(1,1533): error TS1127: Invalid character.
.next/dev/types/cache-life.d.ts(1,1534): error TS1127: Invalid character.
.next/dev/types/cache-life.d.ts(1,1535): error TS1127: Invalid character.
.next/dev/types/cache-life.d.ts(1,1536): error TS1127: Invalid character.
.next/dev/types/cache-life.d.ts(1,1537): error TS1127: Invalid character.
.next/dev/types/cache-life.d.ts(1,1538): error TS1127: Invalid character.
.next/dev/types/cache-life.d.ts(1,1539): error TS1127: Invalid character.
.next/dev/types/cache-life.d.ts(1,1540): error TS1127: Invalid character.
.next/dev/types/cache-life.d.ts(1,1541): error TS1127: Invalid character.
.next/dev/types/cache-life.d.ts(1,1542): error TS1127: Invalid character.
.next/dev/types/cache-life.d.ts(1,1543): error TS1127: Invalid character.
.next/dev/types/cache-life.d.ts(1,1544): error TS1127: Invalid character.
.next/dev/types/cache-life.d.ts(1,1545): error TS1127: Invalid character.
.next/dev/types/cache-life.d.ts(1,1546): error TS1127: Invalid character.
.next/dev/types/cache-life.d.ts(1,1547): error TS1127: Invalid character.
.next/dev/types/cache-life.d.ts(1,1548): error TS1127: Invalid character.
.next/dev/types/cache-life.d.ts(1,1549): error TS1127: Invalid character.
.next/dev/types/cache-life.d.ts(1,1550): error TS1127: Invalid character.
.next/dev/types/cache-life.d.ts(1,1551): error TS1127: Invalid character.
.next/dev/types/cache-life.d.ts(1,1552): error TS1127: Invalid character.
.next/dev/types/cache-life.d.ts(1,1553): error TS1127: Invalid character.
.next/dev/types/cache-life.d.ts(1,1554): error TS1127: Invalid character.
.next/dev/types/cache-life.d.ts(1,1555): error TS1127: Invalid character.
.next/dev/types/cache-life.d.ts(1,1556): error TS1127: Invalid character.
.next/dev/types/cache-life.d.ts(1,1557): error TS1127: Invalid character.
.next/dev/types/cache-life.d.ts(1,1558): error TS1127: Invalid character.
.next/dev/types/cache-life.d.ts(1,1559): error TS1127: Invalid character.
.next/dev/types/cache-life.d.ts(1,1560): error TS1127: Invalid character.
.next/dev/types/cache-life.d.ts(1,1561): error TS1127: Invalid character.
.next/dev/types/cache-life.d.ts(1,1562): error TS1127: Invalid character.
.next/dev/types/cache-life.d.ts(1,1563): error TS1127: Invalid character.
.next/dev/types/cache-life.d.ts(1,1564): error TS1127: Invalid character.
.next/dev/types/cache-life.d.ts(1,1565): error TS1127: Invalid character.
.next/dev/types/cache-life.d.ts(1,1566): error TS1127: Invalid character.
.next/dev/types/cache-life.d.ts(1,1567): error TS1127: Invalid character.
.next/dev/types/cache-life.d.ts(1,1568): error TS1127: Invalid character.
.next/dev/types/cache-life.d.ts(1,1569): error TS1127: Invalid character.
.next/dev/types/cache-life.d.ts(1,1570): error TS1127: Invalid character.
.next/dev/types/cache-life.d.ts(1,1571): error TS1127: Invalid character.
.next/dev/types/cache-life.d.ts(1,1572): error TS1127: Invalid character.
.next/dev/types/cache-life.d.ts(1,1573): error TS1127: Invalid character.
.next/dev/types/cache-life.d.ts(1,1574): error TS1127: Invalid character.
.next/dev/types/cache-life.d.ts(1,1575): error TS1127: Invalid character.
.next/dev/types/cache-life.d.ts(1,1576): error TS1127: Invalid character.
.next/dev/types/cache-life.d.ts(1,1577): error TS1127: Invalid character.
.next/dev/types/cache-life.d.ts(1,1578): error TS1127: Invalid character.
.next/dev/types/cache-life.d.ts(1,1579): error TS1127: Invalid character.
.next/dev/types/cache-life.d.ts(1,1580): error TS1127: Invalid character.
.next/dev/types/cache-life.d.ts(1,1581): error TS1127: Invalid character.
.next/dev/types/cache-life.d.ts(1,1582): error TS1127: Invalid character.
.next/dev/types/cache-life.d.ts(1,1583): error TS1127: Invalid character.
.next/dev/types/cache-life.d.ts(1,1584): error TS1127: Invalid character.
.next/dev/types/cache-life.d.ts(1,1585): error TS1127: Invalid character.
.next/dev/types/cache-life.d.ts(1,1586): error TS1127: Invalid character.
.next/dev/types/cache-life.d.ts(1,1587): error TS1127: Invalid character.
.next/dev/types/cache-life.d.ts(1,1588): error TS1127: Invalid character.
.next/dev/types/cache-life.d.ts(1,1589): error TS1127: Invalid character.
.next/dev/types/cache-life.d.ts(1,1590): error TS1127: Invalid character.
.next/dev/types/cache-life.d.ts(1,1591): error TS1127: Invalid character.
.next/dev/types/cache-life.d.ts(1,1592): error TS1127: Invalid character.
.next/dev/types/cache-life.d.ts(1,1593): error TS1127: Invalid character.
.next/dev/types/cache-life.d.ts(1,1594): error TS1127: Invalid character.
.next/dev/types/cache-life.d.ts(1,1595): error TS1127: Invalid character.
.next/dev/types/cache-life.d.ts(1,1596): error TS1127: Invalid character.
.next/dev/types/cache-life.d.ts(1,1597): error TS1127: Invalid character.
.next/dev/types/cache-life.d.ts(1,1598): error TS1127: Invalid character.
.next/dev/types/cache-life.d.ts(1,1599): error TS1127: Invalid character.
.next/dev/types/cache-life.d.ts(1,1600): error TS1127: Invalid character.
.next/dev/types/cache-life.d.ts(1,1601): error TS1127: Invalid character.
.next/dev/types/cache-life.d.ts(1,1602): error TS1127: Invalid character.
.next/dev/types/cache-life.d.ts(1,1603): error TS1127: Invalid character.
.next/dev/types/cache-life.d.ts(1,1604): error TS1127: Invalid character.
.next/dev/types/cache-life.d.ts(1,1605): error TS1127: Invalid character.
.next/dev/types/cache-life.d.ts(1,1606): error TS1127: Invalid character.
.next/dev/types/cache-life.d.ts(1,1607): error TS1127: Invalid character.
.next/dev/types/cache-life.d.ts(1,1608): error TS1127: Invalid character.
.next/dev/types/cache-life.d.ts(1,1609): error TS1127: Invalid character.
.next/dev/types/cache-life.d.ts(1,1610): error TS1127: Invalid character.
.next/dev/types/cache-life.d.ts(1,1611): error TS1127: Invalid character.
.next/dev/types/cache-life.d.ts(1,1612): error TS1127: Invalid character.
.next/dev/types/cache-life.d.ts(1,1613): error TS1127: Invalid character.
.next/dev/types/cache-life.d.ts(1,1614): error TS1127: Invalid character.
.next/dev/types/cache-life.d.ts(1,1615): error TS1127: Invalid character.
.next/dev/types/cache-life.d.ts(1,1616): error TS1127: Invalid character.
.next/dev/types/cache-life.d.ts(1,1617): error TS1127: Invalid character.
.next/dev/types/cache-life.d.ts(1,1618): error TS1127: Invalid character.
.next/dev/types/cache-life.d.ts(1,1619): error TS1127: Invalid character.
.next/dev/types/cache-life.d.ts(1,1620): error TS1127: Invalid character.
.next/dev/types/cache-life.d.ts(1,1621): error TS1127: Invalid character.
.next/dev/types/cache-life.d.ts(1,1622): error TS1127: Invalid character.
.next/dev/types/cache-life.d.ts(1,1623): error TS1127: Invalid character.
.next/dev/types/cache-life.d.ts(1,1624): error TS1127: Invalid character.
.next/dev/types/cache-life.d.ts(1,1625): error TS1127: Invalid character.
.next/dev/types/cache-life.d.ts(1,1626): error TS1127: Invalid character.
.next/dev/types/cache-life.d.ts(1,1627): error TS1127: Invalid character.
.next/dev/types/cache-life.d.ts(1,1628): error TS1127: Invalid character.
.next/dev/types/cache-life.d.ts(1,1629): error TS1127: Invalid character.
.next/dev/types/cache-life.d.ts(1,1630): error TS1127: Invalid character.
.next/dev/types/cache-life.d.ts(1,1631): error TS1127: Invalid character.
.next/dev/types/cache-life.d.ts(1,1632): error TS1127: Invalid character.
.next/dev/types/cache-life.d.ts(1,1633): error TS1127: Invalid character.
.next/dev/types/cache-life.d.ts(1,1634): error TS1127: Invalid character.
.next/dev/types/cache-life.d.ts(1,1635): error TS1127: Invalid character.
.next/dev/types/cache-life.d.ts(1,1636): error TS1127: Invalid character.
.next/dev/types/cache-life.d.ts(1,1637): error TS1127: Invalid character.
.next/dev/types/cache-life.d.ts(1,1638): error TS1127: Invalid character.
.next/dev/types/cache-life.d.ts(1,1639): error TS1127: Invalid character.
.next/dev/types/cache-life.d.ts(1,1640): error TS1127: Invalid character.
.next/dev/types/cache-life.d.ts(1,1641): error TS1127: Invalid character.
.next/dev/types/cache-life.d.ts(1,1642): error TS1127: Invalid character.
.next/dev/types/cache-life.d.ts(1,1643): error TS1127: Invalid character.
.next/dev/types/cache-life.d.ts(1,1644): error TS1127: Invalid character.
.next/dev/types/cache-life.d.ts(1,1645): error TS1127: Invalid character.
.next/dev/types/cache-life.d.ts(1,1646): error TS1127: Invalid character.
.next/dev/types/cache-life.d.ts(1,1647): error TS1127: Invalid character.
.next/dev/types/cache-life.d.ts(1,1648): error TS1127: Invalid character.
.next/dev/types/cache-life.d.ts(1,1649): error TS1127: Invalid character.
.next/dev/types/cache-life.d.ts(1,1650): error TS1127: Invalid character.
.next/dev/types/cache-life.d.ts(1,1651): error TS1127: Invalid character.
.next/dev/types/cache-life.d.ts(1,1652): error TS1127: Invalid character.
.next/dev/types/cache-life.d.ts(1,1653): error TS1127: Invalid character.
.next/dev/types/cache-life.d.ts(1,1654): error TS1127: Invalid character.
.next/dev/types/cache-life.d.ts(1,1655): error TS1127: Invalid character.
.next/dev/types/cache-life.d.ts(1,1656): error TS1127: Invalid character.
.next/dev/types/cache-life.d.ts(1,1657): error TS1127: Invalid character.
.next/dev/types/cache-life.d.ts(1,1658): error TS1127: Invalid character.
.next/dev/types/cache-life.d.ts(1,1659): error TS1127: Invalid character.
.next/dev/types/cache-life.d.ts(1,1660): error TS1127: Invalid character.
.next/dev/types/cache-life.d.ts(1,1661): error TS1127: Invalid character.
.next/dev/types/cache-life.d.ts(1,1662): error TS1127: Invalid character.
.next/dev/types/cache-life.d.ts(1,1663): error TS1127: Invalid character.
.next/dev/types/cache-life.d.ts(1,1664): error TS1127: Invalid character.
.next/dev/types/cache-life.d.ts(1,1665): error TS1127: Invalid character.
.next/dev/types/cache-life.d.ts(1,1666): error TS1127: Invalid character.
.next/dev/types/cache-life.d.ts(1,1667): error TS1127: Invalid character.
.next/dev/types/cache-life.d.ts(1,1668): error TS1127: Invalid character.
.next/dev/types/cache-life.d.ts(1,1669): error TS1127: Invalid character.
.next/dev/types/cache-life.d.ts(1,1670): error TS1127: Invalid character.
.next/dev/types/cache-life.d.ts(1,1671): error TS1127: Invalid character.
.next/dev/types/cache-life.d.ts(1,1672): error TS1127: Invalid character.
.next/dev/types/cache-life.d.ts(1,1673): error TS1127: Invalid character.
.next/dev/types/cache-life.d.ts(1,1674): error TS1127: Invalid character.
.next/dev/types/cache-life.d.ts(1,1675): error TS1127: Invalid character.
.next/dev/types/cache-life.d.ts(1,1676): error TS1127: Invalid character.
.next/dev/types/cache-life.d.ts(1,1677): error TS1127: Invalid character.
.next/dev/types/cache-life.d.ts(1,1678): error TS1127: Invalid character.
.next/dev/types/cache-life.d.ts(1,1679): error TS1127: Invalid character.
.next/dev/types/cache-life.d.ts(1,1680): error TS1127: Invalid character.
.next/dev/types/cache-life.d.ts(1,1681): error TS1127: Invalid character.
.next/dev/types/cache-life.d.ts(1,1682): error TS1127: Invalid character.
.next/dev/types/cache-life.d.ts(1,1683): error TS1127: Invalid character.
.next/dev/types/cache-life.d.ts(1,1684): error TS1127: Invalid character.
.next/dev/types/cache-life.d.ts(1,1685): error TS1127: Invalid character.
.next/dev/types/cache-life.d.ts(1,1686): error TS1127: Invalid character.
.next/dev/types/cache-life.d.ts(1,1687): error TS1127: Invalid character.
.next/dev/types/cache-life.d.ts(1,1688): error TS1127: Invalid character.
.next/dev/types/cache-life.d.ts(1,1689): error TS1127: Invalid character.
.next/dev/types/cache-life.d.ts(1,1690): error TS1127: Invalid character.
.next/dev/types/cache-life.d.ts(1,1691): error TS1127: Invalid character.
.next/dev/types/cache-life.d.ts(1,1692): error TS1127: Invalid character.
.next/dev/types/cache-life.d.ts(1,1693): error TS1127: Invalid character.
.next/dev/types/cache-life.d.ts(1,1694): error TS1127: Invalid character.
.next/dev/types/cache-life.d.ts(1,1695): error TS1127: Invalid character.
.next/dev/types/cache-life.d.ts(1,1696): error TS1127: Invalid character.
.next/dev/types/cache-life.d.ts(1,1697): error TS1127: Invalid character.
.next/dev/types/cache-life.d.ts(1,1698): error TS1127: Invalid character.
.next/dev/types/cache-life.d.ts(1,1699): error TS1127: Invalid character.
.next/dev/types/cache-life.d.ts(1,1700): error TS1127: Invalid character.
.next/dev/types/cache-life.d.ts(1,1701): error TS1127: Invalid character.
.next/dev/types/cache-life.d.ts(1,1702): error TS1127: Invalid character.
.next/dev/types/cache-life.d.ts(1,1703): error TS1127: Invalid character.
.next/dev/types/cache-life.d.ts(1,1704): error TS1127: Invalid character.
.next/dev/types/cache-life.d.ts(1,1705): error TS1127: Invalid character.
.next/dev/types/cache-life.d.ts(1,1706): error TS1127: Invalid character.
.next/dev/types/cache-life.d.ts(1,1707): error TS1127: Invalid character.
.next/dev/types/cache-life.d.ts(1,1708): error TS1127: Invalid character.
.next/dev/types/cache-life.d.ts(1,1709): error TS1127: Invalid character.
.next/dev/types/cache-life.d.ts(1,1710): error TS1127: Invalid character.
.next/dev/types/cache-life.d.ts(1,1711): error TS1127: Invalid character.
.next/dev/types/cache-life.d.ts(1,1712): error TS1127: Invalid character.
.next/dev/types/cache-life.d.ts(1,1713): error TS1127: Invalid character.
.next/dev/types/cache-life.d.ts(1,1714): error TS1127: Invalid character.
.next/dev/types/cache-life.d.ts(1,1715): error TS1127: Invalid character.
.next/dev/types/cache-life.d.ts(1,1716): error TS1127: Invalid character.
.next/dev/types/cache-life.d.ts(1,1717): error TS1127: Invalid character.
.next/dev/types/cache-life.d.ts(1,1718): error TS1127: Invalid character.
.next/dev/types/cache-life.d.ts(1,1719): error TS1127: Invalid character.
.next/dev/types/cache-life.d.ts(1,1720): error TS1127: Invalid character.
.next/dev/types/cache-life.d.ts(1,1721): error TS1127: Invalid character.
.next/dev/types/cache-life.d.ts(1,1722): error TS1127: Invalid character.
.next/dev/types/cache-life.d.ts(1,1723): error TS1127: Invalid character.
.next/dev/types/cache-life.d.ts(1,1724): error TS1127: Invalid character.
.next/dev/types/cache-life.d.ts(1,1725): error TS1127: Invalid character.
.next/dev/types/cache-life.d.ts(1,1726): error TS1127: Invalid character.
.next/dev/types/cache-life.d.ts(1,1727): error TS1127: Invalid character.
.next/dev/types/cache-life.d.ts(1,1728): error TS1127: Invalid character.
.next/dev/types/cache-life.d.ts(1,1729): error TS1127: Invalid character.
.next/dev/types/cache-life.d.ts(1,1730): error TS1127: Invalid character.
.next/dev/types/cache-life.d.ts(1,1731): error TS1127: Invalid character.
.next/dev/types/cache-life.d.ts(1,1732): error TS1127: Invalid character.
.next/dev/types/cache-life.d.ts(1,1733): error TS1127: Invalid character.
.next/dev/types/cache-life.d.ts(1,1734): error TS1127: Invalid character.
.next/dev/types/cache-life.d.ts(1,1735): error TS1127: Invalid character.
.next/dev/types/cache-life.d.ts(1,1736): error TS1127: Invalid character.
.next/dev/types/cache-life.d.ts(1,1737): error TS1127: Invalid character.
.next/dev/types/cache-life.d.ts(1,1738): error TS1127: Invalid character.
.next/dev/types/cache-life.d.ts(1,1739): error TS1127: Invalid character.
.next/dev/types/cache-life.d.ts(1,1740): error TS1127: Invalid character.
.next/dev/types/cache-life.d.ts(1,1741): error TS1127: Invalid character.
.next/dev/types/cache-life.d.ts(1,1742): error TS1127: Invalid character.
.next/dev/types/cache-life.d.ts(1,1743): error TS1127: Invalid character.
.next/dev/types/cache-life.d.ts(1,1744): error TS1127: Invalid character.
.next/dev/types/cache-life.d.ts(1,1745): error TS1127: Invalid character.
.next/dev/types/cache-life.d.ts(1,1746): error TS1127: Invalid character.
.next/dev/types/cache-life.d.ts(1,1747): error TS1127: Invalid character.
.next/dev/types/cache-life.d.ts(1,1748): error TS1127: Invalid character.
.next/dev/types/cache-life.d.ts(1,1749): error TS1127: Invalid character.
.next/dev/types/cache-life.d.ts(1,1750): error TS1127: Invalid character.
.next/dev/types/cache-life.d.ts(1,1751): error TS1127: Invalid character.
.next/dev/types/cache-life.d.ts(1,1752): error TS1127: Invalid character.
.next/dev/types/cache-life.d.ts(1,1753): error TS1127: Invalid character.
.next/dev/types/cache-life.d.ts(1,1754): error TS1127: Invalid character.
.next/dev/types/cache-life.d.ts(1,1755): error TS1127: Invalid character.
.next/dev/types/cache-life.d.ts(1,1756): error TS1127: Invalid character.
.next/dev/types/cache-life.d.ts(1,1757): error TS1127: Invalid character.
.next/dev/types/cache-life.d.ts(1,1758): error TS1127: Invalid character.
.next/dev/types/cache-life.d.ts(1,1759): error TS1127: Invalid character.
.next/dev/types/cache-life.d.ts(1,1760): error TS1127: Invalid character.
.next/dev/types/cache-life.d.ts(1,1761): error TS1127: Invalid character.
.next/dev/types/cache-life.d.ts(1,1762): error TS1127: Invalid character.
.next/dev/types/cache-life.d.ts(1,1763): error TS1127: Invalid character.
.next/dev/types/cache-life.d.ts(1,1764): error TS1127: Invalid character.
.next/dev/types/cache-life.d.ts(1,1765): error TS1127: Invalid character.
.next/dev/types/cache-life.d.ts(1,1766): error TS1127: Invalid character.
.next/dev/types/cache-life.d.ts(1,1767): error TS1127: Invalid character.
.next/dev/types/cache-life.d.ts(1,1768): error TS1127: Invalid character.
.next/dev/types/cache-life.d.ts(1,1769): error TS1127: Invalid character.
.next/dev/types/cache-life.d.ts(1,1770): error TS1127: Invalid character.
.next/dev/types/cache-life.d.ts(1,1771): error TS1127: Invalid character.
.next/dev/types/cache-life.d.ts(1,1772): error TS1127: Invalid character.
.next/dev/types/cache-life.d.ts(1,1773): error TS1127: Invalid character.
.next/dev/types/cache-life.d.ts(1,1774): error TS1127: Invalid character.
.next/dev/types/cache-life.d.ts(1,1775): error TS1127: Invalid character.
.next/dev/types/cache-life.d.ts(1,1776): error TS1127: Invalid character.
.next/dev/types/cache-life.d.ts(1,1777): error TS1127: Invalid character.
.next/dev/types/cache-life.d.ts(1,1778): error TS1127: Invalid character.
.next/dev/types/cache-life.d.ts(1,1779): error TS1127: Invalid character.
.next/dev/types/cache-life.d.ts(1,1780): error TS1127: Invalid character.
.next/dev/types/cache-life.d.ts(1,1781): error TS1127: Invalid character.
.next/dev/types/cache-life.d.ts(1,1782): error TS1127: Invalid character.
.next/dev/types/cache-life.d.ts(1,1783): error TS1127: Invalid character.
.next/dev/types/cache-life.d.ts(1,1784): error TS1127: Invalid character.
.next/dev/types/cache-life.d.ts(1,1785): error TS1127: Invalid character.
.next/dev/types/cache-life.d.ts(1,1786): error TS1127: Invalid character.
.next/dev/types/cache-life.d.ts(1,1787): error TS1127: Invalid character.
.next/dev/types/cache-life.d.ts(1,1788): error TS1127: Invalid character.
.next/dev/types/cache-life.d.ts(1,1789): error TS1127: Invalid character.
.next/dev/types/cache-life.d.ts(1,1790): error TS1127: Invalid character.
.next/dev/types/cache-life.d.ts(1,1791): error TS1127: Invalid character.
.next/dev/types/cache-life.d.ts(1,1792): error TS1127: Invalid character.
.next/dev/types/cache-life.d.ts(1,1793): error TS1127: Invalid character.
.next/dev/types/cache-life.d.ts(1,1794): error TS1127: Invalid character.
.next/dev/types/cache-life.d.ts(1,1795): error TS1127: Invalid character.
.next/dev/types/cache-life.d.ts(1,1796): error TS1127: Invalid character.
.next/dev/types/cache-life.d.ts(1,1797): error TS1127: Invalid character.
.next/dev/types/cache-life.d.ts(1,1798): error TS1127: Invalid character.
.next/dev/types/cache-life.d.ts(1,1799): error TS1127: Invalid character.
.next/dev/types/cache-life.d.ts(1,1800): error TS1127: Invalid character.
.next/dev/types/cache-life.d.ts(1,1801): error TS1127: Invalid character.
.next/dev/types/cache-life.d.ts(1,1802): error TS1127: Invalid character.
.next/dev/types/cache-life.d.ts(1,1803): error TS1127: Invalid character.
.next/dev/types/cache-life.d.ts(1,1804): error TS1127: Invalid character.
.next/dev/types/cache-life.d.ts(1,1805): error TS1127: Invalid character.
.next/dev/types/cache-life.d.ts(1,1806): error TS1127: Invalid character.
.next/dev/types/cache-life.d.ts(1,1807): error TS1127: Invalid character.
.next/dev/types/cache-life.d.ts(1,1808): error TS1127: Invalid character.
.next/dev/types/cache-life.d.ts(1,1809): error TS1127: Invalid character.
.next/dev/types/cache-life.d.ts(1,1810): error TS1127: Invalid character.
.next/dev/types/cache-life.d.ts(1,1811): error TS1127: Invalid character.
.next/dev/types/cache-life.d.ts(1,1812): error TS1127: Invalid character.
.next/dev/types/cache-life.d.ts(1,1813): error TS1127: Invalid character.
.next/dev/types/cache-life.d.ts(1,1814): error TS1127: Invalid character.
.next/dev/types/cache-life.d.ts(1,1815): error TS1127: Invalid character.
.next/dev/types/cache-life.d.ts(1,1816): error TS1127: Invalid character.
.next/dev/types/cache-life.d.ts(1,1817): error TS1127: Invalid character.
.next/dev/types/cache-life.d.ts(1,1818): error TS1127: Invalid character.
.next/dev/types/cache-life.d.ts(1,1819): error TS1127: Invalid character.
.next/dev/types/cache-life.d.ts(1,1820): error TS1127: Invalid character.
.next/dev/types/cache-life.d.ts(1,1821): error TS1127: Invalid character.
.next/dev/types/cache-life.d.ts(1,1822): error TS1127: Invalid character.
.next/dev/types/cache-life.d.ts(1,1823): error TS1127: Invalid character.
.next/dev/types/cache-life.d.ts(1,1824): error TS1127: Invalid character.
.next/dev/types/cache-life.d.ts(1,1825): error TS1127: Invalid character.
.next/dev/types/cache-life.d.ts(1,1826): error TS1127: Invalid character.
.next/dev/types/cache-life.d.ts(1,1827): error TS1127: Invalid character.
.next/dev/types/cache-life.d.ts(1,1828): error TS1127: Invalid character.
.next/dev/types/cache-life.d.ts(1,1829): error TS1127: Invalid character.
.next/dev/types/cache-life.d.ts(1,1830): error TS1127: Invalid character.
.next/dev/types/cache-life.d.ts(1,1831): error TS1127: Invalid character.
.next/dev/types/cache-life.d.ts(1,1832): error TS1127: Invalid character.
.next/dev/types/cache-life.d.ts(1,1833): error TS1127: Invalid character.
.next/dev/types/cache-life.d.ts(1,1834): error TS1127: Invalid character.
.next/dev/types/cache-life.d.ts(1,1835): error TS1127: Invalid character.
.next/dev/types/cache-life.d.ts(1,1836): error TS1127: Invalid character.
.next/dev/types/cache-life.d.ts(1,1837): error TS1127: Invalid character.
.next/dev/types/cache-life.d.ts(1,1838): error TS1127: Invalid character.
.next/dev/types/cache-life.d.ts(1,1839): error TS1127: Invalid character.
.next/dev/types/cache-life.d.ts(1,1840): error TS1127: Invalid character.
.next/dev/types/cache-life.d.ts(1,1841): error TS1127: Invalid character.
.next/dev/types/cache-life.d.ts(1,1842): error TS1127: Invalid character.
.next/dev/types/cache-life.d.ts(1,1843): error TS1127: Invalid character.
.next/dev/types/cache-life.d.ts(1,1844): error TS1127: Invalid character.
.next/dev/types/cache-life.d.ts(1,1845): error TS1127: Invalid character.
.next/dev/types/cache-life.d.ts(1,1846): error TS1127: Invalid character.
.next/dev/types/cache-life.d.ts(1,1847): error TS1127: Invalid character.
.next/dev/types/cache-life.d.ts(1,1848): error TS1127: Invalid character.
.next/dev/types/cache-life.d.ts(1,1849): error TS1127: Invalid character.
.next/dev/types/cache-life.d.ts(1,1850): error TS1127: Invalid character.
.next/dev/types/cache-life.d.ts(1,1851): error TS1127: Invalid character.
.next/dev/types/cache-life.d.ts(1,1852): error TS1127: Invalid character.
.next/dev/types/cache-life.d.ts(1,1853): error TS1127: Invalid character.
.next/dev/types/cache-life.d.ts(1,1854): error TS1127: Invalid character.
.next/dev/types/cache-life.d.ts(1,1855): error TS1127: Invalid character.
.next/dev/types/cache-life.d.ts(1,1856): error TS1127: Invalid character.
.next/dev/types/cache-life.d.ts(1,1857): error TS1127: Invalid character.
.next/dev/types/cache-life.d.ts(1,1858): error TS1127: Invalid character.
.next/dev/types/cache-life.d.ts(1,1859): error TS1127: Invalid character.
.next/dev/types/cache-life.d.ts(1,1860): error TS1127: Invalid character.
.next/dev/types/cache-life.d.ts(1,1861): error TS1127: Invalid character.
.next/dev/types/cache-life.d.ts(1,1862): error TS1127: Invalid character.
.next/dev/types/cache-life.d.ts(1,1863): error TS1127: Invalid character.
.next/dev/types/cache-life.d.ts(1,1864): error TS1127: Invalid character.
.next/dev/types/cache-life.d.ts(1,1865): error TS1127: Invalid character.
.next/dev/types/cache-life.d.ts(1,1866): error TS1127: Invalid character.
.next/dev/types/cache-life.d.ts(1,1867): error TS1127: Invalid character.
.next/dev/types/cache-life.d.ts(1,1868): error TS1127: Invalid character.
.next/dev/types/cache-life.d.ts(1,1869): error TS1127: Invalid character.
.next/dev/types/cache-life.d.ts(1,1870): error TS1127: Invalid character.
.next/dev/types/cache-life.d.ts(1,1871): error TS1127: Invalid character.
.next/dev/types/cache-life.d.ts(1,1872): error TS1127: Invalid character.
.next/dev/types/cache-life.d.ts(1,1873): error TS1127: Invalid character.
.next/dev/types/cache-life.d.ts(1,1874): error TS1127: Invalid character.
.next/dev/types/cache-life.d.ts(1,1875): error TS1127: Invalid character.
.next/dev/types/cache-life.d.ts(1,1876): error TS1127: Invalid character.
.next/dev/types/cache-life.d.ts(1,1877): error TS1127: Invalid character.
.next/dev/types/cache-life.d.ts(1,1878): error TS1127: Invalid character.
.next/dev/types/cache-life.d.ts(1,1879): error TS1127: Invalid character.
.next/dev/types/cache-life.d.ts(1,1880): error TS1127: Invalid character.
.next/dev/types/cache-life.d.ts(1,1881): error TS1127: Invalid character.
.next/dev/types/cache-life.d.ts(1,1882): error TS1127: Invalid character.
.next/dev/types/cache-life.d.ts(1,1883): error TS1127: Invalid character.
.next/dev/types/cache-life.d.ts(1,1884): error TS1127: Invalid character.
.next/dev/types/cache-life.d.ts(1,1885): error TS1127: Invalid character.
.next/dev/types/cache-life.d.ts(1,1886): error TS1127: Invalid character.
.next/dev/types/cache-life.d.ts(1,1887): error TS1127: Invalid character.
.next/dev/types/cache-life.d.ts(1,1888): error TS1127: Invalid character.
.next/dev/types/cache-life.d.ts(1,1889): error TS1127: Invalid character.
.next/dev/types/cache-life.d.ts(1,1890): error TS1127: Invalid character.
.next/dev/types/cache-life.d.ts(1,1891): error TS1127: Invalid character.
.next/dev/types/cache-life.d.ts(1,1892): error TS1127: Invalid character.
.next/dev/types/cache-life.d.ts(1,1893): error TS1127: Invalid character.
.next/dev/types/cache-life.d.ts(1,1894): error TS1127: Invalid character.
.next/dev/types/cache-life.d.ts(1,1895): error TS1127: Invalid character.
.next/dev/types/cache-life.d.ts(1,1896): error TS1127: Invalid character.
.next/dev/types/cache-life.d.ts(1,1897): error TS1127: Invalid character.
.next/dev/types/cache-life.d.ts(1,1898): error TS1127: Invalid character.
.next/dev/types/cache-life.d.ts(1,1899): error TS1127: Invalid character.
.next/dev/types/cache-life.d.ts(1,1900): error TS1127: Invalid character.
.next/dev/types/cache-life.d.ts(1,1901): error TS1127: Invalid character.
.next/dev/types/cache-life.d.ts(1,1902): error TS1127: Invalid character.
.next/dev/types/cache-life.d.ts(1,1903): error TS1127: Invalid character.
.next/dev/types/cache-life.d.ts(1,1904): error TS1127: Invalid character.
.next/dev/types/cache-life.d.ts(1,1905): error TS1127: Invalid character.
.next/dev/types/cache-life.d.ts(1,1906): error TS1127: Invalid character.
.next/dev/types/cache-life.d.ts(1,1907): error TS1127: Invalid character.
.next/dev/types/cache-life.d.ts(1,1908): error TS1127: Invalid character.
.next/dev/types/cache-life.d.ts(1,1909): error TS1127: Invalid character.
.next/dev/types/cache-life.d.ts(1,1910): error TS1127: Invalid character.
.next/dev/types/cache-life.d.ts(1,1911): error TS1127: Invalid character.
.next/dev/types/cache-life.d.ts(1,1912): error TS1127: Invalid character.
.next/dev/types/cache-life.d.ts(1,1913): error TS1127: Invalid character.
.next/dev/types/cache-life.d.ts(1,1914): error TS1127: Invalid character.
.next/dev/types/cache-life.d.ts(1,1915): error TS1127: Invalid character.
.next/dev/types/cache-life.d.ts(1,1916): error TS1127: Invalid character.
.next/dev/types/cache-life.d.ts(1,1917): error TS1127: Invalid character.
.next/dev/types/cache-life.d.ts(1,1918): error TS1127: Invalid character.
.next/dev/types/cache-life.d.ts(1,1919): error TS1127: Invalid character.
.next/dev/types/cache-life.d.ts(1,1920): error TS1127: Invalid character.
.next/dev/types/cache-life.d.ts(1,1921): error TS1127: Invalid character.
.next/dev/types/cache-life.d.ts(1,1922): error TS1127: Invalid character.
.next/dev/types/cache-life.d.ts(1,1923): error TS1127: Invalid character.
.next/dev/types/cache-life.d.ts(1,1924): error TS1127: Invalid character.
.next/dev/types/cache-life.d.ts(1,1925): error TS1127: Invalid character.
.next/dev/types/cache-life.d.ts(1,1926): error TS1127: Invalid character.
.next/dev/types/cache-life.d.ts(1,1927): error TS1127: Invalid character.
.next/dev/types/cache-life.d.ts(1,1928): error TS1127: Invalid character.
.next/dev/types/cache-life.d.ts(1,1929): error TS1127: Invalid character.
.next/dev/types/cache-life.d.ts(1,1930): error TS1127: Invalid character.
.next/dev/types/cache-life.d.ts(1,1931): error TS1127: Invalid character.
.next/dev/types/cache-life.d.ts(1,1932): error TS1127: Invalid character.
.next/dev/types/cache-life.d.ts(1,1933): error TS1127: Invalid character.
.next/dev/types/cache-life.d.ts(1,1934): error TS1127: Invalid character.
.next/dev/types/cache-life.d.ts(1,1935): error TS1127: Invalid character.
.next/dev/types/cache-life.d.ts(1,1936): error TS1127: Invalid character.
.next/dev/types/cache-life.d.ts(1,1937): error TS1127: Invalid character.
.next/dev/types/cache-life.d.ts(1,1938): error TS1127: Invalid character.
.next/dev/types/cache-life.d.ts(1,1939): error TS1127: Invalid character.
.next/dev/types/cache-life.d.ts(1,1940): error TS1127: Invalid character.
.next/dev/types/cache-life.d.ts(1,1941): error TS1127: Invalid character.
.next/dev/types/cache-life.d.ts(1,1942): error TS1127: Invalid character.
.next/dev/types/cache-life.d.ts(1,1943): error TS1127: Invalid character.
.next/dev/types/cache-life.d.ts(1,1944): error TS1127: Invalid character.
.next/dev/types/cache-life.d.ts(1,1945): error TS1127: Invalid character.
.next/dev/types/cache-life.d.ts(1,1946): error TS1127: Invalid character.
.next/dev/types/cache-life.d.ts(1,1947): error TS1127: Invalid character.
.next/dev/types/cache-life.d.ts(1,1948): error TS1127: Invalid character.
.next/dev/types/cache-life.d.ts(1,1949): error TS1127: Invalid character.
.next/dev/types/cache-life.d.ts(1,1950): error TS1127: Invalid character.
.next/dev/types/cache-life.d.ts(1,1951): error TS1127: Invalid character.
.next/dev/types/cache-life.d.ts(1,1952): error TS1127: Invalid character.
.next/dev/types/cache-life.d.ts(1,1953): error TS1127: Invalid character.
.next/dev/types/cache-life.d.ts(1,1954): error TS1127: Invalid character.
.next/dev/types/cache-life.d.ts(1,1955): error TS1127: Invalid character.
.next/dev/types/cache-life.d.ts(1,1956): error TS1127: Invalid character.
.next/dev/types/cache-life.d.ts(1,1957): error TS1127: Invalid character.
.next/dev/types/cache-life.d.ts(1,1958): error TS1127: Invalid character.
.next/dev/types/cache-life.d.ts(1,1959): error TS1127: Invalid character.
.next/dev/types/cache-life.d.ts(1,1960): error TS1127: Invalid character.
.next/dev/types/cache-life.d.ts(1,1961): error TS1127: Invalid character.
.next/dev/types/cache-life.d.ts(1,1962): error TS1127: Invalid character.
.next/dev/types/cache-life.d.ts(1,1963): error TS1127: Invalid character.
.next/dev/types/cache-life.d.ts(1,1964): error TS1127: Invalid character.
.next/dev/types/cache-life.d.ts(1,1965): error TS1127: Invalid character.
.next/dev/types/cache-life.d.ts(1,1966): error TS1127: Invalid character.
.next/dev/types/cache-life.d.ts(1,1967): error TS1127: Invalid character.
.next/dev/types/cache-life.d.ts(1,1968): error TS1127: Invalid character.
.next/dev/types/cache-life.d.ts(1,1969): error TS1127: Invalid character.
.next/dev/types/cache-life.d.ts(1,1970): error TS1127: Invalid character.
.next/dev/types/cache-life.d.ts(1,1971): error TS1127: Invalid character.
.next/dev/types/cache-life.d.ts(1,1972): error TS1127: Invalid character.
.next/dev/types/cache-life.d.ts(1,1973): error TS1127: Invalid character.
.next/dev/types/cache-life.d.ts(1,1974): error TS1127: Invalid character.
.next/dev/types/cache-life.d.ts(1,1975): error TS1127: Invalid character.
.next/dev/types/cache-life.d.ts(1,1976): error TS1127: Invalid character.
.next/dev/types/cache-life.d.ts(1,1977): error TS1127: Invalid character.
.next/dev/types/cache-life.d.ts(1,1978): error TS1127: Invalid character.
.next/dev/types/cache-life.d.ts(1,1979): error TS1127: Invalid character.
.next/dev/types/cache-life.d.ts(1,1980): error TS1127: Invalid character.
.next/dev/types/cache-life.d.ts(1,1981): error TS1127: Invalid character.
.next/dev/types/cache-life.d.ts(1,1982): error TS1127: Invalid character.
.next/dev/types/cache-life.d.ts(1,1983): error TS1127: Invalid character.
.next/dev/types/cache-life.d.ts(1,1984): error TS1127: Invalid character.
.next/dev/types/cache-life.d.ts(1,1985): error TS1127: Invalid character.
.next/dev/types/cache-life.d.ts(1,1986): error TS1127: Invalid character.
.next/dev/types/cache-life.d.ts(1,1987): error TS1127: Invalid character.
.next/dev/types/cache-life.d.ts(1,1988): error TS1127: Invalid character.
.next/dev/types/cache-life.d.ts(1,1989): error TS1127: Invalid character.
.next/dev/types/cache-life.d.ts(1,1990): error TS1127: Invalid character.
.next/dev/types/cache-life.d.ts(1,1991): error TS1127: Invalid character.
.next/dev/types/cache-life.d.ts(1,1992): error TS1127: Invalid character.
.next/dev/types/cache-life.d.ts(1,1993): error TS1127: Invalid character.
.next/dev/types/cache-life.d.ts(1,1994): error TS1127: Invalid character.
.next/dev/types/cache-life.d.ts(1,1995): error TS1127: Invalid character.
.next/dev/types/cache-life.d.ts(1,1996): error TS1127: Invalid character.
.next/dev/types/cache-life.d.ts(1,1997): error TS1127: Invalid character.
.next/dev/types/cache-life.d.ts(1,1998): error TS1127: Invalid character.
.next/dev/types/cache-life.d.ts(1,1999): error TS1127: Invalid character.
.next/dev/types/cache-life.d.ts(1,2000): error TS1127: Invalid character.
.next/dev/types/cache-life.d.ts(1,2001): error TS1127: Invalid character.
.next/dev/types/cache-life.d.ts(1,2002): error TS1127: Invalid character.
.next/dev/types/cache-life.d.ts(1,2003): error TS1127: Invalid character.
.next/dev/types/cache-life.d.ts(1,2004): error TS1127: Invalid character.
.next/dev/types/cache-life.d.ts(1,2005): error TS1127: Invalid character.
.next/dev/types/cache-life.d.ts(1,2006): error TS1127: Invalid character.
.next/dev/types/cache-life.d.ts(1,2007): error TS1127: Invalid character.
.next/dev/types/cache-life.d.ts(1,2008): error TS1127: Invalid character.
.next/dev/types/cache-life.d.ts(1,2009): error TS1127: Invalid character.
.next/dev/types/cache-life.d.ts(1,2010): error TS1127: Invalid character.
.next/dev/types/cache-life.d.ts(1,2011): error TS1127: Invalid character.
.next/dev/types/cache-life.d.ts(1,2012): error TS1127: Invalid character.
.next/dev/types/cache-life.d.ts(1,2013): error TS1127: Invalid character.
.next/dev/types/cache-life.d.ts(1,2014): error TS1127: Invalid character.
.next/dev/types/cache-life.d.ts(1,2015): error TS1127: Invalid character.
.next/dev/types/cache-life.d.ts(1,2016): error TS1127: Invalid character.
.next/dev/types/cache-life.d.ts(1,2017): error TS1127: Invalid character.
.next/dev/types/cache-life.d.ts(1,2018): error TS1127: Invalid character.
.next/dev/types/cache-life.d.ts(1,2019): error TS1127: Invalid character.
.next/dev/types/cache-life.d.ts(1,2020): error TS1127: Invalid character.
.next/dev/types/cache-life.d.ts(1,2021): error TS1127: Invalid character.
.next/dev/types/cache-life.d.ts(1,2022): error TS1127: Invalid character.
.next/dev/types/cache-life.d.ts(1,2023): error TS1127: Invalid character.
.next/dev/types/cache-life.d.ts(1,2024): error TS1127: Invalid character.
.next/dev/types/cache-life.d.ts(1,2025): error TS1127: Invalid character.
.next/dev/types/cache-life.d.ts(1,2026): error TS1127: Invalid character.
.next/dev/types/cache-life.d.ts(1,2027): error TS1127: Invalid character.
.next/dev/types/cache-life.d.ts(1,2028): error TS1127: Invalid character.
.next/dev/types/cache-life.d.ts(1,2029): error TS1127: Invalid character.
.next/dev/types/cache-life.d.ts(1,2030): error TS1127: Invalid character.
.next/dev/types/cache-life.d.ts(1,2031): error TS1127: Invalid character.
.next/dev/types/cache-life.d.ts(1,2032): error TS1127: Invalid character.
.next/dev/types/cache-life.d.ts(1,2033): error TS1127: Invalid character.
.next/dev/types/cache-life.d.ts(1,2034): error TS1127: Invalid character.
.next/dev/types/cache-life.d.ts(1,2035): error TS1127: Invalid character.
.next/dev/types/cache-life.d.ts(1,2036): error TS1127: Invalid character.
.next/dev/types/cache-life.d.ts(1,2037): error TS1127: Invalid character.
.next/dev/types/cache-life.d.ts(1,2038): error TS1127: Invalid character.
.next/dev/types/cache-life.d.ts(1,2039): error TS1127: Invalid character.
.next/dev/types/cache-life.d.ts(1,2040): error TS1127: Invalid character.
.next/dev/types/cache-life.d.ts(1,2041): error TS1127: Invalid character.
.next/dev/types/cache-life.d.ts(1,2042): error TS1127: Invalid character.
.next/dev/types/cache-life.d.ts(1,2043): error TS1127: Invalid character.
.next/dev/types/cache-life.d.ts(1,2044): error TS1127: Invalid character.
.next/dev/types/cache-life.d.ts(1,2045): error TS1127: Invalid character.
.next/dev/types/cache-life.d.ts(1,2046): error TS1127: Invalid character.
.next/dev/types/cache-life.d.ts(1,2047): error TS1127: Invalid character.
.next/dev/types/cache-life.d.ts(1,2048): error TS1127: Invalid character.
.next/dev/types/cache-life.d.ts(1,2049): error TS1127: Invalid character.
.next/dev/types/cache-life.d.ts(1,2050): error TS1127: Invalid character.
.next/dev/types/cache-life.d.ts(1,2051): error TS1127: Invalid character.
.next/dev/types/cache-life.d.ts(1,2052): error TS1127: Invalid character.
.next/dev/types/cache-life.d.ts(1,2053): error TS1127: Invalid character.
.next/dev/types/cache-life.d.ts(1,2054): error TS1127: Invalid character.
.next/dev/types/cache-life.d.ts(1,2055): error TS1127: Invalid character.
.next/dev/types/cache-life.d.ts(1,2056): error TS1127: Invalid character.
.next/dev/types/cache-life.d.ts(1,2057): error TS1127: Invalid character.
.next/dev/types/cache-life.d.ts(1,2058): error TS1127: Invalid character.
.next/dev/types/cache-life.d.ts(1,2059): error TS1127: Invalid character.
.next/dev/types/cache-life.d.ts(1,2060): error TS1127: Invalid character.
.next/dev/types/cache-life.d.ts(1,2061): error TS1127: Invalid character.
.next/dev/types/cache-life.d.ts(1,2062): error TS1127: Invalid character.
.next/dev/types/cache-life.d.ts(1,2063): error TS1127: Invalid character.
.next/dev/types/cache-life.d.ts(1,2064): error TS1127: Invalid character.
.next/dev/types/cache-life.d.ts(1,2065): error TS1127: Invalid character.
.next/dev/types/cache-life.d.ts(1,2066): error TS1127: Invalid character.
.next/dev/types/cache-life.d.ts(1,2067): error TS1127: Invalid character.
.next/dev/types/cache-life.d.ts(1,2068): error TS1127: Invalid character.
.next/dev/types/cache-life.d.ts(1,2069): error TS1127: Invalid character.
.next/dev/types/cache-life.d.ts(1,2070): error TS1127: Invalid character.
.next/dev/types/cache-life.d.ts(1,2071): error TS1127: Invalid character.
.next/dev/types/cache-life.d.ts(1,2072): error TS1127: Invalid character.
.next/dev/types/cache-life.d.ts(1,2073): error TS1127: Invalid character.
.next/dev/types/cache-life.d.ts(1,2074): error TS1127: Invalid character.
.next/dev/types/cache-life.d.ts(1,2075): error TS1127: Invalid character.
.next/dev/types/cache-life.d.ts(1,2076): error TS1127: Invalid character.
.next/dev/types/cache-life.d.ts(1,2077): error TS1127: Invalid character.
.next/dev/types/cache-life.d.ts(1,2078): error TS1127: Invalid character.
.next/dev/types/cache-life.d.ts(1,2079): error TS1127: Invalid character.
.next/dev/types/cache-life.d.ts(1,2080): error TS1127: Invalid character.
.next/dev/types/cache-life.d.ts(1,2081): error TS1127: Invalid character.
.next/dev/types/cache-life.d.ts(1,2082): error TS1127: Invalid character.
.next/dev/types/cache-life.d.ts(1,2083): error TS1127: Invalid character.
.next/dev/types/cache-life.d.ts(1,2084): error TS1127: Invalid character.
.next/dev/types/cache-life.d.ts(1,2085): error TS1127: Invalid character.
.next/dev/types/cache-life.d.ts(1,2086): error TS1127: Invalid character.
.next/dev/types/cache-life.d.ts(1,2087): error TS1127: Invalid character.
.next/dev/types/cache-life.d.ts(1,2088): error TS1127: Invalid character.
.next/dev/types/cache-life.d.ts(1,2089): error TS1127: Invalid character.
.next/dev/types/cache-life.d.ts(1,2090): error TS1127: Invalid character.
.next/dev/types/cache-life.d.ts(1,2091): error TS1127: Invalid character.
.next/dev/types/cache-life.d.ts(1,2092): error TS1127: Invalid character.
.next/dev/types/cache-life.d.ts(1,2093): error TS1127: Invalid character.
.next/dev/types/cache-life.d.ts(1,2094): error TS1127: Invalid character.
.next/dev/types/cache-life.d.ts(1,2095): error TS1127: Invalid character.
.next/dev/types/cache-life.d.ts(1,2096): error TS1127: Invalid character.
.next/dev/types/cache-life.d.ts(1,2097): error TS1127: Invalid character.
.next/dev/types/cache-life.d.ts(1,2098): error TS1127: Invalid character.
.next/dev/types/cache-life.d.ts(1,2099): error TS1127: Invalid character.
.next/dev/types/cache-life.d.ts(1,2100): error TS1127: Invalid character.
.next/dev/types/cache-life.d.ts(1,2101): error TS1127: Invalid character.
.next/dev/types/cache-life.d.ts(1,2102): error TS1127: Invalid character.
.next/dev/types/cache-life.d.ts(1,2103): error TS1127: Invalid character.
.next/dev/types/cache-life.d.ts(1,2104): error TS1127: Invalid character.
.next/dev/types/cache-life.d.ts(1,2105): error TS1127: Invalid character.
.next/dev/types/cache-life.d.ts(1,2106): error TS1127: Invalid character.
.next/dev/types/cache-life.d.ts(1,2107): error TS1127: Invalid character.
.next/dev/types/cache-life.d.ts(1,2108): error TS1127: Invalid character.
.next/dev/types/cache-life.d.ts(1,2109): error TS1127: Invalid character.
.next/dev/types/cache-life.d.ts(1,2110): error TS1127: Invalid character.
.next/dev/types/cache-life.d.ts(1,2111): error TS1127: Invalid character.
.next/dev/types/cache-life.d.ts(1,2112): error TS1127: Invalid character.
.next/dev/types/cache-life.d.ts(1,2113): error TS1127: Invalid character.
.next/dev/types/cache-life.d.ts(1,2114): error TS1127: Invalid character.
.next/dev/types/cache-life.d.ts(1,2115): error TS1127: Invalid character.
.next/dev/types/cache-life.d.ts(1,2116): error TS1127: Invalid character.
.next/dev/types/cache-life.d.ts(1,2117): error TS1127: Invalid character.
.next/dev/types/cache-life.d.ts(1,2118): error TS1127: Invalid character.
.next/dev/types/cache-life.d.ts(1,2119): error TS1127: Invalid character.
.next/dev/types/cache-life.d.ts(1,2120): error TS1127: Invalid character.
.next/dev/types/cache-life.d.ts(1,2121): error TS1127: Invalid character.
.next/dev/types/cache-life.d.ts(1,2122): error TS1127: Invalid character.
.next/dev/types/cache-life.d.ts(1,2123): error TS1127: Invalid character.
.next/dev/types/cache-life.d.ts(1,2124): error TS1127: Invalid character.
.next/dev/types/cache-life.d.ts(1,2125): error TS1127: Invalid character.
.next/dev/types/cache-life.d.ts(1,2126): error TS1127: Invalid character.
.next/dev/types/cache-life.d.ts(1,2127): error TS1127: Invalid character.
.next/dev/types/cache-life.d.ts(1,2128): error TS1127: Invalid character.
.next/dev/types/cache-life.d.ts(1,2129): error TS1127: Invalid character.
.next/dev/types/cache-life.d.ts(1,2130): error TS1127: Invalid character.
.next/dev/types/cache-life.d.ts(1,2131): error TS1127: Invalid character.
.next/dev/types/cache-life.d.ts(1,2132): error TS1127: Invalid character.
.next/dev/types/cache-life.d.ts(1,2133): error TS1127: Invalid character.
.next/dev/types/cache-life.d.ts(1,2134): error TS1127: Invalid character.
.next/dev/types/cache-life.d.ts(1,2135): error TS1127: Invalid character.
.next/dev/types/cache-life.d.ts(1,2136): error TS1127: Invalid character.
.next/dev/types/cache-life.d.ts(1,2137): error TS1127: Invalid character.
.next/dev/types/cache-life.d.ts(1,2138): error TS1127: Invalid character.
.next/dev/types/cache-life.d.ts(1,2139): error TS1127: Invalid character.
.next/dev/types/cache-life.d.ts(1,2140): error TS1127: Invalid character.
.next/dev/types/cache-life.d.ts(1,2141): error TS1127: Invalid character.
.next/dev/types/cache-life.d.ts(1,2142): error TS1127: Invalid character.
.next/dev/types/cache-life.d.ts(1,2143): error TS1127: Invalid character.
.next/dev/types/cache-life.d.ts(1,2144): error TS1127: Invalid character.
.next/dev/types/cache-life.d.ts(1,2145): error TS1127: Invalid character.
.next/dev/types/cache-life.d.ts(1,2146): error TS1127: Invalid character.
.next/dev/types/cache-life.d.ts(1,2147): error TS1127: Invalid character.
.next/dev/types/cache-life.d.ts(1,2148): error TS1127: Invalid character.
.next/dev/types/cache-life.d.ts(1,2149): error TS1127: Invalid character.
.next/dev/types/cache-life.d.ts(1,2150): error TS1127: Invalid character.
.next/dev/types/cache-life.d.ts(1,2151): error TS1127: Invalid character.
.next/dev/types/cache-life.d.ts(1,2152): error TS1127: Invalid character.
.next/dev/types/cache-life.d.ts(1,2153): error TS1127: Invalid character.
.next/dev/types/cache-life.d.ts(1,2154): error TS1127: Invalid character.
.next/dev/types/cache-life.d.ts(1,2155): error TS1127: Invalid character.
.next/dev/types/cache-life.d.ts(1,2156): error TS1127: Invalid character.
.next/dev/types/cache-life.d.ts(1,2157): error TS1127: Invalid character.
.next/dev/types/cache-life.d.ts(1,2158): error TS1127: Invalid character.
.next/dev/types/cache-life.d.ts(1,2159): error TS1127: Invalid character.
.next/dev/types/cache-life.d.ts(1,2160): error TS1127: Invalid character.
.next/dev/types/cache-life.d.ts(1,2161): error TS1127: Invalid character.
.next/dev/types/cache-life.d.ts(1,2162): error TS1127: Invalid character.
.next/dev/types/cache-life.d.ts(1,2163): error TS1127: Invalid character.
.next/dev/types/cache-life.d.ts(1,2164): error TS1127: Invalid character.
.next/dev/types/cache-life.d.ts(1,2165): error TS1127: Invalid character.
.next/dev/types/cache-life.d.ts(1,2166): error TS1127: Invalid character.
.next/dev/types/cache-life.d.ts(1,2167): error TS1127: Invalid character.
.next/dev/types/cache-life.d.ts(1,2168): error TS1127: Invalid character.
.next/dev/types/cache-life.d.ts(1,2169): error TS1127: Invalid character.
.next/dev/types/cache-life.d.ts(1,2170): error TS1127: Invalid character.
.next/dev/types/cache-life.d.ts(1,2171): error TS1127: Invalid character.
.next/dev/types/cache-life.d.ts(1,2172): error TS1127: Invalid character.
.next/dev/types/cache-life.d.ts(1,2173): error TS1127: Invalid character.
.next/dev/types/cache-life.d.ts(1,2174): error TS1127: Invalid character.
.next/dev/types/cache-life.d.ts(1,2175): error TS1127: Invalid character.
.next/dev/types/cache-life.d.ts(1,2176): error TS1127: Invalid character.
.next/dev/types/cache-life.d.ts(1,2177): error TS1127: Invalid character.
.next/dev/types/cache-life.d.ts(1,2178): error TS1127: Invalid character.
.next/dev/types/cache-life.d.ts(1,2179): error TS1127: Invalid character.
.next/dev/types/cache-life.d.ts(1,2180): error TS1127: Invalid character.
.next/dev/types/cache-life.d.ts(1,2181): error TS1127: Invalid character.
.next/dev/types/cache-life.d.ts(1,2182): error TS1127: Invalid character.
.next/dev/types/cache-life.d.ts(1,2183): error TS1127: Invalid character.
.next/dev/types/cache-life.d.ts(1,2184): error TS1127: Invalid character.
.next/dev/types/cache-life.d.ts(1,2185): error TS1127: Invalid character.
.next/dev/types/cache-life.d.ts(1,2186): error TS1127: Invalid character.
.next/dev/types/cache-life.d.ts(1,2187): error TS1127: Invalid character.
.next/dev/types/cache-life.d.ts(1,2188): error TS1127: Invalid character.
.next/dev/types/cache-life.d.ts(1,2189): error TS1127: Invalid character.
.next/dev/types/cache-life.d.ts(1,2190): error TS1127: Invalid character.
.next/dev/types/cache-life.d.ts(1,2191): error TS1127: Invalid character.
.next/dev/types/cache-life.d.ts(1,2192): error TS1127: Invalid character.
.next/dev/types/cache-life.d.ts(1,2193): error TS1127: Invalid character.
.next/dev/types/cache-life.d.ts(1,2194): error TS1127: Invalid character.
.next/dev/types/cache-life.d.ts(1,2195): error TS1127: Invalid character.
.next/dev/types/cache-life.d.ts(1,2196): error TS1127: Invalid character.
.next/dev/types/cache-life.d.ts(1,2197): error TS1127: Invalid character.
.next/dev/types/cache-life.d.ts(1,2198): error TS1127: Invalid character.
.next/dev/types/cache-life.d.ts(1,2199): error TS1127: Invalid character.
.next/dev/types/cache-life.d.ts(1,2200): error TS1127: Invalid character.
.next/dev/types/cache-life.d.ts(1,2201): error TS1127: Invalid character.
.next/dev/types/cache-life.d.ts(1,2202): error TS1127: Invalid character.
.next/dev/types/cache-life.d.ts(1,2203): error TS1127: Invalid character.
.next/dev/types/cache-life.d.ts(1,2204): error TS1127: Invalid character.
.next/dev/types/cache-life.d.ts(1,2205): error TS1127: Invalid character.
.next/dev/types/cache-life.d.ts(1,2206): error TS1127: Invalid character.
.next/dev/types/cache-life.d.ts(1,2207): error TS1127: Invalid character.
.next/dev/types/cache-life.d.ts(1,2208): error TS1127: Invalid character.
.next/dev/types/cache-life.d.ts(1,2209): error TS1127: Invalid character.
.next/dev/types/cache-life.d.ts(1,2210): error TS1127: Invalid character.
.next/dev/types/cache-life.d.ts(1,2211): error TS1127: Invalid character.
.next/dev/types/cache-life.d.ts(1,2212): error TS1127: Invalid character.
.next/dev/types/cache-life.d.ts(1,2213): error TS1127: Invalid character.
.next/dev/types/cache-life.d.ts(1,2214): error TS1127: Invalid character.
.next/dev/types/cache-life.d.ts(1,2215): error TS1127: Invalid character.
.next/dev/types/cache-life.d.ts(1,2216): error TS1127: Invalid character.
.next/dev/types/cache-life.d.ts(1,2217): error TS1127: Invalid character.
.next/dev/types/cache-life.d.ts(1,2218): error TS1127: Invalid character.
.next/dev/types/cache-life.d.ts(1,2219): error TS1127: Invalid character.
.next/dev/types/cache-life.d.ts(1,2220): error TS1127: Invalid character.
.next/dev/types/cache-life.d.ts(1,2221): error TS1127: Invalid character.
.next/dev/types/cache-life.d.ts(1,2222): error TS1127: Invalid character.
.next/dev/types/cache-life.d.ts(1,2223): error TS1127: Invalid character.
.next/dev/types/cache-life.d.ts(1,2224): error TS1127: Invalid character.
.next/dev/types/cache-life.d.ts(1,2225): error TS1127: Invalid character.
.next/dev/types/cache-life.d.ts(1,2226): error TS1127: Invalid character.
.next/dev/types/cache-life.d.ts(1,2227): error TS1127: Invalid character.
.next/dev/types/cache-life.d.ts(1,2228): error TS1127: Invalid character.
.next/dev/types/cache-life.d.ts(1,2229): error TS1127: Invalid character.
.next/dev/types/cache-life.d.ts(1,2230): error TS1127: Invalid character.
.next/dev/types/cache-life.d.ts(1,2231): error TS1127: Invalid character.
.next/dev/types/cache-life.d.ts(1,2232): error TS1127: Invalid character.
.next/dev/types/cache-life.d.ts(1,2233): error TS1127: Invalid character.
.next/dev/types/cache-life.d.ts(1,2234): error TS1127: Invalid character.
.next/dev/types/cache-life.d.ts(1,2235): error TS1127: Invalid character.
.next/dev/types/cache-life.d.ts(1,2236): error TS1127: Invalid character.
.next/dev/types/cache-life.d.ts(1,2237): error TS1127: Invalid character.
.next/dev/types/cache-life.d.ts(1,2238): error TS1127: Invalid character.
.next/dev/types/cache-life.d.ts(1,2239): error TS1127: Invalid character.
.next/dev/types/cache-life.d.ts(1,2240): error TS1127: Invalid character.
.next/dev/types/cache-life.d.ts(1,2241): error TS1127: Invalid character.
.next/dev/types/cache-life.d.ts(1,2242): error TS1127: Invalid character.
.next/dev/types/cache-life.d.ts(1,2243): error TS1127: Invalid character.
.next/dev/types/cache-life.d.ts(1,2244): error TS1127: Invalid character.
.next/dev/types/cache-life.d.ts(1,2245): error TS1127: Invalid character.
.next/dev/types/cache-life.d.ts(1,2246): error TS1127: Invalid character.
.next/dev/types/cache-life.d.ts(1,2247): error TS1127: Invalid character.
.next/dev/types/cache-life.d.ts(1,2248): error TS1127: Invalid character.
.next/dev/types/cache-life.d.ts(1,2249): error TS1127: Invalid character.
.next/dev/types/cache-life.d.ts(1,2250): error TS1127: Invalid character.
.next/dev/types/cache-life.d.ts(1,2251): error TS1127: Invalid character.
.next/dev/types/cache-life.d.ts(1,2252): error TS1127: Invalid character.
.next/dev/types/cache-life.d.ts(1,2253): error TS1127: Invalid character.
.next/dev/types/cache-life.d.ts(1,2254): error TS1127: Invalid character.
.next/dev/types/cache-life.d.ts(1,2255): error TS1127: Invalid character.
.next/dev/types/cache-life.d.ts(1,2256): error TS1127: Invalid character.
.next/dev/types/cache-life.d.ts(1,2257): error TS1127: Invalid character.
.next/dev/types/cache-life.d.ts(1,2258): error TS1127: Invalid character.
.next/dev/types/cache-life.d.ts(1,2259): error TS1127: Invalid character.
.next/dev/types/cache-life.d.ts(1,2260): error TS1127: Invalid character.
.next/dev/types/cache-life.d.ts(1,2261): error TS1127: Invalid character.
.next/dev/types/cache-life.d.ts(1,2262): error TS1127: Invalid character.
.next/dev/types/cache-life.d.ts(1,2263): error TS1127: Invalid character.
.next/dev/types/cache-life.d.ts(1,2264): error TS1127: Invalid character.
.next/dev/types/cache-life.d.ts(1,2265): error TS1127: Invalid character.
.next/dev/types/cache-life.d.ts(1,2266): error TS1127: Invalid character.
.next/dev/types/cache-life.d.ts(1,2267): error TS1127: Invalid character.
.next/dev/types/cache-life.d.ts(1,2268): error TS1127: Invalid character.
.next/dev/types/cache-life.d.ts(1,2269): error TS1127: Invalid character.
.next/dev/types/cache-life.d.ts(1,2270): error TS1127: Invalid character.
.next/dev/types/cache-life.d.ts(1,2271): error TS1127: Invalid character.
.next/dev/types/cache-life.d.ts(1,2272): error TS1127: Invalid character.
.next/dev/types/cache-life.d.ts(1,2273): error TS1127: Invalid character.
.next/dev/types/cache-life.d.ts(1,2274): error TS1127: Invalid character.
.next/dev/types/cache-life.d.ts(1,2275): error TS1127: Invalid character.
.next/dev/types/cache-life.d.ts(1,2276): error TS1127: Invalid character.
.next/dev/types/cache-life.d.ts(1,2277): error TS1127: Invalid character.
.next/dev/types/cache-life.d.ts(1,2278): error TS1127: Invalid character.
.next/dev/types/cache-life.d.ts(1,2279): error TS1127: Invalid character.
.next/dev/types/cache-life.d.ts(1,2280): error TS1127: Invalid character.
.next/dev/types/cache-life.d.ts(1,2281): error TS1127: Invalid character.
.next/dev/types/cache-life.d.ts(1,2282): error TS1127: Invalid character.
.next/dev/types/cache-life.d.ts(1,2283): error TS1127: Invalid character.
.next/dev/types/cache-life.d.ts(1,2284): error TS1127: Invalid character.
.next/dev/types/cache-life.d.ts(1,2285): error TS1127: Invalid character.
.next/dev/types/cache-life.d.ts(1,2286): error TS1127: Invalid character.
.next/dev/types/cache-life.d.ts(1,2287): error TS1127: Invalid character.
.next/dev/types/cache-life.d.ts(1,2288): error TS1127: Invalid character.
.next/dev/types/cache-life.d.ts(1,2289): error TS1127: Invalid character.
.next/dev/types/cache-life.d.ts(1,2290): error TS1127: Invalid character.
.next/dev/types/cache-life.d.ts(1,2291): error TS1127: Invalid character.
.next/dev/types/cache-life.d.ts(1,2292): error TS1127: Invalid character.
.next/dev/types/cache-life.d.ts(1,2293): error TS1127: Invalid character.
.next/dev/types/cache-life.d.ts(1,2294): error TS1127: Invalid character.
.next/dev/types/cache-life.d.ts(1,2295): error TS1127: Invalid character.
.next/dev/types/cache-life.d.ts(1,2296): error TS1127: Invalid character.
.next/dev/types/cache-life.d.ts(1,2297): error TS1127: Invalid character.
.next/dev/types/cache-life.d.ts(1,2298): error TS1127: Invalid character.
.next/dev/types/cache-life.d.ts(1,2299): error TS1127: Invalid character.
.next/dev/types/cache-life.d.ts(1,2300): error TS1127: Invalid character.
.next/dev/types/cache-life.d.ts(1,2301): error TS1127: Invalid character.
.next/dev/types/cache-life.d.ts(1,2302): error TS1127: Invalid character.
.next/dev/types/cache-life.d.ts(1,2303): error TS1127: Invalid character.
.next/dev/types/cache-life.d.ts(1,2304): error TS1127: Invalid character.
.next/dev/types/cache-life.d.ts(1,2305): error TS1127: Invalid character.
.next/dev/types/cache-life.d.ts(1,2306): error TS1127: Invalid character.
.next/dev/types/cache-life.d.ts(1,2307): error TS1127: Invalid character.
.next/dev/types/cache-life.d.ts(1,2308): error TS1127: Invalid character.
.next/dev/types/cache-life.d.ts(1,2309): error TS1127: Invalid character.
.next/dev/types/cache-life.d.ts(1,2310): error TS1127: Invalid character.
.next/dev/types/cache-life.d.ts(1,2311): error TS1127: Invalid character.
.next/dev/types/cache-life.d.ts(1,2312): error TS1127: Invalid character.
.next/dev/types/cache-life.d.ts(1,2313): error TS1127: Invalid character.
.next/dev/types/cache-life.d.ts(1,2314): error TS1127: Invalid character.
.next/dev/types/cache-life.d.ts(1,2315): error TS1127: Invalid character.
.next/dev/types/cache-life.d.ts(1,2316): error TS1127: Invalid character.
.next/dev/types/cache-life.d.ts(1,2317): error TS1127: Invalid character.
.next/dev/types/cache-life.d.ts(1,2318): error TS1127: Invalid character.
.next/dev/types/cache-life.d.ts(1,2319): error TS1127: Invalid character.
.next/dev/types/cache-life.d.ts(1,2320): error TS1127: Invalid character.
.next/dev/types/cache-life.d.ts(1,2321): error TS1127: Invalid character.
.next/dev/types/cache-life.d.ts(1,2322): error TS1127: Invalid character.
.next/dev/types/cache-life.d.ts(1,2323): error TS1127: Invalid character.
.next/dev/types/cache-life.d.ts(1,2324): error TS1127: Invalid character.
.next/dev/types/cache-life.d.ts(1,2325): error TS1127: Invalid character.
.next/dev/types/cache-life.d.ts(1,2326): error TS1127: Invalid character.
.next/dev/types/cache-life.d.ts(1,2327): error TS1127: Invalid character.
.next/dev/types/cache-life.d.ts(1,2328): error TS1127: Invalid character.
.next/dev/types/cache-life.d.ts(1,2329): error TS1127: Invalid character.
.next/dev/types/cache-life.d.ts(1,2330): error TS1127: Invalid character.
.next/dev/types/cache-life.d.ts(1,2331): error TS1127: Invalid character.
.next/dev/types/cache-life.d.ts(1,2332): error TS1127: Invalid character.
.next/dev/types/cache-life.d.ts(1,2333): error TS1127: Invalid character.
.next/dev/types/cache-life.d.ts(1,2334): error TS1127: Invalid character.
.next/dev/types/cache-life.d.ts(1,2335): error TS1127: Invalid character.
.next/dev/types/cache-life.d.ts(1,2336): error TS1127: Invalid character.
.next/dev/types/cache-life.d.ts(1,2337): error TS1127: Invalid character.
.next/dev/types/cache-life.d.ts(1,2338): error TS1127: Invalid character.
.next/dev/types/cache-life.d.ts(1,2339): error TS1127: Invalid character.
.next/dev/types/cache-life.d.ts(1,2340): error TS1127: Invalid character.
.next/dev/types/cache-life.d.ts(1,2341): error TS1127: Invalid character.
.next/dev/types/cache-life.d.ts(1,2342): error TS1127: Invalid character.
.next/dev/types/cache-life.d.ts(1,2343): error TS1127: Invalid character.
.next/dev/types/cache-life.d.ts(1,2344): error TS1127: Invalid character.
.next/dev/types/cache-life.d.ts(1,2345): error TS1127: Invalid character.
.next/dev/types/cache-life.d.ts(1,2346): error TS1127: Invalid character.
.next/dev/types/cache-life.d.ts(1,2347): error TS1127: Invalid character.
.next/dev/types/cache-life.d.ts(1,2348): error TS1127: Invalid character.
.next/dev/types/cache-life.d.ts(1,2349): error TS1127: Invalid character.
.next/dev/types/cache-life.d.ts(1,2350): error TS1127: Invalid character.
.next/dev/types/cache-life.d.ts(1,2351): error TS1127: Invalid character.
.next/dev/types/cache-life.d.ts(1,2352): error TS1127: Invalid character.
.next/dev/types/cache-life.d.ts(1,2353): error TS1127: Invalid character.
.next/dev/types/cache-life.d.ts(1,2354): error TS1127: Invalid character.
.next/dev/types/cache-life.d.ts(1,2355): error TS1127: Invalid character.
.next/dev/types/cache-life.d.ts(1,2356): error TS1127: Invalid character.
.next/dev/types/cache-life.d.ts(1,2357): error TS1127: Invalid character.
.next/dev/types/cache-life.d.ts(1,2358): error TS1127: Invalid character.
.next/dev/types/cache-life.d.ts(1,2359): error TS1127: Invalid character.
.next/dev/types/cache-life.d.ts(1,2360): error TS1127: Invalid character.
.next/dev/types/cache-life.d.ts(1,2361): error TS1127: Invalid character.
.next/dev/types/cache-life.d.ts(1,2362): error TS1127: Invalid character.
.next/dev/types/cache-life.d.ts(1,2363): error TS1127: Invalid character.
.next/dev/types/cache-life.d.ts(1,2364): error TS1127: Invalid character.
.next/dev/types/cache-life.d.ts(1,2365): error TS1127: Invalid character.
.next/dev/types/cache-life.d.ts(1,2366): error TS1127: Invalid character.
.next/dev/types/cache-life.d.ts(1,2367): error TS1127: Invalid character.
.next/dev/types/cache-life.d.ts(1,2368): error TS1127: Invalid character.
.next/dev/types/cache-life.d.ts(1,2369): error TS1127: Invalid character.
.next/dev/types/cache-life.d.ts(1,2370): error TS1127: Invalid character.
.next/dev/types/cache-life.d.ts(1,2371): error TS1127: Invalid character.
.next/dev/types/cache-life.d.ts(1,2372): error TS1127: Invalid character.
.next/dev/types/cache-life.d.ts(1,2373): error TS1127: Invalid character.
.next/dev/types/cache-life.d.ts(1,2374): error TS1127: Invalid character.
.next/dev/types/cache-life.d.ts(1,2375): error TS1127: Invalid character.
.next/dev/types/cache-life.d.ts(1,2376): error TS1127: Invalid character.
.next/dev/types/cache-life.d.ts(1,2377): error TS1127: Invalid character.
.next/dev/types/cache-life.d.ts(1,2378): error TS1127: Invalid character.
.next/dev/types/cache-life.d.ts(1,2379): error TS1127: Invalid character.
.next/dev/types/cache-life.d.ts(1,2380): error TS1127: Invalid character.
.next/dev/types/cache-life.d.ts(1,2381): error TS1127: Invalid character.
.next/dev/types/cache-life.d.ts(1,2382): error TS1127: Invalid character.
.next/dev/types/cache-life.d.ts(1,2383): error TS1127: Invalid character.
.next/dev/types/cache-life.d.ts(1,2384): error TS1127: Invalid character.
.next/dev/types/cache-life.d.ts(1,2385): error TS1127: Invalid character.
.next/dev/types/cache-life.d.ts(1,2386): error TS1127: Invalid character.
.next/dev/types/cache-life.d.ts(1,2387): error TS1127: Invalid character.
.next/dev/types/cache-life.d.ts(1,2388): error TS1127: Invalid character.
.next/dev/types/cache-life.d.ts(1,2389): error TS1127: Invalid character.
.next/dev/types/cache-life.d.ts(1,2390): error TS1127: Invalid character.
.next/dev/types/cache-life.d.ts(1,2391): error TS1127: Invalid character.
.next/dev/types/cache-life.d.ts(1,2392): error TS1127: Invalid character.
.next/dev/types/cache-life.d.ts(1,2393): error TS1127: Invalid character.
.next/dev/types/cache-life.d.ts(1,2394): error TS1127: Invalid character.
.next/dev/types/cache-life.d.ts(1,2395): error TS1127: Invalid character.
.next/dev/types/cache-life.d.ts(1,2396): error TS1127: Invalid character.
.next/dev/types/cache-life.d.ts(1,2397): error TS1127: Invalid character.
.next/dev/types/cache-life.d.ts(1,2398): error TS1127: Invalid character.
.next/dev/types/cache-life.d.ts(1,2399): error TS1127: Invalid character.
.next/dev/types/cache-life.d.ts(1,2400): error TS1127: Invalid character.
.next/dev/types/cache-life.d.ts(1,2401): error TS1127: Invalid character.
.next/dev/types/cache-life.d.ts(1,2402): error TS1127: Invalid character.
.next/dev/types/cache-life.d.ts(1,2403): error TS1127: Invalid character.
.next/dev/types/cache-life.d.ts(1,2404): error TS1127: Invalid character.
.next/dev/types/cache-life.d.ts(1,2405): error TS1127: Invalid character.
.next/dev/types/cache-life.d.ts(1,2406): error TS1127: Invalid character.
.next/dev/types/cache-life.d.ts(1,2407): error TS1127: Invalid character.
.next/dev/types/cache-life.d.ts(1,2408): error TS1127: Invalid character.
.next/dev/types/cache-life.d.ts(1,2409): error TS1127: Invalid character.
.next/dev/types/cache-life.d.ts(1,2410): error TS1127: Invalid character.
.next/dev/types/cache-life.d.ts(1,2411): error TS1127: Invalid character.
.next/dev/types/cache-life.d.ts(1,2412): error TS1127: Invalid character.
.next/dev/types/cache-life.d.ts(1,2413): error TS1127: Invalid character.
.next/dev/types/cache-life.d.ts(1,2414): error TS1127: Invalid character.
.next/dev/types/cache-life.d.ts(1,2415): error TS1127: Invalid character.
.next/dev/types/cache-life.d.ts(1,2416): error TS1127: Invalid character.
.next/dev/types/cache-life.d.ts(1,2417): error TS1127: Invalid character.
.next/dev/types/cache-life.d.ts(1,2418): error TS1127: Invalid character.
.next/dev/types/cache-life.d.ts(1,2419): error TS1127: Invalid character.
.next/dev/types/cache-life.d.ts(1,2420): error TS1127: Invalid character.
.next/dev/types/cache-life.d.ts(1,2421): error TS1127: Invalid character.
.next/dev/types/cache-life.d.ts(1,2422): error TS1127: Invalid character.
.next/dev/types/cache-life.d.ts(1,2423): error TS1127: Invalid character.
.next/dev/types/cache-life.d.ts(1,2424): error TS1127: Invalid character.
.next/dev/types/cache-life.d.ts(1,2425): error TS1127: Invalid character.
.next/dev/types/cache-life.d.ts(1,2426): error TS1127: Invalid character.
.next/dev/types/cache-life.d.ts(1,2427): error TS1127: Invalid character.
.next/dev/types/cache-life.d.ts(1,2428): error TS1127: Invalid character.
.next/dev/types/cache-life.d.ts(1,2429): error TS1127: Invalid character.
.next/dev/types/cache-life.d.ts(1,2430): error TS1127: Invalid character.
.next/dev/types/cache-life.d.ts(1,2431): error TS1127: Invalid character.
.next/dev/types/cache-life.d.ts(1,2432): error TS1127: Invalid character.
.next/dev/types/cache-life.d.ts(1,2433): error TS1127: Invalid character.
.next/dev/types/cache-life.d.ts(1,2434): error TS1127: Invalid character.
.next/dev/types/cache-life.d.ts(1,2435): error TS1127: Invalid character.
.next/dev/types/cache-life.d.ts(1,2436): error TS1127: Invalid character.
.next/dev/types/cache-life.d.ts(1,2437): error TS1127: Invalid character.
.next/dev/types/cache-life.d.ts(1,2438): error TS1127: Invalid character.
.next/dev/types/cache-life.d.ts(1,2439): error TS1127: Invalid character.
.next/dev/types/cache-life.d.ts(1,2440): error TS1127: Invalid character.
.next/dev/types/cache-life.d.ts(1,2441): error TS1127: Invalid character.
.next/dev/types/cache-life.d.ts(1,2442): error TS1127: Invalid character.
.next/dev/types/cache-life.d.ts(1,2443): error TS1127: Invalid character.
.next/dev/types/cache-life.d.ts(1,2444): error TS1127: Invalid character.
.next/dev/types/cache-life.d.ts(1,2445): error TS1127: Invalid character.
.next/dev/types/cache-life.d.ts(1,2446): error TS1127: Invalid character.
.next/dev/types/cache-life.d.ts(1,2447): error TS1127: Invalid character.
.next/dev/types/cache-life.d.ts(1,2448): error TS1127: Invalid character.
.next/dev/types/cache-life.d.ts(1,2449): error TS1127: Invalid character.
.next/dev/types/cache-life.d.ts(1,2450): error TS1127: Invalid character.
.next/dev/types/cache-life.d.ts(1,2451): error TS1127: Invalid character.
.next/dev/types/cache-life.d.ts(1,2452): error TS1127: Invalid character.
.next/dev/types/cache-life.d.ts(1,2453): error TS1127: Invalid character.
.next/dev/types/cache-life.d.ts(1,2454): error TS1127: Invalid character.
.next/dev/types/cache-life.d.ts(1,2455): error TS1127: Invalid character.
.next/dev/types/cache-life.d.ts(1,2456): error TS1127: Invalid character.
.next/dev/types/cache-life.d.ts(1,2457): error TS1127: Invalid character.
.next/dev/types/cache-life.d.ts(1,2458): error TS1127: Invalid character.
.next/dev/types/cache-life.d.ts(1,2459): error TS1127: Invalid character.
.next/dev/types/cache-life.d.ts(1,2460): error TS1127: Invalid character.
.next/dev/types/cache-life.d.ts(1,2461): error TS1127: Invalid character.
.next/dev/types/cache-life.d.ts(1,2462): error TS1127: Invalid character.
.next/dev/types/cache-life.d.ts(1,2463): error TS1127: Invalid character.
.next/dev/types/cache-life.d.ts(1,2464): error TS1127: Invalid character.
.next/dev/types/cache-life.d.ts(1,2465): error TS1127: Invalid character.
.next/dev/types/cache-life.d.ts(1,2466): error TS1127: Invalid character.
.next/dev/types/cache-life.d.ts(1,2467): error TS1127: Invalid character.
.next/dev/types/cache-life.d.ts(1,2468): error TS1127: Invalid character.
.next/dev/types/cache-life.d.ts(1,2469): error TS1127: Invalid character.
.next/dev/types/cache-life.d.ts(1,2470): error TS1127: Invalid character.
.next/dev/types/cache-life.d.ts(1,2471): error TS1127: Invalid character.
.next/dev/types/cache-life.d.ts(1,2472): error TS1127: Invalid character.
.next/dev/types/cache-life.d.ts(1,2473): error TS1127: Invalid character.
.next/dev/types/cache-life.d.ts(1,2474): error TS1127: Invalid character.
.next/dev/types/cache-life.d.ts(1,2475): error TS1127: Invalid character.
.next/dev/types/cache-life.d.ts(1,2476): error TS1127: Invalid character.
.next/dev/types/cache-life.d.ts(1,2477): error TS1127: Invalid character.
.next/dev/types/cache-life.d.ts(1,2478): error TS1127: Invalid character.
.next/dev/types/cache-life.d.ts(1,2479): error TS1127: Invalid character.
.next/dev/types/cache-life.d.ts(1,2480): error TS1127: Invalid character.
.next/dev/types/cache-life.d.ts(1,2481): error TS1127: Invalid character.
.next/dev/types/cache-life.d.ts(1,2482): error TS1127: Invalid character.
.next/dev/types/cache-life.d.ts(1,2483): error TS1127: Invalid character.
.next/dev/types/cache-life.d.ts(1,2484): error TS1127: Invalid character.
.next/dev/types/cache-life.d.ts(1,2485): error TS1127: Invalid character.
.next/dev/types/cache-life.d.ts(1,2486): error TS1127: Invalid character.
.next/dev/types/cache-life.d.ts(1,2487): error TS1127: Invalid character.
.next/dev/types/cache-life.d.ts(1,2488): error TS1127: Invalid character.
.next/dev/types/cache-life.d.ts(1,2489): error TS1127: Invalid character.
.next/dev/types/cache-life.d.ts(1,2490): error TS1127: Invalid character.
.next/dev/types/cache-life.d.ts(1,2491): error TS1127: Invalid character.
.next/dev/types/cache-life.d.ts(1,2492): error TS1127: Invalid character.
.next/dev/types/cache-life.d.ts(1,2493): error TS1127: Invalid character.
.next/dev/types/cache-life.d.ts(1,2494): error TS1127: Invalid character.
.next/dev/types/cache-life.d.ts(1,2495): error TS1127: Invalid character.
.next/dev/types/cache-life.d.ts(1,2496): error TS1127: Invalid character.
.next/dev/types/cache-life.d.ts(1,2497): error TS1127: Invalid character.
.next/dev/types/cache-life.d.ts(1,2498): error TS1127: Invalid character.
.next/dev/types/cache-life.d.ts(1,2499): error TS1127: Invalid character.
.next/dev/types/cache-life.d.ts(1,2500): error TS1127: Invalid character.
.next/dev/types/cache-life.d.ts(1,2501): error TS1127: Invalid character.
.next/dev/types/cache-life.d.ts(1,2502): error TS1127: Invalid character.
.next/dev/types/cache-life.d.ts(1,2503): error TS1127: Invalid character.
.next/dev/types/cache-life.d.ts(1,2504): error TS1127: Invalid character.
.next/dev/types/cache-life.d.ts(1,2505): error TS1127: Invalid character.
.next/dev/types/cache-life.d.ts(1,2506): error TS1127: Invalid character.
.next/dev/types/cache-life.d.ts(1,2507): error TS1127: Invalid character.
.next/dev/types/cache-life.d.ts(1,2508): error TS1127: Invalid character.
.next/dev/types/cache-life.d.ts(1,2509): error TS1127: Invalid character.
.next/dev/types/cache-life.d.ts(1,2510): error TS1127: Invalid character.
.next/dev/types/cache-life.d.ts(1,2511): error TS1127: Invalid character.
.next/dev/types/cache-life.d.ts(1,2512): error TS1127: Invalid character.
.next/dev/types/cache-life.d.ts(1,2513): error TS1127: Invalid character.
.next/dev/types/cache-life.d.ts(1,2514): error TS1127: Invalid character.
.next/dev/types/cache-life.d.ts(1,2515): error TS1127: Invalid character.
.next/dev/types/cache-life.d.ts(1,2516): error TS1127: Invalid character.
.next/dev/types/cache-life.d.ts(1,2517): error TS1127: Invalid character.
.next/dev/types/cache-life.d.ts(1,2518): error TS1127: Invalid character.
.next/dev/types/cache-life.d.ts(1,2519): error TS1127: Invalid character.
.next/dev/types/cache-life.d.ts(1,2520): error TS1127: Invalid character.
.next/dev/types/cache-life.d.ts(1,2521): error TS1127: Invalid character.
.next/dev/types/cache-life.d.ts(1,2522): error TS1127: Invalid character.
.next/dev/types/cache-life.d.ts(1,2523): error TS1127: Invalid character.
.next/dev/types/cache-life.d.ts(1,2524): error TS1127: Invalid character.
.next/dev/types/cache-life.d.ts(1,2525): error TS1127: Invalid character.
.next/dev/types/cache-life.d.ts(1,2526): error TS1127: Invalid character.
.next/dev/types/cache-life.d.ts(1,2527): error TS1127: Invalid character.
.next/dev/types/cache-life.d.ts(1,2528): error TS1127: Invalid character.
.next/dev/types/cache-life.d.ts(1,2529): error TS1127: Invalid character.
.next/dev/types/cache-life.d.ts(1,2530): error TS1127: Invalid character.
.next/dev/types/cache-life.d.ts(1,2531): error TS1127: Invalid character.
.next/dev/types/cache-life.d.ts(1,2532): error TS1127: Invalid character.
.next/dev/types/cache-life.d.ts(1,2533): error TS1127: Invalid character.
.next/dev/types/cache-life.d.ts(1,2534): error TS1127: Invalid character.
.next/dev/types/cache-life.d.ts(1,2535): error TS1127: Invalid character.
.next/dev/types/cache-life.d.ts(1,2536): error TS1127: Invalid character.
.next/dev/types/cache-life.d.ts(1,2537): error TS1127: Invalid character.
.next/dev/types/cache-life.d.ts(1,2538): error TS1127: Invalid character.
.next/dev/types/cache-life.d.ts(1,2539): error TS1127: Invalid character.
.next/dev/types/cache-life.d.ts(1,2540): error TS1127: Invalid character.
.next/dev/types/cache-life.d.ts(1,2541): error TS1127: Invalid character.
.next/dev/types/cache-life.d.ts(1,2542): error TS1127: Invalid character.
.next/dev/types/cache-life.d.ts(1,2543): error TS1127: Invalid character.
.next/dev/types/cache-life.d.ts(1,2544): error TS1127: Invalid character.
.next/dev/types/cache-life.d.ts(1,2545): error TS1127: Invalid character.
.next/dev/types/cache-life.d.ts(1,2546): error TS1127: Invalid character.
.next/dev/types/cache-life.d.ts(1,2547): error TS1127: Invalid character.
.next/dev/types/cache-life.d.ts(1,2548): error TS1127: Invalid character.
.next/dev/types/cache-life.d.ts(1,2549): error TS1127: Invalid character.
.next/dev/types/cache-life.d.ts(1,2550): error TS1127: Invalid character.
.next/dev/types/cache-life.d.ts(1,2551): error TS1127: Invalid character.
.next/dev/types/cache-life.d.ts(1,2552): error TS1127: Invalid character.
.next/dev/types/cache-life.d.ts(1,2553): error TS1127: Invalid character.
.next/dev/types/cache-life.d.ts(1,2554): error TS1127: Invalid character.
.next/dev/types/cache-life.d.ts(1,2555): error TS1127: Invalid character.
.next/dev/types/cache-life.d.ts(1,2556): error TS1127: Invalid character.
.next/dev/types/cache-life.d.ts(1,2557): error TS1127: Invalid character.
.next/dev/types/cache-life.d.ts(1,2558): error TS1127: Invalid character.
.next/dev/types/cache-life.d.ts(1,2559): error TS1127: Invalid character.
.next/dev/types/cache-life.d.ts(1,2560): error TS1127: Invalid character.
.next/dev/types/cache-life.d.ts(1,2561): error TS1127: Invalid character.
.next/dev/types/cache-life.d.ts(1,2562): error TS1127: Invalid character.
.next/dev/types/cache-life.d.ts(1,2563): error TS1127: Invalid character.
.next/dev/types/cache-life.d.ts(1,2564): error TS1127: Invalid character.
.next/dev/types/cache-life.d.ts(1,2565): error TS1127: Invalid character.
.next/dev/types/cache-life.d.ts(1,2566): error TS1127: Invalid character.
.next/dev/types/cache-life.d.ts(1,2567): error TS1127: Invalid character.
.next/dev/types/cache-life.d.ts(1,2568): error TS1127: Invalid character.
.next/dev/types/cache-life.d.ts(1,2569): error TS1127: Invalid character.
.next/dev/types/cache-life.d.ts(1,2570): error TS1127: Invalid character.
.next/dev/types/cache-life.d.ts(1,2571): error TS1127: Invalid character.
.next/dev/types/cache-life.d.ts(1,2572): error TS1127: Invalid character.
.next/dev/types/cache-life.d.ts(1,2573): error TS1127: Invalid character.
.next/dev/types/cache-life.d.ts(1,2574): error TS1127: Invalid character.
.next/dev/types/cache-life.d.ts(1,2575): error TS1127: Invalid character.
.next/dev/types/cache-life.d.ts(1,2576): error TS1127: Invalid character.
.next/dev/types/cache-life.d.ts(1,2577): error TS1127: Invalid character.
.next/dev/types/cache-life.d.ts(1,2578): error TS1127: Invalid character.
.next/dev/types/cache-life.d.ts(1,2579): error TS1127: Invalid character.
.next/dev/types/cache-life.d.ts(1,2580): error TS1127: Invalid character.
.next/dev/types/cache-life.d.ts(1,2581): error TS1127: Invalid character.
.next/dev/types/cache-life.d.ts(1,2582): error TS1127: Invalid character.
.next/dev/types/cache-life.d.ts(1,2583): error TS1127: Invalid character.
.next/dev/types/cache-life.d.ts(1,2584): error TS1127: Invalid character.
.next/dev/types/cache-life.d.ts(1,2585): error TS1127: Invalid character.
.next/dev/types/cache-life.d.ts(1,2586): error TS1127: Invalid character.
.next/dev/types/cache-life.d.ts(1,2587): error TS1127: Invalid character.
.next/dev/types/cache-life.d.ts(1,2588): error TS1127: Invalid character.
.next/dev/types/cache-life.d.ts(1,2589): error TS1127: Invalid character.
.next/dev/types/cache-life.d.ts(1,2590): error TS1127: Invalid character.
.next/dev/types/cache-life.d.ts(1,2591): error TS1127: Invalid character.
.next/dev/types/cache-life.d.ts(1,2592): error TS1127: Invalid character.
.next/dev/types/cache-life.d.ts(1,2593): error TS1127: Invalid character.
.next/dev/types/cache-life.d.ts(1,2594): error TS1127: Invalid character.
.next/dev/types/cache-life.d.ts(1,2595): error TS1127: Invalid character.
.next/dev/types/cache-life.d.ts(1,2596): error TS1127: Invalid character.
.next/dev/types/cache-life.d.ts(1,2597): error TS1127: Invalid character.
.next/dev/types/cache-life.d.ts(1,2598): error TS1127: Invalid character.
.next/dev/types/cache-life.d.ts(1,2599): error TS1127: Invalid character.
.next/dev/types/cache-life.d.ts(1,2600): error TS1127: Invalid character.
.next/dev/types/cache-life.d.ts(1,2601): error TS1127: Invalid character.
.next/dev/types/cache-life.d.ts(1,2602): error TS1127: Invalid character.
.next/dev/types/cache-life.d.ts(1,2603): error TS1127: Invalid character.
.next/dev/types/cache-life.d.ts(1,2604): error TS1127: Invalid character.
.next/dev/types/cache-life.d.ts(1,2605): error TS1127: Invalid character.
.next/dev/types/cache-life.d.ts(1,2606): error TS1127: Invalid character.
.next/dev/types/cache-life.d.ts(1,2607): error TS1127: Invalid character.
.next/dev/types/cache-life.d.ts(1,2608): error TS1127: Invalid character.
.next/dev/types/cache-life.d.ts(1,2609): error TS1127: Invalid character.
.next/dev/types/cache-life.d.ts(1,2610): error TS1127: Invalid character.
.next/dev/types/cache-life.d.ts(1,2611): error TS1127: Invalid character.
.next/dev/types/cache-life.d.ts(1,2612): error TS1127: Invalid character.
.next/dev/types/cache-life.d.ts(1,2613): error TS1127: Invalid character.
.next/dev/types/cache-life.d.ts(1,2614): error TS1127: Invalid character.
.next/dev/types/cache-life.d.ts(1,2615): error TS1127: Invalid character.
.next/dev/types/cache-life.d.ts(1,2616): error TS1127: Invalid character.
.next/dev/types/cache-life.d.ts(1,2617): error TS1127: Invalid character.
.next/dev/types/cache-life.d.ts(1,2618): error TS1127: Invalid character.
.next/dev/types/cache-life.d.ts(1,2619): error TS1127: Invalid character.
.next/dev/types/cache-life.d.ts(1,2620): error TS1127: Invalid character.
.next/dev/types/cache-life.d.ts(1,2621): error TS1127: Invalid character.
.next/dev/types/cache-life.d.ts(1,2622): error TS1127: Invalid character.
.next/dev/types/cache-life.d.ts(1,2623): error TS1127: Invalid character.
.next/dev/types/cache-life.d.ts(1,2624): error TS1127: Invalid character.
.next/dev/types/cache-life.d.ts(1,2625): error TS1127: Invalid character.
.next/dev/types/cache-life.d.ts(1,2626): error TS1127: Invalid character.
.next/dev/types/cache-life.d.ts(1,2627): error TS1127: Invalid character.
.next/dev/types/cache-life.d.ts(1,2628): error TS1127: Invalid character.
.next/dev/types/cache-life.d.ts(1,2629): error TS1127: Invalid character.
.next/dev/types/cache-life.d.ts(1,2630): error TS1127: Invalid character.
.next/dev/types/cache-life.d.ts(1,2631): error TS1127: Invalid character.
.next/dev/types/cache-life.d.ts(1,2632): error TS1127: Invalid character.
.next/dev/types/cache-life.d.ts(1,2633): error TS1127: Invalid character.
.next/dev/types/cache-life.d.ts(1,2634): error TS1127: Invalid character.
.next/dev/types/cache-life.d.ts(1,2635): error TS1127: Invalid character.
.next/dev/types/cache-life.d.ts(1,2636): error TS1127: Invalid character.
.next/dev/types/cache-life.d.ts(1,2637): error TS1127: Invalid character.
.next/dev/types/cache-life.d.ts(1,2638): error TS1127: Invalid character.
.next/dev/types/cache-life.d.ts(1,2639): error TS1127: Invalid character.
.next/dev/types/cache-life.d.ts(1,2640): error TS1127: Invalid character.
.next/dev/types/cache-life.d.ts(1,2641): error TS1127: Invalid character.
.next/dev/types/cache-life.d.ts(1,2642): error TS1127: Invalid character.
.next/dev/types/cache-life.d.ts(1,2643): error TS1127: Invalid character.
.next/dev/types/cache-life.d.ts(1,2644): error TS1127: Invalid character.
.next/dev/types/cache-life.d.ts(1,2645): error TS1127: Invalid character.
.next/dev/types/cache-life.d.ts(1,2646): error TS1127: Invalid character.
.next/dev/types/cache-life.d.ts(1,2647): error TS1127: Invalid character.
.next/dev/types/cache-life.d.ts(1,2648): error TS1127: Invalid character.
.next/dev/types/cache-life.d.ts(1,2649): error TS1127: Invalid character.
.next/dev/types/cache-life.d.ts(1,2650): error TS1127: Invalid character.
.next/dev/types/cache-life.d.ts(1,2651): error TS1127: Invalid character.
.next/dev/types/cache-life.d.ts(1,2652): error TS1127: Invalid character.
.next/dev/types/cache-life.d.ts(1,2653): error TS1127: Invalid character.
.next/dev/types/cache-life.d.ts(1,2654): error TS1127: Invalid character.
.next/dev/types/cache-life.d.ts(1,2655): error TS1127: Invalid character.
.next/dev/types/cache-life.d.ts(1,2656): error TS1127: Invalid character.
.next/dev/types/cache-life.d.ts(1,2657): error TS1127: Invalid character.
.next/dev/types/cache-life.d.ts(1,2658): error TS1127: Invalid character.
.next/dev/types/cache-life.d.ts(1,2659): error TS1127: Invalid character.
.next/dev/types/cache-life.d.ts(1,2660): error TS1127: Invalid character.
.next/dev/types/cache-life.d.ts(1,2661): error TS1127: Invalid character.
.next/dev/types/cache-life.d.ts(1,2662): error TS1127: Invalid character.
.next/dev/types/cache-life.d.ts(1,2663): error TS1127: Invalid character.
.next/dev/types/cache-life.d.ts(1,2664): error TS1127: Invalid character.
.next/dev/types/cache-life.d.ts(1,2665): error TS1127: Invalid character.
.next/dev/types/cache-life.d.ts(1,2666): error TS1127: Invalid character.
.next/dev/types/cache-life.d.ts(1,2667): error TS1127: Invalid character.
.next/dev/types/cache-life.d.ts(1,2668): error TS1127: Invalid character.
.next/dev/types/cache-life.d.ts(1,2669): error TS1127: Invalid character.
.next/dev/types/cache-life.d.ts(1,2670): error TS1127: Invalid character.
.next/dev/types/cache-life.d.ts(1,2671): error TS1127: Invalid character.
.next/dev/types/cache-life.d.ts(1,2672): error TS1127: Invalid character.
.next/dev/types/cache-life.d.ts(1,2673): error TS1127: Invalid character.
.next/dev/types/cache-life.d.ts(1,2674): error TS1127: Invalid character.
.next/dev/types/cache-life.d.ts(1,2675): error TS1127: Invalid character.
.next/dev/types/cache-life.d.ts(1,2676): error TS1127: Invalid character.
.next/dev/types/cache-life.d.ts(1,2677): error TS1127: Invalid character.
.next/dev/types/cache-life.d.ts(1,2678): error TS1127: Invalid character.
.next/dev/types/cache-life.d.ts(1,2679): error TS1127: Invalid character.
.next/dev/types/cache-life.d.ts(1,2680): error TS1127: Invalid character.
.next/dev/types/cache-life.d.ts(1,2681): error TS1127: Invalid character.
.next/dev/types/cache-life.d.ts(1,2682): error TS1127: Invalid character.
.next/dev/types/cache-life.d.ts(1,2683): error TS1127: Invalid character.
.next/dev/types/cache-life.d.ts(1,2684): error TS1127: Invalid character.
.next/dev/types/cache-life.d.ts(1,2685): error TS1127: Invalid character.
.next/dev/types/cache-life.d.ts(1,2686): error TS1127: Invalid character.
.next/dev/types/cache-life.d.ts(1,2687): error TS1127: Invalid character.
.next/dev/types/cache-life.d.ts(1,2688): error TS1127: Invalid character.
.next/dev/types/cache-life.d.ts(1,2689): error TS1127: Invalid character.
.next/dev/types/cache-life.d.ts(1,2690): error TS1127: Invalid character.
.next/dev/types/cache-life.d.ts(1,2691): error TS1127: Invalid character.
.next/dev/types/cache-life.d.ts(1,2692): error TS1127: Invalid character.
.next/dev/types/cache-life.d.ts(1,2693): error TS1127: Invalid character.
.next/dev/types/cache-life.d.ts(1,2694): error TS1127: Invalid character.
.next/dev/types/cache-life.d.ts(1,2695): error TS1127: Invalid character.
.next/dev/types/cache-life.d.ts(1,2696): error TS1127: Invalid character.
.next/dev/types/cache-life.d.ts(1,2697): error TS1127: Invalid character.
.next/dev/types/cache-life.d.ts(1,2698): error TS1127: Invalid character.
.next/dev/types/cache-life.d.ts(1,2699): error TS1127: Invalid character.
.next/dev/types/cache-life.d.ts(1,2700): error TS1127: Invalid character.
.next/dev/types/cache-life.d.ts(1,2701): error TS1127: Invalid character.
.next/dev/types/cache-life.d.ts(1,2702): error TS1127: Invalid character.
.next/dev/types/cache-life.d.ts(1,2703): error TS1127: Invalid character.
.next/dev/types/cache-life.d.ts(1,2704): error TS1127: Invalid character.
.next/dev/types/cache-life.d.ts(1,2705): error TS1127: Invalid character.
.next/dev/types/cache-life.d.ts(1,2706): error TS1127: Invalid character.
.next/dev/types/cache-life.d.ts(1,2707): error TS1127: Invalid character.
.next/dev/types/cache-life.d.ts(1,2708): error TS1127: Invalid character.
.next/dev/types/cache-life.d.ts(1,2709): error TS1127: Invalid character.
.next/dev/types/cache-life.d.ts(1,2710): error TS1127: Invalid character.
.next/dev/types/cache-life.d.ts(1,2711): error TS1127: Invalid character.
.next/dev/types/cache-life.d.ts(1,2712): error TS1127: Invalid character.
.next/dev/types/cache-life.d.ts(1,2713): error TS1127: Invalid character.
.next/dev/types/cache-life.d.ts(1,2714): error TS1127: Invalid character.
.next/dev/types/cache-life.d.ts(1,2715): error TS1127: Invalid character.
.next/dev/types/cache-life.d.ts(1,2716): error TS1127: Invalid character.
.next/dev/types/cache-life.d.ts(1,2717): error TS1127: Invalid character.
.next/dev/types/cache-life.d.ts(1,2718): error TS1127: Invalid character.
.next/dev/types/cache-life.d.ts(1,2719): error TS1127: Invalid character.
.next/dev/types/cache-life.d.ts(1,2720): error TS1127: Invalid character.
.next/dev/types/cache-life.d.ts(1,2721): error TS1127: Invalid character.
.next/dev/types/cache-life.d.ts(1,2722): error TS1127: Invalid character.
.next/dev/types/cache-life.d.ts(1,2723): error TS1127: Invalid character.
.next/dev/types/cache-life.d.ts(1,2724): error TS1127: Invalid character.
.next/dev/types/cache-life.d.ts(1,2725): error TS1127: Invalid character.
.next/dev/types/cache-life.d.ts(1,2726): error TS1127: Invalid character.
.next/dev/types/cache-life.d.ts(1,2727): error TS1127: Invalid character.
.next/dev/types/cache-life.d.ts(1,2728): error TS1127: Invalid character.
.next/dev/types/cache-life.d.ts(1,2729): error TS1127: Invalid character.
.next/dev/types/cache-life.d.ts(1,2730): error TS1127: Invalid character.
.next/dev/types/cache-life.d.ts(1,2731): error TS1127: Invalid character.
.next/dev/types/cache-life.d.ts(1,2732): error TS1127: Invalid character.
.next/dev/types/cache-life.d.ts(1,2733): error TS1127: Invalid character.
.next/dev/types/cache-life.d.ts(1,2734): error TS1127: Invalid character.
.next/dev/types/cache-life.d.ts(1,2735): error TS1127: Invalid character.
.next/dev/types/cache-life.d.ts(1,2736): error TS1127: Invalid character.
.next/dev/types/cache-life.d.ts(1,2737): error TS1127: Invalid character.
.next/dev/types/cache-life.d.ts(1,2738): error TS1127: Invalid character.
.next/dev/types/cache-life.d.ts(1,2739): error TS1127: Invalid character.
.next/dev/types/cache-life.d.ts(1,2740): error TS1127: Invalid character.
.next/dev/types/cache-life.d.ts(1,2741): error TS1127: Invalid character.
.next/dev/types/cache-life.d.ts(1,2742): error TS1127: Invalid character.
.next/dev/types/cache-life.d.ts(1,2743): error TS1127: Invalid character.
.next/dev/types/cache-life.d.ts(1,2744): error TS1127: Invalid character.
.next/dev/types/cache-life.d.ts(1,2745): error TS1127: Invalid character.
.next/dev/types/cache-life.d.ts(1,2746): error TS1127: Invalid character.
.next/dev/types/cache-life.d.ts(1,2747): error TS1127: Invalid character.
.next/dev/types/cache-life.d.ts(1,2748): error TS1127: Invalid character.
.next/dev/types/cache-life.d.ts(1,2749): error TS1127: Invalid character.
.next/dev/types/cache-life.d.ts(1,2750): error TS1127: Invalid character.
.next/dev/types/cache-life.d.ts(1,2751): error TS1127: Invalid character.
.next/dev/types/cache-life.d.ts(1,2752): error TS1127: Invalid character.
.next/dev/types/cache-life.d.ts(1,2753): error TS1127: Invalid character.
.next/dev/types/cache-life.d.ts(1,2754): error TS1127: Invalid character.
.next/dev/types/cache-life.d.ts(1,2755): error TS1127: Invalid character.
.next/dev/types/cache-life.d.ts(1,2756): error TS1127: Invalid character.
.next/dev/types/cache-life.d.ts(1,2757): error TS1127: Invalid character.
.next/dev/types/cache-life.d.ts(1,2758): error TS1127: Invalid character.
.next/dev/types/cache-life.d.ts(1,2759): error TS1127: Invalid character.
.next/dev/types/cache-life.d.ts(1,2760): error TS1127: Invalid character.
.next/dev/types/cache-life.d.ts(1,2761): error TS1127: Invalid character.
.next/dev/types/cache-life.d.ts(1,2762): error TS1127: Invalid character.
.next/dev/types/cache-life.d.ts(1,2763): error TS1127: Invalid character.
.next/dev/types/cache-life.d.ts(1,2764): error TS1127: Invalid character.
.next/dev/types/cache-life.d.ts(1,2765): error TS1127: Invalid character.
.next/dev/types/cache-life.d.ts(1,2766): error TS1127: Invalid character.
.next/dev/types/cache-life.d.ts(1,2767): error TS1127: Invalid character.
.next/dev/types/cache-life.d.ts(1,2768): error TS1127: Invalid character.
.next/dev/types/cache-life.d.ts(1,2769): error TS1127: Invalid character.
.next/dev/types/cache-life.d.ts(1,2770): error TS1127: Invalid character.
.next/dev/types/cache-life.d.ts(1,2771): error TS1127: Invalid character.
.next/dev/types/cache-life.d.ts(1,2772): error TS1127: Invalid character.
.next/dev/types/cache-life.d.ts(1,2773): error TS1127: Invalid character.
.next/dev/types/cache-life.d.ts(1,2774): error TS1127: Invalid character.
.next/dev/types/cache-life.d.ts(1,2775): error TS1127: Invalid character.
.next/dev/types/cache-life.d.ts(1,2776): error TS1127: Invalid character.
.next/dev/types/cache-life.d.ts(1,2777): error TS1127: Invalid character.
.next/dev/types/cache-life.d.ts(1,2778): error TS1127: Invalid character.
.next/dev/types/cache-life.d.ts(1,2779): error TS1127: Invalid character.
.next/dev/types/cache-life.d.ts(1,2780): error TS1127: Invalid character.
.next/dev/types/cache-life.d.ts(1,2781): error TS1127: Invalid character.
.next/dev/types/cache-life.d.ts(1,2782): error TS1127: Invalid character.
.next/dev/types/cache-life.d.ts(1,2783): error TS1127: Invalid character.
.next/dev/types/cache-life.d.ts(1,2784): error TS1127: Invalid character.
.next/dev/types/cache-life.d.ts(1,2785): error TS1127: Invalid character.
.next/dev/types/cache-life.d.ts(1,2786): error TS1127: Invalid character.
.next/dev/types/cache-life.d.ts(1,2787): error TS1127: Invalid character.
.next/dev/types/cache-life.d.ts(1,2788): error TS1127: Invalid character.
.next/dev/types/cache-life.d.ts(1,2789): error TS1127: Invalid character.
.next/dev/types/cache-life.d.ts(1,2790): error TS1127: Invalid character.
.next/dev/types/cache-life.d.ts(1,2791): error TS1127: Invalid character.
.next/dev/types/cache-life.d.ts(1,2792): error TS1127: Invalid character.
.next/dev/types/cache-life.d.ts(1,2793): error TS1127: Invalid character.
.next/dev/types/cache-life.d.ts(1,2794): error TS1127: Invalid character.
.next/dev/types/cache-life.d.ts(1,2795): error TS1127: Invalid character.
.next/dev/types/cache-life.d.ts(1,2796): error TS1127: Invalid character.
.next/dev/types/cache-life.d.ts(1,2797): error TS1127: Invalid character.
.next/dev/types/cache-life.d.ts(1,2798): error TS1127: Invalid character.
.next/dev/types/cache-life.d.ts(1,2799): error TS1127: Invalid character.
.next/dev/types/cache-life.d.ts(1,2800): error TS1127: Invalid character.
.next/dev/types/cache-life.d.ts(1,2801): error TS1127: Invalid character.
.next/dev/types/cache-life.d.ts(1,2802): error TS1127: Invalid character.
.next/dev/types/cache-life.d.ts(1,2803): error TS1127: Invalid character.
.next/dev/types/cache-life.d.ts(1,2804): error TS1127: Invalid character.
.next/dev/types/cache-life.d.ts(1,2805): error TS1127: Invalid character.
.next/dev/types/cache-life.d.ts(1,2806): error TS1127: Invalid character.
.next/dev/types/cache-life.d.ts(1,2807): error TS1127: Invalid character.
.next/dev/types/cache-life.d.ts(1,2808): error TS1127: Invalid character.
.next/dev/types/cache-life.d.ts(1,2809): error TS1127: Invalid character.
.next/dev/types/cache-life.d.ts(1,2810): error TS1127: Invalid character.
.next/dev/types/cache-life.d.ts(1,2811): error TS1127: Invalid character.
.next/dev/types/cache-life.d.ts(1,2812): error TS1127: Invalid character.
.next/dev/types/cache-life.d.ts(1,2813): error TS1127: Invalid character.
.next/dev/types/cache-life.d.ts(1,2814): error TS1127: Invalid character.
.next/dev/types/cache-life.d.ts(1,2815): error TS1127: Invalid character.
.next/dev/types/cache-life.d.ts(1,2816): error TS1127: Invalid character.
.next/dev/types/cache-life.d.ts(1,2817): error TS1127: Invalid character.
.next/dev/types/cache-life.d.ts(1,2818): error TS1127: Invalid character.
.next/dev/types/cache-life.d.ts(1,2819): error TS1127: Invalid character.
.next/dev/types/cache-life.d.ts(1,2820): error TS1127: Invalid character.
.next/dev/types/cache-life.d.ts(1,2821): error TS1127: Invalid character.
.next/dev/types/cache-life.d.ts(1,2822): error TS1127: Invalid character.
.next/dev/types/cache-life.d.ts(1,2823): error TS1127: Invalid character.
.next/dev/types/cache-life.d.ts(1,2824): error TS1127: Invalid character.
.next/dev/types/cache-life.d.ts(1,2825): error TS1127: Invalid character.
.next/dev/types/cache-life.d.ts(1,2826): error TS1127: Invalid character.
.next/dev/types/cache-life.d.ts(1,2827): error TS1127: Invalid character.
.next/dev/types/cache-life.d.ts(1,2828): error TS1127: Invalid character.
.next/dev/types/cache-life.d.ts(1,2829): error TS1127: Invalid character.
.next/dev/types/cache-life.d.ts(1,2830): error TS1127: Invalid character.
.next/dev/types/cache-life.d.ts(1,2831): error TS1127: Invalid character.
.next/dev/types/cache-life.d.ts(1,2832): error TS1127: Invalid character.
.next/dev/types/cache-life.d.ts(1,2833): error TS1127: Invalid character.
.next/dev/types/cache-life.d.ts(1,2834): error TS1127: Invalid character.
.next/dev/types/cache-life.d.ts(1,2835): error TS1127: Invalid character.
.next/dev/types/cache-life.d.ts(1,2836): error TS1127: Invalid character.
.next/dev/types/cache-life.d.ts(1,2837): error TS1127: Invalid character.
.next/dev/types/cache-life.d.ts(1,2838): error TS1127: Invalid character.
.next/dev/types/cache-life.d.ts(1,2839): error TS1127: Invalid character.
.next/dev/types/cache-life.d.ts(1,2840): error TS1127: Invalid character.
.next/dev/types/cache-life.d.ts(1,2841): error TS1127: Invalid character.
.next/dev/types/cache-life.d.ts(1,2842): error TS1127: Invalid character.
.next/dev/types/cache-life.d.ts(1,2843): error TS1127: Invalid character.
.next/dev/types/cache-life.d.ts(1,2844): error TS1127: Invalid character.
.next/dev/types/cache-life.d.ts(1,2845): error TS1127: Invalid character.
.next/dev/types/cache-life.d.ts(1,2846): error TS1127: Invalid character.
.next/dev/types/cache-life.d.ts(1,2847): error TS1127: Invalid character.
.next/dev/types/cache-life.d.ts(1,2848): error TS1127: Invalid character.
.next/dev/types/cache-life.d.ts(1,2849): error TS1127: Invalid character.
.next/dev/types/cache-life.d.ts(1,2850): error TS1127: Invalid character.
.next/dev/types/cache-life.d.ts(1,2851): error TS1127: Invalid character.
.next/dev/types/cache-life.d.ts(1,2852): error TS1127: Invalid character.
.next/dev/types/cache-life.d.ts(1,2853): error TS1127: Invalid character.
.next/dev/types/cache-life.d.ts(1,2854): error TS1127: Invalid character.
.next/dev/types/cache-life.d.ts(1,2855): error TS1127: Invalid character.
.next/dev/types/cache-life.d.ts(1,2856): error TS1127: Invalid character.
.next/dev/types/cache-life.d.ts(1,2857): error TS1127: Invalid character.
.next/dev/types/cache-life.d.ts(1,2858): error TS1127: Invalid character.
.next/dev/types/cache-life.d.ts(1,2859): error TS1127: Invalid character.
.next/dev/types/cache-life.d.ts(1,2860): error TS1127: Invalid character.
.next/dev/types/cache-life.d.ts(1,2861): error TS1127: Invalid character.
.next/dev/types/cache-life.d.ts(1,2862): error TS1127: Invalid character.
.next/dev/types/cache-life.d.ts(1,2863): error TS1127: Invalid character.
.next/dev/types/cache-life.d.ts(1,2864): error TS1127: Invalid character.
.next/dev/types/cache-life.d.ts(1,2865): error TS1127: Invalid character.
.next/dev/types/cache-life.d.ts(1,2866): error TS1127: Invalid character.
.next/dev/types/cache-life.d.ts(1,2867): error TS1127: Invalid character.
.next/dev/types/cache-life.d.ts(1,2868): error TS1127: Invalid character.
.next/dev/types/cache-life.d.ts(1,2869): error TS1127: Invalid character.
.next/dev/types/cache-life.d.ts(1,2870): error TS1127: Invalid character.
.next/dev/types/cache-life.d.ts(1,2871): error TS1127: Invalid character.
.next/dev/types/cache-life.d.ts(1,2872): error TS1127: Invalid character.
.next/dev/types/cache-life.d.ts(1,2873): error TS1127: Invalid character.
.next/dev/types/cache-life.d.ts(1,2874): error TS1127: Invalid character.
.next/dev/types/cache-life.d.ts(1,2875): error TS1127: Invalid character.
.next/dev/types/cache-life.d.ts(1,2876): error TS1127: Invalid character.
.next/dev/types/cache-life.d.ts(1,2877): error TS1127: Invalid character.
.next/dev/types/cache-life.d.ts(1,2878): error TS1127: Invalid character.
.next/dev/types/cache-life.d.ts(1,2879): error TS1127: Invalid character.
.next/dev/types/cache-life.d.ts(1,2880): error TS1127: Invalid character.
.next/dev/types/cache-life.d.ts(1,2881): error TS1127: Invalid character.
.next/dev/types/cache-life.d.ts(1,2882): error TS1127: Invalid character.
.next/dev/types/cache-life.d.ts(1,2883): error TS1127: Invalid character.
.next/dev/types/cache-life.d.ts(1,2884): error TS1127: Invalid character.
.next/dev/types/cache-life.d.ts(1,2885): error TS1127: Invalid character.
.next/dev/types/cache-life.d.ts(1,2886): error TS1127: Invalid character.
.next/dev/types/cache-life.d.ts(1,2887): error TS1127: Invalid character.
.next/dev/types/cache-life.d.ts(1,2888): error TS1127: Invalid character.
.next/dev/types/cache-life.d.ts(1,2889): error TS1127: Invalid character.
.next/dev/types/cache-life.d.ts(1,2890): error TS1127: Invalid character.
.next/dev/types/cache-life.d.ts(1,2891): error TS1127: Invalid character.
.next/dev/types/cache-life.d.ts(1,2892): error TS1127: Invalid character.
.next/dev/types/cache-life.d.ts(1,2893): error TS1127: Invalid character.
.next/dev/types/cache-life.d.ts(1,2894): error TS1127: Invalid character.
.next/dev/types/cache-life.d.ts(1,2895): error TS1127: Invalid character.
.next/dev/types/cache-life.d.ts(1,2896): error TS1127: Invalid character.
.next/dev/types/cache-life.d.ts(1,2897): error TS1127: Invalid character.
.next/dev/types/cache-life.d.ts(1,2898): error TS1127: Invalid character.
.next/dev/types/cache-life.d.ts(1,2899): error TS1127: Invalid character.
.next/dev/types/cache-life.d.ts(1,2900): error TS1127: Invalid character.
.next/dev/types/cache-life.d.ts(1,2901): error TS1127: Invalid character.
.next/dev/types/cache-life.d.ts(1,2902): error TS1127: Invalid character.
.next/dev/types/cache-life.d.ts(1,2903): error TS1127: Invalid character.
.next/dev/types/cache-life.d.ts(1,2904): error TS1127: Invalid character.
.next/dev/types/cache-life.d.ts(1,2905): error TS1127: Invalid character.
.next/dev/types/cache-life.d.ts(1,2906): error TS1127: Invalid character.
.next/dev/types/cache-life.d.ts(1,2907): error TS1127: Invalid character.
.next/dev/types/cache-life.d.ts(1,2908): error TS1127: Invalid character.
.next/dev/types/cache-life.d.ts(1,2909): error TS1127: Invalid character.
.next/dev/types/cache-life.d.ts(1,2910): error TS1127: Invalid character.
.next/dev/types/cache-life.d.ts(1,2911): error TS1127: Invalid character.
.next/dev/types/cache-life.d.ts(1,2912): error TS1127: Invalid character.
.next/dev/types/cache-life.d.ts(1,2913): error TS1127: Invalid character.
.next/dev/types/cache-life.d.ts(1,2914): error TS1127: Invalid character.
.next/dev/types/cache-life.d.ts(1,2915): error TS1127: Invalid character.
.next/dev/types/cache-life.d.ts(1,2916): error TS1127: Invalid character.
.next/dev/types/cache-life.d.ts(1,2917): error TS1127: Invalid character.
.next/dev/types/cache-life.d.ts(1,2918): error TS1127: Invalid character.
.next/dev/types/cache-life.d.ts(1,2919): error TS1127: Invalid character.
.next/dev/types/cache-life.d.ts(1,2920): error TS1127: Invalid character.
.next/dev/types/cache-life.d.ts(1,2921): error TS1127: Invalid character.
.next/dev/types/cache-life.d.ts(1,2922): error TS1127: Invalid character.
.next/dev/types/cache-life.d.ts(1,2923): error TS1127: Invalid character.
.next/dev/types/cache-life.d.ts(1,2924): error TS1127: Invalid character.
.next/dev/types/cache-life.d.ts(1,2925): error TS1127: Invalid character.
.next/dev/types/cache-life.d.ts(1,2926): error TS1127: Invalid character.
.next/dev/types/cache-life.d.ts(1,2927): error TS1127: Invalid character.
.next/dev/types/cache-life.d.ts(1,2928): error TS1127: Invalid character.
.next/dev/types/cache-life.d.ts(1,2929): error TS1127: Invalid character.
.next/dev/types/cache-life.d.ts(1,2930): error TS1127: Invalid character.
.next/dev/types/cache-life.d.ts(1,2931): error TS1127: Invalid character.
.next/dev/types/cache-life.d.ts(1,2932): error TS1127: Invalid character.
.next/dev/types/cache-life.d.ts(1,2933): error TS1127: Invalid character.
.next/dev/types/cache-life.d.ts(1,2934): error TS1127: Invalid character.
.next/dev/types/cache-life.d.ts(1,2935): error TS1127: Invalid character.
.next/dev/types/cache-life.d.ts(1,2936): error TS1127: Invalid character.
.next/dev/types/cache-life.d.ts(1,2937): error TS1127: Invalid character.
.next/dev/types/cache-life.d.ts(1,2938): error TS1127: Invalid character.
.next/dev/types/cache-life.d.ts(1,2939): error TS1127: Invalid character.
.next/dev/types/cache-life.d.ts(1,2940): error TS1127: Invalid character.
.next/dev/types/cache-life.d.ts(1,2941): error TS1127: Invalid character.
.next/dev/types/cache-life.d.ts(1,2942): error TS1127: Invalid character.
.next/dev/types/cache-life.d.ts(1,2943): error TS1127: Invalid character.
.next/dev/types/cache-life.d.ts(1,2944): error TS1127: Invalid character.
.next/dev/types/cache-life.d.ts(1,2945): error TS1127: Invalid character.
.next/dev/types/cache-life.d.ts(1,2946): error TS1127: Invalid character.
.next/dev/types/cache-life.d.ts(1,2947): error TS1127: Invalid character.
.next/dev/types/cache-life.d.ts(1,2948): error TS1127: Invalid character.
.next/dev/types/cache-life.d.ts(1,2949): error TS1127: Invalid character.
.next/dev/types/cache-life.d.ts(1,2950): error TS1127: Invalid character.
.next/dev/types/cache-life.d.ts(1,2951): error TS1127: Invalid character.
.next/dev/types/cache-life.d.ts(1,2952): error TS1127: Invalid character.
.next/dev/types/cache-life.d.ts(1,2953): error TS1127: Invalid character.
.next/dev/types/cache-life.d.ts(1,2954): error TS1127: Invalid character.
.next/dev/types/cache-life.d.ts(1,2955): error TS1127: Invalid character.
.next/dev/types/cache-life.d.ts(1,2956): error TS1127: Invalid character.
.next/dev/types/cache-life.d.ts(1,2957): error TS1127: Invalid character.
.next/dev/types/cache-life.d.ts(1,2958): error TS1127: Invalid character.
.next/dev/types/cache-life.d.ts(1,2959): error TS1127: Invalid character.
.next/dev/types/cache-life.d.ts(1,2960): error TS1127: Invalid character.
.next/dev/types/cache-life.d.ts(1,2961): error TS1127: Invalid character.
.next/dev/types/cache-life.d.ts(1,2962): error TS1127: Invalid character.
.next/dev/types/cache-life.d.ts(1,2963): error TS1127: Invalid character.
.next/dev/types/cache-life.d.ts(1,2964): error TS1127: Invalid character.
.next/dev/types/cache-life.d.ts(1,2965): error TS1127: Invalid character.
.next/dev/types/cache-life.d.ts(1,2966): error TS1127: Invalid character.
.next/dev/types/cache-life.d.ts(1,2967): error TS1127: Invalid character.
.next/dev/types/cache-life.d.ts(1,2968): error TS1127: Invalid character.
.next/dev/types/cache-life.d.ts(1,2969): error TS1127: Invalid character.
.next/dev/types/cache-life.d.ts(1,2970): error TS1127: Invalid character.
.next/dev/types/cache-life.d.ts(1,2971): error TS1127: Invalid character.
.next/dev/types/cache-life.d.ts(1,2972): error TS1127: Invalid character.
.next/dev/types/cache-life.d.ts(1,2973): error TS1127: Invalid character.
.next/dev/types/cache-life.d.ts(1,2974): error TS1127: Invalid character.
.next/dev/types/cache-life.d.ts(1,2975): error TS1127: Invalid character.
.next/dev/types/cache-life.d.ts(1,2976): error TS1127: Invalid character.
.next/dev/types/cache-life.d.ts(1,2977): error TS1127: Invalid character.
.next/dev/types/cache-life.d.ts(1,2978): error TS1127: Invalid character.
.next/dev/types/cache-life.d.ts(1,2979): error TS1127: Invalid character.
.next/dev/types/cache-life.d.ts(1,2980): error TS1127: Invalid character.
.next/dev/types/cache-life.d.ts(1,2981): error TS1127: Invalid character.
.next/dev/types/cache-life.d.ts(1,2982): error TS1127: Invalid character.
.next/dev/types/cache-life.d.ts(1,2983): error TS1127: Invalid character.
.next/dev/types/cache-life.d.ts(1,2984): error TS1127: Invalid character.
.next/dev/types/cache-life.d.ts(1,2985): error TS1127: Invalid character.
.next/dev/types/cache-life.d.ts(1,2986): error TS1127: Invalid character.
.next/dev/types/cache-life.d.ts(1,2987): error TS1127: Invalid character.
.next/dev/types/cache-life.d.ts(1,2988): error TS1127: Invalid character.
.next/dev/types/cache-life.d.ts(1,2989): error TS1127: Invalid character.
.next/dev/types/cache-life.d.ts(1,2990): error TS1127: Invalid character.
.next/dev/types/cache-life.d.ts(1,2991): error TS1127: Invalid character.
.next/dev/types/cache-life.d.ts(1,2992): error TS1127: Invalid character.
.next/dev/types/cache-life.d.ts(1,2993): error TS1127: Invalid character.
.next/dev/types/cache-life.d.ts(1,2994): error TS1127: Invalid character.
.next/dev/types/cache-life.d.ts(1,2995): error TS1127: Invalid character.
.next/dev/types/cache-life.d.ts(1,2996): error TS1127: Invalid character.
.next/dev/types/cache-life.d.ts(1,2997): error TS1127: Invalid character.
.next/dev/types/cache-life.d.ts(1,2998): error TS1127: Invalid character.
.next/dev/types/cache-life.d.ts(1,2999): error TS1127: Invalid character.
.next/dev/types/cache-life.d.ts(1,3000): error TS1127: Invalid character.
.next/dev/types/cache-life.d.ts(1,3001): error TS1127: Invalid character.
.next/dev/types/cache-life.d.ts(1,3002): error TS1127: Invalid character.
.next/dev/types/cache-life.d.ts(1,3003): error TS1127: Invalid character.
.next/dev/types/cache-life.d.ts(1,3004): error TS1127: Invalid character.
.next/dev/types/cache-life.d.ts(1,3005): error TS1127: Invalid character.
.next/dev/types/cache-life.d.ts(1,3006): error TS1127: Invalid character.
.next/dev/types/cache-life.d.ts(1,3007): error TS1127: Invalid character.
.next/dev/types/cache-life.d.ts(1,3008): error TS1127: Invalid character.
.next/dev/types/cache-life.d.ts(1,3009): error TS1127: Invalid character.
.next/dev/types/cache-life.d.ts(1,3010): error TS1127: Invalid character.
.next/dev/types/cache-life.d.ts(1,3011): error TS1127: Invalid character.
.next/dev/types/cache-life.d.ts(1,3012): error TS1127: Invalid character.
.next/dev/types/cache-life.d.ts(1,3013): error TS1127: Invalid character.
.next/dev/types/cache-life.d.ts(1,3014): error TS1127: Invalid character.
.next/dev/types/cache-life.d.ts(1,3015): error TS1127: Invalid character.
.next/dev/types/cache-life.d.ts(1,3016): error TS1127: Invalid character.
.next/dev/types/cache-life.d.ts(1,3017): error TS1127: Invalid character.
.next/dev/types/cache-life.d.ts(1,3018): error TS1127: Invalid character.
.next/dev/types/cache-life.d.ts(1,3019): error TS1127: Invalid character.
.next/dev/types/cache-life.d.ts(1,3020): error TS1127: Invalid character.
.next/dev/types/cache-life.d.ts(1,3021): error TS1127: Invalid character.
.next/dev/types/cache-life.d.ts(1,3022): error TS1127: Invalid character.
.next/dev/types/cache-life.d.ts(1,3023): error TS1127: Invalid character.
.next/dev/types/cache-life.d.ts(1,3024): error TS1127: Invalid character.
.next/dev/types/cache-life.d.ts(1,3025): error TS1127: Invalid character.
.next/dev/types/cache-life.d.ts(1,3026): error TS1127: Invalid character.
.next/dev/types/cache-life.d.ts(1,3027): error TS1127: Invalid character.
.next/dev/types/cache-life.d.ts(1,3028): error TS1127: Invalid character.
.next/dev/types/cache-life.d.ts(1,3029): error TS1127: Invalid character.
.next/dev/types/cache-life.d.ts(1,3030): error TS1127: Invalid character.
.next/dev/types/cache-life.d.ts(1,3031): error TS1127: Invalid character.
.next/dev/types/cache-life.d.ts(1,3032): error TS1127: Invalid character.
.next/dev/types/cache-life.d.ts(1,3033): error TS1127: Invalid character.
.next/dev/types/cache-life.d.ts(1,3034): error TS1127: Invalid character.
.next/dev/types/cache-life.d.ts(1,3035): error TS1127: Invalid character.
.next/dev/types/cache-life.d.ts(1,3036): error TS1127: Invalid character.
.next/dev/types/cache-life.d.ts(1,3037): error TS1127: Invalid character.
.next/dev/types/cache-life.d.ts(1,3038): error TS1127: Invalid character.
.next/dev/types/cache-life.d.ts(1,3039): error TS1127: Invalid character.
.next/dev/types/cache-life.d.ts(1,3040): error TS1127: Invalid character.
.next/dev/types/cache-life.d.ts(1,3041): error TS1127: Invalid character.
.next/dev/types/cache-life.d.ts(1,3042): error TS1127: Invalid character.
.next/dev/types/cache-life.d.ts(1,3043): error TS1127: Invalid character.
.next/dev/types/cache-life.d.ts(1,3044): error TS1127: Invalid character.
.next/dev/types/cache-life.d.ts(1,3045): error TS1127: Invalid character.
.next/dev/types/cache-life.d.ts(1,3046): error TS1127: Invalid character.
.next/dev/types/cache-life.d.ts(1,3047): error TS1127: Invalid character.
.next/dev/types/cache-life.d.ts(1,3048): error TS1127: Invalid character.
.next/dev/types/cache-life.d.ts(1,3049): error TS1127: Invalid character.
.next/dev/types/cache-life.d.ts(1,3050): error TS1127: Invalid character.
.next/dev/types/cache-life.d.ts(1,3051): error TS1127: Invalid character.
.next/dev/types/cache-life.d.ts(1,3052): error TS1127: Invalid character.
.next/dev/types/cache-life.d.ts(1,3053): error TS1127: Invalid character.
.next/dev/types/cache-life.d.ts(1,3054): error TS1127: Invalid character.
.next/dev/types/cache-life.d.ts(1,3055): error TS1127: Invalid character.
.next/dev/types/cache-life.d.ts(1,3056): error TS1127: Invalid character.
.next/dev/types/cache-life.d.ts(1,3057): error TS1127: Invalid character.
.next/dev/types/cache-life.d.ts(1,3058): error TS1127: Invalid character.
.next/dev/types/cache-life.d.ts(1,3059): error TS1127: Invalid character.
.next/dev/types/cache-life.d.ts(1,3060): error TS1127: Invalid character.
.next/dev/types/cache-life.d.ts(1,3061): error TS1127: Invalid character.
.next/dev/types/cache-life.d.ts(1,3062): error TS1127: Invalid character.
.next/dev/types/cache-life.d.ts(1,3063): error TS1127: Invalid character.
.next/dev/types/cache-life.d.ts(1,3064): error TS1127: Invalid character.
.next/dev/types/cache-life.d.ts(1,3065): error TS1127: Invalid character.
.next/dev/types/cache-life.d.ts(1,3066): error TS1127: Invalid character.
.next/dev/types/cache-life.d.ts(1,3067): error TS1127: Invalid character.
.next/dev/types/cache-life.d.ts(1,3068): error TS1127: Invalid character.
.next/dev/types/cache-life.d.ts(1,3069): error TS1127: Invalid character.
.next/dev/types/cache-life.d.ts(1,3070): error TS1127: Invalid character.
.next/dev/types/cache-life.d.ts(1,3071): error TS1127: Invalid character.
.next/dev/types/cache-life.d.ts(1,3072): error TS1127: Invalid character.
.next/dev/types/cache-life.d.ts(1,3073): error TS1127: Invalid character.
.next/dev/types/cache-life.d.ts(1,3074): error TS1127: Invalid character.
.next/dev/types/cache-life.d.ts(1,3075): error TS1127: Invalid character.
.next/dev/types/cache-life.d.ts(1,3076): error TS1127: Invalid character.
.next/dev/types/cache-life.d.ts(1,3077): error TS1127: Invalid character.
.next/dev/types/cache-life.d.ts(1,3078): error TS1127: Invalid character.
.next/dev/types/cache-life.d.ts(1,3079): error TS1127: Invalid character.
.next/dev/types/cache-life.d.ts(1,3080): error TS1127: Invalid character.
.next/dev/types/cache-life.d.ts(1,3081): error TS1127: Invalid character.
.next/dev/types/cache-life.d.ts(1,3082): error TS1127: Invalid character.
.next/dev/types/cache-life.d.ts(1,3083): error TS1127: Invalid character.
.next/dev/types/cache-life.d.ts(1,3084): error TS1127: Invalid character.
.next/dev/types/cache-life.d.ts(1,3085): error TS1127: Invalid character.
.next/dev/types/cache-life.d.ts(1,3086): error TS1127: Invalid character.
.next/dev/types/cache-life.d.ts(1,3087): error TS1127: Invalid character.
.next/dev/types/cache-life.d.ts(1,3088): error TS1127: Invalid character.
.next/dev/types/cache-life.d.ts(1,3089): error TS1127: Invalid character.
.next/dev/types/cache-life.d.ts(1,3090): error TS1127: Invalid character.
.next/dev/types/cache-life.d.ts(1,3091): error TS1127: Invalid character.
.next/dev/types/cache-life.d.ts(1,3092): error TS1127: Invalid character.
.next/dev/types/cache-life.d.ts(1,3093): error TS1127: Invalid character.
.next/dev/types/cache-life.d.ts(1,3094): error TS1127: Invalid character.
.next/dev/types/cache-life.d.ts(1,3095): error TS1127: Invalid character.
.next/dev/types/cache-life.d.ts(1,3096): error TS1127: Invalid character.
.next/dev/types/cache-life.d.ts(1,3097): error TS1127: Invalid character.
.next/dev/types/cache-life.d.ts(1,3098): error TS1127: Invalid character.
.next/dev/types/cache-life.d.ts(1,3099): error TS1127: Invalid character.
.next/dev/types/cache-life.d.ts(1,3100): error TS1127: Invalid character.
.next/dev/types/cache-life.d.ts(1,3101): error TS1127: Invalid character.
.next/dev/types/cache-life.d.ts(1,3102): error TS1127: Invalid character.
.next/dev/types/cache-life.d.ts(1,3103): error TS1127: Invalid character.
.next/dev/types/cache-life.d.ts(1,3104): error TS1127: Invalid character.
.next/dev/types/cache-life.d.ts(1,3105): error TS1127: Invalid character.
.next/dev/types/cache-life.d.ts(1,3106): error TS1127: Invalid character.
.next/dev/types/cache-life.d.ts(1,3107): error TS1127: Invalid character.
.next/dev/types/cache-life.d.ts(1,3108): error TS1127: Invalid character.
.next/dev/types/cache-life.d.ts(1,3109): error TS1127: Invalid character.
.next/dev/types/cache-life.d.ts(1,3110): error TS1127: Invalid character.
.next/dev/types/cache-life.d.ts(1,3111): error TS1127: Invalid character.
.next/dev/types/cache-life.d.ts(1,3112): error TS1127: Invalid character.
.next/dev/types/cache-life.d.ts(1,3113): error TS1127: Invalid character.
.next/dev/types/cache-life.d.ts(1,3114): error TS1127: Invalid character.
.next/dev/types/cache-life.d.ts(1,3115): error TS1127: Invalid character.
.next/dev/types/cache-life.d.ts(1,3116): error TS1127: Invalid character.
.next/dev/types/cache-life.d.ts(1,3117): error TS1127: Invalid character.
.next/dev/types/cache-life.d.ts(1,3118): error TS1127: Invalid character.
.next/dev/types/cache-life.d.ts(1,3119): error TS1127: Invalid character.
.next/dev/types/cache-life.d.ts(1,3120): error TS1127: Invalid character.
.next/dev/types/cache-life.d.ts(1,3121): error TS1127: Invalid character.
.next/dev/types/cache-life.d.ts(1,3122): error TS1127: Invalid character.
.next/dev/types/cache-life.d.ts(1,3123): error TS1127: Invalid character.
.next/dev/types/cache-life.d.ts(1,3124): error TS1127: Invalid character.
.next/dev/types/cache-life.d.ts(1,3125): error TS1127: Invalid character.
.next/dev/types/cache-life.d.ts(1,3126): error TS1127: Invalid character.
.next/dev/types/cache-life.d.ts(1,3127): error TS1127: Invalid character.
.next/dev/types/cache-life.d.ts(1,3128): error TS1127: Invalid character.
.next/dev/types/cache-life.d.ts(1,3129): error TS1127: Invalid character.
.next/dev/types/cache-life.d.ts(1,3130): error TS1127: Invalid character.
.next/dev/types/cache-life.d.ts(1,3131): error TS1127: Invalid character.
.next/dev/types/cache-life.d.ts(1,3132): error TS1127: Invalid character.
.next/dev/types/cache-life.d.ts(1,3133): error TS1127: Invalid character.
.next/dev/types/cache-life.d.ts(1,3134): error TS1127: Invalid character.
.next/dev/types/cache-life.d.ts(1,3135): error TS1127: Invalid character.
.next/dev/types/cache-life.d.ts(1,3136): error TS1127: Invalid character.
.next/dev/types/cache-life.d.ts(1,3137): error TS1127: Invalid character.
.next/dev/types/cache-life.d.ts(1,3138): error TS1127: Invalid character.
.next/dev/types/cache-life.d.ts(1,3139): error TS1127: Invalid character.
.next/dev/types/cache-life.d.ts(1,3140): error TS1127: Invalid character.
.next/dev/types/cache-life.d.ts(1,3141): error TS1127: Invalid character.
.next/dev/types/cache-life.d.ts(1,3142): error TS1127: Invalid character.
.next/dev/types/cache-life.d.ts(1,3143): error TS1127: Invalid character.
.next/dev/types/cache-life.d.ts(1,3144): error TS1127: Invalid character.
.next/dev/types/cache-life.d.ts(1,3145): error TS1127: Invalid character.
.next/dev/types/cache-life.d.ts(1,3146): error TS1127: Invalid character.
.next/dev/types/cache-life.d.ts(1,3147): error TS1127: Invalid character.
.next/dev/types/cache-life.d.ts(1,3148): error TS1127: Invalid character.
.next/dev/types/cache-life.d.ts(1,3149): error TS1127: Invalid character.
.next/dev/types/cache-life.d.ts(1,3150): error TS1127: Invalid character.
.next/dev/types/cache-life.d.ts(1,3151): error TS1127: Invalid character.
.next/dev/types/cache-life.d.ts(1,3152): error TS1127: Invalid character.
.next/dev/types/cache-life.d.ts(1,3153): error TS1127: Invalid character.
.next/dev/types/cache-life.d.ts(1,3154): error TS1127: Invalid character.
.next/dev/types/cache-life.d.ts(1,3155): error TS1127: Invalid character.
.next/dev/types/cache-life.d.ts(1,3156): error TS1127: Invalid character.
.next/dev/types/cache-life.d.ts(1,3157): error TS1127: Invalid character.
.next/dev/types/cache-life.d.ts(1,3158): error TS1127: Invalid character.
.next/dev/types/cache-life.d.ts(1,3159): error TS1127: Invalid character.
.next/dev/types/cache-life.d.ts(1,3160): error TS1127: Invalid character.
.next/dev/types/cache-life.d.ts(1,3161): error TS1127: Invalid character.
.next/dev/types/cache-life.d.ts(1,3162): error TS1127: Invalid character.
.next/dev/types/cache-life.d.ts(1,3163): error TS1127: Invalid character.
.next/dev/types/cache-life.d.ts(1,3164): error TS1127: Invalid character.
.next/dev/types/cache-life.d.ts(1,3165): error TS1127: Invalid character.
.next/dev/types/cache-life.d.ts(1,3166): error TS1127: Invalid character.
.next/dev/types/cache-life.d.ts(1,3167): error TS1127: Invalid character.
.next/dev/types/cache-life.d.ts(1,3168): error TS1127: Invalid character.
.next/dev/types/cache-life.d.ts(1,3169): error TS1127: Invalid character.
.next/dev/types/cache-life.d.ts(1,3170): error TS1127: Invalid character.
.next/dev/types/cache-life.d.ts(1,3171): error TS1127: Invalid character.
.next/dev/types/cache-life.d.ts(1,3172): error TS1127: Invalid character.
.next/dev/types/cache-life.d.ts(1,3173): error TS1127: Invalid character.
.next/dev/types/cache-life.d.ts(1,3174): error TS1127: Invalid character.
.next/dev/types/cache-life.d.ts(1,3175): error TS1127: Invalid character.
.next/dev/types/cache-life.d.ts(1,3176): error TS1127: Invalid character.
.next/dev/types/cache-life.d.ts(1,3177): error TS1127: Invalid character.
.next/dev/types/cache-life.d.ts(1,3178): error TS1127: Invalid character.
.next/dev/types/cache-life.d.ts(1,3179): error TS1127: Invalid character.
.next/dev/types/cache-life.d.ts(1,3180): error TS1127: Invalid character.
.next/dev/types/cache-life.d.ts(1,3181): error TS1127: Invalid character.
.next/dev/types/cache-life.d.ts(1,3182): error TS1127: Invalid character.
.next/dev/types/cache-life.d.ts(1,3183): error TS1127: Invalid character.
.next/dev/types/cache-life.d.ts(1,3184): error TS1127: Invalid character.
.next/dev/types/cache-life.d.ts(1,3185): error TS1127: Invalid character.
.next/dev/types/cache-life.d.ts(1,3186): error TS1127: Invalid character.
.next/dev/types/cache-life.d.ts(1,3187): error TS1127: Invalid character.
.next/dev/types/cache-life.d.ts(1,3188): error TS1127: Invalid character.
.next/dev/types/cache-life.d.ts(1,3189): error TS1127: Invalid character.
.next/dev/types/cache-life.d.ts(1,3190): error TS1127: Invalid character.
.next/dev/types/cache-life.d.ts(1,3191): error TS1127: Invalid character.
.next/dev/types/cache-life.d.ts(1,3192): error TS1127: Invalid character.
.next/dev/types/cache-life.d.ts(1,3193): error TS1127: Invalid character.
.next/dev/types/cache-life.d.ts(1,3194): error TS1127: Invalid character.
.next/dev/types/cache-life.d.ts(1,3195): error TS1127: Invalid character.
.next/dev/types/cache-life.d.ts(1,3196): error TS1127: Invalid character.
.next/dev/types/cache-life.d.ts(1,3197): error TS1127: Invalid character.
.next/dev/types/cache-life.d.ts(1,3198): error TS1127: Invalid character.
.next/dev/types/cache-life.d.ts(1,3199): error TS1127: Invalid character.
.next/dev/types/cache-life.d.ts(1,3200): error TS1127: Invalid character.
.next/dev/types/cache-life.d.ts(1,3201): error TS1127: Invalid character.
.next/dev/types/cache-life.d.ts(1,3202): error TS1127: Invalid character.
.next/dev/types/cache-life.d.ts(1,3203): error TS1127: Invalid character.
.next/dev/types/cache-life.d.ts(1,3204): error TS1127: Invalid character.
.next/dev/types/cache-life.d.ts(1,3205): error TS1127: Invalid character.
.next/dev/types/cache-life.d.ts(1,3206): error TS1127: Invalid character.
.next/dev/types/cache-life.d.ts(1,3207): error TS1127: Invalid character.
.next/dev/types/cache-life.d.ts(1,3208): error TS1127: Invalid character.
.next/dev/types/cache-life.d.ts(1,3209): error TS1127: Invalid character.
.next/dev/types/cache-life.d.ts(1,3210): error TS1127: Invalid character.
.next/dev/types/cache-life.d.ts(1,3211): error TS1127: Invalid character.
.next/dev/types/cache-life.d.ts(1,3212): error TS1127: Invalid character.
.next/dev/types/cache-life.d.ts(1,3213): error TS1127: Invalid character.
.next/dev/types/cache-life.d.ts(1,3214): error TS1127: Invalid character.
.next/dev/types/cache-life.d.ts(1,3215): error TS1127: Invalid character.
.next/dev/types/cache-life.d.ts(1,3216): error TS1127: Invalid character.
.next/dev/types/cache-life.d.ts(1,3217): error TS1127: Invalid character.
.next/dev/types/cache-life.d.ts(1,3218): error TS1127: Invalid character.
.next/dev/types/cache-life.d.ts(1,3219): error TS1127: Invalid character.
.next/dev/types/cache-life.d.ts(1,3220): error TS1127: Invalid character.
.next/dev/types/cache-life.d.ts(1,3221): error TS1127: Invalid character.
.next/dev/types/cache-life.d.ts(1,3222): error TS1127: Invalid character.
.next/dev/types/cache-life.d.ts(1,3223): error TS1127: Invalid character.
.next/dev/types/cache-life.d.ts(1,3224): error TS1127: Invalid character.
.next/dev/types/cache-life.d.ts(1,3225): error TS1127: Invalid character.
.next/dev/types/cache-life.d.ts(1,3226): error TS1127: Invalid character.
.next/dev/types/cache-life.d.ts(1,3227): error TS1127: Invalid character.
.next/dev/types/cache-life.d.ts(1,3228): error TS1127: Invalid character.
.next/dev/types/cache-life.d.ts(1,3229): error TS1127: Invalid character.
.next/dev/types/cache-life.d.ts(1,3230): error TS1127: Invalid character.
.next/dev/types/cache-life.d.ts(1,3231): error TS1127: Invalid character.
.next/dev/types/cache-life.d.ts(1,3232): error TS1127: Invalid character.
.next/dev/types/cache-life.d.ts(1,3233): error TS1127: Invalid character.
.next/dev/types/cache-life.d.ts(1,3234): error TS1127: Invalid character.
.next/dev/types/cache-life.d.ts(1,3235): error TS1127: Invalid character.
.next/dev/types/cache-life.d.ts(1,3236): error TS1127: Invalid character.
.next/dev/types/cache-life.d.ts(1,3237): error TS1127: Invalid character.
.next/dev/types/cache-life.d.ts(1,3238): error TS1127: Invalid character.
.next/dev/types/cache-life.d.ts(1,3239): error TS1127: Invalid character.
.next/dev/types/cache-life.d.ts(1,3240): error TS1127: Invalid character.
.next/dev/types/cache-life.d.ts(1,3241): error TS1127: Invalid character.
.next/dev/types/cache-life.d.ts(1,3242): error TS1127: Invalid character.
.next/dev/types/cache-life.d.ts(1,3243): error TS1127: Invalid character.
.next/dev/types/cache-life.d.ts(1,3244): error TS1127: Invalid character.
.next/dev/types/cache-life.d.ts(1,3245): error TS1127: Invalid character.
.next/dev/types/cache-life.d.ts(1,3246): error TS1127: Invalid character.
.next/dev/types/cache-life.d.ts(1,3247): error TS1127: Invalid character.
.next/dev/types/cache-life.d.ts(1,3248): error TS1127: Invalid character.
.next/dev/types/cache-life.d.ts(1,3249): error TS1127: Invalid character.
.next/dev/types/cache-life.d.ts(1,3250): error TS1127: Invalid character.
.next/dev/types/cache-life.d.ts(1,3251): error TS1127: Invalid character.
.next/dev/types/cache-life.d.ts(1,3252): error TS1127: Invalid character.
.next/dev/types/cache-life.d.ts(1,3253): error TS1127: Invalid character.
.next/dev/types/cache-life.d.ts(1,3254): error TS1127: Invalid character.
.next/dev/types/cache-life.d.ts(1,3255): error TS1127: Invalid character.
.next/dev/types/cache-life.d.ts(1,3256): error TS1127: Invalid character.
.next/dev/types/cache-life.d.ts(1,3257): error TS1127: Invalid character.
.next/dev/types/cache-life.d.ts(1,3258): error TS1127: Invalid character.
.next/dev/types/cache-life.d.ts(1,3259): error TS1127: Invalid character.
.next/dev/types/cache-life.d.ts(1,3260): error TS1127: Invalid character.
.next/dev/types/cache-life.d.ts(1,3261): error TS1127: Invalid character.
.next/dev/types/cache-life.d.ts(1,3262): error TS1127: Invalid character.
.next/dev/types/cache-life.d.ts(1,3263): error TS1127: Invalid character.
.next/dev/types/cache-life.d.ts(1,3264): error TS1127: Invalid character.
.next/dev/types/cache-life.d.ts(1,3265): error TS1127: Invalid character.
.next/dev/types/cache-life.d.ts(1,3266): error TS1127: Invalid character.
.next/dev/types/cache-life.d.ts(1,3267): error TS1127: Invalid character.
.next/dev/types/cache-life.d.ts(1,3268): error TS1127: Invalid character.
.next/dev/types/cache-life.d.ts(1,3269): error TS1127: Invalid character.
.next/dev/types/cache-life.d.ts(1,3270): error TS1127: Invalid character.
.next/dev/types/cache-life.d.ts(1,3271): error TS1127: Invalid character.
.next/dev/types/cache-life.d.ts(1,3272): error TS1127: Invalid character.
.next/dev/types/cache-life.d.ts(1,3273): error TS1127: Invalid character.
.next/dev/types/cache-life.d.ts(1,3274): error TS1127: Invalid character.
.next/dev/types/cache-life.d.ts(1,3275): error TS1127: Invalid character.
.next/dev/types/cache-life.d.ts(1,3276): error TS1127: Invalid character.
.next/dev/types/cache-life.d.ts(1,3277): error TS1127: Invalid character.
.next/dev/types/cache-life.d.ts(1,3278): error TS1127: Invalid character.
.next/dev/types/cache-life.d.ts(1,3279): error TS1127: Invalid character.
.next/dev/types/cache-life.d.ts(1,3280): error TS1127: Invalid character.
.next/dev/types/cache-life.d.ts(1,3281): error TS1127: Invalid character.
.next/dev/types/cache-life.d.ts(1,3282): error TS1127: Invalid character.
.next/dev/types/cache-life.d.ts(1,3283): error TS1127: Invalid character.
.next/dev/types/cache-life.d.ts(1,3284): error TS1127: Invalid character.
.next/dev/types/cache-life.d.ts(1,3285): error TS1127: Invalid character.
.next/dev/types/cache-life.d.ts(1,3286): error TS1127: Invalid character.
.next/dev/types/cache-life.d.ts(1,3287): error TS1127: Invalid character.
.next/dev/types/cache-life.d.ts(1,3288): error TS1127: Invalid character.
.next/dev/types/cache-life.d.ts(1,3289): error TS1127: Invalid character.
.next/dev/types/cache-life.d.ts(1,3290): error TS1127: Invalid character.
.next/dev/types/cache-life.d.ts(1,3291): error TS1127: Invalid character.
.next/dev/types/cache-life.d.ts(1,3292): error TS1127: Invalid character.
.next/dev/types/cache-life.d.ts(1,3293): error TS1127: Invalid character.
.next/dev/types/cache-life.d.ts(1,3294): error TS1127: Invalid character.
.next/dev/types/cache-life.d.ts(1,3295): error TS1127: Invalid character.
.next/dev/types/cache-life.d.ts(1,3296): error TS1127: Invalid character.
.next/dev/types/cache-life.d.ts(1,3297): error TS1127: Invalid character.
.next/dev/types/cache-life.d.ts(1,3298): error TS1127: Invalid character.
.next/dev/types/cache-life.d.ts(1,3299): error TS1127: Invalid character.
.next/dev/types/cache-life.d.ts(1,3300): error TS1127: Invalid character.
.next/dev/types/cache-life.d.ts(1,3301): error TS1127: Invalid character.
.next/dev/types/cache-life.d.ts(1,3302): error TS1127: Invalid character.
.next/dev/types/cache-life.d.ts(1,3303): error TS1127: Invalid character.
.next/dev/types/cache-life.d.ts(1,3304): error TS1127: Invalid character.
.next/dev/types/cache-life.d.ts(1,3305): error TS1127: Invalid character.
.next/dev/types/cache-life.d.ts(1,3306): error TS1127: Invalid character.
.next/dev/types/cache-life.d.ts(1,3307): error TS1127: Invalid character.
.next/dev/types/cache-life.d.ts(1,3308): error TS1127: Invalid character.
.next/dev/types/cache-life.d.ts(1,3309): error TS1127: Invalid character.
.next/dev/types/cache-life.d.ts(1,3310): error TS1127: Invalid character.
.next/dev/types/cache-life.d.ts(1,3311): error TS1127: Invalid character.
.next/dev/types/cache-life.d.ts(1,3312): error TS1127: Invalid character.
.next/dev/types/cache-life.d.ts(1,3313): error TS1127: Invalid character.
.next/dev/types/cache-life.d.ts(1,3314): error TS1127: Invalid character.
.next/dev/types/cache-life.d.ts(1,3315): error TS1127: Invalid character.
.next/dev/types/cache-life.d.ts(1,3316): error TS1127: Invalid character.
.next/dev/types/cache-life.d.ts(1,3317): error TS1127: Invalid character.
.next/dev/types/cache-life.d.ts(1,3318): error TS1127: Invalid character.
.next/dev/types/cache-life.d.ts(1,3319): error TS1127: Invalid character.
.next/dev/types/cache-life.d.ts(1,3320): error TS1127: Invalid character.
.next/dev/types/cache-life.d.ts(1,3321): error TS1127: Invalid character.
.next/dev/types/cache-life.d.ts(1,3322): error TS1127: Invalid character.
.next/dev/types/cache-life.d.ts(1,3323): error TS1127: Invalid character.
.next/dev/types/cache-life.d.ts(1,3324): error TS1127: Invalid character.
.next/dev/types/cache-life.d.ts(1,3325): error TS1127: Invalid character.
.next/dev/types/cache-life.d.ts(1,3326): error TS1127: Invalid character.
.next/dev/types/cache-life.d.ts(1,3327): error TS1127: Invalid character.
.next/dev/types/cache-life.d.ts(1,3328): error TS1127: Invalid character.
.next/dev/types/cache-life.d.ts(1,3329): error TS1127: Invalid character.
.next/dev/types/cache-life.d.ts(1,3330): error TS1127: Invalid character.
.next/dev/types/cache-life.d.ts(1,3331): error TS1127: Invalid character.
.next/dev/types/cache-life.d.ts(1,3332): error TS1127: Invalid character.
.next/dev/types/cache-life.d.ts(1,3333): error TS1127: Invalid character.
.next/dev/types/cache-life.d.ts(1,3334): error TS1127: Invalid character.
.next/dev/types/cache-life.d.ts(1,3335): error TS1127: Invalid character.
.next/dev/types/cache-life.d.ts(1,3336): error TS1127: Invalid character.
.next/dev/types/cache-life.d.ts(1,3337): error TS1127: Invalid character.
.next/dev/types/cache-life.d.ts(1,3338): error TS1127: Invalid character.
.next/dev/types/cache-life.d.ts(1,3339): error TS1127: Invalid character.
.next/dev/types/cache-life.d.ts(1,3340): error TS1127: Invalid character.
.next/dev/types/cache-life.d.ts(1,3341): error TS1127: Invalid character.
.next/dev/types/cache-life.d.ts(1,3342): error TS1127: Invalid character.
.next/dev/types/cache-life.d.ts(1,3343): error TS1127: Invalid character.
.next/dev/types/cache-life.d.ts(1,3344): error TS1127: Invalid character.
.next/dev/types/cache-life.d.ts(1,3345): error TS1127: Invalid character.
.next/dev/types/cache-life.d.ts(1,3346): error TS1127: Invalid character.
.next/dev/types/cache-life.d.ts(1,3347): error TS1127: Invalid character.
.next/dev/types/cache-life.d.ts(1,3348): error TS1127: Invalid character.
.next/dev/types/cache-life.d.ts(1,3349): error TS1127: Invalid character.
.next/dev/types/cache-life.d.ts(1,3350): error TS1127: Invalid character.
.next/dev/types/cache-life.d.ts(1,3351): error TS1127: Invalid character.
.next/dev/types/cache-life.d.ts(1,3352): error TS1127: Invalid character.
.next/dev/types/cache-life.d.ts(1,3353): error TS1127: Invalid character.
.next/dev/types/cache-life.d.ts(1,3354): error TS1127: Invalid character.
.next/dev/types/cache-life.d.ts(1,3355): error TS1127: Invalid character.
.next/dev/types/cache-life.d.ts(1,3356): error TS1127: Invalid character.
.next/dev/types/cache-life.d.ts(1,3357): error TS1127: Invalid character.
.next/dev/types/cache-life.d.ts(1,3358): error TS1127: Invalid character.
.next/dev/types/cache-life.d.ts(1,3359): error TS1127: Invalid character.
.next/dev/types/cache-life.d.ts(1,3360): error TS1127: Invalid character.
.next/dev/types/cache-life.d.ts(1,3361): error TS1127: Invalid character.
.next/dev/types/cache-life.d.ts(1,3362): error TS1127: Invalid character.
.next/dev/types/cache-life.d.ts(1,3363): error TS1127: Invalid character.
.next/dev/types/cache-life.d.ts(1,3364): error TS1127: Invalid character.
.next/dev/types/cache-life.d.ts(1,3365): error TS1127: Invalid character.
.next/dev/types/cache-life.d.ts(1,3366): error TS1127: Invalid character.
.next/dev/types/cache-life.d.ts(1,3367): error TS1127: Invalid character.
.next/dev/types/cache-life.d.ts(1,3368): error TS1127: Invalid character.
.next/dev/types/cache-life.d.ts(1,3369): error TS1127: Invalid character.
.next/dev/types/cache-life.d.ts(1,3370): error TS1127: Invalid character.
.next/dev/types/cache-life.d.ts(1,3371): error TS1127: Invalid character.
.next/dev/types/cache-life.d.ts(1,3372): error TS1127: Invalid character.
.next/dev/types/cache-life.d.ts(1,3373): error TS1127: Invalid character.
.next/dev/types/cache-life.d.ts(1,3374): error TS1127: Invalid character.
.next/dev/types/cache-life.d.ts(1,3375): error TS1127: Invalid character.
.next/dev/types/cache-life.d.ts(1,3376): error TS1127: Invalid character.
.next/dev/types/cache-life.d.ts(1,3377): error TS1127: Invalid character.
.next/dev/types/cache-life.d.ts(1,3378): error TS1127: Invalid character.
.next/dev/types/cache-life.d.ts(1,3379): error TS1127: Invalid character.
.next/dev/types/cache-life.d.ts(1,3380): error TS1127: Invalid character.
.next/dev/types/cache-life.d.ts(1,3381): error TS1127: Invalid character.
.next/dev/types/cache-life.d.ts(1,3382): error TS1127: Invalid character.
.next/dev/types/cache-life.d.ts(1,3383): error TS1127: Invalid character.
.next/dev/types/cache-life.d.ts(1,3384): error TS1127: Invalid character.
.next/dev/types/cache-life.d.ts(1,3385): error TS1127: Invalid character.
.next/dev/types/cache-life.d.ts(1,3386): error TS1127: Invalid character.
.next/dev/types/cache-life.d.ts(1,3387): error TS1127: Invalid character.
.next/dev/types/cache-life.d.ts(1,3388): error TS1127: Invalid character.
.next/dev/types/cache-life.d.ts(1,3389): error TS1127: Invalid character.
.next/dev/types/cache-life.d.ts(1,3390): error TS1127: Invalid character.
.next/dev/types/cache-life.d.ts(1,3391): error TS1127: Invalid character.
.next/dev/types/cache-life.d.ts(1,3392): error TS1127: Invalid character.
.next/dev/types/cache-life.d.ts(1,3393): error TS1127: Invalid character.
.next/dev/types/cache-life.d.ts(1,3394): error TS1127: Invalid character.
.next/dev/types/cache-life.d.ts(1,3395): error TS1127: Invalid character.
.next/dev/types/cache-life.d.ts(1,3396): error TS1127: Invalid character.
.next/dev/types/cache-life.d.ts(1,3397): error TS1127: Invalid character.
.next/dev/types/cache-life.d.ts(1,3398): error TS1127: Invalid character.
.next/dev/types/cache-life.d.ts(1,3399): error TS1127: Invalid character.
.next/dev/types/cache-life.d.ts(1,3400): error TS1127: Invalid character.
.next/dev/types/cache-life.d.ts(1,3401): error TS1127: Invalid character.
.next/dev/types/cache-life.d.ts(1,3402): error TS1127: Invalid character.
.next/dev/types/cache-life.d.ts(1,3403): error TS1127: Invalid character.
.next/dev/types/cache-life.d.ts(1,3404): error TS1127: Invalid character.
.next/dev/types/cache-life.d.ts(1,3405): error TS1127: Invalid character.
.next/dev/types/cache-life.d.ts(1,3406): error TS1127: Invalid character.
.next/dev/types/cache-life.d.ts(1,3407): error TS1127: Invalid character.
.next/dev/types/cache-life.d.ts(1,3408): error TS1127: Invalid character.
.next/dev/types/cache-life.d.ts(1,3409): error TS1127: Invalid character.
.next/dev/types/cache-life.d.ts(1,3410): error TS1127: Invalid character.
.next/dev/types/cache-life.d.ts(1,3411): error TS1127: Invalid character.
.next/dev/types/cache-life.d.ts(1,3412): error TS1127: Invalid character.
.next/dev/types/cache-life.d.ts(1,3413): error TS1127: Invalid character.
.next/dev/types/cache-life.d.ts(1,3414): error TS1127: Invalid character.
.next/dev/types/cache-life.d.ts(1,3415): error TS1127: Invalid character.
.next/dev/types/cache-life.d.ts(1,3416): error TS1127: Invalid character.
.next/dev/types/cache-life.d.ts(1,3417): error TS1127: Invalid character.
.next/dev/types/cache-life.d.ts(1,3418): error TS1127: Invalid character.
.next/dev/types/cache-life.d.ts(1,3419): error TS1127: Invalid character.
.next/dev/types/cache-life.d.ts(1,3420): error TS1127: Invalid character.
.next/dev/types/cache-life.d.ts(1,3421): error TS1127: Invalid character.
.next/dev/types/cache-life.d.ts(1,3422): error TS1127: Invalid character.
.next/dev/types/cache-life.d.ts(1,3423): error TS1127: Invalid character.
.next/dev/types/cache-life.d.ts(1,3424): error TS1127: Invalid character.
.next/dev/types/cache-life.d.ts(1,3425): error TS1127: Invalid character.
.next/dev/types/cache-life.d.ts(1,3426): error TS1127: Invalid character.
.next/dev/types/cache-life.d.ts(1,3427): error TS1127: Invalid character.
.next/dev/types/cache-life.d.ts(1,3428): error TS1127: Invalid character.
.next/dev/types/cache-life.d.ts(1,3429): error TS1127: Invalid character.
.next/dev/types/cache-life.d.ts(1,3430): error TS1127: Invalid character.
.next/dev/types/cache-life.d.ts(1,3431): error TS1127: Invalid character.
.next/dev/types/cache-life.d.ts(1,3432): error TS1127: Invalid character.
.next/dev/types/cache-life.d.ts(1,3433): error TS1127: Invalid character.
.next/dev/types/cache-life.d.ts(1,3434): error TS1127: Invalid character.
.next/dev/types/cache-life.d.ts(1,3435): error TS1127: Invalid character.
.next/dev/types/cache-life.d.ts(1,3436): error TS1127: Invalid character.
.next/dev/types/cache-life.d.ts(1,3437): error TS1127: Invalid character.
.next/dev/types/cache-life.d.ts(1,3438): error TS1127: Invalid character.
.next/dev/types/cache-life.d.ts(1,3439): error TS1127: Invalid character.
.next/dev/types/cache-life.d.ts(1,3440): error TS1127: Invalid character.
.next/dev/types/cache-life.d.ts(1,3441): error TS1127: Invalid character.
.next/dev/types/cache-life.d.ts(1,3442): error TS1127: Invalid character.
.next/dev/types/cache-life.d.ts(1,3443): error TS1127: Invalid character.
.next/dev/types/cache-life.d.ts(1,3444): error TS1127: Invalid character.
.next/dev/types/cache-life.d.ts(1,3445): error TS1127: Invalid character.
.next/dev/types/cache-life.d.ts(1,3446): error TS1127: Invalid character.
.next/dev/types/cache-life.d.ts(1,3447): error TS1127: Invalid character.
.next/dev/types/cache-life.d.ts(1,3448): error TS1127: Invalid character.
.next/dev/types/cache-life.d.ts(1,3449): error TS1127: Invalid character.
.next/dev/types/cache-life.d.ts(1,3450): error TS1127: Invalid character.
.next/dev/types/cache-life.d.ts(1,3451): error TS1127: Invalid character.
.next/dev/types/cache-life.d.ts(1,3452): error TS1127: Invalid character.
.next/dev/types/cache-life.d.ts(1,3453): error TS1127: Invalid character.
.next/dev/types/cache-life.d.ts(1,3454): error TS1127: Invalid character.
.next/dev/types/cache-life.d.ts(1,3455): error TS1127: Invalid character.
.next/dev/types/cache-life.d.ts(1,3456): error TS1127: Invalid character.
.next/dev/types/cache-life.d.ts(1,3457): error TS1127: Invalid character.
.next/dev/types/cache-life.d.ts(1,3458): error TS1127: Invalid character.
.next/dev/types/cache-life.d.ts(1,3459): error TS1127: Invalid character.
.next/dev/types/cache-life.d.ts(1,3460): error TS1127: Invalid character.
.next/dev/types/cache-life.d.ts(1,3461): error TS1127: Invalid character.
.next/dev/types/cache-life.d.ts(1,3462): error TS1127: Invalid character.
.next/dev/types/cache-life.d.ts(1,3463): error TS1127: Invalid character.
.next/dev/types/cache-life.d.ts(1,3464): error TS1127: Invalid character.
.next/dev/types/cache-life.d.ts(1,3465): error TS1127: Invalid character.
.next/dev/types/cache-life.d.ts(1,3466): error TS1127: Invalid character.
.next/dev/types/cache-life.d.ts(1,3467): error TS1127: Invalid character.
.next/dev/types/cache-life.d.ts(1,3468): error TS1127: Invalid character.
.next/dev/types/cache-life.d.ts(1,3469): error TS1127: Invalid character.
.next/dev/types/cache-life.d.ts(1,3470): error TS1127: Invalid character.
.next/dev/types/cache-life.d.ts(1,3471): error TS1127: Invalid character.
.next/dev/types/cache-life.d.ts(1,3472): error TS1127: Invalid character.
.next/dev/types/cache-life.d.ts(1,3473): error TS1127: Invalid character.
.next/dev/types/cache-life.d.ts(1,3474): error TS1127: Invalid character.
.next/dev/types/cache-life.d.ts(1,3475): error TS1127: Invalid character.
.next/dev/types/cache-life.d.ts(1,3476): error TS1127: Invalid character.
.next/dev/types/cache-life.d.ts(1,3477): error TS1127: Invalid character.
.next/dev/types/cache-life.d.ts(1,3478): error TS1127: Invalid character.
.next/dev/types/cache-life.d.ts(1,3479): error TS1127: Invalid character.
.next/dev/types/cache-life.d.ts(1,3480): error TS1127: Invalid character.
.next/dev/types/cache-life.d.ts(1,3481): error TS1127: Invalid character.
.next/dev/types/cache-life.d.ts(1,3482): error TS1127: Invalid character.
.next/dev/types/cache-life.d.ts(1,3483): error TS1127: Invalid character.
.next/dev/types/cache-life.d.ts(1,3484): error TS1127: Invalid character.
.next/dev/types/cache-life.d.ts(1,3485): error TS1127: Invalid character.
.next/dev/types/cache-life.d.ts(1,3486): error TS1127: Invalid character.
.next/dev/types/cache-life.d.ts(1,3487): error TS1127: Invalid character.
.next/dev/types/cache-life.d.ts(1,3488): error TS1127: Invalid character.
.next/dev/types/cache-life.d.ts(1,3489): error TS1127: Invalid character.
.next/dev/types/cache-life.d.ts(1,3490): error TS1127: Invalid character.
.next/dev/types/cache-life.d.ts(1,3491): error TS1127: Invalid character.
.next/dev/types/cache-life.d.ts(1,3492): error TS1127: Invalid character.
.next/dev/types/cache-life.d.ts(1,3493): error TS1127: Invalid character.
.next/dev/types/cache-life.d.ts(1,3494): error TS1127: Invalid character.
.next/dev/types/cache-life.d.ts(1,3495): error TS1127: Invalid character.
.next/dev/types/cache-life.d.ts(1,3496): error TS1127: Invalid character.
.next/dev/types/cache-life.d.ts(1,3497): error TS1127: Invalid character.
.next/dev/types/cache-life.d.ts(1,3498): error TS1127: Invalid character.
.next/dev/types/cache-life.d.ts(1,3499): error TS1127: Invalid character.
.next/dev/types/cache-life.d.ts(1,3500): error TS1127: Invalid character.
.next/dev/types/cache-life.d.ts(1,3501): error TS1127: Invalid character.
.next/dev/types/cache-life.d.ts(1,3502): error TS1127: Invalid character.
.next/dev/types/cache-life.d.ts(1,3503): error TS1127: Invalid character.
.next/dev/types/cache-life.d.ts(1,3504): error TS1127: Invalid character.
.next/dev/types/cache-life.d.ts(1,3505): error TS1127: Invalid character.
.next/dev/types/cache-life.d.ts(1,3506): error TS1127: Invalid character.
.next/dev/types/cache-life.d.ts(1,3507): error TS1127: Invalid character.
.next/dev/types/cache-life.d.ts(1,3508): error TS1127: Invalid character.
.next/dev/types/cache-life.d.ts(1,3509): error TS1127: Invalid character.
.next/dev/types/cache-life.d.ts(1,3510): error TS1127: Invalid character.
.next/dev/types/cache-life.d.ts(1,3511): error TS1127: Invalid character.
.next/dev/types/cache-life.d.ts(1,3512): error TS1127: Invalid character.
.next/dev/types/cache-life.d.ts(1,3513): error TS1127: Invalid character.
.next/dev/types/cache-life.d.ts(1,3514): error TS1127: Invalid character.
.next/dev/types/cache-life.d.ts(1,3515): error TS1127: Invalid character.
.next/dev/types/cache-life.d.ts(1,3516): error TS1127: Invalid character.
.next/dev/types/cache-life.d.ts(1,3517): error TS1127: Invalid character.
.next/dev/types/cache-life.d.ts(1,3518): error TS1127: Invalid character.
.next/dev/types/cache-life.d.ts(1,3519): error TS1127: Invalid character.
.next/dev/types/cache-life.d.ts(1,3520): error TS1127: Invalid character.
.next/dev/types/cache-life.d.ts(1,3521): error TS1127: Invalid character.
.next/dev/types/cache-life.d.ts(1,3522): error TS1127: Invalid character.
.next/dev/types/cache-life.d.ts(1,3523): error TS1127: Invalid character.
.next/dev/types/cache-life.d.ts(1,3524): error TS1127: Invalid character.
.next/dev/types/cache-life.d.ts(1,3525): error TS1127: Invalid character.
.next/dev/types/cache-life.d.ts(1,3526): error TS1127: Invalid character.
.next/dev/types/cache-life.d.ts(1,3527): error TS1127: Invalid character.
.next/dev/types/cache-life.d.ts(1,3528): error TS1127: Invalid character.
.next/dev/types/cache-life.d.ts(1,3529): error TS1127: Invalid character.
.next/dev/types/cache-life.d.ts(1,3530): error TS1127: Invalid character.
.next/dev/types/cache-life.d.ts(1,3531): error TS1127: Invalid character.
.next/dev/types/cache-life.d.ts(1,3532): error TS1127: Invalid character.
.next/dev/types/cache-life.d.ts(1,3533): error TS1127: Invalid character.
.next/dev/types/cache-life.d.ts(1,3534): error TS1127: Invalid character.
.next/dev/types/cache-life.d.ts(1,3535): error TS1127: Invalid character.
.next/dev/types/cache-life.d.ts(1,3536): error TS1127: Invalid character.
.next/dev/types/cache-life.d.ts(1,3537): error TS1127: Invalid character.
.next/dev/types/cache-life.d.ts(1,3538): error TS1127: Invalid character.
.next/dev/types/cache-life.d.ts(1,3539): error TS1127: Invalid character.
.next/dev/types/cache-life.d.ts(1,3540): error TS1127: Invalid character.
.next/dev/types/cache-life.d.ts(1,3541): error TS1127: Invalid character.
.next/dev/types/cache-life.d.ts(1,3542): error TS1127: Invalid character.
.next/dev/types/cache-life.d.ts(1,3543): error TS1127: Invalid character.
.next/dev/types/cache-life.d.ts(1,3544): error TS1127: Invalid character.
.next/dev/types/cache-life.d.ts(1,3545): error TS1127: Invalid character.
.next/dev/types/cache-life.d.ts(1,3546): error TS1127: Invalid character.
.next/dev/types/cache-life.d.ts(1,3547): error TS1127: Invalid character.
.next/dev/types/cache-life.d.ts(1,3548): error TS1127: Invalid character.
.next/dev/types/cache-life.d.ts(1,3549): error TS1127: Invalid character.
.next/dev/types/cache-life.d.ts(1,3550): error TS1127: Invalid character.
.next/dev/types/cache-life.d.ts(1,3551): error TS1127: Invalid character.
.next/dev/types/cache-life.d.ts(1,3552): error TS1127: Invalid character.
.next/dev/types/cache-life.d.ts(1,3553): error TS1127: Invalid character.
.next/dev/types/cache-life.d.ts(1,3554): error TS1127: Invalid character.
.next/dev/types/cache-life.d.ts(1,3555): error TS1127: Invalid character.
.next/dev/types/cache-life.d.ts(1,3556): error TS1127: Invalid character.
.next/dev/types/cache-life.d.ts(1,3557): error TS1127: Invalid character.
.next/dev/types/cache-life.d.ts(1,3558): error TS1127: Invalid character.
.next/dev/types/cache-life.d.ts(1,3559): error TS1127: Invalid character.
.next/dev/types/cache-life.d.ts(1,3560): error TS1127: Invalid character.
.next/dev/types/cache-life.d.ts(1,3561): error TS1127: Invalid character.
.next/dev/types/cache-life.d.ts(1,3562): error TS1127: Invalid character.
.next/dev/types/cache-life.d.ts(1,3563): error TS1127: Invalid character.
.next/dev/types/cache-life.d.ts(1,3564): error TS1127: Invalid character.
.next/dev/types/cache-life.d.ts(1,3565): error TS1127: Invalid character.
.next/dev/types/cache-life.d.ts(1,3566): error TS1127: Invalid character.
.next/dev/types/cache-life.d.ts(1,3567): error TS1127: Invalid character.
.next/dev/types/cache-life.d.ts(1,3568): error TS1127: Invalid character.
.next/dev/types/cache-life.d.ts(1,3569): error TS1127: Invalid character.
.next/dev/types/cache-life.d.ts(1,3570): error TS1127: Invalid character.
.next/dev/types/cache-life.d.ts(1,3571): error TS1127: Invalid character.
.next/dev/types/cache-life.d.ts(1,3572): error TS1127: Invalid character.
.next/dev/types/cache-life.d.ts(1,3573): error TS1127: Invalid character.
.next/dev/types/cache-life.d.ts(1,3574): error TS1127: Invalid character.
.next/dev/types/cache-life.d.ts(1,3575): error TS1127: Invalid character.
.next/dev/types/cache-life.d.ts(1,3576): error TS1127: Invalid character.
.next/dev/types/cache-life.d.ts(1,3577): error TS1127: Invalid character.
.next/dev/types/cache-life.d.ts(1,3578): error TS1127: Invalid character.
.next/dev/types/cache-life.d.ts(1,3579): error TS1127: Invalid character.
.next/dev/types/cache-life.d.ts(1,3580): error TS1127: Invalid character.
.next/dev/types/cache-life.d.ts(1,3581): error TS1127: Invalid character.
.next/dev/types/cache-life.d.ts(1,3582): error TS1127: Invalid character.
.next/dev/types/cache-life.d.ts(1,3583): error TS1127: Invalid character.
.next/dev/types/cache-life.d.ts(1,3584): error TS1127: Invalid character.
.next/dev/types/cache-life.d.ts(1,3585): error TS1127: Invalid character.
.next/dev/types/cache-life.d.ts(1,3586): error TS1127: Invalid character.
.next/dev/types/cache-life.d.ts(1,3587): error TS1127: Invalid character.
.next/dev/types/cache-life.d.ts(1,3588): error TS1127: Invalid character.
.next/dev/types/cache-life.d.ts(1,3589): error TS1127: Invalid character.
.next/dev/types/cache-life.d.ts(1,3590): error TS1127: Invalid character.
.next/dev/types/cache-life.d.ts(1,3591): error TS1127: Invalid character.
.next/dev/types/cache-life.d.ts(1,3592): error TS1127: Invalid character.
.next/dev/types/cache-life.d.ts(1,3593): error TS1127: Invalid character.
.next/dev/types/cache-life.d.ts(1,3594): error TS1127: Invalid character.
.next/dev/types/cache-life.d.ts(1,3595): error TS1127: Invalid character.
.next/dev/types/cache-life.d.ts(1,3596): error TS1127: Invalid character.
.next/dev/types/cache-life.d.ts(1,3597): error TS1127: Invalid character.
.next/dev/types/cache-life.d.ts(1,3598): error TS1127: Invalid character.
.next/dev/types/cache-life.d.ts(1,3599): error TS1127: Invalid character.
.next/dev/types/cache-life.d.ts(1,3600): error TS1127: Invalid character.
.next/dev/types/cache-life.d.ts(1,3601): error TS1127: Invalid character.
.next/dev/types/cache-life.d.ts(1,3602): error TS1127: Invalid character.
.next/dev/types/cache-life.d.ts(1,3603): error TS1127: Invalid character.
.next/dev/types/cache-life.d.ts(1,3604): error TS1127: Invalid character.
.next/dev/types/cache-life.d.ts(1,3605): error TS1127: Invalid character.
.next/dev/types/cache-life.d.ts(1,3606): error TS1127: Invalid character.
.next/dev/types/cache-life.d.ts(1,3607): error TS1127: Invalid character.
.next/dev/types/cache-life.d.ts(1,3608): error TS1127: Invalid character.
.next/dev/types/cache-life.d.ts(1,3609): error TS1127: Invalid character.
.next/dev/types/cache-life.d.ts(1,3610): error TS1127: Invalid character.
.next/dev/types/cache-life.d.ts(1,3611): error TS1127: Invalid character.
.next/dev/types/cache-life.d.ts(1,3612): error TS1127: Invalid character.
.next/dev/types/cache-life.d.ts(1,3613): error TS1127: Invalid character.
.next/dev/types/cache-life.d.ts(1,3614): error TS1127: Invalid character.
.next/dev/types/cache-life.d.ts(1,3615): error TS1127: Invalid character.
.next/dev/types/cache-life.d.ts(1,3616): error TS1127: Invalid character.
.next/dev/types/cache-life.d.ts(1,3617): error TS1127: Invalid character.
.next/dev/types/cache-life.d.ts(1,3618): error TS1127: Invalid character.
.next/dev/types/cache-life.d.ts(1,3619): error TS1127: Invalid character.
.next/dev/types/cache-life.d.ts(1,3620): error TS1127: Invalid character.
.next/dev/types/cache-life.d.ts(1,3621): error TS1127: Invalid character.
.next/dev/types/cache-life.d.ts(1,3622): error TS1127: Invalid character.
.next/dev/types/cache-life.d.ts(1,3623): error TS1127: Invalid character.
.next/dev/types/cache-life.d.ts(1,3624): error TS1127: Invalid character.
.next/dev/types/cache-life.d.ts(1,3625): error TS1127: Invalid character.
.next/dev/types/cache-life.d.ts(1,3626): error TS1127: Invalid character.
.next/dev/types/cache-life.d.ts(1,3627): error TS1127: Invalid character.
.next/dev/types/cache-life.d.ts(1,3628): error TS1127: Invalid character.
.next/dev/types/cache-life.d.ts(1,3629): error TS1127: Invalid character.
.next/dev/types/cache-life.d.ts(1,3630): error TS1127: Invalid character.
.next/dev/types/cache-life.d.ts(1,3631): error TS1127: Invalid character.
.next/dev/types/cache-life.d.ts(1,3632): error TS1127: Invalid character.
.next/dev/types/cache-life.d.ts(1,3633): error TS1127: Invalid character.
.next/dev/types/cache-life.d.ts(1,3634): error TS1127: Invalid character.
.next/dev/types/cache-life.d.ts(1,3635): error TS1127: Invalid character.
.next/dev/types/cache-life.d.ts(1,3636): error TS1127: Invalid character.
.next/dev/types/cache-life.d.ts(1,3637): error TS1127: Invalid character.
.next/dev/types/cache-life.d.ts(1,3638): error TS1127: Invalid character.
.next/dev/types/cache-life.d.ts(1,3639): error TS1127: Invalid character.
.next/dev/types/cache-life.d.ts(1,3640): error TS1127: Invalid character.
.next/dev/types/cache-life.d.ts(1,3641): error TS1127: Invalid character.
.next/dev/types/cache-life.d.ts(1,3642): error TS1127: Invalid character.
.next/dev/types/cache-life.d.ts(1,3643): error TS1127: Invalid character.
.next/dev/types/cache-life.d.ts(1,3644): error TS1127: Invalid character.
.next/dev/types/cache-life.d.ts(1,3645): error TS1127: Invalid character.
.next/dev/types/cache-life.d.ts(1,3646): error TS1127: Invalid character.
.next/dev/types/cache-life.d.ts(1,3647): error TS1127: Invalid character.
.next/dev/types/cache-life.d.ts(1,3648): error TS1127: Invalid character.
.next/dev/types/cache-life.d.ts(1,3649): error TS1127: Invalid character.
.next/dev/types/cache-life.d.ts(1,3650): error TS1127: Invalid character.
.next/dev/types/cache-life.d.ts(1,3651): error TS1127: Invalid character.
.next/dev/types/cache-life.d.ts(1,3652): error TS1127: Invalid character.
.next/dev/types/cache-life.d.ts(1,3653): error TS1127: Invalid character.
.next/dev/types/cache-life.d.ts(1,3654): error TS1127: Invalid character.
.next/dev/types/cache-life.d.ts(1,3655): error TS1127: Invalid character.
.next/dev/types/cache-life.d.ts(1,3656): error TS1127: Invalid character.
.next/dev/types/cache-life.d.ts(1,3657): error TS1127: Invalid character.
.next/dev/types/cache-life.d.ts(1,3658): error TS1127: Invalid character.
.next/dev/types/cache-life.d.ts(1,3659): error TS1127: Invalid character.
.next/dev/types/cache-life.d.ts(1,3660): error TS1127: Invalid character.
.next/dev/types/cache-life.d.ts(1,3661): error TS1127: Invalid character.
.next/dev/types/cache-life.d.ts(1,3662): error TS1127: Invalid character.
.next/dev/types/cache-life.d.ts(1,3663): error TS1127: Invalid character.
.next/dev/types/cache-life.d.ts(1,3664): error TS1127: Invalid character.
.next/dev/types/cache-life.d.ts(1,3665): error TS1127: Invalid character.
.next/dev/types/cache-life.d.ts(1,3666): error TS1127: Invalid character.
.next/dev/types/cache-life.d.ts(1,3667): error TS1127: Invalid character.
.next/dev/types/cache-life.d.ts(1,3668): error TS1127: Invalid character.
.next/dev/types/cache-life.d.ts(1,3669): error TS1127: Invalid character.
.next/dev/types/cache-life.d.ts(1,3670): error TS1127: Invalid character.
.next/dev/types/cache-life.d.ts(1,3671): error TS1127: Invalid character.
.next/dev/types/cache-life.d.ts(1,3672): error TS1127: Invalid character.
.next/dev/types/cache-life.d.ts(1,3673): error TS1127: Invalid character.
.next/dev/types/cache-life.d.ts(1,3674): error TS1127: Invalid character.
.next/dev/types/cache-life.d.ts(1,3675): error TS1127: Invalid character.
.next/dev/types/cache-life.d.ts(1,3676): error TS1127: Invalid character.
.next/dev/types/cache-life.d.ts(1,3677): error TS1127: Invalid character.
.next/dev/types/cache-life.d.ts(1,3678): error TS1127: Invalid character.
.next/dev/types/cache-life.d.ts(1,3679): error TS1127: Invalid character.
.next/dev/types/cache-life.d.ts(1,3680): error TS1127: Invalid character.
.next/dev/types/cache-life.d.ts(1,3681): error TS1127: Invalid character.
.next/dev/types/cache-life.d.ts(1,3682): error TS1127: Invalid character.
.next/dev/types/cache-life.d.ts(1,3683): error TS1127: Invalid character.
.next/dev/types/cache-life.d.ts(1,3684): error TS1127: Invalid character.
.next/dev/types/cache-life.d.ts(1,3685): error TS1127: Invalid character.
.next/dev/types/cache-life.d.ts(1,3686): error TS1127: Invalid character.
.next/dev/types/cache-life.d.ts(1,3687): error TS1127: Invalid character.
.next/dev/types/cache-life.d.ts(1,3688): error TS1127: Invalid character.
.next/dev/types/cache-life.d.ts(1,3689): error TS1127: Invalid character.
.next/dev/types/cache-life.d.ts(1,3690): error TS1127: Invalid character.
.next/dev/types/cache-life.d.ts(1,3691): error TS1127: Invalid character.
.next/dev/types/cache-life.d.ts(1,3692): error TS1127: Invalid character.
.next/dev/types/cache-life.d.ts(1,3693): error TS1127: Invalid character.
.next/dev/types/cache-life.d.ts(1,3694): error TS1127: Invalid character.
.next/dev/types/cache-life.d.ts(1,3695): error TS1127: Invalid character.
.next/dev/types/cache-life.d.ts(1,3696): error TS1127: Invalid character.
.next/dev/types/cache-life.d.ts(1,3697): error TS1127: Invalid character.
.next/dev/types/cache-life.d.ts(1,3698): error TS1127: Invalid character.
.next/dev/types/cache-life.d.ts(1,3699): error TS1127: Invalid character.
.next/dev/types/cache-life.d.ts(1,3700): error TS1127: Invalid character.
.next/dev/types/cache-life.d.ts(1,3701): error TS1127: Invalid character.
.next/dev/types/cache-life.d.ts(1,3702): error TS1127: Invalid character.
.next/dev/types/cache-life.d.ts(1,3703): error TS1127: Invalid character.
.next/dev/types/cache-life.d.ts(1,3704): error TS1127: Invalid character.
.next/dev/types/cache-life.d.ts(1,3705): error TS1127: Invalid character.
.next/dev/types/cache-life.d.ts(1,3706): error TS1127: Invalid character.
.next/dev/types/cache-life.d.ts(1,3707): error TS1127: Invalid character.
.next/dev/types/cache-life.d.ts(1,3708): error TS1127: Invalid character.
.next/dev/types/cache-life.d.ts(1,3709): error TS1127: Invalid character.
.next/dev/types/cache-life.d.ts(1,3710): error TS1127: Invalid character.
.next/dev/types/cache-life.d.ts(1,3711): error TS1127: Invalid character.
.next/dev/types/cache-life.d.ts(1,3712): error TS1127: Invalid character.
.next/dev/types/cache-life.d.ts(1,3713): error TS1127: Invalid character.
.next/dev/types/cache-life.d.ts(1,3714): error TS1127: Invalid character.
.next/dev/types/cache-life.d.ts(1,3715): error TS1127: Invalid character.
.next/dev/types/cache-life.d.ts(1,3716): error TS1127: Invalid character.
.next/dev/types/cache-life.d.ts(1,3717): error TS1127: Invalid character.
.next/dev/types/cache-life.d.ts(1,3718): error TS1127: Invalid character.
.next/dev/types/cache-life.d.ts(1,3719): error TS1127: Invalid character.
.next/dev/types/cache-life.d.ts(1,3720): error TS1127: Invalid character.
.next/dev/types/cache-life.d.ts(1,3721): error TS1127: Invalid character.
.next/dev/types/cache-life.d.ts(1,3722): error TS1127: Invalid character.
.next/dev/types/cache-life.d.ts(1,3723): error TS1127: Invalid character.
.next/dev/types/cache-life.d.ts(1,3724): error TS1127: Invalid character.
.next/dev/types/cache-life.d.ts(1,3725): error TS1127: Invalid character.
.next/dev/types/cache-life.d.ts(1,3726): error TS1127: Invalid character.
.next/dev/types/cache-life.d.ts(1,3727): error TS1127: Invalid character.
.next/dev/types/cache-life.d.ts(1,3728): error TS1127: Invalid character.
.next/dev/types/cache-life.d.ts(1,3729): error TS1127: Invalid character.
.next/dev/types/cache-life.d.ts(1,3730): error TS1127: Invalid character.
.next/dev/types/cache-life.d.ts(1,3731): error TS1127: Invalid character.
.next/dev/types/cache-life.d.ts(1,3732): error TS1127: Invalid character.
.next/dev/types/cache-life.d.ts(1,3733): error TS1127: Invalid character.
.next/dev/types/cache-life.d.ts(1,3734): error TS1127: Invalid character.
.next/dev/types/cache-life.d.ts(1,3735): error TS1127: Invalid character.
.next/dev/types/cache-life.d.ts(1,3736): error TS1127: Invalid character.
.next/dev/types/cache-life.d.ts(1,3737): error TS1127: Invalid character.
.next/dev/types/cache-life.d.ts(1,3738): error TS1127: Invalid character.
.next/dev/types/cache-life.d.ts(1,3739): error TS1127: Invalid character.
.next/dev/types/cache-life.d.ts(1,3740): error TS1127: Invalid character.
.next/dev/types/cache-life.d.ts(1,3741): error TS1127: Invalid character.
.next/dev/types/cache-life.d.ts(1,3742): error TS1127: Invalid character.
.next/dev/types/cache-life.d.ts(1,3743): error TS1127: Invalid character.
.next/dev/types/cache-life.d.ts(1,3744): error TS1127: Invalid character.
.next/dev/types/cache-life.d.ts(1,3745): error TS1127: Invalid character.
.next/dev/types/cache-life.d.ts(1,3746): error TS1127: Invalid character.
.next/dev/types/cache-life.d.ts(1,3747): error TS1127: Invalid character.
.next/dev/types/cache-life.d.ts(1,3748): error TS1127: Invalid character.
.next/dev/types/cache-life.d.ts(1,3749): error TS1127: Invalid character.
.next/dev/types/cache-life.d.ts(1,3750): error TS1127: Invalid character.
.next/dev/types/cache-life.d.ts(1,3751): error TS1127: Invalid character.
.next/dev/types/cache-life.d.ts(1,3752): error TS1127: Invalid character.
.next/dev/types/cache-life.d.ts(1,3753): error TS1127: Invalid character.
.next/dev/types/cache-life.d.ts(1,3754): error TS1127: Invalid character.
.next/dev/types/cache-life.d.ts(1,3755): error TS1127: Invalid character.
.next/dev/types/cache-life.d.ts(1,3756): error TS1127: Invalid character.
.next/dev/types/cache-life.d.ts(1,3757): error TS1127: Invalid character.
.next/dev/types/cache-life.d.ts(1,3758): error TS1127: Invalid character.
.next/dev/types/cache-life.d.ts(1,3759): error TS1127: Invalid character.
.next/dev/types/cache-life.d.ts(1,3760): error TS1127: Invalid character.
.next/dev/types/cache-life.d.ts(1,3761): error TS1127: Invalid character.
.next/dev/types/cache-life.d.ts(1,3762): error TS1127: Invalid character.
.next/dev/types/cache-life.d.ts(1,3763): error TS1127: Invalid character.
.next/dev/types/cache-life.d.ts(1,3764): error TS1127: Invalid character.
.next/dev/types/cache-life.d.ts(1,3765): error TS1127: Invalid character.
.next/dev/types/cache-life.d.ts(1,3766): error TS1127: Invalid character.
.next/dev/types/cache-life.d.ts(1,3767): error TS1127: Invalid character.
.next/dev/types/cache-life.d.ts(1,3768): error TS1127: Invalid character.
.next/dev/types/cache-life.d.ts(1,3769): error TS1127: Invalid character.
.next/dev/types/cache-life.d.ts(1,3770): error TS1127: Invalid character.
.next/dev/types/cache-life.d.ts(1,3771): error TS1127: Invalid character.
.next/dev/types/cache-life.d.ts(1,3772): error TS1127: Invalid character.
.next/dev/types/cache-life.d.ts(1,3773): error TS1127: Invalid character.
.next/dev/types/cache-life.d.ts(1,3774): error TS1127: Invalid character.
.next/dev/types/cache-life.d.ts(1,3775): error TS1127: Invalid character.
.next/dev/types/cache-life.d.ts(1,3776): error TS1127: Invalid character.
.next/dev/types/cache-life.d.ts(1,3777): error TS1127: Invalid character.
.next/dev/types/cache-life.d.ts(1,3778): error TS1127: Invalid character.
.next/dev/types/cache-life.d.ts(1,3779): error TS1127: Invalid character.
.next/dev/types/cache-life.d.ts(1,3780): error TS1127: Invalid character.
.next/dev/types/cache-life.d.ts(1,3781): error TS1127: Invalid character.
.next/dev/types/cache-life.d.ts(1,3782): error TS1127: Invalid character.
.next/dev/types/cache-life.d.ts(1,3783): error TS1127: Invalid character.
.next/dev/types/cache-life.d.ts(1,3784): error TS1127: Invalid character.
.next/dev/types/cache-life.d.ts(1,3785): error TS1127: Invalid character.
.next/dev/types/cache-life.d.ts(1,3786): error TS1127: Invalid character.
.next/dev/types/cache-life.d.ts(1,3787): error TS1127: Invalid character.
.next/dev/types/cache-life.d.ts(1,3788): error TS1127: Invalid character.
.next/dev/types/cache-life.d.ts(1,3789): error TS1127: Invalid character.
.next/dev/types/cache-life.d.ts(1,3790): error TS1127: Invalid character.
.next/dev/types/cache-life.d.ts(1,3791): error TS1127: Invalid character.
.next/dev/types/cache-life.d.ts(1,3792): error TS1127: Invalid character.
.next/dev/types/cache-life.d.ts(1,3793): error TS1127: Invalid character.
.next/dev/types/cache-life.d.ts(1,3794): error TS1127: Invalid character.
.next/dev/types/cache-life.d.ts(1,3795): error TS1127: Invalid character.
.next/dev/types/cache-life.d.ts(1,3796): error TS1127: Invalid character.
.next/dev/types/cache-life.d.ts(1,3797): error TS1127: Invalid character.
.next/dev/types/cache-life.d.ts(1,3798): error TS1127: Invalid character.
.next/dev/types/cache-life.d.ts(1,3799): error TS1127: Invalid character.
.next/dev/types/cache-life.d.ts(1,3800): error TS1127: Invalid character.
.next/dev/types/cache-life.d.ts(1,3801): error TS1127: Invalid character.
.next/dev/types/cache-life.d.ts(1,3802): error TS1127: Invalid character.
.next/dev/types/cache-life.d.ts(1,3803): error TS1127: Invalid character.
.next/dev/types/cache-life.d.ts(1,3804): error TS1127: Invalid character.
.next/dev/types/cache-life.d.ts(1,3805): error TS1127: Invalid character.
.next/dev/types/cache-life.d.ts(1,3806): error TS1127: Invalid character.
.next/dev/types/cache-life.d.ts(1,3807): error TS1127: Invalid character.
.next/dev/types/cache-life.d.ts(1,3808): error TS1127: Invalid character.
.next/dev/types/cache-life.d.ts(1,3809): error TS1127: Invalid character.
.next/dev/types/cache-life.d.ts(1,3810): error TS1127: Invalid character.
.next/dev/types/cache-life.d.ts(1,3811): error TS1127: Invalid character.
.next/dev/types/cache-life.d.ts(1,3812): error TS1127: Invalid character.
.next/dev/types/cache-life.d.ts(1,3813): error TS1127: Invalid character.
.next/dev/types/cache-life.d.ts(1,3814): error TS1127: Invalid character.
.next/dev/types/cache-life.d.ts(1,3815): error TS1127: Invalid character.
.next/dev/types/cache-life.d.ts(1,3816): error TS1127: Invalid character.
.next/dev/types/cache-life.d.ts(1,3817): error TS1127: Invalid character.
.next/dev/types/cache-life.d.ts(1,3818): error TS1127: Invalid character.
.next/dev/types/cache-life.d.ts(1,3819): error TS1127: Invalid character.
.next/dev/types/cache-life.d.ts(1,3820): error TS1127: Invalid character.
.next/dev/types/cache-life.d.ts(1,3821): error TS1127: Invalid character.
.next/dev/types/cache-life.d.ts(1,3822): error TS1127: Invalid character.
.next/dev/types/cache-life.d.ts(1,3823): error TS1127: Invalid character.
.next/dev/types/cache-life.d.ts(1,3824): error TS1127: Invalid character.
.next/dev/types/cache-life.d.ts(1,3825): error TS1127: Invalid character.
.next/dev/types/cache-life.d.ts(1,3826): error TS1127: Invalid character.
.next/dev/types/cache-life.d.ts(1,3827): error TS1127: Invalid character.
.next/dev/types/cache-life.d.ts(1,3828): error TS1127: Invalid character.
.next/dev/types/cache-life.d.ts(1,3829): error TS1127: Invalid character.
.next/dev/types/cache-life.d.ts(1,3830): error TS1127: Invalid character.
.next/dev/types/cache-life.d.ts(1,3831): error TS1127: Invalid character.
.next/dev/types/cache-life.d.ts(1,3832): error TS1127: Invalid character.
.next/dev/types/cache-life.d.ts(1,3833): error TS1127: Invalid character.
.next/dev/types/cache-life.d.ts(1,3834): error TS1127: Invalid character.
.next/dev/types/cache-life.d.ts(1,3835): error TS1127: Invalid character.
.next/dev/types/cache-life.d.ts(1,3836): error TS1127: Invalid character.
.next/dev/types/cache-life.d.ts(1,3837): error TS1127: Invalid character.
.next/dev/types/cache-life.d.ts(1,3838): error TS1127: Invalid character.
.next/dev/types/cache-life.d.ts(1,3839): error TS1127: Invalid character.
.next/dev/types/cache-life.d.ts(1,3840): error TS1127: Invalid character.
.next/dev/types/cache-life.d.ts(1,3841): error TS1127: Invalid character.
.next/dev/types/cache-life.d.ts(1,3842): error TS1127: Invalid character.
.next/dev/types/cache-life.d.ts(1,3843): error TS1127: Invalid character.
.next/dev/types/cache-life.d.ts(1,3844): error TS1127: Invalid character.
.next/dev/types/cache-life.d.ts(1,3845): error TS1127: Invalid character.
.next/dev/types/cache-life.d.ts(1,3846): error TS1127: Invalid character.
.next/dev/types/cache-life.d.ts(1,3847): error TS1127: Invalid character.
.next/dev/types/cache-life.d.ts(1,3848): error TS1127: Invalid character.
.next/dev/types/cache-life.d.ts(1,3849): error TS1127: Invalid character.
.next/dev/types/cache-life.d.ts(1,3850): error TS1127: Invalid character.
.next/dev/types/cache-life.d.ts(1,3851): error TS1127: Invalid character.
.next/dev/types/cache-life.d.ts(1,3852): error TS1127: Invalid character.
.next/dev/types/cache-life.d.ts(1,3853): error TS1127: Invalid character.
.next/dev/types/cache-life.d.ts(1,3854): error TS1127: Invalid character.
.next/dev/types/cache-life.d.ts(1,3855): error TS1127: Invalid character.
.next/dev/types/cache-life.d.ts(1,3856): error TS1127: Invalid character.
.next/dev/types/cache-life.d.ts(1,3857): error TS1127: Invalid character.
.next/dev/types/cache-life.d.ts(1,3858): error TS1127: Invalid character.
.next/dev/types/cache-life.d.ts(1,3859): error TS1127: Invalid character.
.next/dev/types/cache-life.d.ts(1,3860): error TS1127: Invalid character.
.next/dev/types/cache-life.d.ts(1,3861): error TS1127: Invalid character.
.next/dev/types/cache-life.d.ts(1,3862): error TS1127: Invalid character.
.next/dev/types/cache-life.d.ts(1,3863): error TS1127: Invalid character.
.next/dev/types/cache-life.d.ts(1,3864): error TS1127: Invalid character.
.next/dev/types/cache-life.d.ts(1,3865): error TS1127: Invalid character.
.next/dev/types/cache-life.d.ts(1,3866): error TS1127: Invalid character.
.next/dev/types/cache-life.d.ts(1,3867): error TS1127: Invalid character.
.next/dev/types/cache-life.d.ts(1,3868): error TS1127: Invalid character.
.next/dev/types/cache-life.d.ts(1,3869): error TS1127: Invalid character.
.next/dev/types/cache-life.d.ts(1,3870): error TS1127: Invalid character.
.next/dev/types/cache-life.d.ts(1,3871): error TS1127: Invalid character.
.next/dev/types/cache-life.d.ts(1,3872): error TS1127: Invalid character.
.next/dev/types/cache-life.d.ts(1,3873): error TS1127: Invalid character.
.next/dev/types/cache-life.d.ts(1,3874): error TS1127: Invalid character.
.next/dev/types/cache-life.d.ts(1,3875): error TS1127: Invalid character.
.next/dev/types/cache-life.d.ts(1,3876): error TS1127: Invalid character.
.next/dev/types/cache-life.d.ts(1,3877): error TS1127: Invalid character.
.next/dev/types/cache-life.d.ts(1,3878): error TS1127: Invalid character.
.next/dev/types/cache-life.d.ts(1,3879): error TS1127: Invalid character.
.next/dev/types/cache-life.d.ts(1,3880): error TS1127: Invalid character.
.next/dev/types/cache-life.d.ts(1,3881): error TS1127: Invalid character.
.next/dev/types/cache-life.d.ts(1,3882): error TS1127: Invalid character.
.next/dev/types/cache-life.d.ts(1,3883): error TS1127: Invalid character.
.next/dev/types/cache-life.d.ts(1,3884): error TS1127: Invalid character.
.next/dev/types/cache-life.d.ts(1,3885): error TS1127: Invalid character.
.next/dev/types/cache-life.d.ts(1,3886): error TS1127: Invalid character.
.next/dev/types/cache-life.d.ts(1,3887): error TS1127: Invalid character.
.next/dev/types/cache-life.d.ts(1,3888): error TS1127: Invalid character.
.next/dev/types/cache-life.d.ts(1,3889): error TS1127: Invalid character.
.next/dev/types/cache-life.d.ts(1,3890): error TS1127: Invalid character.
.next/dev/types/cache-life.d.ts(1,3891): error TS1127: Invalid character.
.next/dev/types/cache-life.d.ts(1,3892): error TS1127: Invalid character.
.next/dev/types/cache-life.d.ts(1,3893): error TS1127: Invalid character.
.next/dev/types/cache-life.d.ts(1,3894): error TS1127: Invalid character.
.next/dev/types/cache-life.d.ts(1,3895): error TS1127: Invalid character.
.next/dev/types/cache-life.d.ts(1,3896): error TS1127: Invalid character.
.next/dev/types/cache-life.d.ts(1,3897): error TS1127: Invalid character.
.next/dev/types/cache-life.d.ts(1,3898): error TS1127: Invalid character.
.next/dev/types/cache-life.d.ts(1,3899): error TS1127: Invalid character.
.next/dev/types/cache-life.d.ts(1,3900): error TS1127: Invalid character.
.next/dev/types/cache-life.d.ts(1,3901): error TS1127: Invalid character.
.next/dev/types/cache-life.d.ts(1,3902): error TS1127: Invalid character.
.next/dev/types/cache-life.d.ts(1,3903): error TS1127: Invalid character.
.next/dev/types/cache-life.d.ts(1,3904): error TS1127: Invalid character.
.next/dev/types/cache-life.d.ts(1,3905): error TS1127: Invalid character.
.next/dev/types/cache-life.d.ts(1,3906): error TS1127: Invalid character.
.next/dev/types/cache-life.d.ts(1,3907): error TS1127: Invalid character.
.next/dev/types/cache-life.d.ts(1,3908): error TS1127: Invalid character.
.next/dev/types/cache-life.d.ts(1,3909): error TS1127: Invalid character.
.next/dev/types/cache-life.d.ts(1,3910): error TS1127: Invalid character.
.next/dev/types/cache-life.d.ts(1,3911): error TS1127: Invalid character.
.next/dev/types/cache-life.d.ts(1,3912): error TS1127: Invalid character.
.next/dev/types/cache-life.d.ts(1,3913): error TS1127: Invalid character.
.next/dev/types/cache-life.d.ts(1,3914): error TS1127: Invalid character.
.next/dev/types/cache-life.d.ts(1,3915): error TS1127: Invalid character.
.next/dev/types/cache-life.d.ts(1,3916): error TS1127: Invalid character.
.next/dev/types/cache-life.d.ts(1,3917): error TS1127: Invalid character.
.next/dev/types/cache-life.d.ts(1,3918): error TS1127: Invalid character.
.next/dev/types/cache-life.d.ts(1,3919): error TS1127: Invalid character.
.next/dev/types/cache-life.d.ts(1,3920): error TS1127: Invalid character.
.next/dev/types/cache-life.d.ts(1,3921): error TS1127: Invalid character.
.next/dev/types/cache-life.d.ts(1,3922): error TS1127: Invalid character.
.next/dev/types/cache-life.d.ts(1,3923): error TS1127: Invalid character.
.next/dev/types/cache-life.d.ts(1,3924): error TS1127: Invalid character.
.next/dev/types/cache-life.d.ts(1,3925): error TS1127: Invalid character.
.next/dev/types/cache-life.d.ts(1,3926): error TS1127: Invalid character.
.next/dev/types/cache-life.d.ts(1,3927): error TS1127: Invalid character.
.next/dev/types/cache-life.d.ts(1,3928): error TS1127: Invalid character.
.next/dev/types/cache-life.d.ts(1,3929): error TS1127: Invalid character.
.next/dev/types/cache-life.d.ts(1,3930): error TS1127: Invalid character.
.next/dev/types/cache-life.d.ts(1,3931): error TS1127: Invalid character.
.next/dev/types/cache-life.d.ts(1,3932): error TS1127: Invalid character.
.next/dev/types/cache-life.d.ts(1,3933): error TS1127: Invalid character.
.next/dev/types/cache-life.d.ts(1,3934): error TS1127: Invalid character.
.next/dev/types/cache-life.d.ts(1,3935): error TS1127: Invalid character.
.next/dev/types/cache-life.d.ts(1,3936): error TS1127: Invalid character.
.next/dev/types/cache-life.d.ts(1,3937): error TS1127: Invalid character.
.next/dev/types/cache-life.d.ts(1,3938): error TS1127: Invalid character.
.next/dev/types/cache-life.d.ts(1,3939): error TS1127: Invalid character.
.next/dev/types/cache-life.d.ts(1,3940): error TS1127: Invalid character.
.next/dev/types/cache-life.d.ts(1,3941): error TS1127: Invalid character.
.next/dev/types/cache-life.d.ts(1,3942): error TS1127: Invalid character.
.next/dev/types/cache-life.d.ts(1,3943): error TS1127: Invalid character.
.next/dev/types/cache-life.d.ts(1,3944): error TS1127: Invalid character.
.next/dev/types/cache-life.d.ts(1,3945): error TS1127: Invalid character.
.next/dev/types/cache-life.d.ts(1,3946): error TS1127: Invalid character.
.next/dev/types/cache-life.d.ts(1,3947): error TS1127: Invalid character.
.next/dev/types/cache-life.d.ts(1,3948): error TS1127: Invalid character.
.next/dev/types/cache-life.d.ts(1,3949): error TS1127: Invalid character.
.next/dev/types/cache-life.d.ts(1,3950): error TS1127: Invalid character.
.next/dev/types/cache-life.d.ts(1,3951): error TS1127: Invalid character.
.next/dev/types/cache-life.d.ts(1,3952): error TS1127: Invalid character.
.next/dev/types/cache-life.d.ts(1,3953): error TS1127: Invalid character.
.next/dev/types/cache-life.d.ts(1,3954): error TS1127: Invalid character.
.next/dev/types/cache-life.d.ts(1,3955): error TS1127: Invalid character.
.next/dev/types/cache-life.d.ts(1,3956): error TS1127: Invalid character.
.next/dev/types/cache-life.d.ts(1,3957): error TS1127: Invalid character.
.next/dev/types/cache-life.d.ts(1,3958): error TS1127: Invalid character.
.next/dev/types/cache-life.d.ts(1,3959): error TS1127: Invalid character.
.next/dev/types/cache-life.d.ts(1,3960): error TS1127: Invalid character.
.next/dev/types/cache-life.d.ts(1,3961): error TS1127: Invalid character.
.next/dev/types/cache-life.d.ts(1,3962): error TS1127: Invalid character.
.next/dev/types/cache-life.d.ts(1,3963): error TS1127: Invalid character.
.next/dev/types/cache-life.d.ts(1,3964): error TS1127: Invalid character.
.next/dev/types/cache-life.d.ts(1,3965): error TS1127: Invalid character.
.next/dev/types/cache-life.d.ts(1,3966): error TS1127: Invalid character.
.next/dev/types/cache-life.d.ts(1,3967): error TS1127: Invalid character.
.next/dev/types/cache-life.d.ts(1,3968): error TS1127: Invalid character.
.next/dev/types/cache-life.d.ts(1,3969): error TS1127: Invalid character.
.next/dev/types/cache-life.d.ts(1,3970): error TS1127: Invalid character.
.next/dev/types/cache-life.d.ts(1,3971): error TS1127: Invalid character.
.next/dev/types/cache-life.d.ts(1,3972): error TS1127: Invalid character.
.next/dev/types/cache-life.d.ts(1,3973): error TS1127: Invalid character.
.next/dev/types/cache-life.d.ts(1,3974): error TS1127: Invalid character.
.next/dev/types/cache-life.d.ts(1,3975): error TS1127: Invalid character.
.next/dev/types/cache-life.d.ts(1,3976): error TS1127: Invalid character.
.next/dev/types/cache-life.d.ts(1,3977): error TS1127: Invalid character.
.next/dev/types/cache-life.d.ts(1,3978): error TS1127: Invalid character.
.next/dev/types/cache-life.d.ts(1,3979): error TS1127: Invalid character.
.next/dev/types/cache-life.d.ts(1,3980): error TS1127: Invalid character.
.next/dev/types/cache-life.d.ts(1,3981): error TS1127: Invalid character.
.next/dev/types/cache-life.d.ts(1,3982): error TS1127: Invalid character.
.next/dev/types/cache-life.d.ts(1,3983): error TS1127: Invalid character.
.next/dev/types/cache-life.d.ts(1,3984): error TS1127: Invalid character.
.next/dev/types/cache-life.d.ts(1,3985): error TS1127: Invalid character.
.next/dev/types/cache-life.d.ts(1,3986): error TS1127: Invalid character.
.next/dev/types/cache-life.d.ts(1,3987): error TS1127: Invalid character.
.next/dev/types/cache-life.d.ts(1,3988): error TS1127: Invalid character.
.next/dev/types/cache-life.d.ts(1,3989): error TS1127: Invalid character.
.next/dev/types/cache-life.d.ts(1,3990): error TS1127: Invalid character.
.next/dev/types/cache-life.d.ts(1,3991): error TS1127: Invalid character.
.next/dev/types/cache-life.d.ts(1,3992): error TS1127: Invalid character.
.next/dev/types/cache-life.d.ts(1,3993): error TS1127: Invalid character.
.next/dev/types/cache-life.d.ts(1,3994): error TS1127: Invalid character.
.next/dev/types/cache-life.d.ts(1,3995): error TS1127: Invalid character.
.next/dev/types/cache-life.d.ts(1,3996): error TS1127: Invalid character.
.next/dev/types/cache-life.d.ts(1,3997): error TS1127: Invalid character.
.next/dev/types/cache-life.d.ts(1,3998): error TS1127: Invalid character.
.next/dev/types/cache-life.d.ts(1,3999): error TS1127: Invalid character.
.next/dev/types/cache-life.d.ts(1,4000): error TS1127: Invalid character.
.next/dev/types/cache-life.d.ts(1,4001): error TS1127: Invalid character.
.next/dev/types/cache-life.d.ts(1,4002): error TS1127: Invalid character.
.next/dev/types/cache-life.d.ts(1,4003): error TS1127: Invalid character.
.next/dev/types/cache-life.d.ts(1,4004): error TS1127: Invalid character.
.next/dev/types/cache-life.d.ts(1,4005): error TS1127: Invalid character.
.next/dev/types/cache-life.d.ts(1,4006): error TS1127: Invalid character.
.next/dev/types/cache-life.d.ts(1,4007): error TS1127: Invalid character.
.next/dev/types/cache-life.d.ts(1,4008): error TS1127: Invalid character.
.next/dev/types/cache-life.d.ts(1,4009): error TS1127: Invalid character.
.next/dev/types/cache-life.d.ts(1,4010): error TS1127: Invalid character.
.next/dev/types/cache-life.d.ts(1,4011): error TS1127: Invalid character.
.next/dev/types/cache-life.d.ts(1,4012): error TS1127: Invalid character.
.next/dev/types/cache-life.d.ts(1,4013): error TS1127: Invalid character.
.next/dev/types/cache-life.d.ts(1,4014): error TS1127: Invalid character.
.next/dev/types/cache-life.d.ts(1,4015): error TS1127: Invalid character.
.next/dev/types/cache-life.d.ts(1,4016): error TS1127: Invalid character.
.next/dev/types/cache-life.d.ts(1,4017): error TS1127: Invalid character.
.next/dev/types/cache-life.d.ts(1,4018): error TS1127: Invalid character.
.next/dev/types/cache-life.d.ts(1,4019): error TS1127: Invalid character.
.next/dev/types/cache-life.d.ts(1,4020): error TS1127: Invalid character.
.next/dev/types/cache-life.d.ts(1,4021): error TS1127: Invalid character.
.next/dev/types/cache-life.d.ts(1,4022): error TS1127: Invalid character.
.next/dev/types/cache-life.d.ts(1,4023): error TS1127: Invalid character.
.next/dev/types/cache-life.d.ts(1,4024): error TS1127: Invalid character.
.next/dev/types/cache-life.d.ts(1,4025): error TS1127: Invalid character.
.next/dev/types/cache-life.d.ts(1,4026): error TS1127: Invalid character.
.next/dev/types/cache-life.d.ts(1,4027): error TS1127: Invalid character.
.next/dev/types/cache-life.d.ts(1,4028): error TS1127: Invalid character.
.next/dev/types/cache-life.d.ts(1,4029): error TS1127: Invalid character.
.next/dev/types/cache-life.d.ts(1,4030): error TS1127: Invalid character.
.next/dev/types/cache-life.d.ts(1,4031): error TS1127: Invalid character.
.next/dev/types/cache-life.d.ts(1,4032): error TS1127: Invalid character.
.next/dev/types/cache-life.d.ts(1,4033): error TS1127: Invalid character.
.next/dev/types/cache-life.d.ts(1,4034): error TS1127: Invalid character.
.next/dev/types/cache-life.d.ts(1,4035): error TS1127: Invalid character.
.next/dev/types/cache-life.d.ts(1,4036): error TS1127: Invalid character.
.next/dev/types/cache-life.d.ts(1,4037): error TS1127: Invalid character.
.next/dev/types/cache-life.d.ts(1,4038): error TS1127: Invalid character.
.next/dev/types/cache-life.d.ts(1,4039): error TS1127: Invalid character.
.next/dev/types/cache-life.d.ts(1,4040): error TS1127: Invalid character.
.next/dev/types/cache-life.d.ts(1,4041): error TS1127: Invalid character.
.next/dev/types/cache-life.d.ts(1,4042): error TS1127: Invalid character.
.next/dev/types/cache-life.d.ts(1,4043): error TS1127: Invalid character.
.next/dev/types/cache-life.d.ts(1,4044): error TS1127: Invalid character.
.next/dev/types/cache-life.d.ts(1,4045): error TS1127: Invalid character.
.next/dev/types/cache-life.d.ts(1,4046): error TS1127: Invalid character.
.next/dev/types/cache-life.d.ts(1,4047): error TS1127: Invalid character.
.next/dev/types/cache-life.d.ts(1,4048): error TS1127: Invalid character.
.next/dev/types/cache-life.d.ts(1,4049): error TS1127: Invalid character.
.next/dev/types/cache-life.d.ts(1,4050): error TS1127: Invalid character.
.next/dev/types/cache-life.d.ts(1,4051): error TS1127: Invalid character.
.next/dev/types/cache-life.d.ts(1,4052): error TS1127: Invalid character.
.next/dev/types/cache-life.d.ts(1,4053): error TS1127: Invalid character.
.next/dev/types/cache-life.d.ts(1,4054): error TS1127: Invalid character.
.next/dev/types/cache-life.d.ts(1,4055): error TS1127: Invalid character.
.next/dev/types/cache-life.d.ts(1,4056): error TS1127: Invalid character.
.next/dev/types/cache-life.d.ts(1,4057): error TS1127: Invalid character.
.next/dev/types/cache-life.d.ts(1,4058): error TS1127: Invalid character.
.next/dev/types/cache-life.d.ts(1,4059): error TS1127: Invalid character.
.next/dev/types/cache-life.d.ts(1,4060): error TS1127: Invalid character.
.next/dev/types/cache-life.d.ts(1,4061): error TS1127: Invalid character.
.next/dev/types/cache-life.d.ts(1,4062): error TS1127: Invalid character.
.next/dev/types/cache-life.d.ts(1,4063): error TS1127: Invalid character.
.next/dev/types/cache-life.d.ts(1,4064): error TS1127: Invalid character.
.next/dev/types/cache-life.d.ts(1,4065): error TS1127: Invalid character.
.next/dev/types/cache-life.d.ts(1,4066): error TS1127: Invalid character.
.next/dev/types/cache-life.d.ts(1,4067): error TS1127: Invalid character.
.next/dev/types/cache-life.d.ts(1,4068): error TS1127: Invalid character.
.next/dev/types/cache-life.d.ts(1,4069): error TS1127: Invalid character.
.next/dev/types/cache-life.d.ts(1,4070): error TS1127: Invalid character.
.next/dev/types/cache-life.d.ts(1,4071): error TS1127: Invalid character.
.next/dev/types/cache-life.d.ts(1,4072): error TS1127: Invalid character.
.next/dev/types/cache-life.d.ts(1,4073): error TS1127: Invalid character.
.next/dev/types/cache-life.d.ts(1,4074): error TS1127: Invalid character.
.next/dev/types/cache-life.d.ts(1,4075): error TS1127: Invalid character.
.next/dev/types/cache-life.d.ts(1,4076): error TS1127: Invalid character.
.next/dev/types/cache-life.d.ts(1,4077): error TS1127: Invalid character.
.next/dev/types/cache-life.d.ts(1,4078): error TS1127: Invalid character.
.next/dev/types/cache-life.d.ts(1,4079): error TS1127: Invalid character.
.next/dev/types/cache-life.d.ts(1,4080): error TS1127: Invalid character.
.next/dev/types/cache-life.d.ts(1,4081): error TS1127: Invalid character.
.next/dev/types/cache-life.d.ts(1,4082): error TS1127: Invalid character.
.next/dev/types/cache-life.d.ts(1,4083): error TS1127: Invalid character.
.next/dev/types/cache-life.d.ts(1,4084): error TS1127: Invalid character.
.next/dev/types/cache-life.d.ts(1,4085): error TS1127: Invalid character.
.next/dev/types/cache-life.d.ts(1,4086): error TS1127: Invalid character.
.next/dev/types/cache-life.d.ts(1,4087): error TS1127: Invalid character.
.next/dev/types/cache-life.d.ts(1,4088): error TS1127: Invalid character.
.next/dev/types/cache-life.d.ts(1,4089): error TS1127: Invalid character.
.next/dev/types/cache-life.d.ts(1,4090): error TS1127: Invalid character.
.next/dev/types/cache-life.d.ts(1,4091): error TS1127: Invalid character.
.next/dev/types/cache-life.d.ts(1,4092): error TS1127: Invalid character.
.next/dev/types/cache-life.d.ts(1,4093): error TS1127: Invalid character.
.next/dev/types/cache-life.d.ts(1,4094): error TS1127: Invalid character.
.next/dev/types/cache-life.d.ts(1,4095): error TS1127: Invalid character.
.next/dev/types/cache-life.d.ts(1,4096): error TS1127: Invalid character.
.next/dev/types/cache-life.d.ts(1,4097): error TS1127: Invalid character.
.next/dev/types/cache-life.d.ts(1,4098): error TS1127: Invalid character.
.next/dev/types/cache-life.d.ts(1,4099): error TS1127: Invalid character.
.next/dev/types/cache-life.d.ts(1,4100): error TS1127: Invalid character.
.next/dev/types/cache-life.d.ts(1,4101): error TS1127: Invalid character.
.next/dev/types/cache-life.d.ts(1,4102): error TS1127: Invalid character.
.next/dev/types/cache-life.d.ts(1,4103): error TS1127: Invalid character.
.next/dev/types/cache-life.d.ts(1,4104): error TS1127: Invalid character.
.next/dev/types/cache-life.d.ts(1,4105): error TS1127: Invalid character.
.next/dev/types/cache-life.d.ts(1,4106): error TS1127: Invalid character.
.next/dev/types/cache-life.d.ts(1,4107): error TS1127: Invalid character.
.next/dev/types/cache-life.d.ts(1,4108): error TS1127: Invalid character.
.next/dev/types/cache-life.d.ts(1,4109): error TS1127: Invalid character.
.next/dev/types/cache-life.d.ts(1,4110): error TS1127: Invalid character.
.next/dev/types/cache-life.d.ts(1,4111): error TS1127: Invalid character.
.next/dev/types/cache-life.d.ts(1,4112): error TS1127: Invalid character.
.next/dev/types/cache-life.d.ts(1,4113): error TS1127: Invalid character.
.next/dev/types/cache-life.d.ts(1,4114): error TS1127: Invalid character.
.next/dev/types/cache-life.d.ts(1,4115): error TS1127: Invalid character.
.next/dev/types/cache-life.d.ts(1,4116): error TS1127: Invalid character.
.next/dev/types/cache-life.d.ts(1,4117): error TS1127: Invalid character.
.next/dev/types/cache-life.d.ts(1,4118): error TS1127: Invalid character.
.next/dev/types/cache-life.d.ts(1,4119): error TS1127: Invalid character.
.next/dev/types/cache-life.d.ts(1,4120): error TS1127: Invalid character.
.next/dev/types/cache-life.d.ts(1,4121): error TS1127: Invalid character.
.next/dev/types/cache-life.d.ts(1,4122): error TS1127: Invalid character.
.next/dev/types/cache-life.d.ts(1,4123): error TS1127: Invalid character.
.next/dev/types/cache-life.d.ts(1,4124): error TS1127: Invalid character.
.next/dev/types/cache-life.d.ts(1,4125): error TS1127: Invalid character.
.next/dev/types/cache-life.d.ts(1,4126): error TS1127: Invalid character.
.next/dev/types/cache-life.d.ts(1,4127): error TS1127: Invalid character.
.next/dev/types/cache-life.d.ts(1,4128): error TS1127: Invalid character.
.next/dev/types/cache-life.d.ts(1,4129): error TS1127: Invalid character.
.next/dev/types/cache-life.d.ts(1,4130): error TS1127: Invalid character.
.next/dev/types/cache-life.d.ts(1,4131): error TS1127: Invalid character.
.next/dev/types/cache-life.d.ts(1,4132): error TS1127: Invalid character.
.next/dev/types/cache-life.d.ts(1,4133): error TS1127: Invalid character.
.next/dev/types/cache-life.d.ts(1,4134): error TS1127: Invalid character.
.next/dev/types/cache-life.d.ts(1,4135): error TS1127: Invalid character.
.next/dev/types/cache-life.d.ts(1,4136): error TS1127: Invalid character.
.next/dev/types/cache-life.d.ts(1,4137): error TS1127: Invalid character.
.next/dev/types/cache-life.d.ts(1,4138): error TS1127: Invalid character.
.next/dev/types/cache-life.d.ts(1,4139): error TS1127: Invalid character.
.next/dev/types/cache-life.d.ts(1,4140): error TS1127: Invalid character.
.next/dev/types/cache-life.d.ts(1,4141): error TS1127: Invalid character.
.next/dev/types/cache-life.d.ts(1,4142): error TS1127: Invalid character.
.next/dev/types/cache-life.d.ts(1,4143): error TS1127: Invalid character.
.next/dev/types/cache-life.d.ts(1,4144): error TS1127: Invalid character.
.next/dev/types/cache-life.d.ts(1,4145): error TS1127: Invalid character.
.next/dev/types/cache-life.d.ts(1,4146): error TS1127: Invalid character.
.next/dev/types/cache-life.d.ts(1,4147): error TS1127: Invalid character.
.next/dev/types/cache-life.d.ts(1,4148): error TS1127: Invalid character.
.next/dev/types/cache-life.d.ts(1,4149): error TS1127: Invalid character.
.next/dev/types/cache-life.d.ts(1,4150): error TS1127: Invalid character.
.next/dev/types/cache-life.d.ts(1,4151): error TS1127: Invalid character.
.next/dev/types/cache-life.d.ts(1,4152): error TS1127: Invalid character.
.next/dev/types/cache-life.d.ts(1,4153): error TS1127: Invalid character.
.next/dev/types/cache-life.d.ts(1,4154): error TS1127: Invalid character.
.next/dev/types/cache-life.d.ts(1,4155): error TS1127: Invalid character.
.next/dev/types/cache-life.d.ts(1,4156): error TS1127: Invalid character.
.next/dev/types/cache-life.d.ts(1,4157): error TS1127: Invalid character.
.next/dev/types/cache-life.d.ts(1,4158): error TS1127: Invalid character.
.next/dev/types/cache-life.d.ts(1,4159): error TS1127: Invalid character.
.next/dev/types/cache-life.d.ts(1,4160): error TS1127: Invalid character.
.next/dev/types/cache-life.d.ts(1,4161): error TS1127: Invalid character.
.next/dev/types/cache-life.d.ts(1,4162): error TS1127: Invalid character.
.next/dev/types/cache-life.d.ts(1,4163): error TS1127: Invalid character.
.next/dev/types/cache-life.d.ts(1,4164): error TS1127: Invalid character.
.next/dev/types/cache-life.d.ts(1,4165): error TS1127: Invalid character.
.next/dev/types/cache-life.d.ts(1,4166): error TS1127: Invalid character.
.next/dev/types/cache-life.d.ts(1,4167): error TS1127: Invalid character.
.next/dev/types/cache-life.d.ts(1,4168): error TS1127: Invalid character.
.next/dev/types/cache-life.d.ts(1,4169): error TS1127: Invalid character.
.next/dev/types/cache-life.d.ts(1,4170): error TS1127: Invalid character.
.next/dev/types/cache-life.d.ts(1,4171): error TS1127: Invalid character.
.next/dev/types/cache-life.d.ts(1,4172): error TS1127: Invalid character.
.next/dev/types/cache-life.d.ts(1,4173): error TS1127: Invalid character.
.next/dev/types/cache-life.d.ts(1,4174): error TS1127: Invalid character.
.next/dev/types/cache-life.d.ts(1,4175): error TS1127: Invalid character.
.next/dev/types/cache-life.d.ts(1,4176): error TS1127: Invalid character.
.next/dev/types/cache-life.d.ts(1,4177): error TS1127: Invalid character.
.next/dev/types/cache-life.d.ts(1,4178): error TS1127: Invalid character.
.next/dev/types/cache-life.d.ts(1,4179): error TS1127: Invalid character.
.next/dev/types/cache-life.d.ts(1,4180): error TS1127: Invalid character.
.next/dev/types/cache-life.d.ts(1,4181): error TS1127: Invalid character.
.next/dev/types/cache-life.d.ts(1,4182): error TS1127: Invalid character.
.next/dev/types/cache-life.d.ts(1,4183): error TS1127: Invalid character.
.next/dev/types/cache-life.d.ts(1,4184): error TS1127: Invalid character.
.next/dev/types/cache-life.d.ts(1,4185): error TS1127: Invalid character.
.next/dev/types/cache-life.d.ts(1,4186): error TS1127: Invalid character.
.next/dev/types/cache-life.d.ts(1,4187): error TS1127: Invalid character.
.next/dev/types/cache-life.d.ts(1,4188): error TS1127: Invalid character.
.next/dev/types/cache-life.d.ts(1,4189): error TS1127: Invalid character.
.next/dev/types/cache-life.d.ts(1,4190): error TS1127: Invalid character.
.next/dev/types/cache-life.d.ts(1,4191): error TS1127: Invalid character.
.next/dev/types/cache-life.d.ts(1,4192): error TS1127: Invalid character.
.next/dev/types/cache-life.d.ts(1,4193): error TS1127: Invalid character.
.next/dev/types/cache-life.d.ts(1,4194): error TS1127: Invalid character.
.next/dev/types/cache-life.d.ts(1,4195): error TS1127: Invalid character.
.next/dev/types/cache-life.d.ts(1,4196): error TS1127: Invalid character.
.next/dev/types/cache-life.d.ts(1,4197): error TS1127: Invalid character.
.next/dev/types/cache-life.d.ts(1,4198): error TS1127: Invalid character.
.next/dev/types/cache-life.d.ts(1,4199): error TS1127: Invalid character.
.next/dev/types/cache-life.d.ts(1,4200): error TS1127: Invalid character.
.next/dev/types/cache-life.d.ts(1,4201): error TS1127: Invalid character.
.next/dev/types/cache-life.d.ts(1,4202): error TS1127: Invalid character.
.next/dev/types/cache-life.d.ts(1,4203): error TS1127: Invalid character.
.next/dev/types/cache-life.d.ts(1,4204): error TS1127: Invalid character.
.next/dev/types/cache-life.d.ts(1,4205): error TS1127: Invalid character.
.next/dev/types/cache-life.d.ts(1,4206): error TS1127: Invalid character.
.next/dev/types/cache-life.d.ts(1,4207): error TS1127: Invalid character.
.next/dev/types/cache-life.d.ts(1,4208): error TS1127: Invalid character.
.next/dev/types/cache-life.d.ts(1,4209): error TS1127: Invalid character.
.next/dev/types/cache-life.d.ts(1,4210): error TS1127: Invalid character.
.next/dev/types/cache-life.d.ts(1,4211): error TS1127: Invalid character.
.next/dev/types/cache-life.d.ts(1,4212): error TS1127: Invalid character.
.next/dev/types/cache-life.d.ts(1,4213): error TS1127: Invalid character.
.next/dev/types/cache-life.d.ts(1,4214): error TS1127: Invalid character.
.next/dev/types/cache-life.d.ts(1,4215): error TS1127: Invalid character.
.next/dev/types/cache-life.d.ts(1,4216): error TS1127: Invalid character.
.next/dev/types/cache-life.d.ts(1,4217): error TS1127: Invalid character.
.next/dev/types/cache-life.d.ts(1,4218): error TS1127: Invalid character.
.next/dev/types/cache-life.d.ts(1,4219): error TS1127: Invalid character.
.next/dev/types/cache-life.d.ts(1,4220): error TS1127: Invalid character.
.next/dev/types/cache-life.d.ts(1,4221): error TS1127: Invalid character.
.next/dev/types/cache-life.d.ts(1,4222): error TS1127: Invalid character.
.next/dev/types/cache-life.d.ts(1,4223): error TS1127: Invalid character.
.next/dev/types/cache-life.d.ts(1,4224): error TS1127: Invalid character.
.next/dev/types/cache-life.d.ts(1,4225): error TS1127: Invalid character.
.next/dev/types/cache-life.d.ts(1,4226): error TS1127: Invalid character.
.next/dev/types/cache-life.d.ts(1,4227): error TS1127: Invalid character.
.next/dev/types/cache-life.d.ts(1,4228): error TS1127: Invalid character.
.next/dev/types/cache-life.d.ts(1,4229): error TS1127: Invalid character.
.next/dev/types/cache-life.d.ts(1,4230): error TS1127: Invalid character.
.next/dev/types/cache-life.d.ts(1,4231): error TS1127: Invalid character.
.next/dev/types/cache-life.d.ts(1,4232): error TS1127: Invalid character.
.next/dev/types/cache-life.d.ts(1,4233): error TS1127: Invalid character.
.next/dev/types/cache-life.d.ts(1,4234): error TS1127: Invalid character.
.next/dev/types/cache-life.d.ts(1,4235): error TS1127: Invalid character.
.next/dev/types/cache-life.d.ts(1,4236): error TS1127: Invalid character.
.next/dev/types/cache-life.d.ts(1,4237): error TS1127: Invalid character.
.next/dev/types/cache-life.d.ts(1,4238): error TS1127: Invalid character.
.next/dev/types/cache-life.d.ts(1,4239): error TS1127: Invalid character.
.next/dev/types/cache-life.d.ts(1,4240): error TS1127: Invalid character.
.next/dev/types/cache-life.d.ts(1,4241): error TS1127: Invalid character.
.next/dev/types/cache-life.d.ts(1,4242): error TS1127: Invalid character.
.next/dev/types/cache-life.d.ts(1,4243): error TS1127: Invalid character.
.next/dev/types/cache-life.d.ts(1,4244): error TS1127: Invalid character.
.next/dev/types/cache-life.d.ts(1,4245): error TS1127: Invalid character.
.next/dev/types/cache-life.d.ts(1,4246): error TS1127: Invalid character.
.next/dev/types/cache-life.d.ts(1,4247): error TS1127: Invalid character.
.next/dev/types/cache-life.d.ts(1,4248): error TS1127: Invalid character.
.next/dev/types/cache-life.d.ts(1,4249): error TS1127: Invalid character.
.next/dev/types/cache-life.d.ts(1,4250): error TS1127: Invalid character.
.next/dev/types/cache-life.d.ts(1,4251): error TS1127: Invalid character.
.next/dev/types/cache-life.d.ts(1,4252): error TS1127: Invalid character.
.next/dev/types/cache-life.d.ts(1,4253): error TS1127: Invalid character.
.next/dev/types/cache-life.d.ts(1,4254): error TS1127: Invalid character.
.next/dev/types/cache-life.d.ts(1,4255): error TS1127: Invalid character.
.next/dev/types/cache-life.d.ts(1,4256): error TS1127: Invalid character.
.next/dev/types/cache-life.d.ts(1,4257): error TS1127: Invalid character.
.next/dev/types/cache-life.d.ts(1,4258): error TS1127: Invalid character.
.next/dev/types/cache-life.d.ts(1,4259): error TS1127: Invalid character.
.next/dev/types/cache-life.d.ts(1,4260): error TS1127: Invalid character.
.next/dev/types/cache-life.d.ts(1,4261): error TS1127: Invalid character.
.next/dev/types/cache-life.d.ts(1,4262): error TS1127: Invalid character.
.next/dev/types/cache-life.d.ts(1,4263): error TS1127: Invalid character.
.next/dev/types/cache-life.d.ts(1,4264): error TS1127: Invalid character.
.next/dev/types/cache-life.d.ts(1,4265): error TS1127: Invalid character.
.next/dev/types/cache-life.d.ts(1,4266): error TS1127: Invalid character.
.next/dev/types/cache-life.d.ts(1,4267): error TS1127: Invalid character.
.next/dev/types/cache-life.d.ts(1,4268): error TS1127: Invalid character.
.next/dev/types/cache-life.d.ts(1,4269): error TS1127: Invalid character.
.next/dev/types/cache-life.d.ts(1,4270): error TS1127: Invalid character.
.next/dev/types/cache-life.d.ts(1,4271): error TS1127: Invalid character.
.next/dev/types/cache-life.d.ts(1,4272): error TS1127: Invalid character.
.next/dev/types/cache-life.d.ts(1,4273): error TS1127: Invalid character.
.next/dev/types/cache-life.d.ts(1,4274): error TS1127: Invalid character.
.next/dev/types/cache-life.d.ts(1,4275): error TS1127: Invalid character.
.next/dev/types/cache-life.d.ts(1,4276): error TS1127: Invalid character.
.next/dev/types/cache-life.d.ts(1,4277): error TS1127: Invalid character.
.next/dev/types/cache-life.d.ts(1,4278): error TS1127: Invalid character.
.next/dev/types/cache-life.d.ts(1,4279): error TS1127: Invalid character.
.next/dev/types/cache-life.d.ts(1,4280): error TS1127: Invalid character.
.next/dev/types/cache-life.d.ts(1,4281): error TS1127: Invalid character.
.next/dev/types/cache-life.d.ts(1,4282): error TS1127: Invalid character.
.next/dev/types/cache-life.d.ts(1,4283): error TS1127: Invalid character.
.next/dev/types/cache-life.d.ts(1,4284): error TS1127: Invalid character.
.next/dev/types/cache-life.d.ts(1,4285): error TS1127: Invalid character.
.next/dev/types/cache-life.d.ts(1,4286): error TS1127: Invalid character.
.next/dev/types/cache-life.d.ts(1,4287): error TS1127: Invalid character.
.next/dev/types/cache-life.d.ts(1,4288): error TS1127: Invalid character.
.next/dev/types/cache-life.d.ts(1,4289): error TS1127: Invalid character.
.next/dev/types/cache-life.d.ts(1,4290): error TS1127: Invalid character.
.next/dev/types/cache-life.d.ts(1,4291): error TS1127: Invalid character.
.next/dev/types/cache-life.d.ts(1,4292): error TS1127: Invalid character.
.next/dev/types/cache-life.d.ts(1,4293): error TS1127: Invalid character.
.next/dev/types/cache-life.d.ts(1,4294): error TS1127: Invalid character.
.next/dev/types/cache-life.d.ts(1,4295): error TS1127: Invalid character.
.next/dev/types/cache-life.d.ts(1,4296): error TS1127: Invalid character.
.next/dev/types/cache-life.d.ts(1,4297): error TS1127: Invalid character.
.next/dev/types/cache-life.d.ts(1,4298): error TS1127: Invalid character.
.next/dev/types/cache-life.d.ts(1,4299): error TS1127: Invalid character.
.next/dev/types/cache-life.d.ts(1,4300): error TS1127: Invalid character.
.next/dev/types/cache-life.d.ts(1,4301): error TS1127: Invalid character.
.next/dev/types/cache-life.d.ts(1,4302): error TS1127: Invalid character.
.next/dev/types/cache-life.d.ts(1,4303): error TS1127: Invalid character.
.next/dev/types/cache-life.d.ts(1,4304): error TS1127: Invalid character.
.next/dev/types/cache-life.d.ts(1,4305): error TS1127: Invalid character.
.next/dev/types/cache-life.d.ts(1,4306): error TS1127: Invalid character.
.next/dev/types/cache-life.d.ts(1,4307): error TS1127: Invalid character.
.next/dev/types/cache-life.d.ts(1,4308): error TS1127: Invalid character.
.next/dev/types/cache-life.d.ts(1,4309): error TS1127: Invalid character.
.next/dev/types/cache-life.d.ts(1,4310): error TS1127: Invalid character.
.next/dev/types/cache-life.d.ts(1,4311): error TS1127: Invalid character.
.next/dev/types/cache-life.d.ts(1,4312): error TS1127: Invalid character.
.next/dev/types/cache-life.d.ts(1,4313): error TS1127: Invalid character.
.next/dev/types/cache-life.d.ts(1,4314): error TS1127: Invalid character.
.next/dev/types/cache-life.d.ts(1,4315): error TS1127: Invalid character.
.next/dev/types/cache-life.d.ts(1,4316): error TS1127: Invalid character.
.next/dev/types/cache-life.d.ts(1,4317): error TS1127: Invalid character.
.next/dev/types/cache-life.d.ts(1,4318): error TS1127: Invalid character.
.next/dev/types/cache-life.d.ts(1,4319): error TS1127: Invalid character.
.next/dev/types/cache-life.d.ts(1,4320): error TS1127: Invalid character.
.next/dev/types/cache-life.d.ts(1,4321): error TS1127: Invalid character.
.next/dev/types/cache-life.d.ts(1,4322): error TS1127: Invalid character.
.next/dev/types/cache-life.d.ts(1,4323): error TS1127: Invalid character.
.next/dev/types/cache-life.d.ts(1,4324): error TS1127: Invalid character.
.next/dev/types/cache-life.d.ts(1,4325): error TS1127: Invalid character.
.next/dev/types/cache-life.d.ts(1,4326): error TS1127: Invalid character.
.next/dev/types/cache-life.d.ts(1,4327): error TS1127: Invalid character.
.next/dev/types/cache-life.d.ts(1,4328): error TS1127: Invalid character.
.next/dev/types/cache-life.d.ts(1,4329): error TS1127: Invalid character.
.next/dev/types/cache-life.d.ts(1,4330): error TS1127: Invalid character.
.next/dev/types/cache-life.d.ts(1,4331): error TS1127: Invalid character.
.next/dev/types/cache-life.d.ts(1,4332): error TS1127: Invalid character.
.next/dev/types/cache-life.d.ts(1,4333): error TS1127: Invalid character.
.next/dev/types/cache-life.d.ts(1,4334): error TS1127: Invalid character.
.next/dev/types/cache-life.d.ts(1,4335): error TS1127: Invalid character.
.next/dev/types/cache-life.d.ts(1,4336): error TS1127: Invalid character.
.next/dev/types/cache-life.d.ts(1,4337): error TS1127: Invalid character.
.next/dev/types/cache-life.d.ts(1,4338): error TS1127: Invalid character.
.next/dev/types/cache-life.d.ts(1,4339): error TS1127: Invalid character.
.next/dev/types/cache-life.d.ts(1,4340): error TS1127: Invalid character.
.next/dev/types/cache-life.d.ts(1,4341): error TS1127: Invalid character.
.next/dev/types/cache-life.d.ts(1,4342): error TS1127: Invalid character.
.next/dev/types/cache-life.d.ts(1,4343): error TS1127: Invalid character.
.next/dev/types/cache-life.d.ts(1,4344): error TS1127: Invalid character.
.next/dev/types/cache-life.d.ts(1,4345): error TS1127: Invalid character.
.next/dev/types/cache-life.d.ts(1,4346): error TS1127: Invalid character.
.next/dev/types/cache-life.d.ts(1,4347): error TS1127: Invalid character.
.next/dev/types/cache-life.d.ts(1,4348): error TS1127: Invalid character.
.next/dev/types/cache-life.d.ts(1,4349): error TS1127: Invalid character.
.next/dev/types/cache-life.d.ts(1,4350): error TS1127: Invalid character.
.next/dev/types/cache-life.d.ts(1,4351): error TS1127: Invalid character.
.next/dev/types/cache-life.d.ts(1,4352): error TS1127: Invalid character.
.next/dev/types/cache-life.d.ts(1,4353): error TS1127: Invalid character.
.next/dev/types/cache-life.d.ts(1,4354): error TS1127: Invalid character.
.next/dev/types/cache-life.d.ts(1,4355): error TS1127: Invalid character.
.next/dev/types/cache-life.d.ts(1,4356): error TS1127: Invalid character.
.next/dev/types/cache-life.d.ts(1,4357): error TS1127: Invalid character.
.next/dev/types/cache-life.d.ts(1,4358): error TS1127: Invalid character.
.next/dev/types/cache-life.d.ts(1,4359): error TS1127: Invalid character.
.next/dev/types/cache-life.d.ts(1,4360): error TS1127: Invalid character.
.next/dev/types/cache-life.d.ts(1,4361): error TS1127: Invalid character.
.next/dev/types/cache-life.d.ts(1,4362): error TS1127: Invalid character.
.next/dev/types/cache-life.d.ts(1,4363): error TS1127: Invalid character.
.next/dev/types/cache-life.d.ts(1,4364): error TS1127: Invalid character.
.next/dev/types/cache-life.d.ts(1,4365): error TS1127: Invalid character.
.next/dev/types/cache-life.d.ts(1,4366): error TS1127: Invalid character.
.next/dev/types/cache-life.d.ts(1,4367): error TS1127: Invalid character.
.next/dev/types/cache-life.d.ts(1,4368): error TS1127: Invalid character.
.next/dev/types/cache-life.d.ts(1,4369): error TS1127: Invalid character.
.next/dev/types/cache-life.d.ts(1,4370): error TS1127: Invalid character.
.next/dev/types/cache-life.d.ts(1,4371): error TS1127: Invalid character.
.next/dev/types/cache-life.d.ts(1,4372): error TS1127: Invalid character.
.next/dev/types/cache-life.d.ts(1,4373): error TS1127: Invalid character.
.next/dev/types/cache-life.d.ts(1,4374): error TS1127: Invalid character.
.next/dev/types/cache-life.d.ts(1,4375): error TS1127: Invalid character.
.next/dev/types/cache-life.d.ts(1,4376): error TS1127: Invalid character.
.next/dev/types/cache-life.d.ts(1,4377): error TS1127: Invalid character.
.next/dev/types/cache-life.d.ts(1,4378): error TS1127: Invalid character.
.next/dev/types/cache-life.d.ts(1,4379): error TS1127: Invalid character.
.next/dev/types/cache-life.d.ts(1,4380): error TS1127: Invalid character.
.next/dev/types/cache-life.d.ts(1,4381): error TS1127: Invalid character.
.next/dev/types/cache-life.d.ts(1,4382): error TS1127: Invalid character.
.next/dev/types/cache-life.d.ts(1,4383): error TS1127: Invalid character.
.next/dev/types/cache-life.d.ts(1,4384): error TS1127: Invalid character.
.next/dev/types/cache-life.d.ts(1,4385): error TS1127: Invalid character.
.next/dev/types/cache-life.d.ts(1,4386): error TS1127: Invalid character.
.next/dev/types/cache-life.d.ts(1,4387): error TS1127: Invalid character.
.next/dev/types/cache-life.d.ts(1,4388): error TS1127: Invalid character.
.next/dev/types/cache-life.d.ts(1,4389): error TS1127: Invalid character.
.next/dev/types/cache-life.d.ts(1,4390): error TS1127: Invalid character.
.next/dev/types/cache-life.d.ts(1,4391): error TS1127: Invalid character.
.next/dev/types/cache-life.d.ts(1,4392): error TS1127: Invalid character.
.next/dev/types/cache-life.d.ts(1,4393): error TS1127: Invalid character.
.next/dev/types/cache-life.d.ts(1,4394): error TS1127: Invalid character.
.next/dev/types/cache-life.d.ts(1,4395): error TS1127: Invalid character.
.next/dev/types/cache-life.d.ts(1,4396): error TS1127: Invalid character.
.next/dev/types/cache-life.d.ts(1,4397): error TS1127: Invalid character.
.next/dev/types/cache-life.d.ts(1,4398): error TS1127: Invalid character.
.next/dev/types/cache-life.d.ts(1,4399): error TS1127: Invalid character.
.next/dev/types/cache-life.d.ts(1,4400): error TS1127: Invalid character.
.next/dev/types/cache-life.d.ts(1,4401): error TS1127: Invalid character.
.next/dev/types/cache-life.d.ts(1,4402): error TS1127: Invalid character.
.next/dev/types/cache-life.d.ts(1,4403): error TS1127: Invalid character.
.next/dev/types/cache-life.d.ts(1,4404): error TS1127: Invalid character.
.next/dev/types/cache-life.d.ts(1,4405): error TS1127: Invalid character.
.next/dev/types/cache-life.d.ts(1,4406): error TS1127: Invalid character.
.next/dev/types/cache-life.d.ts(1,4407): error TS1127: Invalid character.
.next/dev/types/cache-life.d.ts(1,4408): error TS1127: Invalid character.
.next/dev/types/cache-life.d.ts(1,4409): error TS1127: Invalid character.
.next/dev/types/cache-life.d.ts(1,4410): error TS1127: Invalid character.
.next/dev/types/cache-life.d.ts(1,4411): error TS1127: Invalid character.
.next/dev/types/cache-life.d.ts(1,4412): error TS1127: Invalid character.
.next/dev/types/cache-life.d.ts(1,4413): error TS1127: Invalid character.
.next/dev/types/cache-life.d.ts(1,4414): error TS1127: Invalid character.
.next/dev/types/cache-life.d.ts(1,4415): error TS1127: Invalid character.
.next/dev/types/cache-life.d.ts(1,4416): error TS1127: Invalid character.
.next/dev/types/cache-life.d.ts(1,4417): error TS1127: Invalid character.
.next/dev/types/cache-life.d.ts(1,4418): error TS1127: Invalid character.
.next/dev/types/cache-life.d.ts(1,4419): error TS1127: Invalid character.
.next/dev/types/cache-life.d.ts(1,4420): error TS1127: Invalid character.
.next/dev/types/cache-life.d.ts(1,4421): error TS1127: Invalid character.
.next/dev/types/cache-life.d.ts(1,4422): error TS1127: Invalid character.
.next/dev/types/cache-life.d.ts(1,4423): error TS1127: Invalid character.
.next/dev/types/cache-life.d.ts(1,4424): error TS1127: Invalid character.
.next/dev/types/cache-life.d.ts(1,4425): error TS1127: Invalid character.
.next/dev/types/cache-life.d.ts(1,4426): error TS1127: Invalid character.
.next/dev/types/cache-life.d.ts(1,4427): error TS1127: Invalid character.
.next/dev/types/cache-life.d.ts(1,4428): error TS1127: Invalid character.
.next/dev/types/cache-life.d.ts(1,4429): error TS1127: Invalid character.
.next/dev/types/cache-life.d.ts(1,4430): error TS1127: Invalid character.
.next/dev/types/cache-life.d.ts(1,4431): error TS1127: Invalid character.
.next/dev/types/cache-life.d.ts(1,4432): error TS1127: Invalid character.
.next/dev/types/cache-life.d.ts(1,4433): error TS1127: Invalid character.
.next/dev/types/cache-life.d.ts(1,4434): error TS1127: Invalid character.
.next/dev/types/cache-life.d.ts(1,4435): error TS1127: Invalid character.
.next/dev/types/cache-life.d.ts(1,4436): error TS1127: Invalid character.
.next/dev/types/cache-life.d.ts(1,4437): error TS1127: Invalid character.
.next/dev/types/cache-life.d.ts(1,4438): error TS1127: Invalid character.
.next/dev/types/cache-life.d.ts(1,4439): error TS1127: Invalid character.
.next/dev/types/cache-life.d.ts(1,4440): error TS1127: Invalid character.
.next/dev/types/cache-life.d.ts(1,4441): error TS1127: Invalid character.
.next/dev/types/cache-life.d.ts(1,4442): error TS1127: Invalid character.
.next/dev/types/cache-life.d.ts(1,4443): error TS1127: Invalid character.
.next/dev/types/cache-life.d.ts(1,4444): error TS1127: Invalid character.
.next/dev/types/cache-life.d.ts(1,4445): error TS1127: Invalid character.
.next/dev/types/cache-life.d.ts(1,4446): error TS1127: Invalid character.
.next/dev/types/cache-life.d.ts(1,4447): error TS1127: Invalid character.
.next/dev/types/cache-life.d.ts(1,4448): error TS1127: Invalid character.
.next/dev/types/cache-life.d.ts(1,4449): error TS1127: Invalid character.
.next/dev/types/cache-life.d.ts(1,4450): error TS1127: Invalid character.
.next/dev/types/cache-life.d.ts(1,4451): error TS1127: Invalid character.
.next/dev/types/cache-life.d.ts(1,4452): error TS1127: Invalid character.
.next/dev/types/cache-life.d.ts(1,4453): error TS1127: Invalid character.
.next/dev/types/cache-life.d.ts(1,4454): error TS1127: Invalid character.
.next/dev/types/cache-life.d.ts(1,4455): error TS1127: Invalid character.
.next/dev/types/cache-life.d.ts(1,4456): error TS1127: Invalid character.
.next/dev/types/cache-life.d.ts(1,4457): error TS1127: Invalid character.
.next/dev/types/cache-life.d.ts(1,4458): error TS1127: Invalid character.
.next/dev/types/cache-life.d.ts(1,4459): error TS1127: Invalid character.
.next/dev/types/cache-life.d.ts(1,4460): error TS1127: Invalid character.
.next/dev/types/cache-life.d.ts(1,4461): error TS1127: Invalid character.
.next/dev/types/cache-life.d.ts(1,4462): error TS1127: Invalid character.
.next/dev/types/cache-life.d.ts(1,4463): error TS1127: Invalid character.
.next/dev/types/cache-life.d.ts(1,4464): error TS1127: Invalid character.
.next/dev/types/cache-life.d.ts(1,4465): error TS1127: Invalid character.
.next/dev/types/cache-life.d.ts(1,4466): error TS1127: Invalid character.
.next/dev/types/cache-life.d.ts(1,4467): error TS1127: Invalid character.
.next/dev/types/cache-life.d.ts(1,4468): error TS1127: Invalid character.
.next/dev/types/cache-life.d.ts(1,4469): error TS1127: Invalid character.
.next/dev/types/cache-life.d.ts(1,4470): error TS1127: Invalid character.
.next/dev/types/cache-life.d.ts(1,4471): error TS1127: Invalid character.
.next/dev/types/cache-life.d.ts(1,4472): error TS1127: Invalid character.
.next/dev/types/cache-life.d.ts(1,4473): error TS1127: Invalid character.
.next/dev/types/cache-life.d.ts(1,4474): error TS1127: Invalid character.
.next/dev/types/cache-life.d.ts(1,4475): error TS1127: Invalid character.
.next/dev/types/cache-life.d.ts(1,4476): error TS1127: Invalid character.
.next/dev/types/cache-life.d.ts(1,4477): error TS1127: Invalid character.
.next/dev/types/cache-life.d.ts(1,4478): error TS1127: Invalid character.
.next/dev/types/cache-life.d.ts(1,4479): error TS1127: Invalid character.
.next/dev/types/cache-life.d.ts(1,4480): error TS1127: Invalid character.
.next/dev/types/cache-life.d.ts(1,4481): error TS1127: Invalid character.
.next/dev/types/cache-life.d.ts(1,4482): error TS1127: Invalid character.
.next/dev/types/cache-life.d.ts(1,4483): error TS1127: Invalid character.
.next/dev/types/cache-life.d.ts(1,4484): error TS1127: Invalid character.
.next/dev/types/cache-life.d.ts(1,4485): error TS1127: Invalid character.
.next/dev/types/cache-life.d.ts(1,4486): error TS1127: Invalid character.
.next/dev/types/cache-life.d.ts(1,4487): error TS1127: Invalid character.
.next/dev/types/cache-life.d.ts(1,4488): error TS1127: Invalid character.
.next/dev/types/cache-life.d.ts(1,4489): error TS1127: Invalid character.
.next/dev/types/cache-life.d.ts(1,4490): error TS1127: Invalid character.
.next/dev/types/cache-life.d.ts(1,4491): error TS1127: Invalid character.
.next/dev/types/cache-life.d.ts(1,4492): error TS1127: Invalid character.
.next/dev/types/cache-life.d.ts(1,4493): error TS1127: Invalid character.
.next/dev/types/cache-life.d.ts(1,4494): error TS1127: Invalid character.
.next/dev/types/cache-life.d.ts(1,4495): error TS1127: Invalid character.
.next/dev/types/cache-life.d.ts(1,4496): error TS1127: Invalid character.
.next/dev/types/cache-life.d.ts(1,4497): error TS1127: Invalid character.
.next/dev/types/cache-life.d.ts(1,4498): error TS1127: Invalid character.
.next/dev/types/cache-life.d.ts(1,4499): error TS1127: Invalid character.
.next/dev/types/cache-life.d.ts(1,4500): error TS1127: Invalid character.
.next/dev/types/cache-life.d.ts(1,4501): error TS1127: Invalid character.
.next/dev/types/cache-life.d.ts(1,4502): error TS1127: Invalid character.
.next/dev/types/cache-life.d.ts(1,4503): error TS1127: Invalid character.
.next/dev/types/cache-life.d.ts(1,4504): error TS1127: Invalid character.
.next/dev/types/cache-life.d.ts(1,4505): error TS1127: Invalid character.
.next/dev/types/cache-life.d.ts(1,4506): error TS1127: Invalid character.
.next/dev/types/cache-life.d.ts(1,4507): error TS1127: Invalid character.
.next/dev/types/cache-life.d.ts(1,4508): error TS1127: Invalid character.
.next/dev/types/cache-life.d.ts(1,4509): error TS1127: Invalid character.
.next/dev/types/cache-life.d.ts(1,4510): error TS1127: Invalid character.
.next/dev/types/cache-life.d.ts(1,4511): error TS1127: Invalid character.
.next/dev/types/cache-life.d.ts(1,4512): error TS1127: Invalid character.
.next/dev/types/cache-life.d.ts(1,4513): error TS1127: Invalid character.
.next/dev/types/cache-life.d.ts(1,4514): error TS1127: Invalid character.
.next/dev/types/cache-life.d.ts(1,4515): error TS1127: Invalid character.
.next/dev/types/cache-life.d.ts(1,4516): error TS1127: Invalid character.
.next/dev/types/cache-life.d.ts(1,4517): error TS1127: Invalid character.
.next/dev/types/cache-life.d.ts(1,4518): error TS1127: Invalid character.
.next/dev/types/cache-life.d.ts(1,4519): error TS1127: Invalid character.
.next/dev/types/cache-life.d.ts(1,4520): error TS1127: Invalid character.
.next/dev/types/cache-life.d.ts(1,4521): error TS1127: Invalid character.
.next/dev/types/cache-life.d.ts(1,4522): error TS1127: Invalid character.
.next/dev/types/cache-life.d.ts(1,4523): error TS1127: Invalid character.
.next/dev/types/cache-life.d.ts(1,4524): error TS1127: Invalid character.
.next/dev/types/cache-life.d.ts(1,4525): error TS1127: Invalid character.
.next/dev/types/cache-life.d.ts(1,4526): error TS1127: Invalid character.
.next/dev/types/cache-life.d.ts(1,4527): error TS1127: Invalid character.
.next/dev/types/cache-life.d.ts(1,4528): error TS1127: Invalid character.
.next/dev/types/cache-life.d.ts(1,4529): error TS1127: Invalid character.
.next/dev/types/cache-life.d.ts(1,4530): error TS1127: Invalid character.
.next/dev/types/cache-life.d.ts(1,4531): error TS1127: Invalid character.
.next/dev/types/cache-life.d.ts(1,4532): error TS1127: Invalid character.
.next/dev/types/cache-life.d.ts(1,4533): error TS1127: Invalid character.
.next/dev/types/cache-life.d.ts(1,4534): error TS1127: Invalid character.
.next/dev/types/cache-life.d.ts(1,4535): error TS1127: Invalid character.
.next/dev/types/cache-life.d.ts(1,4536): error TS1127: Invalid character.
.next/dev/types/cache-life.d.ts(1,4537): error TS1127: Invalid character.
.next/dev/types/cache-life.d.ts(1,4538): error TS1127: Invalid character.
.next/dev/types/cache-life.d.ts(1,4539): error TS1127: Invalid character.
.next/dev/types/cache-life.d.ts(1,4540): error TS1127: Invalid character.
.next/dev/types/cache-life.d.ts(1,4541): error TS1127: Invalid character.
.next/dev/types/cache-life.d.ts(1,4542): error TS1127: Invalid character.
.next/dev/types/cache-life.d.ts(1,4543): error TS1127: Invalid character.
.next/dev/types/cache-life.d.ts(1,4544): error TS1127: Invalid character.
.next/dev/types/cache-life.d.ts(1,4545): error TS1127: Invalid character.
.next/dev/types/cache-life.d.ts(1,4546): error TS1127: Invalid character.
.next/dev/types/cache-life.d.ts(1,4547): error TS1127: Invalid character.
.next/dev/types/cache-life.d.ts(1,4548): error TS1127: Invalid character.
.next/dev/types/cache-life.d.ts(1,4549): error TS1127: Invalid character.
.next/dev/types/cache-life.d.ts(1,4550): error TS1127: Invalid character.
.next/dev/types/cache-life.d.ts(1,4551): error TS1127: Invalid character.
.next/dev/types/cache-life.d.ts(1,4552): error TS1127: Invalid character.
.next/dev/types/cache-life.d.ts(1,4553): error TS1127: Invalid character.
.next/dev/types/cache-life.d.ts(1,4554): error TS1127: Invalid character.
.next/dev/types/cache-life.d.ts(1,4555): error TS1127: Invalid character.
.next/dev/types/cache-life.d.ts(1,4556): error TS1127: Invalid character.
.next/dev/types/cache-life.d.ts(1,4557): error TS1127: Invalid character.
.next/dev/types/cache-life.d.ts(1,4558): error TS1127: Invalid character.
.next/dev/types/cache-life.d.ts(1,4559): error TS1127: Invalid character.
.next/dev/types/cache-life.d.ts(1,4560): error TS1127: Invalid character.
.next/dev/types/cache-life.d.ts(1,4561): error TS1127: Invalid character.
.next/dev/types/cache-life.d.ts(1,4562): error TS1127: Invalid character.
.next/dev/types/cache-life.d.ts(1,4563): error TS1127: Invalid character.
.next/dev/types/cache-life.d.ts(1,4564): error TS1127: Invalid character.
.next/dev/types/cache-life.d.ts(1,4565): error TS1127: Invalid character.
.next/dev/types/cache-life.d.ts(1,4566): error TS1127: Invalid character.
.next/dev/types/cache-life.d.ts(1,4567): error TS1127: Invalid character.
.next/dev/types/cache-life.d.ts(1,4568): error TS1127: Invalid character.
.next/dev/types/cache-life.d.ts(1,4569): error TS1127: Invalid character.
.next/dev/types/cache-life.d.ts(1,4570): error TS1127: Invalid character.
.next/dev/types/cache-life.d.ts(1,4571): error TS1127: Invalid character.
.next/dev/types/cache-life.d.ts(1,4572): error TS1127: Invalid character.
.next/dev/types/cache-life.d.ts(1,4573): error TS1127: Invalid character.
.next/dev/types/cache-life.d.ts(1,4574): error TS1127: Invalid character.
.next/dev/types/cache-life.d.ts(1,4575): error TS1127: Invalid character.
.next/dev/types/cache-life.d.ts(1,4576): error TS1127: Invalid character.
.next/dev/types/cache-life.d.ts(1,4577): error TS1127: Invalid character.
.next/dev/types/cache-life.d.ts(1,4578): error TS1127: Invalid character.
.next/dev/types/cache-life.d.ts(1,4579): error TS1127: Invalid character.
.next/dev/types/cache-life.d.ts(1,4580): error TS1127: Invalid character.
.next/dev/types/cache-life.d.ts(1,4581): error TS1127: Invalid character.
.next/dev/types/cache-life.d.ts(1,4582): error TS1127: Invalid character.
.next/dev/types/cache-life.d.ts(1,4583): error TS1127: Invalid character.
.next/dev/types/cache-life.d.ts(1,4584): error TS1127: Invalid character.
.next/dev/types/cache-life.d.ts(1,4585): error TS1127: Invalid character.
.next/dev/types/cache-life.d.ts(1,4586): error TS1127: Invalid character.
.next/dev/types/cache-life.d.ts(1,4587): error TS1127: Invalid character.
.next/dev/types/cache-life.d.ts(1,4588): error TS1127: Invalid character.
.next/dev/types/cache-life.d.ts(1,4589): error TS1127: Invalid character.
.next/dev/types/cache-life.d.ts(1,4590): error TS1127: Invalid character.
.next/dev/types/cache-life.d.ts(1,4591): error TS1127: Invalid character.
.next/dev/types/cache-life.d.ts(1,4592): error TS1127: Invalid character.
.next/dev/types/cache-life.d.ts(1,4593): error TS1127: Invalid character.
.next/dev/types/cache-life.d.ts(1,4594): error TS1127: Invalid character.
.next/dev/types/cache-life.d.ts(1,4595): error TS1127: Invalid character.
.next/dev/types/cache-life.d.ts(1,4596): error TS1127: Invalid character.
.next/dev/types/cache-life.d.ts(1,4597): error TS1127: Invalid character.
.next/dev/types/cache-life.d.ts(1,4598): error TS1127: Invalid character.
.next/dev/types/cache-life.d.ts(1,4599): error TS1127: Invalid character.
.next/dev/types/cache-life.d.ts(1,4600): error TS1127: Invalid character.
.next/dev/types/cache-life.d.ts(1,4601): error TS1127: Invalid character.
.next/dev/types/cache-life.d.ts(1,4602): error TS1127: Invalid character.
.next/dev/types/cache-life.d.ts(1,4603): error TS1127: Invalid character.
.next/dev/types/cache-life.d.ts(1,4604): error TS1127: Invalid character.
.next/dev/types/cache-life.d.ts(1,4605): error TS1127: Invalid character.
.next/dev/types/cache-life.d.ts(1,4606): error TS1127: Invalid character.
.next/dev/types/cache-life.d.ts(1,4607): error TS1127: Invalid character.
.next/dev/types/cache-life.d.ts(1,4608): error TS1127: Invalid character.
.next/dev/types/cache-life.d.ts(1,4609): error TS1127: Invalid character.
.next/dev/types/cache-life.d.ts(1,4610): error TS1127: Invalid character.
.next/dev/types/cache-life.d.ts(1,4611): error TS1127: Invalid character.
.next/dev/types/cache-life.d.ts(1,4612): error TS1127: Invalid character.
.next/dev/types/cache-life.d.ts(1,4613): error TS1127: Invalid character.
.next/dev/types/cache-life.d.ts(1,4614): error TS1127: Invalid character.
.next/dev/types/cache-life.d.ts(1,4615): error TS1127: Invalid character.
.next/dev/types/cache-life.d.ts(1,4616): error TS1127: Invalid character.
.next/dev/types/cache-life.d.ts(1,4617): error TS1127: Invalid character.
.next/dev/types/cache-life.d.ts(1,4618): error TS1127: Invalid character.
.next/dev/types/cache-life.d.ts(1,4619): error TS1127: Invalid character.
.next/dev/types/cache-life.d.ts(1,4620): error TS1127: Invalid character.
.next/dev/types/cache-life.d.ts(1,4621): error TS1127: Invalid character.
.next/dev/types/cache-life.d.ts(1,4622): error TS1127: Invalid character.
.next/dev/types/cache-life.d.ts(1,4623): error TS1127: Invalid character.
.next/dev/types/cache-life.d.ts(1,4624): error TS1127: Invalid character.
.next/dev/types/cache-life.d.ts(1,4625): error TS1127: Invalid character.
.next/dev/types/cache-life.d.ts(1,4626): error TS1127: Invalid character.
.next/dev/types/cache-life.d.ts(1,4627): error TS1127: Invalid character.
.next/dev/types/cache-life.d.ts(1,4628): error TS1127: Invalid character.
.next/dev/types/cache-life.d.ts(1,4629): error TS1127: Invalid character.
.next/dev/types/cache-life.d.ts(1,4630): error TS1127: Invalid character.
.next/dev/types/cache-life.d.ts(1,4631): error TS1127: Invalid character.
.next/dev/types/cache-life.d.ts(1,4632): error TS1127: Invalid character.
.next/dev/types/cache-life.d.ts(1,4633): error TS1127: Invalid character.
.next/dev/types/cache-life.d.ts(1,4634): error TS1127: Invalid character.
.next/dev/types/cache-life.d.ts(1,4635): error TS1127: Invalid character.
.next/dev/types/cache-life.d.ts(1,4636): error TS1127: Invalid character.
.next/dev/types/cache-life.d.ts(1,4637): error TS1127: Invalid character.
.next/dev/types/cache-life.d.ts(1,4638): error TS1127: Invalid character.
.next/dev/types/cache-life.d.ts(1,4639): error TS1127: Invalid character.
.next/dev/types/cache-life.d.ts(1,4640): error TS1127: Invalid character.
.next/dev/types/cache-life.d.ts(1,4641): error TS1127: Invalid character.
.next/dev/types/cache-life.d.ts(1,4642): error TS1127: Invalid character.
.next/dev/types/cache-life.d.ts(1,4643): error TS1127: Invalid character.
.next/dev/types/cache-life.d.ts(1,4644): error TS1127: Invalid character.
.next/dev/types/cache-life.d.ts(1,4645): error TS1127: Invalid character.
.next/dev/types/cache-life.d.ts(1,4646): error TS1127: Invalid character.
.next/dev/types/cache-life.d.ts(1,4647): error TS1127: Invalid character.
.next/dev/types/cache-life.d.ts(1,4648): error TS1127: Invalid character.
.next/dev/types/cache-life.d.ts(1,4649): error TS1127: Invalid character.
.next/dev/types/cache-life.d.ts(1,4650): error TS1127: Invalid character.
.next/dev/types/cache-life.d.ts(1,4651): error TS1127: Invalid character.
.next/dev/types/cache-life.d.ts(1,4652): error TS1127: Invalid character.
.next/dev/types/cache-life.d.ts(1,4653): error TS1127: Invalid character.
.next/dev/types/cache-life.d.ts(1,4654): error TS1127: Invalid character.
.next/dev/types/cache-life.d.ts(1,4655): error TS1127: Invalid character.
.next/dev/types/cache-life.d.ts(1,4656): error TS1127: Invalid character.
.next/dev/types/cache-life.d.ts(1,4657): error TS1127: Invalid character.
.next/dev/types/cache-life.d.ts(1,4658): error TS1127: Invalid character.
.next/dev/types/cache-life.d.ts(1,4659): error TS1127: Invalid character.
.next/dev/types/cache-life.d.ts(1,4660): error TS1127: Invalid character.
.next/dev/types/cache-life.d.ts(1,4661): error TS1127: Invalid character.
.next/dev/types/cache-life.d.ts(1,4662): error TS1127: Invalid character.
.next/dev/types/cache-life.d.ts(1,4663): error TS1127: Invalid character.
.next/dev/types/cache-life.d.ts(1,4664): error TS1127: Invalid character.
.next/dev/types/cache-life.d.ts(1,4665): error TS1127: Invalid character.
.next/dev/types/cache-life.d.ts(1,4666): error TS1127: Invalid character.
.next/dev/types/cache-life.d.ts(1,4667): error TS1127: Invalid character.
.next/dev/types/cache-life.d.ts(1,4668): error TS1127: Invalid character.
.next/dev/types/cache-life.d.ts(1,4669): error TS1127: Invalid character.
.next/dev/types/cache-life.d.ts(1,4670): error TS1127: Invalid character.
.next/dev/types/cache-life.d.ts(1,4671): error TS1127: Invalid character.
.next/dev/types/cache-life.d.ts(1,4672): error TS1127: Invalid character.
.next/dev/types/cache-life.d.ts(1,4673): error TS1127: Invalid character.
.next/dev/types/cache-life.d.ts(1,4674): error TS1127: Invalid character.
.next/dev/types/cache-life.d.ts(1,4675): error TS1127: Invalid character.
.next/dev/types/cache-life.d.ts(1,4676): error TS1127: Invalid character.
.next/dev/types/cache-life.d.ts(1,4677): error TS1127: Invalid character.
.next/dev/types/cache-life.d.ts(1,4678): error TS1127: Invalid character.
.next/dev/types/cache-life.d.ts(1,4679): error TS1127: Invalid character.
.next/dev/types/cache-life.d.ts(1,4680): error TS1127: Invalid character.
.next/dev/types/cache-life.d.ts(1,4681): error TS1127: Invalid character.
.next/dev/types/cache-life.d.ts(1,4682): error TS1127: Invalid character.
.next/dev/types/cache-life.d.ts(1,4683): error TS1127: Invalid character.
.next/dev/types/cache-life.d.ts(1,4684): error TS1127: Invalid character.
.next/dev/types/cache-life.d.ts(1,4685): error TS1127: Invalid character.
.next/dev/types/cache-life.d.ts(1,4686): error TS1127: Invalid character.
.next/dev/types/cache-life.d.ts(1,4687): error TS1127: Invalid character.
.next/dev/types/cache-life.d.ts(1,4688): error TS1127: Invalid character.
.next/dev/types/cache-life.d.ts(1,4689): error TS1127: Invalid character.
.next/dev/types/cache-life.d.ts(1,4690): error TS1127: Invalid character.
.next/dev/types/cache-life.d.ts(1,4691): error TS1127: Invalid character.
.next/dev/types/cache-life.d.ts(1,4692): error TS1127: Invalid character.
.next/dev/types/cache-life.d.ts(1,4693): error TS1127: Invalid character.
.next/dev/types/cache-life.d.ts(1,4694): error TS1127: Invalid character.
.next/dev/types/cache-life.d.ts(1,4695): error TS1127: Invalid character.
.next/dev/types/cache-life.d.ts(1,4696): error TS1127: Invalid character.
.next/dev/types/cache-life.d.ts(1,4697): error TS1127: Invalid character.
.next/dev/types/cache-life.d.ts(1,4698): error TS1127: Invalid character.
.next/dev/types/cache-life.d.ts(1,4699): error TS1127: Invalid character.
.next/dev/types/cache-life.d.ts(1,4700): error TS1127: Invalid character.
.next/dev/types/cache-life.d.ts(1,4701): error TS1127: Invalid character.
.next/dev/types/cache-life.d.ts(1,4702): error TS1127: Invalid character.
.next/dev/types/cache-life.d.ts(1,4703): error TS1127: Invalid character.
.next/dev/types/cache-life.d.ts(1,4704): error TS1127: Invalid character.
.next/dev/types/cache-life.d.ts(1,4705): error TS1127: Invalid character.
.next/dev/types/cache-life.d.ts(1,4706): error TS1127: Invalid character.
.next/dev/types/cache-life.d.ts(1,4707): error TS1127: Invalid character.
.next/dev/types/cache-life.d.ts(1,4708): error TS1127: Invalid character.
.next/dev/types/cache-life.d.ts(1,4709): error TS1127: Invalid character.
.next/dev/types/cache-life.d.ts(1,4710): error TS1127: Invalid character.
.next/dev/types/cache-life.d.ts(1,4711): error TS1127: Invalid character.
.next/dev/types/cache-life.d.ts(1,4712): error TS1127: Invalid character.
.next/dev/types/cache-life.d.ts(1,4713): error TS1127: Invalid character.
.next/dev/types/cache-life.d.ts(1,4714): error TS1127: Invalid character.
.next/dev/types/cache-life.d.ts(1,4715): error TS1127: Invalid character.
.next/dev/types/cache-life.d.ts(1,4716): error TS1127: Invalid character.
.next/dev/types/cache-life.d.ts(1,4717): error TS1127: Invalid character.
.next/dev/types/cache-life.d.ts(1,4718): error TS1127: Invalid character.
.next/dev/types/cache-life.d.ts(1,4719): error TS1127: Invalid character.
.next/dev/types/cache-life.d.ts(1,4720): error TS1127: Invalid character.
.next/dev/types/cache-life.d.ts(1,4721): error TS1127: Invalid character.
.next/dev/types/cache-life.d.ts(1,4722): error TS1127: Invalid character.
.next/dev/types/cache-life.d.ts(1,4723): error TS1127: Invalid character.
.next/dev/types/cache-life.d.ts(1,4724): error TS1127: Invalid character.
.next/dev/types/cache-life.d.ts(1,4725): error TS1127: Invalid character.
.next/dev/types/cache-life.d.ts(1,4726): error TS1127: Invalid character.
.next/dev/types/cache-life.d.ts(1,4727): error TS1127: Invalid character.
.next/dev/types/cache-life.d.ts(1,4728): error TS1127: Invalid character.
.next/dev/types/cache-life.d.ts(1,4729): error TS1127: Invalid character.
.next/dev/types/cache-life.d.ts(1,4730): error TS1127: Invalid character.
.next/dev/types/cache-life.d.ts(1,4731): error TS1127: Invalid character.
.next/dev/types/cache-life.d.ts(1,4732): error TS1127: Invalid character.
.next/dev/types/cache-life.d.ts(1,4733): error TS1127: Invalid character.
.next/dev/types/cache-life.d.ts(1,4734): error TS1127: Invalid character.
.next/dev/types/cache-life.d.ts(1,4735): error TS1127: Invalid character.
.next/dev/types/cache-life.d.ts(1,4736): error TS1127: Invalid character.
.next/dev/types/cache-life.d.ts(1,4737): error TS1127: Invalid character.
.next/dev/types/cache-life.d.ts(1,4738): error TS1127: Invalid character.
.next/dev/types/cache-life.d.ts(1,4739): error TS1127: Invalid character.
.next/dev/types/cache-life.d.ts(1,4740): error TS1127: Invalid character.
.next/dev/types/cache-life.d.ts(1,4741): error TS1127: Invalid character.
.next/dev/types/cache-life.d.ts(1,4742): error TS1127: Invalid character.
.next/dev/types/cache-life.d.ts(1,4743): error TS1127: Invalid character.
.next/dev/types/cache-life.d.ts(1,4744): error TS1127: Invalid character.
.next/dev/types/cache-life.d.ts(1,4745): error TS1127: Invalid character.
.next/dev/types/cache-life.d.ts(1,4746): error TS1127: Invalid character.
.next/dev/types/cache-life.d.ts(1,4747): error TS1127: Invalid character.
.next/dev/types/cache-life.d.ts(1,4748): error TS1127: Invalid character.
.next/dev/types/cache-life.d.ts(1,4749): error TS1127: Invalid character.
.next/dev/types/cache-life.d.ts(1,4750): error TS1127: Invalid character.
.next/dev/types/cache-life.d.ts(1,4751): error TS1127: Invalid character.
.next/dev/types/cache-life.d.ts(1,4752): error TS1127: Invalid character.
.next/dev/types/cache-life.d.ts(1,4753): error TS1127: Invalid character.
.next/dev/types/cache-life.d.ts(1,4754): error TS1127: Invalid character.
.next/dev/types/cache-life.d.ts(1,4755): error TS1127: Invalid character.
.next/dev/types/cache-life.d.ts(1,4756): error TS1127: Invalid character.
.next/dev/types/cache-life.d.ts(1,4757): error TS1127: Invalid character.
.next/dev/types/cache-life.d.ts(1,4758): error TS1127: Invalid character.
.next/dev/types/cache-life.d.ts(1,4759): error TS1127: Invalid character.
.next/dev/types/cache-life.d.ts(1,4760): error TS1127: Invalid character.
.next/dev/types/cache-life.d.ts(1,4761): error TS1127: Invalid character.
.next/dev/types/cache-life.d.ts(1,4762): error TS1127: Invalid character.
.next/dev/types/cache-life.d.ts(1,4763): error TS1127: Invalid character.
.next/dev/types/cache-life.d.ts(1,4764): error TS1127: Invalid character.
.next/dev/types/cache-life.d.ts(1,4765): error TS1127: Invalid character.
.next/dev/types/cache-life.d.ts(1,4766): error TS1127: Invalid character.
.next/dev/types/cache-life.d.ts(1,4767): error TS1127: Invalid character.
.next/dev/types/cache-life.d.ts(1,4768): error TS1127: Invalid character.
.next/dev/types/cache-life.d.ts(1,4769): error TS1127: Invalid character.
.next/dev/types/cache-life.d.ts(1,4770): error TS1127: Invalid character.
.next/dev/types/cache-life.d.ts(1,4771): error TS1127: Invalid character.
.next/dev/types/cache-life.d.ts(1,4772): error TS1127: Invalid character.
.next/dev/types/cache-life.d.ts(1,4773): error TS1127: Invalid character.
.next/dev/types/cache-life.d.ts(1,4774): error TS1127: Invalid character.
.next/dev/types/cache-life.d.ts(1,4775): error TS1127: Invalid character.
.next/dev/types/cache-life.d.ts(1,4776): error TS1127: Invalid character.
.next/dev/types/cache-life.d.ts(1,4777): error TS1127: Invalid character.
.next/dev/types/cache-life.d.ts(1,4778): error TS1127: Invalid character.
.next/dev/types/cache-life.d.ts(1,4779): error TS1127: Invalid character.
.next/dev/types/cache-life.d.ts(1,4780): error TS1127: Invalid character.
.next/dev/types/cache-life.d.ts(1,4781): error TS1127: Invalid character.
.next/dev/types/cache-life.d.ts(1,4782): error TS1127: Invalid character.
.next/dev/types/cache-life.d.ts(1,4783): error TS1127: Invalid character.
.next/dev/types/cache-life.d.ts(1,4784): error TS1127: Invalid character.
.next/dev/types/cache-life.d.ts(1,4785): error TS1127: Invalid character.
.next/dev/types/cache-life.d.ts(1,4786): error TS1127: Invalid character.
.next/dev/types/cache-life.d.ts(1,4787): error TS1127: Invalid character.
.next/dev/types/cache-life.d.ts(1,4788): error TS1127: Invalid character.
.next/dev/types/cache-life.d.ts(1,4789): error TS1127: Invalid character.
.next/dev/types/cache-life.d.ts(1,4790): error TS1127: Invalid character.
.next/dev/types/cache-life.d.ts(1,4791): error TS1127: Invalid character.
.next/dev/types/cache-life.d.ts(1,4792): error TS1127: Invalid character.
.next/dev/types/cache-life.d.ts(1,4793): error TS1127: Invalid character.
.next/dev/types/cache-life.d.ts(1,4794): error TS1127: Invalid character.
.next/dev/types/cache-life.d.ts(1,4795): error TS1127: Invalid character.
.next/dev/types/cache-life.d.ts(1,4796): error TS1127: Invalid character.
.next/dev/types/cache-life.d.ts(1,4797): error TS1127: Invalid character.
.next/dev/types/cache-life.d.ts(1,4798): error TS1127: Invalid character.
.next/dev/types/cache-life.d.ts(1,4799): error TS1127: Invalid character.
.next/dev/types/cache-life.d.ts(1,4800): error TS1127: Invalid character.
.next/dev/types/cache-life.d.ts(1,4801): error TS1127: Invalid character.
.next/dev/types/cache-life.d.ts(1,4802): error TS1127: Invalid character.
.next/dev/types/cache-life.d.ts(1,4803): error TS1127: Invalid character.
.next/dev/types/cache-life.d.ts(1,4804): error TS1127: Invalid character.
.next/dev/types/cache-life.d.ts(1,4805): error TS1127: Invalid character.
.next/dev/types/cache-life.d.ts(1,4806): error TS1127: Invalid character.
.next/dev/types/cache-life.d.ts(1,4807): error TS1127: Invalid character.
.next/dev/types/cache-life.d.ts(1,4808): error TS1127: Invalid character.
.next/dev/types/cache-life.d.ts(1,4809): error TS1127: Invalid character.
.next/dev/types/cache-life.d.ts(1,4810): error TS1127: Invalid character.
.next/dev/types/cache-life.d.ts(1,4811): error TS1127: Invalid character.
.next/dev/types/cache-life.d.ts(1,4812): error TS1127: Invalid character.
.next/dev/types/cache-life.d.ts(1,4813): error TS1127: Invalid character.
.next/dev/types/cache-life.d.ts(1,4814): error TS1127: Invalid character.
.next/dev/types/cache-life.d.ts(1,4815): error TS1127: Invalid character.
.next/dev/types/cache-life.d.ts(1,4816): error TS1127: Invalid character.
.next/dev/types/cache-life.d.ts(1,4817): error TS1127: Invalid character.
.next/dev/types/cache-life.d.ts(1,4818): error TS1127: Invalid character.
.next/dev/types/cache-life.d.ts(1,4819): error TS1127: Invalid character.
.next/dev/types/cache-life.d.ts(1,4820): error TS1127: Invalid character.
.next/dev/types/cache-life.d.ts(1,4821): error TS1127: Invalid character.
.next/dev/types/cache-life.d.ts(1,4822): error TS1127: Invalid character.
.next/dev/types/cache-life.d.ts(1,4823): error TS1127: Invalid character.
.next/dev/types/cache-life.d.ts(1,4824): error TS1127: Invalid character.
.next/dev/types/cache-life.d.ts(1,4825): error TS1127: Invalid character.
.next/dev/types/cache-life.d.ts(1,4826): error TS1127: Invalid character.
.next/dev/types/cache-life.d.ts(1,4827): error TS1127: Invalid character.
.next/dev/types/cache-life.d.ts(1,4828): error TS1127: Invalid character.
.next/dev/types/cache-life.d.ts(1,4829): error TS1127: Invalid character.
.next/dev/types/cache-life.d.ts(1,4830): error TS1127: Invalid character.
.next/dev/types/cache-life.d.ts(1,4831): error TS1127: Invalid character.
.next/dev/types/cache-life.d.ts(1,4832): error TS1127: Invalid character.
.next/dev/types/cache-life.d.ts(1,4833): error TS1127: Invalid character.
.next/dev/types/cache-life.d.ts(1,4834): error TS1127: Invalid character.
.next/dev/types/cache-life.d.ts(1,4835): error TS1127: Invalid character.
.next/dev/types/cache-life.d.ts(1,4836): error TS1127: Invalid character.
.next/dev/types/cache-life.d.ts(1,4837): error TS1127: Invalid character.
.next/dev/types/cache-life.d.ts(1,4838): error TS1127: Invalid character.
.next/dev/types/cache-life.d.ts(1,4839): error TS1127: Invalid character.
.next/dev/types/cache-life.d.ts(1,4840): error TS1127: Invalid character.
.next/dev/types/cache-life.d.ts(1,4841): error TS1127: Invalid character.
.next/dev/types/cache-life.d.ts(1,4842): error TS1127: Invalid character.
.next/dev/types/cache-life.d.ts(1,4843): error TS1127: Invalid character.
.next/dev/types/cache-life.d.ts(1,4844): error TS1127: Invalid character.
.next/dev/types/cache-life.d.ts(1,4845): error TS1127: Invalid character.
.next/dev/types/cache-life.d.ts(1,4846): error TS1127: Invalid character.
.next/dev/types/cache-life.d.ts(1,4847): error TS1127: Invalid character.
.next/dev/types/cache-life.d.ts(1,4848): error TS1127: Invalid character.
.next/dev/types/cache-life.d.ts(1,4849): error TS1127: Invalid character.
.next/dev/types/cache-life.d.ts(1,4850): error TS1127: Invalid character.
.next/dev/types/cache-life.d.ts(1,4851): error TS1127: Invalid character.
.next/dev/types/cache-life.d.ts(1,4852): error TS1127: Invalid character.
.next/dev/types/cache-life.d.ts(1,4853): error TS1127: Invalid character.
.next/dev/types/cache-life.d.ts(1,4854): error TS1127: Invalid character.
.next/dev/types/cache-life.d.ts(1,4855): error TS1127: Invalid character.
.next/dev/types/cache-life.d.ts(1,4856): error TS1127: Invalid character.
.next/dev/types/cache-life.d.ts(1,4857): error TS1127: Invalid character.
.next/dev/types/cache-life.d.ts(1,4858): error TS1127: Invalid character.
.next/dev/types/cache-life.d.ts(1,4859): error TS1127: Invalid character.
.next/dev/types/cache-life.d.ts(1,4860): error TS1127: Invalid character.
.next/dev/types/cache-life.d.ts(1,4861): error TS1127: Invalid character.
.next/dev/types/cache-life.d.ts(1,4862): error TS1127: Invalid character.
.next/dev/types/cache-life.d.ts(1,4863): error TS1127: Invalid character.
.next/dev/types/cache-life.d.ts(1,4864): error TS1127: Invalid character.
.next/dev/types/cache-life.d.ts(1,4865): error TS1127: Invalid character.
.next/dev/types/cache-life.d.ts(1,4866): error TS1127: Invalid character.
.next/dev/types/cache-life.d.ts(1,4867): error TS1127: Invalid character.
.next/dev/types/cache-life.d.ts(1,4868): error TS1127: Invalid character.
.next/dev/types/cache-life.d.ts(1,4869): error TS1127: Invalid character.
.next/dev/types/cache-life.d.ts(1,4870): error TS1127: Invalid character.
.next/dev/types/cache-life.d.ts(1,4871): error TS1127: Invalid character.
.next/dev/types/cache-life.d.ts(1,4872): error TS1127: Invalid character.
.next/dev/types/cache-life.d.ts(1,4873): error TS1127: Invalid character.
.next/dev/types/cache-life.d.ts(1,4874): error TS1127: Invalid character.
.next/dev/types/cache-life.d.ts(1,4875): error TS1127: Invalid character.
.next/dev/types/cache-life.d.ts(1,4876): error TS1127: Invalid character.
.next/dev/types/cache-life.d.ts(1,4877): error TS1127: Invalid character.
.next/dev/types/cache-life.d.ts(1,4878): error TS1127: Invalid character.
.next/dev/types/cache-life.d.ts(1,4879): error TS1127: Invalid character.
.next/dev/types/cache-life.d.ts(1,4880): error TS1127: Invalid character.
.next/dev/types/cache-life.d.ts(1,4881): error TS1127: Invalid character.
.next/dev/types/cache-life.d.ts(1,4882): error TS1127: Invalid character.
.next/dev/types/cache-life.d.ts(1,4883): error TS1127: Invalid character.
.next/dev/types/cache-life.d.ts(1,4884): error TS1127: Invalid character.
.next/dev/types/cache-life.d.ts(1,4885): error TS1127: Invalid character.
.next/dev/types/cache-life.d.ts(1,4886): error TS1127: Invalid character.
.next/dev/types/cache-life.d.ts(1,4887): error TS1127: Invalid character.
.next/dev/types/cache-life.d.ts(1,4888): error TS1127: Invalid character.
.next/dev/types/cache-life.d.ts(1,4889): error TS1127: Invalid character.
.next/dev/types/cache-life.d.ts(1,4890): error TS1127: Invalid character.
.next/dev/types/cache-life.d.ts(1,4891): error TS1127: Invalid character.
.next/dev/types/cache-life.d.ts(1,4892): error TS1127: Invalid character.
.next/dev/types/cache-life.d.ts(1,4893): error TS1127: Invalid character.
.next/dev/types/cache-life.d.ts(1,4894): error TS1127: Invalid character.
.next/dev/types/cache-life.d.ts(1,4895): error TS1127: Invalid character.
.next/dev/types/cache-life.d.ts(1,4896): error TS1127: Invalid character.
.next/dev/types/cache-life.d.ts(1,4897): error TS1127: Invalid character.
.next/dev/types/cache-life.d.ts(1,4898): error TS1127: Invalid character.
.next/dev/types/cache-life.d.ts(1,4899): error TS1127: Invalid character.
.next/dev/types/cache-life.d.ts(1,4900): error TS1127: Invalid character.
.next/dev/types/cache-life.d.ts(1,4901): error TS1127: Invalid character.
.next/dev/types/cache-life.d.ts(1,4902): error TS1127: Invalid character.
.next/dev/types/cache-life.d.ts(1,4903): error TS1127: Invalid character.
.next/dev/types/cache-life.d.ts(1,4904): error TS1127: Invalid character.
.next/dev/types/cache-life.d.ts(1,4905): error TS1127: Invalid character.
.next/dev/types/cache-life.d.ts(1,4906): error TS1127: Invalid character.
.next/dev/types/cache-life.d.ts(1,4907): error TS1127: Invalid character.
.next/dev/types/cache-life.d.ts(1,4908): error TS1127: Invalid character.
.next/dev/types/cache-life.d.ts(1,4909): error TS1127: Invalid character.
.next/dev/types/cache-life.d.ts(1,4910): error TS1127: Invalid character.
.next/dev/types/cache-life.d.ts(1,4911): error TS1127: Invalid character.
.next/dev/types/cache-life.d.ts(1,4912): error TS1127: Invalid character.
.next/dev/types/cache-life.d.ts(1,4913): error TS1127: Invalid character.
.next/dev/types/cache-life.d.ts(1,4914): error TS1127: Invalid character.
.next/dev/types/cache-life.d.ts(1,4915): error TS1127: Invalid character.
.next/dev/types/cache-life.d.ts(1,4916): error TS1127: Invalid character.
.next/dev/types/cache-life.d.ts(1,4917): error TS1127: Invalid character.
.next/dev/types/cache-life.d.ts(1,4918): error TS1127: Invalid character.
.next/dev/types/cache-life.d.ts(1,4919): error TS1127: Invalid character.
.next/dev/types/cache-life.d.ts(1,4920): error TS1127: Invalid character.
.next/dev/types/cache-life.d.ts(1,4921): error TS1127: Invalid character.
.next/dev/types/cache-life.d.ts(1,4922): error TS1127: Invalid character.
.next/dev/types/cache-life.d.ts(1,4923): error TS1127: Invalid character.
.next/dev/types/cache-life.d.ts(1,4924): error TS1127: Invalid character.
.next/dev/types/cache-life.d.ts(1,4925): error TS1127: Invalid character.
.next/dev/types/cache-life.d.ts(1,4926): error TS1127: Invalid character.
.next/dev/types/cache-life.d.ts(1,4927): error TS1127: Invalid character.
.next/dev/types/cache-life.d.ts(1,4928): error TS1127: Invalid character.
.next/dev/types/cache-life.d.ts(1,4929): error TS1127: Invalid character.
.next/dev/types/cache-life.d.ts(1,4930): error TS1127: Invalid character.
.next/dev/types/cache-life.d.ts(1,4931): error TS1127: Invalid character.
.next/dev/types/cache-life.d.ts(1,4932): error TS1127: Invalid character.
.next/dev/types/cache-life.d.ts(1,4933): error TS1127: Invalid character.
.next/dev/types/cache-life.d.ts(1,4934): error TS1127: Invalid character.
.next/dev/types/cache-life.d.ts(1,4935): error TS1127: Invalid character.
.next/dev/types/cache-life.d.ts(1,4936): error TS1127: Invalid character.
.next/dev/types/cache-life.d.ts(1,4937): error TS1127: Invalid character.
.next/dev/types/cache-life.d.ts(1,4938): error TS1127: Invalid character.
.next/dev/types/cache-life.d.ts(1,4939): error TS1127: Invalid character.
.next/dev/types/cache-life.d.ts(1,4940): error TS1127: Invalid character.
.next/dev/types/cache-life.d.ts(1,4941): error TS1127: Invalid character.
.next/dev/types/cache-life.d.ts(1,4942): error TS1127: Invalid character.
.next/dev/types/cache-life.d.ts(1,4943): error TS1127: Invalid character.
.next/dev/types/cache-life.d.ts(1,4944): error TS1127: Invalid character.
.next/dev/types/cache-life.d.ts(1,4945): error TS1127: Invalid character.
.next/dev/types/cache-life.d.ts(1,4946): error TS1127: Invalid character.
.next/dev/types/cache-life.d.ts(1,4947): error TS1127: Invalid character.
.next/dev/types/cache-life.d.ts(1,4948): error TS1127: Invalid character.
.next/dev/types/cache-life.d.ts(1,4949): error TS1127: Invalid character.
.next/dev/types/cache-life.d.ts(1,4950): error TS1127: Invalid character.
.next/dev/types/cache-life.d.ts(1,4951): error TS1127: Invalid character.
.next/dev/types/cache-life.d.ts(1,4952): error TS1127: Invalid character.
.next/dev/types/cache-life.d.ts(1,4953): error TS1127: Invalid character.
.next/dev/types/cache-life.d.ts(1,4954): error TS1127: Invalid character.
.next/dev/types/cache-life.d.ts(1,4955): error TS1127: Invalid character.
.next/dev/types/cache-life.d.ts(1,4956): error TS1127: Invalid character.
.next/dev/types/cache-life.d.ts(1,4957): error TS1127: Invalid character.
.next/dev/types/cache-life.d.ts(1,4958): error TS1127: Invalid character.
.next/dev/types/cache-life.d.ts(1,4959): error TS1127: Invalid character.
.next/dev/types/cache-life.d.ts(1,4960): error TS1127: Invalid character.
.next/dev/types/cache-life.d.ts(1,4961): error TS1127: Invalid character.
.next/dev/types/cache-life.d.ts(1,4962): error TS1127: Invalid character.
.next/dev/types/cache-life.d.ts(1,4963): error TS1127: Invalid character.
.next/dev/types/cache-life.d.ts(1,4964): error TS1127: Invalid character.
.next/dev/types/cache-life.d.ts(1,4965): error TS1127: Invalid character.
.next/dev/types/cache-life.d.ts(1,4966): error TS1127: Invalid character.
.next/dev/types/cache-life.d.ts(1,4967): error TS1127: Invalid character.
.next/dev/types/cache-life.d.ts(1,4968): error TS1127: Invalid character.
.next/dev/types/cache-life.d.ts(1,4969): error TS1127: Invalid character.
.next/dev/types/cache-life.d.ts(1,4970): error TS1127: Invalid character.
.next/dev/types/cache-life.d.ts(1,4971): error TS1127: Invalid character.
.next/dev/types/cache-life.d.ts(1,4972): error TS1127: Invalid character.
.next/dev/types/cache-life.d.ts(1,4973): error TS1127: Invalid character.
.next/dev/types/cache-life.d.ts(1,4974): error TS1127: Invalid character.
.next/dev/types/cache-life.d.ts(1,4975): error TS1127: Invalid character.
.next/dev/types/cache-life.d.ts(1,4976): error TS1127: Invalid character.
.next/dev/types/cache-life.d.ts(1,4977): error TS1127: Invalid character.
.next/dev/types/cache-life.d.ts(1,4978): error TS1127: Invalid character.
.next/dev/types/cache-life.d.ts(1,4979): error TS1127: Invalid character.
.next/dev/types/cache-life.d.ts(1,4980): error TS1127: Invalid character.
.next/dev/types/cache-life.d.ts(1,4981): error TS1127: Invalid character.
.next/dev/types/cache-life.d.ts(1,4982): error TS1127: Invalid character.
.next/dev/types/cache-life.d.ts(1,4983): error TS1127: Invalid character.
.next/dev/types/cache-life.d.ts(1,4984): error TS1127: Invalid character.
.next/dev/types/cache-life.d.ts(1,4985): error TS1127: Invalid character.
.next/dev/types/cache-life.d.ts(1,4986): error TS1127: Invalid character.
.next/dev/types/cache-life.d.ts(1,4987): error TS1127: Invalid character.
.next/dev/types/cache-life.d.ts(1,4988): error TS1127: Invalid character.
.next/dev/types/cache-life.d.ts(1,4989): error TS1127: Invalid character.
.next/dev/types/cache-life.d.ts(1,4990): error TS1127: Invalid character.
.next/dev/types/cache-life.d.ts(1,4991): error TS1127: Invalid character.
.next/dev/types/cache-life.d.ts(1,4992): error TS1127: Invalid character.
.next/dev/types/cache-life.d.ts(1,4993): error TS1127: Invalid character.
.next/dev/types/cache-life.d.ts(1,4994): error TS1127: Invalid character.
.next/dev/types/cache-life.d.ts(1,4995): error TS1127: Invalid character.
.next/dev/types/cache-life.d.ts(1,4996): error TS1127: Invalid character.
.next/dev/types/cache-life.d.ts(1,4997): error TS1127: Invalid character.
.next/dev/types/cache-life.d.ts(1,4998): error TS1127: Invalid character.
.next/dev/types/cache-life.d.ts(1,4999): error TS1127: Invalid character.
.next/dev/types/cache-life.d.ts(1,5000): error TS1127: Invalid character.
.next/dev/types/cache-life.d.ts(1,5001): error TS1127: Invalid character.
.next/dev/types/cache-life.d.ts(1,5002): error TS1127: Invalid character.
.next/dev/types/cache-life.d.ts(1,5003): error TS1127: Invalid character.
.next/dev/types/cache-life.d.ts(1,5004): error TS1127: Invalid character.
.next/dev/types/cache-life.d.ts(1,5005): error TS1127: Invalid character.
.next/dev/types/cache-life.d.ts(1,5006): error TS1127: Invalid character.
.next/dev/types/cache-life.d.ts(1,5007): error TS1127: Invalid character.
.next/dev/types/cache-life.d.ts(1,5008): error TS1127: Invalid character.
.next/dev/types/cache-life.d.ts(1,5009): error TS1127: Invalid character.
.next/dev/types/cache-life.d.ts(1,5010): error TS1127: Invalid character.
.next/dev/types/cache-life.d.ts(1,5011): error TS1127: Invalid character.
.next/dev/types/cache-life.d.ts(1,5012): error TS1127: Invalid character.
.next/dev/types/cache-life.d.ts(1,5013): error TS1127: Invalid character.
.next/dev/types/cache-life.d.ts(1,5014): error TS1127: Invalid character.
.next/dev/types/cache-life.d.ts(1,5015): error TS1127: Invalid character.
.next/dev/types/cache-life.d.ts(1,5016): error TS1127: Invalid character.
.next/dev/types/cache-life.d.ts(1,5017): error TS1127: Invalid character.
.next/dev/types/cache-life.d.ts(1,5018): error TS1127: Invalid character.
.next/dev/types/cache-life.d.ts(1,5019): error TS1127: Invalid character.
.next/dev/types/cache-life.d.ts(1,5020): error TS1127: Invalid character.
.next/dev/types/cache-life.d.ts(1,5021): error TS1127: Invalid character.
.next/dev/types/cache-life.d.ts(1,5022): error TS1127: Invalid character.
.next/dev/types/cache-life.d.ts(1,5023): error TS1127: Invalid character.
.next/dev/types/cache-life.d.ts(1,5024): error TS1127: Invalid character.
.next/dev/types/cache-life.d.ts(1,5025): error TS1127: Invalid character.
.next/dev/types/cache-life.d.ts(1,5026): error TS1127: Invalid character.
.next/dev/types/cache-life.d.ts(1,5027): error TS1127: Invalid character.
.next/dev/types/cache-life.d.ts(1,5028): error TS1127: Invalid character.
.next/dev/types/cache-life.d.ts(1,5029): error TS1127: Invalid character.
.next/dev/types/cache-life.d.ts(1,5030): error TS1127: Invalid character.
.next/dev/types/cache-life.d.ts(1,5031): error TS1127: Invalid character.
.next/dev/types/cache-life.d.ts(1,5032): error TS1127: Invalid character.
.next/dev/types/cache-life.d.ts(1,5033): error TS1127: Invalid character.
.next/dev/types/cache-life.d.ts(1,5034): error TS1127: Invalid character.
.next/dev/types/cache-life.d.ts(1,5035): error TS1127: Invalid character.
.next/dev/types/cache-life.d.ts(1,5036): error TS1127: Invalid character.
.next/dev/types/cache-life.d.ts(1,5037): error TS1127: Invalid character.
.next/dev/types/cache-life.d.ts(1,5038): error TS1127: Invalid character.
.next/dev/types/cache-life.d.ts(1,5039): error TS1127: Invalid character.
.next/dev/types/cache-life.d.ts(1,5040): error TS1127: Invalid character.
.next/dev/types/cache-life.d.ts(1,5041): error TS1127: Invalid character.
.next/dev/types/cache-life.d.ts(1,5042): error TS1127: Invalid character.
.next/dev/types/cache-life.d.ts(1,5043): error TS1127: Invalid character.
.next/dev/types/cache-life.d.ts(1,5044): error TS1127: Invalid character.
.next/dev/types/cache-life.d.ts(1,5045): error TS1127: Invalid character.
.next/dev/types/cache-life.d.ts(1,5046): error TS1127: Invalid character.
.next/dev/types/cache-life.d.ts(1,5047): error TS1127: Invalid character.
.next/dev/types/cache-life.d.ts(1,5048): error TS1127: Invalid character.
.next/dev/types/cache-life.d.ts(1,5049): error TS1127: Invalid character.
.next/dev/types/cache-life.d.ts(1,5050): error TS1127: Invalid character.
.next/dev/types/cache-life.d.ts(1,5051): error TS1127: Invalid character.
.next/dev/types/cache-life.d.ts(1,5052): error TS1127: Invalid character.
.next/dev/types/cache-life.d.ts(1,5053): error TS1127: Invalid character.
.next/dev/types/cache-life.d.ts(1,5054): error TS1127: Invalid character.
.next/dev/types/cache-life.d.ts(1,5055): error TS1127: Invalid character.
.next/dev/types/cache-life.d.ts(1,5056): error TS1127: Invalid character.
.next/dev/types/cache-life.d.ts(1,5057): error TS1127: Invalid character.
.next/dev/types/cache-life.d.ts(1,5058): error TS1127: Invalid character.
.next/dev/types/cache-life.d.ts(1,5059): error TS1127: Invalid character.
.next/dev/types/cache-life.d.ts(1,5060): error TS1127: Invalid character.
.next/dev/types/cache-life.d.ts(1,5061): error TS1127: Invalid character.
.next/dev/types/cache-life.d.ts(1,5062): error TS1127: Invalid character.
.next/dev/types/cache-life.d.ts(1,5063): error TS1127: Invalid character.
.next/dev/types/cache-life.d.ts(1,5064): error TS1127: Invalid character.
.next/dev/types/cache-life.d.ts(1,5065): error TS1127: Invalid character.
.next/dev/types/cache-life.d.ts(1,5066): error TS1127: Invalid character.
.next/dev/types/cache-life.d.ts(1,5067): error TS1127: Invalid character.
.next/dev/types/cache-life.d.ts(1,5068): error TS1127: Invalid character.
.next/dev/types/cache-life.d.ts(1,5069): error TS1127: Invalid character.
.next/dev/types/cache-life.d.ts(1,5070): error TS1127: Invalid character.
.next/dev/types/cache-life.d.ts(1,5071): error TS1127: Invalid character.
.next/dev/types/cache-life.d.ts(1,5072): error TS1127: Invalid character.
.next/dev/types/cache-life.d.ts(1,5073): error TS1127: Invalid character.
.next/dev/types/cache-life.d.ts(1,5074): error TS1127: Invalid character.
.next/dev/types/cache-life.d.ts(1,5075): error TS1127: Invalid character.
.next/dev/types/cache-life.d.ts(1,5076): error TS1127: Invalid character.
.next/dev/types/cache-life.d.ts(1,5077): error TS1127: Invalid character.
.next/dev/types/cache-life.d.ts(1,5078): error TS1127: Invalid character.
.next/dev/types/cache-life.d.ts(1,5079): error TS1127: Invalid character.
.next/dev/types/cache-life.d.ts(1,5080): error TS1127: Invalid character.
.next/dev/types/cache-life.d.ts(1,5081): error TS1127: Invalid character.
.next/dev/types/cache-life.d.ts(1,5082): error TS1127: Invalid character.
.next/dev/types/cache-life.d.ts(1,5083): error TS1127: Invalid character.
.next/dev/types/cache-life.d.ts(1,5084): error TS1127: Invalid character.
.next/dev/types/cache-life.d.ts(1,5085): error TS1127: Invalid character.
.next/dev/types/cache-life.d.ts(1,5086): error TS1127: Invalid character.
.next/dev/types/cache-life.d.ts(1,5087): error TS1127: Invalid character.
.next/dev/types/cache-life.d.ts(1,5088): error TS1127: Invalid character.
.next/dev/types/cache-life.d.ts(1,5089): error TS1127: Invalid character.
.next/dev/types/cache-life.d.ts(1,5090): error TS1127: Invalid character.
.next/dev/types/cache-life.d.ts(1,5091): error TS1127: Invalid character.
.next/dev/types/cache-life.d.ts(1,5092): error TS1127: Invalid character.
.next/dev/types/cache-life.d.ts(1,5093): error TS1127: Invalid character.
.next/dev/types/cache-life.d.ts(1,5094): error TS1127: Invalid character.
.next/dev/types/cache-life.d.ts(1,5095): error TS1127: Invalid character.
.next/dev/types/cache-life.d.ts(1,5096): error TS1127: Invalid character.
.next/dev/types/cache-life.d.ts(1,5097): error TS1127: Invalid character.
.next/dev/types/cache-life.d.ts(1,5098): error TS1127: Invalid character.
.next/dev/types/cache-life.d.ts(1,5099): error TS1127: Invalid character.
.next/dev/types/cache-life.d.ts(1,5100): error TS1127: Invalid character.
.next/dev/types/cache-life.d.ts(1,5101): error TS1127: Invalid character.
.next/dev/types/cache-life.d.ts(1,5102): error TS1127: Invalid character.
.next/dev/types/cache-life.d.ts(1,5103): error TS1127: Invalid character.
.next/dev/types/cache-life.d.ts(1,5104): error TS1127: Invalid character.
.next/dev/types/cache-life.d.ts(1,5105): error TS1127: Invalid character.
.next/dev/types/cache-life.d.ts(1,5106): error TS1127: Invalid character.
.next/dev/types/cache-life.d.ts(1,5107): error TS1127: Invalid character.
.next/dev/types/cache-life.d.ts(1,5108): error TS1127: Invalid character.
.next/dev/types/cache-life.d.ts(1,5109): error TS1127: Invalid character.
.next/dev/types/cache-life.d.ts(1,5110): error TS1127: Invalid character.
.next/dev/types/cache-life.d.ts(1,5111): error TS1127: Invalid character.
.next/dev/types/cache-life.d.ts(1,5112): error TS1127: Invalid character.
.next/dev/types/cache-life.d.ts(1,5113): error TS1127: Invalid character.
.next/dev/types/cache-life.d.ts(1,5114): error TS1127: Invalid character.
.next/dev/types/cache-life.d.ts(1,5115): error TS1127: Invalid character.
.next/dev/types/cache-life.d.ts(1,5116): error TS1127: Invalid character.
.next/dev/types/cache-life.d.ts(1,5117): error TS1127: Invalid character.
.next/dev/types/cache-life.d.ts(1,5118): error TS1127: Invalid character.
.next/dev/types/cache-life.d.ts(1,5119): error TS1127: Invalid character.
.next/dev/types/cache-life.d.ts(1,5120): error TS1127: Invalid character.
.next/dev/types/cache-life.d.ts(1,5121): error TS1127: Invalid character.
.next/dev/types/cache-life.d.ts(1,5122): error TS1127: Invalid character.
.next/dev/types/cache-life.d.ts(1,5123): error TS1127: Invalid character.
.next/dev/types/cache-life.d.ts(1,5124): error TS1127: Invalid character.
.next/dev/types/cache-life.d.ts(1,5125): error TS1127: Invalid character.
.next/dev/types/cache-life.d.ts(1,5126): error TS1127: Invalid character.
.next/dev/types/cache-life.d.ts(1,5127): error TS1127: Invalid character.
.next/dev/types/cache-life.d.ts(1,5128): error TS1127: Invalid character.
.next/dev/types/cache-life.d.ts(1,5129): error TS1127: Invalid character.
.next/dev/types/cache-life.d.ts(1,5130): error TS1127: Invalid character.
.next/dev/types/cache-life.d.ts(1,5131): error TS1127: Invalid character.
.next/dev/types/cache-life.d.ts(1,5132): error TS1127: Invalid character.
.next/dev/types/cache-life.d.ts(1,5133): error TS1127: Invalid character.
.next/dev/types/cache-life.d.ts(1,5134): error TS1127: Invalid character.
.next/dev/types/cache-life.d.ts(1,5135): error TS1127: Invalid character.
.next/dev/types/cache-life.d.ts(1,5136): error TS1127: Invalid character.
.next/dev/types/cache-life.d.ts(1,5137): error TS1127: Invalid character.
.next/dev/types/cache-life.d.ts(1,5138): error TS1127: Invalid character.
.next/dev/types/cache-life.d.ts(1,5139): error TS1127: Invalid character.
.next/dev/types/cache-life.d.ts(1,5140): error TS1127: Invalid character.
.next/dev/types/cache-life.d.ts(1,5141): error TS1127: Invalid character.
.next/dev/types/cache-life.d.ts(1,5142): error TS1127: Invalid character.
.next/dev/types/cache-life.d.ts(1,5143): error TS1127: Invalid character.
.next/dev/types/cache-life.d.ts(1,5144): error TS1127: Invalid character.
.next/dev/types/cache-life.d.ts(1,5145): error TS1127: Invalid character.
.next/dev/types/cache-life.d.ts(1,5146): error TS1127: Invalid character.
.next/dev/types/cache-life.d.ts(1,5147): error TS1127: Invalid character.
.next/dev/types/cache-life.d.ts(1,5148): error TS1127: Invalid character.
.next/dev/types/cache-life.d.ts(1,5149): error TS1127: Invalid character.
.next/dev/types/cache-life.d.ts(1,5150): error TS1127: Invalid character.
.next/dev/types/cache-life.d.ts(1,5151): error TS1127: Invalid character.
.next/dev/types/cache-life.d.ts(1,5152): error TS1127: Invalid character.
.next/dev/types/cache-life.d.ts(1,5153): error TS1127: Invalid character.
.next/dev/types/cache-life.d.ts(1,5154): error TS1127: Invalid character.
.next/dev/types/cache-life.d.ts(1,5155): error TS1127: Invalid character.
.next/dev/types/cache-life.d.ts(1,5156): error TS1127: Invalid character.
.next/dev/types/cache-life.d.ts(1,5157): error TS1127: Invalid character.
.next/dev/types/cache-life.d.ts(1,5158): error TS1127: Invalid character.
.next/dev/types/cache-life.d.ts(1,5159): error TS1127: Invalid character.
.next/dev/types/cache-life.d.ts(1,5160): error TS1127: Invalid character.
.next/dev/types/cache-life.d.ts(1,5161): error TS1127: Invalid character.
.next/dev/types/cache-life.d.ts(1,5162): error TS1127: Invalid character.
.next/dev/types/cache-life.d.ts(1,5163): error TS1127: Invalid character.
.next/dev/types/cache-life.d.ts(1,5164): error TS1127: Invalid character.
.next/dev/types/cache-life.d.ts(1,5165): error TS1127: Invalid character.
.next/dev/types/cache-life.d.ts(1,5166): error TS1127: Invalid character.
.next/dev/types/cache-life.d.ts(1,5167): error TS1127: Invalid character.
.next/dev/types/cache-life.d.ts(1,5168): error TS1127: Invalid character.
.next/dev/types/cache-life.d.ts(1,5169): error TS1127: Invalid character.
.next/dev/types/cache-life.d.ts(1,5170): error TS1127: Invalid character.
.next/dev/types/cache-life.d.ts(1,5171): error TS1127: Invalid character.
.next/dev/types/cache-life.d.ts(1,5172): error TS1127: Invalid character.
.next/dev/types/cache-life.d.ts(1,5173): error TS1127: Invalid character.
.next/dev/types/cache-life.d.ts(1,5174): error TS1127: Invalid character.
.next/dev/types/cache-life.d.ts(1,5175): error TS1127: Invalid character.
.next/dev/types/cache-life.d.ts(1,5176): error TS1127: Invalid character.
.next/dev/types/cache-life.d.ts(1,5177): error TS1127: Invalid character.
.next/dev/types/cache-life.d.ts(1,5178): error TS1127: Invalid character.
.next/dev/types/cache-life.d.ts(1,5179): error TS1127: Invalid character.
.next/dev/types/cache-life.d.ts(1,5180): error TS1127: Invalid character.
.next/dev/types/cache-life.d.ts(1,5181): error TS1127: Invalid character.
.next/dev/types/cache-life.d.ts(1,5182): error TS1127: Invalid character.
.next/dev/types/cache-life.d.ts(1,5183): error TS1127: Invalid character.
.next/dev/types/cache-life.d.ts(1,5184): error TS1127: Invalid character.
.next/dev/types/cache-life.d.ts(1,5185): error TS1127: Invalid character.
.next/dev/types/cache-life.d.ts(1,5186): error TS1127: Invalid character.
.next/dev/types/cache-life.d.ts(1,5187): error TS1127: Invalid character.
.next/dev/types/cache-life.d.ts(1,5188): error TS1127: Invalid character.
.next/dev/types/cache-life.d.ts(1,5189): error TS1127: Invalid character.
.next/dev/types/cache-life.d.ts(1,5190): error TS1127: Invalid character.
.next/dev/types/cache-life.d.ts(1,5191): error TS1127: Invalid character.
.next/dev/types/cache-life.d.ts(1,5192): error TS1127: Invalid character.
.next/dev/types/cache-life.d.ts(1,5193): error TS1127: Invalid character.
.next/dev/types/cache-life.d.ts(1,5194): error TS1127: Invalid character.
.next/dev/types/cache-life.d.ts(1,5195): error TS1127: Invalid character.
.next/dev/types/cache-life.d.ts(1,5196): error TS1127: Invalid character.
.next/dev/types/cache-life.d.ts(1,5197): error TS1127: Invalid character.
.next/dev/types/cache-life.d.ts(1,5198): error TS1127: Invalid character.
.next/dev/types/cache-life.d.ts(1,5199): error TS1127: Invalid character.
.next/dev/types/cache-life.d.ts(1,5200): error TS1127: Invalid character.
.next/dev/types/cache-life.d.ts(1,5201): error TS1127: Invalid character.
.next/dev/types/cache-life.d.ts(1,5202): error TS1127: Invalid character.
.next/dev/types/cache-life.d.ts(1,5203): error TS1127: Invalid character.
.next/dev/types/cache-life.d.ts(1,5204): error TS1127: Invalid character.
.next/dev/types/cache-life.d.ts(1,5205): error TS1127: Invalid character.
.next/dev/types/cache-life.d.ts(1,5206): error TS1127: Invalid character.
.next/dev/types/cache-life.d.ts(1,5207): error TS1127: Invalid character.
.next/dev/types/cache-life.d.ts(1,5208): error TS1127: Invalid character.
.next/dev/types/cache-life.d.ts(1,5209): error TS1127: Invalid character.
.next/dev/types/cache-life.d.ts(1,5210): error TS1127: Invalid character.
.next/dev/types/cache-life.d.ts(1,5211): error TS1127: Invalid character.
.next/dev/types/cache-life.d.ts(1,5212): error TS1127: Invalid character.
.next/dev/types/cache-life.d.ts(1,5213): error TS1127: Invalid character.
.next/dev/types/cache-life.d.ts(1,5214): error TS1127: Invalid character.
.next/dev/types/cache-life.d.ts(1,5215): error TS1127: Invalid character.
.next/dev/types/cache-life.d.ts(1,5216): error TS1127: Invalid character.
.next/dev/types/cache-life.d.ts(1,5217): error TS1127: Invalid character.
.next/dev/types/cache-life.d.ts(1,5218): error TS1127: Invalid character.
.next/dev/types/cache-life.d.ts(1,5219): error TS1127: Invalid character.
.next/dev/types/cache-life.d.ts(1,5220): error TS1127: Invalid character.
.next/dev/types/cache-life.d.ts(1,5221): error TS1127: Invalid character.
.next/dev/types/cache-life.d.ts(1,5222): error TS1127: Invalid character.
.next/dev/types/cache-life.d.ts(1,5223): error TS1127: Invalid character.
.next/dev/types/cache-life.d.ts(1,5224): error TS1127: Invalid character.
.next/dev/types/cache-life.d.ts(1,5225): error TS1127: Invalid character.
.next/dev/types/cache-life.d.ts(1,5226): error TS1127: Invalid character.
.next/dev/types/cache-life.d.ts(1,5227): error TS1127: Invalid character.
.next/dev/types/cache-life.d.ts(1,5228): error TS1127: Invalid character.
.next/dev/types/cache-life.d.ts(1,5229): error TS1127: Invalid character.
.next/dev/types/cache-life.d.ts(1,5230): error TS1127: Invalid character.
.next/dev/types/cache-life.d.ts(1,5231): error TS1127: Invalid character.
.next/dev/types/cache-life.d.ts(1,5232): error TS1127: Invalid character.
.next/dev/types/cache-life.d.ts(1,5233): error TS1127: Invalid character.
.next/dev/types/cache-life.d.ts(1,5234): error TS1127: Invalid character.
.next/dev/types/cache-life.d.ts(1,5235): error TS1127: Invalid character.
.next/dev/types/cache-life.d.ts(1,5236): error TS1127: Invalid character.
.next/dev/types/cache-life.d.ts(1,5237): error TS1127: Invalid character.
.next/dev/types/cache-life.d.ts(1,5238): error TS1127: Invalid character.
.next/dev/types/cache-life.d.ts(1,5239): error TS1127: Invalid character.
.next/dev/types/cache-life.d.ts(1,5240): error TS1127: Invalid character.
.next/dev/types/cache-life.d.ts(1,5241): error TS1127: Invalid character.
.next/dev/types/cache-life.d.ts(1,5242): error TS1127: Invalid character.
.next/dev/types/cache-life.d.ts(1,5243): error TS1127: Invalid character.
.next/dev/types/cache-life.d.ts(1,5244): error TS1127: Invalid character.
.next/dev/types/cache-life.d.ts(1,5245): error TS1127: Invalid character.
.next/dev/types/cache-life.d.ts(1,5246): error TS1127: Invalid character.
.next/dev/types/cache-life.d.ts(1,5247): error TS1127: Invalid character.
.next/dev/types/cache-life.d.ts(1,5248): error TS1127: Invalid character.
.next/dev/types/cache-life.d.ts(1,5249): error TS1127: Invalid character.
.next/dev/types/cache-life.d.ts(1,5250): error TS1127: Invalid character.
.next/dev/types/cache-life.d.ts(1,5251): error TS1127: Invalid character.
.next/dev/types/cache-life.d.ts(1,5252): error TS1127: Invalid character.
.next/dev/types/cache-life.d.ts(1,5253): error TS1127: Invalid character.
.next/dev/types/cache-life.d.ts(1,5254): error TS1127: Invalid character.
.next/dev/types/cache-life.d.ts(1,5255): error TS1127: Invalid character.
.next/dev/types/cache-life.d.ts(1,5256): error TS1127: Invalid character.
.next/dev/types/cache-life.d.ts(1,5257): error TS1127: Invalid character.
.next/dev/types/cache-life.d.ts(1,5258): error TS1127: Invalid character.
.next/dev/types/cache-life.d.ts(1,5259): error TS1127: Invalid character.
.next/dev/types/cache-life.d.ts(1,5260): error TS1127: Invalid character.
.next/dev/types/cache-life.d.ts(1,5261): error TS1127: Invalid character.
.next/dev/types/cache-life.d.ts(1,5262): error TS1127: Invalid character.
.next/dev/types/cache-life.d.ts(1,5263): error TS1127: Invalid character.
.next/dev/types/cache-life.d.ts(1,5264): error TS1127: Invalid character.
.next/dev/types/cache-life.d.ts(1,5265): error TS1127: Invalid character.
.next/dev/types/cache-life.d.ts(1,5266): error TS1127: Invalid character.
.next/dev/types/cache-life.d.ts(1,5267): error TS1127: Invalid character.
.next/dev/types/cache-life.d.ts(1,5268): error TS1127: Invalid character.
.next/dev/types/cache-life.d.ts(1,5269): error TS1127: Invalid character.
.next/dev/types/cache-life.d.ts(1,5270): error TS1127: Invalid character.
.next/dev/types/cache-life.d.ts(1,5271): error TS1127: Invalid character.
.next/dev/types/cache-life.d.ts(1,5272): error TS1127: Invalid character.
.next/dev/types/cache-life.d.ts(1,5273): error TS1127: Invalid character.
.next/dev/types/cache-life.d.ts(1,5274): error TS1127: Invalid character.
.next/dev/types/cache-life.d.ts(1,5275): error TS1127: Invalid character.
.next/dev/types/cache-life.d.ts(1,5276): error TS1127: Invalid character.
.next/dev/types/cache-life.d.ts(1,5277): error TS1127: Invalid character.
.next/dev/types/cache-life.d.ts(1,5278): error TS1127: Invalid character.
.next/dev/types/cache-life.d.ts(1,5279): error TS1127: Invalid character.
.next/dev/types/cache-life.d.ts(1,5280): error TS1127: Invalid character.
.next/dev/types/cache-life.d.ts(1,5281): error TS1127: Invalid character.
.next/dev/types/cache-life.d.ts(1,5282): error TS1127: Invalid character.
.next/dev/types/cache-life.d.ts(1,5283): error TS1127: Invalid character.
.next/dev/types/cache-life.d.ts(1,5284): error TS1127: Invalid character.
.next/dev/types/cache-life.d.ts(1,5285): error TS1127: Invalid character.
.next/dev/types/cache-life.d.ts(1,5286): error TS1127: Invalid character.
.next/dev/types/cache-life.d.ts(1,5287): error TS1127: Invalid character.
.next/dev/types/cache-life.d.ts(1,5288): error TS1127: Invalid character.
.next/dev/types/cache-life.d.ts(1,5289): error TS1127: Invalid character.
.next/dev/types/cache-life.d.ts(1,5290): error TS1127: Invalid character.
.next/dev/types/cache-life.d.ts(1,5291): error TS1127: Invalid character.
.next/dev/types/cache-life.d.ts(1,5292): error TS1127: Invalid character.
.next/dev/types/cache-life.d.ts(1,5293): error TS1127: Invalid character.
.next/dev/types/cache-life.d.ts(1,5294): error TS1127: Invalid character.
.next/dev/types/cache-life.d.ts(1,5295): error TS1127: Invalid character.
.next/dev/types/cache-life.d.ts(1,5296): error TS1127: Invalid character.
.next/dev/types/cache-life.d.ts(1,5297): error TS1127: Invalid character.
.next/dev/types/cache-life.d.ts(1,5298): error TS1127: Invalid character.
.next/dev/types/cache-life.d.ts(1,5299): error TS1127: Invalid character.
.next/dev/types/cache-life.d.ts(1,5300): error TS1127: Invalid character.
.next/dev/types/cache-life.d.ts(1,5301): error TS1127: Invalid character.
.next/dev/types/cache-life.d.ts(1,5302): error TS1127: Invalid character.
.next/dev/types/cache-life.d.ts(1,5303): error TS1127: Invalid character.
.next/dev/types/cache-life.d.ts(1,5304): error TS1127: Invalid character.
.next/dev/types/cache-life.d.ts(1,5305): error TS1127: Invalid character.
.next/dev/types/cache-life.d.ts(1,5306): error TS1127: Invalid character.
.next/dev/types/cache-life.d.ts(1,5307): error TS1127: Invalid character.
.next/dev/types/cache-life.d.ts(1,5308): error TS1127: Invalid character.
.next/dev/types/cache-life.d.ts(1,5309): error TS1127: Invalid character.
.next/dev/types/cache-life.d.ts(1,5310): error TS1127: Invalid character.
.next/dev/types/cache-life.d.ts(1,5311): error TS1127: Invalid character.
.next/dev/types/cache-life.d.ts(1,5312): error TS1127: Invalid character.
.next/dev/types/cache-life.d.ts(1,5313): error TS1127: Invalid character.
.next/dev/types/cache-life.d.ts(1,5314): error TS1127: Invalid character.
.next/dev/types/cache-life.d.ts(1,5315): error TS1127: Invalid character.
.next/dev/types/cache-life.d.ts(1,5316): error TS1127: Invalid character.
.next/dev/types/cache-life.d.ts(1,5317): error TS1127: Invalid character.
.next/dev/types/cache-life.d.ts(1,5318): error TS1127: Invalid character.
.next/dev/types/cache-life.d.ts(1,5319): error TS1127: Invalid character.
.next/dev/types/cache-life.d.ts(1,5320): error TS1127: Invalid character.
.next/dev/types/cache-life.d.ts(1,5321): error TS1127: Invalid character.
.next/dev/types/cache-life.d.ts(1,5322): error TS1127: Invalid character.
.next/dev/types/cache-life.d.ts(1,5323): error TS1127: Invalid character.
.next/dev/types/cache-life.d.ts(1,5324): error TS1127: Invalid character.
.next/dev/types/cache-life.d.ts(1,5325): error TS1127: Invalid character.
.next/dev/types/cache-life.d.ts(1,5326): error TS1127: Invalid character.
.next/dev/types/cache-life.d.ts(1,5327): error TS1127: Invalid character.
.next/dev/types/cache-life.d.ts(1,5328): error TS1127: Invalid character.
.next/dev/types/cache-life.d.ts(1,5329): error TS1127: Invalid character.
.next/dev/types/cache-life.d.ts(1,5330): error TS1127: Invalid character.
.next/dev/types/cache-life.d.ts(1,5331): error TS1127: Invalid character.
.next/dev/types/cache-life.d.ts(1,5332): error TS1127: Invalid character.
.next/dev/types/cache-life.d.ts(1,5333): error TS1127: Invalid character.
.next/dev/types/cache-life.d.ts(1,5334): error TS1127: Invalid character.
.next/dev/types/cache-life.d.ts(1,5335): error TS1127: Invalid character.
.next/dev/types/cache-life.d.ts(1,5336): error TS1127: Invalid character.
.next/dev/types/cache-life.d.ts(1,5337): error TS1127: Invalid character.
.next/dev/types/cache-life.d.ts(1,5338): error TS1127: Invalid character.
.next/dev/types/cache-life.d.ts(1,5339): error TS1127: Invalid character.
.next/dev/types/cache-life.d.ts(1,5340): error TS1127: Invalid character.
.next/dev/types/cache-life.d.ts(1,5341): error TS1127: Invalid character.
.next/dev/types/cache-life.d.ts(1,5342): error TS1127: Invalid character.
.next/dev/types/cache-life.d.ts(1,5343): error TS1127: Invalid character.
.next/dev/types/cache-life.d.ts(1,5344): error TS1127: Invalid character.
.next/dev/types/cache-life.d.ts(1,5345): error TS1127: Invalid character.
.next/dev/types/cache-life.d.ts(1,5346): error TS1127: Invalid character.
.next/dev/types/cache-life.d.ts(1,5347): error TS1127: Invalid character.
.next/dev/types/cache-life.d.ts(1,5348): error TS1127: Invalid character.
.next/dev/types/cache-life.d.ts(1,5349): error TS1127: Invalid character.
.next/dev/types/cache-life.d.ts(1,5350): error TS1127: Invalid character.
.next/dev/types/cache-life.d.ts(1,5351): error TS1127: Invalid character.
.next/dev/types/cache-life.d.ts(1,5352): error TS1127: Invalid character.
.next/dev/types/cache-life.d.ts(1,5353): error TS1127: Invalid character.
.next/dev/types/cache-life.d.ts(1,5354): error TS1127: Invalid character.
.next/dev/types/cache-life.d.ts(1,5355): error TS1127: Invalid character.
.next/dev/types/cache-life.d.ts(1,5356): error TS1127: Invalid character.
.next/dev/types/cache-life.d.ts(1,5357): error TS1127: Invalid character.
.next/dev/types/cache-life.d.ts(1,5358): error TS1127: Invalid character.
.next/dev/types/cache-life.d.ts(1,5359): error TS1127: Invalid character.
.next/dev/types/cache-life.d.ts(1,5360): error TS1127: Invalid character.
.next/dev/types/cache-life.d.ts(1,5361): error TS1127: Invalid character.
.next/dev/types/cache-life.d.ts(1,5362): error TS1127: Invalid character.
.next/dev/types/cache-life.d.ts(1,5363): error TS1127: Invalid character.
.next/dev/types/cache-life.d.ts(1,5364): error TS1127: Invalid character.
.next/dev/types/cache-life.d.ts(1,5365): error TS1127: Invalid character.
.next/dev/types/cache-life.d.ts(1,5366): error TS1127: Invalid character.
.next/dev/types/cache-life.d.ts(1,5367): error TS1127: Invalid character.
.next/dev/types/cache-life.d.ts(1,5368): error TS1127: Invalid character.
.next/dev/types/cache-life.d.ts(1,5369): error TS1127: Invalid character.
.next/dev/types/cache-life.d.ts(1,5370): error TS1127: Invalid character.
.next/dev/types/cache-life.d.ts(1,5371): error TS1127: Invalid character.
.next/dev/types/cache-life.d.ts(1,5372): error TS1127: Invalid character.
.next/dev/types/cache-life.d.ts(1,5373): error TS1127: Invalid character.
.next/dev/types/cache-life.d.ts(1,5374): error TS1127: Invalid character.
.next/dev/types/cache-life.d.ts(1,5375): error TS1127: Invalid character.
.next/dev/types/cache-life.d.ts(1,5376): error TS1127: Invalid character.
.next/dev/types/cache-life.d.ts(1,5377): error TS1127: Invalid character.
.next/dev/types/cache-life.d.ts(1,5378): error TS1127: Invalid character.
.next/dev/types/cache-life.d.ts(1,5379): error TS1127: Invalid character.
.next/dev/types/cache-life.d.ts(1,5380): error TS1127: Invalid character.
.next/dev/types/cache-life.d.ts(1,5381): error TS1127: Invalid character.
.next/dev/types/cache-life.d.ts(1,5382): error TS1127: Invalid character.
.next/dev/types/cache-life.d.ts(1,5383): error TS1127: Invalid character.
.next/dev/types/cache-life.d.ts(1,5384): error TS1127: Invalid character.
.next/dev/types/cache-life.d.ts(1,5385): error TS1127: Invalid character.
.next/dev/types/cache-life.d.ts(1,5386): error TS1127: Invalid character.
.next/dev/types/cache-life.d.ts(1,5387): error TS1127: Invalid character.
.next/dev/types/cache-life.d.ts(1,5388): error TS1127: Invalid character.
.next/dev/types/cache-life.d.ts(1,5389): error TS1127: Invalid character.
.next/dev/types/cache-life.d.ts(1,5390): error TS1127: Invalid character.
.next/dev/types/cache-life.d.ts(1,5391): error TS1127: Invalid character.
.next/dev/types/cache-life.d.ts(1,5392): error TS1127: Invalid character.
.next/dev/types/cache-life.d.ts(1,5393): error TS1127: Invalid character.
.next/dev/types/cache-life.d.ts(1,5394): error TS1127: Invalid character.
.next/dev/types/cache-life.d.ts(1,5395): error TS1127: Invalid character.
.next/dev/types/cache-life.d.ts(1,5396): error TS1127: Invalid character.
.next/dev/types/cache-life.d.ts(1,5397): error TS1127: Invalid character.
.next/dev/types/cache-life.d.ts(1,5398): error TS1127: Invalid character.
.next/dev/types/cache-life.d.ts(1,5399): error TS1127: Invalid character.
.next/dev/types/cache-life.d.ts(1,5400): error TS1127: Invalid character.
.next/dev/types/cache-life.d.ts(1,5401): error TS1127: Invalid character.
.next/dev/types/cache-life.d.ts(1,5402): error TS1127: Invalid character.
.next/dev/types/cache-life.d.ts(1,5403): error TS1127: Invalid character.
.next/dev/types/cache-life.d.ts(1,5404): error TS1127: Invalid character.
.next/dev/types/cache-life.d.ts(1,5405): error TS1127: Invalid character.
.next/dev/types/cache-life.d.ts(1,5406): error TS1127: Invalid character.
.next/dev/types/cache-life.d.ts(1,5407): error TS1127: Invalid character.
.next/dev/types/cache-life.d.ts(1,5408): error TS1127: Invalid character.
.next/dev/types/cache-life.d.ts(1,5409): error TS1127: Invalid character.
.next/dev/types/cache-life.d.ts(1,5410): error TS1127: Invalid character.
.next/dev/types/cache-life.d.ts(1,5411): error TS1127: Invalid character.
.next/dev/types/cache-life.d.ts(1,5412): error TS1127: Invalid character.
.next/dev/types/cache-life.d.ts(1,5413): error TS1127: Invalid character.
.next/dev/types/cache-life.d.ts(1,5414): error TS1127: Invalid character.
.next/dev/types/cache-life.d.ts(1,5415): error TS1127: Invalid character.
.next/dev/types/cache-life.d.ts(1,5416): error TS1127: Invalid character.
.next/dev/types/cache-life.d.ts(1,5417): error TS1127: Invalid character.
.next/dev/types/cache-life.d.ts(1,5418): error TS1127: Invalid character.
.next/dev/types/cache-life.d.ts(1,5419): error TS1127: Invalid character.
.next/dev/types/cache-life.d.ts(1,5420): error TS1127: Invalid character.
.next/dev/types/cache-life.d.ts(1,5421): error TS1127: Invalid character.
.next/dev/types/cache-life.d.ts(1,5422): error TS1127: Invalid character.
.next/dev/types/cache-life.d.ts(1,5423): error TS1127: Invalid character.
.next/dev/types/cache-life.d.ts(1,5424): error TS1127: Invalid character.
.next/dev/types/cache-life.d.ts(1,5425): error TS1127: Invalid character.
.next/dev/types/cache-life.d.ts(1,5426): error TS1127: Invalid character.
.next/dev/types/cache-life.d.ts(1,5427): error TS1127: Invalid character.
.next/dev/types/cache-life.d.ts(1,5428): error TS1127: Invalid character.
.next/dev/types/cache-life.d.ts(1,5429): error TS1127: Invalid character.
.next/dev/types/cache-life.d.ts(1,5430): error TS1127: Invalid character.
.next/dev/types/cache-life.d.ts(1,5431): error TS1127: Invalid character.
.next/dev/types/cache-life.d.ts(1,5432): error TS1127: Invalid character.
.next/dev/types/cache-life.d.ts(1,5433): error TS1127: Invalid character.
.next/dev/types/cache-life.d.ts(1,5434): error TS1127: Invalid character.
.next/dev/types/cache-life.d.ts(1,5435): error TS1127: Invalid character.
.next/dev/types/cache-life.d.ts(1,5436): error TS1127: Invalid character.
.next/dev/types/cache-life.d.ts(1,5437): error TS1127: Invalid character.
.next/dev/types/cache-life.d.ts(1,5438): error TS1127: Invalid character.
.next/dev/types/cache-life.d.ts(1,5439): error TS1127: Invalid character.
.next/dev/types/cache-life.d.ts(1,5440): error TS1127: Invalid character.
.next/dev/types/cache-life.d.ts(1,5441): error TS1127: Invalid character.
.next/dev/types/cache-life.d.ts(1,5442): error TS1127: Invalid character.
.next/dev/types/cache-life.d.ts(1,5443): error TS1127: Invalid character.
.next/dev/types/cache-life.d.ts(1,5444): error TS1127: Invalid character.
.next/dev/types/cache-life.d.ts(1,5445): error TS1127: Invalid character.
.next/dev/types/cache-life.d.ts(1,5446): error TS1127: Invalid character.
.next/dev/types/cache-life.d.ts(1,5447): error TS1127: Invalid character.
.next/dev/types/cache-life.d.ts(1,5448): error TS1127: Invalid character.
.next/dev/types/cache-life.d.ts(1,5449): error TS1127: Invalid character.
.next/dev/types/cache-life.d.ts(1,5450): error TS1127: Invalid character.
.next/dev/types/cache-life.d.ts(1,5451): error TS1127: Invalid character.
.next/dev/types/cache-life.d.ts(1,5452): error TS1127: Invalid character.
.next/dev/types/cache-life.d.ts(1,5453): error TS1127: Invalid character.
.next/dev/types/cache-life.d.ts(1,5454): error TS1127: Invalid character.
.next/dev/types/cache-life.d.ts(1,5455): error TS1127: Invalid character.
.next/dev/types/cache-life.d.ts(1,5456): error TS1127: Invalid character.
.next/dev/types/cache-life.d.ts(1,5457): error TS1127: Invalid character.
.next/dev/types/cache-life.d.ts(1,5458): error TS1127: Invalid character.
.next/dev/types/cache-life.d.ts(1,5459): error TS1127: Invalid character.
.next/dev/types/cache-life.d.ts(1,5460): error TS1127: Invalid character.
.next/dev/types/cache-life.d.ts(1,5461): error TS1127: Invalid character.
.next/dev/types/cache-life.d.ts(1,5462): error TS1127: Invalid character.
.next/dev/types/cache-life.d.ts(1,5463): error TS1127: Invalid character.
.next/dev/types/cache-life.d.ts(1,5464): error TS1127: Invalid character.
.next/dev/types/cache-life.d.ts(1,5465): error TS1127: Invalid character.
.next/dev/types/cache-life.d.ts(1,5466): error TS1127: Invalid character.
.next/dev/types/cache-life.d.ts(1,5467): error TS1127: Invalid character.
.next/dev/types/cache-life.d.ts(1,5468): error TS1127: Invalid character.
.next/dev/types/cache-life.d.ts(1,5469): error TS1127: Invalid character.
.next/dev/types/cache-life.d.ts(1,5470): error TS1127: Invalid character.
.next/dev/types/cache-life.d.ts(1,5471): error TS1127: Invalid character.
.next/dev/types/cache-life.d.ts(1,5472): error TS1127: Invalid character.
.next/dev/types/cache-life.d.ts(1,5473): error TS1127: Invalid character.
.next/dev/types/cache-life.d.ts(1,5474): error TS1127: Invalid character.
.next/dev/types/cache-life.d.ts(1,5475): error TS1127: Invalid character.
.next/dev/types/cache-life.d.ts(1,5476): error TS1127: Invalid character.
.next/dev/types/cache-life.d.ts(1,5477): error TS1127: Invalid character.
.next/dev/types/cache-life.d.ts(1,5478): error TS1127: Invalid character.
.next/dev/types/cache-life.d.ts(1,5479): error TS1127: Invalid character.
.next/dev/types/cache-life.d.ts(1,5480): error TS1127: Invalid character.
.next/dev/types/cache-life.d.ts(1,5481): error TS1127: Invalid character.
.next/dev/types/cache-life.d.ts(1,5482): error TS1127: Invalid character.
.next/dev/types/cache-life.d.ts(1,5483): error TS1127: Invalid character.
.next/dev/types/cache-life.d.ts(1,5484): error TS1127: Invalid character.
.next/dev/types/cache-life.d.ts(1,5485): error TS1127: Invalid character.
.next/dev/types/cache-life.d.ts(1,5486): error TS1127: Invalid character.
.next/dev/types/cache-life.d.ts(1,5487): error TS1127: Invalid character.
.next/dev/types/cache-life.d.ts(1,5488): error TS1127: Invalid character.
.next/dev/types/cache-life.d.ts(1,5489): error TS1127: Invalid character.
.next/dev/types/cache-life.d.ts(1,5490): error TS1127: Invalid character.
.next/dev/types/cache-life.d.ts(1,5491): error TS1127: Invalid character.
.next/dev/types/cache-life.d.ts(1,5492): error TS1127: Invalid character.
.next/dev/types/cache-life.d.ts(1,5493): error TS1127: Invalid character.
.next/dev/types/cache-life.d.ts(1,5494): error TS1127: Invalid character.
.next/dev/types/cache-life.d.ts(1,5495): error TS1127: Invalid character.
.next/dev/types/cache-life.d.ts(1,5496): error TS1127: Invalid character.
.next/dev/types/cache-life.d.ts(1,5497): error TS1127: Invalid character.
.next/dev/types/cache-life.d.ts(1,5498): error TS1127: Invalid character.
.next/dev/types/cache-life.d.ts(1,5499): error TS1127: Invalid character.
.next/dev/types/cache-life.d.ts(1,5500): error TS1127: Invalid character.
.next/dev/types/cache-life.d.ts(1,5501): error TS1127: Invalid character.
.next/dev/types/cache-life.d.ts(1,5502): error TS1127: Invalid character.
.next/dev/types/cache-life.d.ts(1,5503): error TS1127: Invalid character.
.next/dev/types/cache-life.d.ts(1,5504): error TS1127: Invalid character.
.next/dev/types/cache-life.d.ts(1,5505): error TS1127: Invalid character.
.next/dev/types/cache-life.d.ts(1,5506): error TS1127: Invalid character.
.next/dev/types/cache-life.d.ts(1,5507): error TS1127: Invalid character.
.next/dev/types/cache-life.d.ts(1,5508): error TS1127: Invalid character.
.next/dev/types/cache-life.d.ts(1,5509): error TS1127: Invalid character.
.next/dev/types/cache-life.d.ts(1,5510): error TS1127: Invalid character.
.next/dev/types/cache-life.d.ts(1,5511): error TS1127: Invalid character.
.next/dev/types/cache-life.d.ts(1,5512): error TS1127: Invalid character.
.next/dev/types/cache-life.d.ts(1,5513): error TS1127: Invalid character.
.next/dev/types/cache-life.d.ts(1,5514): error TS1127: Invalid character.
.next/dev/types/cache-life.d.ts(1,5515): error TS1127: Invalid character.
.next/dev/types/cache-life.d.ts(1,5516): error TS1127: Invalid character.
.next/dev/types/cache-life.d.ts(1,5517): error TS1127: Invalid character.
.next/dev/types/cache-life.d.ts(1,5518): error TS1127: Invalid character.
.next/dev/types/cache-life.d.ts(1,5519): error TS1127: Invalid character.
.next/dev/types/cache-life.d.ts(1,5520): error TS1127: Invalid character.
.next/dev/types/cache-life.d.ts(1,5521): error TS1127: Invalid character.
.next/dev/types/cache-life.d.ts(1,5522): error TS1127: Invalid character.
.next/dev/types/cache-life.d.ts(1,5523): error TS1127: Invalid character.
.next/dev/types/cache-life.d.ts(1,5524): error TS1127: Invalid character.
.next/dev/types/cache-life.d.ts(1,5525): error TS1127: Invalid character.
.next/dev/types/cache-life.d.ts(1,5526): error TS1127: Invalid character.
.next/dev/types/cache-life.d.ts(1,5527): error TS1127: Invalid character.
.next/dev/types/cache-life.d.ts(1,5528): error TS1127: Invalid character.
.next/dev/types/cache-life.d.ts(1,5529): error TS1127: Invalid character.
.next/dev/types/cache-life.d.ts(1,5530): error TS1127: Invalid character.
.next/dev/types/cache-life.d.ts(1,5531): error TS1127: Invalid character.
.next/dev/types/cache-life.d.ts(1,5532): error TS1127: Invalid character.
.next/dev/types/cache-life.d.ts(1,5533): error TS1127: Invalid character.
.next/dev/types/cache-life.d.ts(1,5534): error TS1127: Invalid character.
.next/dev/types/cache-life.d.ts(1,5535): error TS1127: Invalid character.
.next/dev/types/cache-life.d.ts(1,5536): error TS1127: Invalid character.
.next/dev/types/cache-life.d.ts(1,5537): error TS1127: Invalid character.
.next/dev/types/cache-life.d.ts(1,5538): error TS1127: Invalid character.
.next/dev/types/cache-life.d.ts(1,5539): error TS1127: Invalid character.
.next/dev/types/cache-life.d.ts(1,5540): error TS1127: Invalid character.
.next/dev/types/cache-life.d.ts(1,5541): error TS1127: Invalid character.
.next/dev/types/cache-life.d.ts(1,5542): error TS1127: Invalid character.
.next/dev/types/cache-life.d.ts(1,5543): error TS1127: Invalid character.
.next/dev/types/cache-life.d.ts(1,5544): error TS1127: Invalid character.
.next/dev/types/cache-life.d.ts(1,5545): error TS1127: Invalid character.
.next/dev/types/cache-life.d.ts(1,5546): error TS1127: Invalid character.
.next/dev/types/cache-life.d.ts(1,5547): error TS1127: Invalid character.
.next/dev/types/cache-life.d.ts(1,5548): error TS1127: Invalid character.
.next/dev/types/cache-life.d.ts(1,5549): error TS1127: Invalid character.
.next/dev/types/cache-life.d.ts(1,5550): error TS1127: Invalid character.
.next/dev/types/cache-life.d.ts(1,5551): error TS1127: Invalid character.
.next/dev/types/cache-life.d.ts(1,5552): error TS1127: Invalid character.
.next/dev/types/cache-life.d.ts(1,5553): error TS1127: Invalid character.
.next/dev/types/cache-life.d.ts(1,5554): error TS1127: Invalid character.
.next/dev/types/cache-life.d.ts(1,5555): error TS1127: Invalid character.
.next/dev/types/cache-life.d.ts(1,5556): error TS1127: Invalid character.
.next/dev/types/cache-life.d.ts(1,5557): error TS1127: Invalid character.
.next/dev/types/cache-life.d.ts(1,5558): error TS1127: Invalid character.
.next/dev/types/cache-life.d.ts(1,5559): error TS1127: Invalid character.
.next/dev/types/cache-life.d.ts(1,5560): error TS1127: Invalid character.
.next/dev/types/cache-life.d.ts(1,5561): error TS1127: Invalid character.
.next/dev/types/cache-life.d.ts(1,5562): error TS1127: Invalid character.
.next/dev/types/cache-life.d.ts(1,5563): error TS1127: Invalid character.
.next/dev/types/cache-life.d.ts(1,5564): error TS1127: Invalid character.
.next/dev/types/cache-life.d.ts(1,5565): error TS1127: Invalid character.
.next/dev/types/cache-life.d.ts(1,5566): error TS1127: Invalid character.
.next/dev/types/cache-life.d.ts(1,5567): error TS1127: Invalid character.
.next/dev/types/cache-life.d.ts(1,5568): error TS1127: Invalid character.
.next/dev/types/cache-life.d.ts(1,5569): error TS1127: Invalid character.
.next/dev/types/cache-life.d.ts(1,5570): error TS1127: Invalid character.
.next/dev/types/cache-life.d.ts(1,5571): error TS1127: Invalid character.
.next/dev/types/cache-life.d.ts(1,5572): error TS1127: Invalid character.
.next/dev/types/cache-life.d.ts(1,5573): error TS1127: Invalid character.
.next/dev/types/cache-life.d.ts(1,5574): error TS1127: Invalid character.
.next/dev/types/cache-life.d.ts(1,5575): error TS1127: Invalid character.
.next/dev/types/cache-life.d.ts(1,5576): error TS1127: Invalid character.
.next/dev/types/cache-life.d.ts(1,5577): error TS1127: Invalid character.
.next/dev/types/cache-life.d.ts(1,5578): error TS1127: Invalid character.
.next/dev/types/cache-life.d.ts(1,5579): error TS1127: Invalid character.
.next/dev/types/cache-life.d.ts(1,5580): error TS1127: Invalid character.
.next/dev/types/cache-life.d.ts(1,5581): error TS1127: Invalid character.
.next/dev/types/cache-life.d.ts(1,5582): error TS1127: Invalid character.
.next/dev/types/cache-life.d.ts(1,5583): error TS1127: Invalid character.
.next/dev/types/cache-life.d.ts(1,5584): error TS1127: Invalid character.
.next/dev/types/cache-life.d.ts(1,5585): error TS1127: Invalid character.
.next/dev/types/cache-life.d.ts(1,5586): error TS1127: Invalid character.
.next/dev/types/cache-life.d.ts(1,5587): error TS1127: Invalid character.
.next/dev/types/cache-life.d.ts(1,5588): error TS1127: Invalid character.
.next/dev/types/cache-life.d.ts(1,5589): error TS1127: Invalid character.
.next/dev/types/cache-life.d.ts(1,5590): error TS1127: Invalid character.
.next/dev/types/cache-life.d.ts(1,5591): error TS1127: Invalid character.
.next/dev/types/cache-life.d.ts(1,5592): error TS1127: Invalid character.
.next/dev/types/cache-life.d.ts(1,5593): error TS1127: Invalid character.
.next/dev/types/cache-life.d.ts(1,5594): error TS1127: Invalid character.
.next/dev/types/cache-life.d.ts(1,5595): error TS1127: Invalid character.
.next/dev/types/cache-life.d.ts(1,5596): error TS1127: Invalid character.
.next/dev/types/cache-life.d.ts(1,5597): error TS1127: Invalid character.
.next/dev/types/cache-life.d.ts(1,5598): error TS1127: Invalid character.
.next/dev/types/cache-life.d.ts(1,5599): error TS1127: Invalid character.
.next/dev/types/cache-life.d.ts(1,5600): error TS1127: Invalid character.
.next/dev/types/cache-life.d.ts(1,5601): error TS1127: Invalid character.
.next/dev/types/cache-life.d.ts(1,5602): error TS1127: Invalid character.
.next/dev/types/cache-life.d.ts(1,5603): error TS1127: Invalid character.
.next/dev/types/cache-life.d.ts(1,5604): error TS1127: Invalid character.
.next/dev/types/cache-life.d.ts(1,5605): error TS1127: Invalid character.
.next/dev/types/cache-life.d.ts(1,5606): error TS1127: Invalid character.
.next/dev/types/cache-life.d.ts(1,5607): error TS1127: Invalid character.
.next/dev/types/cache-life.d.ts(1,5608): error TS1127: Invalid character.
.next/dev/types/cache-life.d.ts(1,5609): error TS1127: Invalid character.
.next/dev/types/cache-life.d.ts(1,5610): error TS1127: Invalid character.
.next/dev/types/cache-life.d.ts(1,5611): error TS1127: Invalid character.
.next/dev/types/cache-life.d.ts(1,5612): error TS1127: Invalid character.
.next/dev/types/cache-life.d.ts(1,5613): error TS1127: Invalid character.
.next/dev/types/cache-life.d.ts(1,5614): error TS1127: Invalid character.
.next/dev/types/cache-life.d.ts(1,5615): error TS1127: Invalid character.
.next/dev/types/cache-life.d.ts(1,5616): error TS1127: Invalid character.
.next/dev/types/cache-life.d.ts(1,5617): error TS1127: Invalid character.
.next/dev/types/cache-life.d.ts(1,5618): error TS1127: Invalid character.
.next/dev/types/cache-life.d.ts(1,5619): error TS1127: Invalid character.
.next/dev/types/cache-life.d.ts(1,5620): error TS1127: Invalid character.
.next/dev/types/cache-life.d.ts(1,5621): error TS1127: Invalid character.
.next/dev/types/cache-life.d.ts(1,5622): error TS1127: Invalid character.
.next/dev/types/cache-life.d.ts(1,5623): error TS1127: Invalid character.
.next/dev/types/cache-life.d.ts(1,5624): error TS1127: Invalid character.
.next/dev/types/cache-life.d.ts(1,5625): error TS1127: Invalid character.
.next/dev/types/cache-life.d.ts(1,5626): error TS1127: Invalid character.
.next/dev/types/cache-life.d.ts(1,5627): error TS1127: Invalid character.
.next/dev/types/cache-life.d.ts(1,5628): error TS1127: Invalid character.
.next/dev/types/cache-life.d.ts(1,5629): error TS1127: Invalid character.
.next/dev/types/cache-life.d.ts(1,5630): error TS1127: Invalid character.
.next/dev/types/cache-life.d.ts(1,5631): error TS1127: Invalid character.
.next/dev/types/cache-life.d.ts(1,5632): error TS1127: Invalid character.
.next/dev/types/cache-life.d.ts(1,5633): error TS1127: Invalid character.
.next/dev/types/cache-life.d.ts(1,5634): error TS1127: Invalid character.
.next/dev/types/cache-life.d.ts(1,5635): error TS1127: Invalid character.
.next/dev/types/cache-life.d.ts(1,5636): error TS1127: Invalid character.
.next/dev/types/cache-life.d.ts(1,5637): error TS1127: Invalid character.
.next/dev/types/cache-life.d.ts(1,5638): error TS1127: Invalid character.
.next/dev/types/cache-life.d.ts(1,5639): error TS1127: Invalid character.
.next/dev/types/cache-life.d.ts(1,5640): error TS1127: Invalid character.
.next/dev/types/cache-life.d.ts(1,5641): error TS1127: Invalid character.
.next/dev/types/cache-life.d.ts(1,5642): error TS1127: Invalid character.
.next/dev/types/cache-life.d.ts(1,5643): error TS1127: Invalid character.
.next/dev/types/cache-life.d.ts(1,5644): error TS1127: Invalid character.
.next/dev/types/cache-life.d.ts(1,5645): error TS1127: Invalid character.
.next/dev/types/cache-life.d.ts(1,5646): error TS1127: Invalid character.
.next/dev/types/cache-life.d.ts(1,5647): error TS1127: Invalid character.
.next/dev/types/cache-life.d.ts(1,5648): error TS1127: Invalid character.
.next/dev/types/cache-life.d.ts(1,5649): error TS1127: Invalid character.
.next/dev/types/cache-life.d.ts(1,5650): error TS1127: Invalid character.
.next/dev/types/cache-life.d.ts(1,5651): error TS1127: Invalid character.
.next/dev/types/cache-life.d.ts(1,5652): error TS1127: Invalid character.
.next/dev/types/cache-life.d.ts(1,5653): error TS1127: Invalid character.
.next/dev/types/cache-life.d.ts(1,5654): error TS1127: Invalid character.
.next/dev/types/cache-life.d.ts(1,5655): error TS1127: Invalid character.
.next/dev/types/cache-life.d.ts(1,5656): error TS1127: Invalid character.
.next/dev/types/cache-life.d.ts(1,5657): error TS1127: Invalid character.
.next/dev/types/cache-life.d.ts(1,5658): error TS1127: Invalid character.
.next/dev/types/cache-life.d.ts(1,5659): error TS1127: Invalid character.
.next/dev/types/cache-life.d.ts(1,5660): error TS1127: Invalid character.
.next/dev/types/cache-life.d.ts(1,5661): error TS1127: Invalid character.
.next/dev/types/cache-life.d.ts(1,5662): error TS1127: Invalid character.
.next/dev/types/cache-life.d.ts(1,5663): error TS1127: Invalid character.
.next/dev/types/cache-life.d.ts(1,5664): error TS1127: Invalid character.
.next/dev/types/cache-life.d.ts(1,5665): error TS1127: Invalid character.
.next/dev/types/cache-life.d.ts(1,5666): error TS1127: Invalid character.
.next/dev/types/cache-life.d.ts(1,5667): error TS1127: Invalid character.
.next/dev/types/cache-life.d.ts(1,5668): error TS1127: Invalid character.
.next/dev/types/cache-life.d.ts(1,5669): error TS1127: Invalid character.
.next/dev/types/cache-life.d.ts(1,5670): error TS1127: Invalid character.
.next/dev/types/cache-life.d.ts(1,5671): error TS1127: Invalid character.
.next/dev/types/cache-life.d.ts(1,5672): error TS1127: Invalid character.
.next/dev/types/cache-life.d.ts(1,5673): error TS1127: Invalid character.
.next/dev/types/cache-life.d.ts(1,5674): error TS1127: Invalid character.
.next/dev/types/cache-life.d.ts(1,5675): error TS1127: Invalid character.
.next/dev/types/cache-life.d.ts(1,5676): error TS1127: Invalid character.
.next/dev/types/cache-life.d.ts(1,5677): error TS1127: Invalid character.
.next/dev/types/cache-life.d.ts(1,5678): error TS1127: Invalid character.
.next/dev/types/cache-life.d.ts(1,5679): error TS1127: Invalid character.
.next/dev/types/cache-life.d.ts(1,5680): error TS1127: Invalid character.
.next/dev/types/cache-life.d.ts(1,5681): error TS1127: Invalid character.
.next/dev/types/cache-life.d.ts(1,5682): error TS1127: Invalid character.
.next/dev/types/cache-life.d.ts(1,5683): error TS1127: Invalid character.
.next/dev/types/cache-life.d.ts(1,5684): error TS1127: Invalid character.
.next/dev/types/cache-life.d.ts(1,5685): error TS1127: Invalid character.
.next/dev/types/cache-life.d.ts(1,5686): error TS1127: Invalid character.
.next/dev/types/cache-life.d.ts(1,5687): error TS1127: Invalid character.
.next/dev/types/cache-life.d.ts(1,5688): error TS1127: Invalid character.
.next/dev/types/cache-life.d.ts(1,5689): error TS1127: Invalid character.
.next/dev/types/cache-life.d.ts(1,5690): error TS1127: Invalid character.
.next/dev/types/cache-life.d.ts(1,5691): error TS1127: Invalid character.
.next/dev/types/cache-life.d.ts(1,5692): error TS1127: Invalid character.
.next/dev/types/cache-life.d.ts(1,5693): error TS1127: Invalid character.
.next/dev/types/cache-life.d.ts(1,5694): error TS1127: Invalid character.
.next/dev/types/cache-life.d.ts(1,5695): error TS1127: Invalid character.
.next/dev/types/cache-life.d.ts(1,5696): error TS1127: Invalid character.
.next/dev/types/cache-life.d.ts(1,5697): error TS1127: Invalid character.
.next/dev/types/cache-life.d.ts(1,5698): error TS1127: Invalid character.
.next/dev/types/cache-life.d.ts(1,5699): error TS1127: Invalid character.
.next/dev/types/cache-life.d.ts(1,5700): error TS1127: Invalid character.
.next/dev/types/cache-life.d.ts(1,5701): error TS1127: Invalid character.
.next/dev/types/cache-life.d.ts(1,5702): error TS1127: Invalid character.
.next/dev/types/cache-life.d.ts(1,5703): error TS1127: Invalid character.
.next/dev/types/cache-life.d.ts(1,5704): error TS1127: Invalid character.
.next/dev/types/cache-life.d.ts(1,5705): error TS1127: Invalid character.
.next/dev/types/cache-life.d.ts(1,5706): error TS1127: Invalid character.
.next/dev/types/cache-life.d.ts(1,5707): error TS1127: Invalid character.
.next/dev/types/cache-life.d.ts(1,5708): error TS1127: Invalid character.
.next/dev/types/cache-life.d.ts(1,5709): error TS1127: Invalid character.
.next/dev/types/cache-life.d.ts(1,5710): error TS1127: Invalid character.
.next/dev/types/cache-life.d.ts(1,5711): error TS1127: Invalid character.
.next/dev/types/cache-life.d.ts(1,5712): error TS1127: Invalid character.
.next/dev/types/cache-life.d.ts(1,5713): error TS1127: Invalid character.
.next/dev/types/cache-life.d.ts(1,5714): error TS1127: Invalid character.
.next/dev/types/cache-life.d.ts(1,5715): error TS1127: Invalid character.
.next/dev/types/cache-life.d.ts(1,5716): error TS1127: Invalid character.
.next/dev/types/cache-life.d.ts(1,5717): error TS1127: Invalid character.
.next/dev/types/cache-life.d.ts(1,5718): error TS1127: Invalid character.
.next/dev/types/cache-life.d.ts(1,5719): error TS1127: Invalid character.
.next/dev/types/cache-life.d.ts(1,5720): error TS1127: Invalid character.
.next/dev/types/cache-life.d.ts(1,5721): error TS1127: Invalid character.
.next/dev/types/cache-life.d.ts(1,5722): error TS1127: Invalid character.
.next/dev/types/cache-life.d.ts(1,5723): error TS1127: Invalid character.
.next/dev/types/cache-life.d.ts(1,5724): error TS1127: Invalid character.
.next/dev/types/cache-life.d.ts(1,5725): error TS1127: Invalid character.
.next/dev/types/cache-life.d.ts(1,5726): error TS1127: Invalid character.
.next/dev/types/cache-life.d.ts(1,5727): error TS1127: Invalid character.
.next/dev/types/cache-life.d.ts(1,5728): error TS1127: Invalid character.
.next/dev/types/cache-life.d.ts(1,5729): error TS1127: Invalid character.
.next/dev/types/cache-life.d.ts(1,5730): error TS1127: Invalid character.
.next/dev/types/cache-life.d.ts(1,5731): error TS1127: Invalid character.
.next/dev/types/cache-life.d.ts(1,5732): error TS1127: Invalid character.
.next/dev/types/cache-life.d.ts(1,5733): error TS1127: Invalid character.
.next/dev/types/cache-life.d.ts(1,5734): error TS1127: Invalid character.
.next/dev/types/cache-life.d.ts(1,5735): error TS1127: Invalid character.
.next/dev/types/cache-life.d.ts(1,5736): error TS1127: Invalid character.
.next/dev/types/cache-life.d.ts(1,5737): error TS1127: Invalid character.
.next/dev/types/cache-life.d.ts(1,5738): error TS1127: Invalid character.
.next/dev/types/cache-life.d.ts(1,5739): error TS1127: Invalid character.
.next/dev/types/cache-life.d.ts(1,5740): error TS1127: Invalid character.
.next/dev/types/cache-life.d.ts(1,5741): error TS1127: Invalid character.
.next/dev/types/cache-life.d.ts(1,5742): error TS1127: Invalid character.
.next/dev/types/cache-life.d.ts(1,5743): error TS1127: Invalid character.
.next/dev/types/cache-life.d.ts(1,5744): error TS1127: Invalid character.
.next/dev/types/cache-life.d.ts(1,5745): error TS1127: Invalid character.
.next/dev/types/cache-life.d.ts(1,5746): error TS1127: Invalid character.
.next/dev/types/cache-life.d.ts(1,5747): error TS1127: Invalid character.
.next/dev/types/cache-life.d.ts(1,5748): error TS1127: Invalid character.
.next/dev/types/cache-life.d.ts(1,5749): error TS1127: Invalid character.
.next/dev/types/cache-life.d.ts(1,5750): error TS1127: Invalid character.
.next/dev/types/cache-life.d.ts(1,5751): error TS1127: Invalid character.
.next/dev/types/cache-life.d.ts(1,5752): error TS1127: Invalid character.
.next/dev/types/cache-life.d.ts(1,5753): error TS1127: Invalid character.
.next/dev/types/cache-life.d.ts(1,5754): error TS1127: Invalid character.
.next/dev/types/cache-life.d.ts(1,5755): error TS1127: Invalid character.
.next/dev/types/cache-life.d.ts(1,5756): error TS1127: Invalid character.
.next/dev/types/cache-life.d.ts(1,5757): error TS1127: Invalid character.
.next/dev/types/cache-life.d.ts(1,5758): error TS1127: Invalid character.
.next/dev/types/cache-life.d.ts(1,5759): error TS1127: Invalid character.
.next/dev/types/cache-life.d.ts(1,5760): error TS1127: Invalid character.
.next/dev/types/cache-life.d.ts(1,5761): error TS1127: Invalid character.
.next/dev/types/cache-life.d.ts(1,5762): error TS1127: Invalid character.
.next/dev/types/cache-life.d.ts(1,5763): error TS1127: Invalid character.
.next/dev/types/cache-life.d.ts(1,5764): error TS1127: Invalid character.
.next/dev/types/cache-life.d.ts(1,5765): error TS1127: Invalid character.
.next/dev/types/cache-life.d.ts(1,5766): error TS1127: Invalid character.
.next/dev/types/cache-life.d.ts(1,5767): error TS1127: Invalid character.
.next/dev/types/cache-life.d.ts(1,5768): error TS1127: Invalid character.
.next/dev/types/cache-life.d.ts(1,5769): error TS1127: Invalid character.
.next/dev/types/cache-life.d.ts(1,5770): error TS1127: Invalid character.
.next/dev/types/cache-life.d.ts(1,5771): error TS1127: Invalid character.
.next/dev/types/cache-life.d.ts(1,5772): error TS1127: Invalid character.
.next/dev/types/cache-life.d.ts(1,5773): error TS1127: Invalid character.
.next/dev/types/cache-life.d.ts(1,5774): error TS1127: Invalid character.
.next/dev/types/cache-life.d.ts(1,5775): error TS1127: Invalid character.
.next/dev/types/cache-life.d.ts(1,5776): error TS1127: Invalid character.
.next/dev/types/cache-life.d.ts(1,5777): error TS1127: Invalid character.
.next/dev/types/cache-life.d.ts(1,5778): error TS1127: Invalid character.
.next/dev/types/cache-life.d.ts(1,5779): error TS1127: Invalid character.
.next/dev/types/cache-life.d.ts(1,5780): error TS1127: Invalid character.
.next/dev/types/cache-life.d.ts(1,5781): error TS1127: Invalid character.
.next/dev/types/cache-life.d.ts(1,5782): error TS1127: Invalid character.
.next/dev/types/cache-life.d.ts(1,5783): error TS1127: Invalid character.
.next/dev/types/cache-life.d.ts(1,5784): error TS1127: Invalid character.
.next/dev/types/cache-life.d.ts(1,5785): error TS1127: Invalid character.
.next/dev/types/cache-life.d.ts(1,5786): error TS1127: Invalid character.
.next/dev/types/cache-life.d.ts(1,5787): error TS1127: Invalid character.
.next/dev/types/cache-life.d.ts(1,5788): error TS1127: Invalid character.
.next/dev/types/cache-life.d.ts(1,5789): error TS1127: Invalid character.
.next/dev/types/cache-life.d.ts(1,5790): error TS1127: Invalid character.
.next/dev/types/cache-life.d.ts(1,5791): error TS1127: Invalid character.
.next/dev/types/cache-life.d.ts(1,5792): error TS1127: Invalid character.
.next/dev/types/cache-life.d.ts(1,5793): error TS1127: Invalid character.
.next/dev/types/cache-life.d.ts(1,5794): error TS1127: Invalid character.
.next/dev/types/cache-life.d.ts(1,5795): error TS1127: Invalid character.
.next/dev/types/cache-life.d.ts(1,5796): error TS1127: Invalid character.
.next/dev/types/cache-life.d.ts(1,5797): error TS1127: Invalid character.
.next/dev/types/cache-life.d.ts(1,5798): error TS1127: Invalid character.
.next/dev/types/cache-life.d.ts(1,5799): error TS1127: Invalid character.
.next/dev/types/cache-life.d.ts(1,5800): error TS1127: Invalid character.
.next/dev/types/cache-life.d.ts(1,5801): error TS1127: Invalid character.
.next/dev/types/cache-life.d.ts(1,5802): error TS1127: Invalid character.
.next/dev/types/cache-life.d.ts(1,5803): error TS1127: Invalid character.
.next/dev/types/cache-life.d.ts(1,5804): error TS1127: Invalid character.
.next/dev/types/cache-life.d.ts(1,5805): error TS1127: Invalid character.
.next/dev/types/cache-life.d.ts(1,5806): error TS1127: Invalid character.
.next/dev/types/cache-life.d.ts(1,5807): error TS1127: Invalid character.
.next/dev/types/cache-life.d.ts(1,5808): error TS1127: Invalid character.
.next/dev/types/cache-life.d.ts(1,5809): error TS1127: Invalid character.
.next/dev/types/cache-life.d.ts(1,5810): error TS1127: Invalid character.
.next/dev/types/cache-life.d.ts(1,5811): error TS1127: Invalid character.
.next/dev/types/cache-life.d.ts(1,5812): error TS1127: Invalid character.
.next/dev/types/cache-life.d.ts(1,5813): error TS1127: Invalid character.
.next/dev/types/cache-life.d.ts(1,5814): error TS1127: Invalid character.
.next/dev/types/cache-life.d.ts(1,5815): error TS1127: Invalid character.
.next/dev/types/cache-life.d.ts(1,5816): error TS1127: Invalid character.
.next/dev/types/cache-life.d.ts(1,5817): error TS1127: Invalid character.
.next/dev/types/cache-life.d.ts(1,5818): error TS1127: Invalid character.
.next/dev/types/cache-life.d.ts(1,5819): error TS1127: Invalid character.
.next/dev/types/cache-life.d.ts(1,5820): error TS1127: Invalid character.
.next/dev/types/cache-life.d.ts(1,5821): error TS1127: Invalid character.
.next/dev/types/cache-life.d.ts(1,5822): error TS1127: Invalid character.
.next/dev/types/cache-life.d.ts(1,5823): error TS1127: Invalid character.
.next/dev/types/cache-life.d.ts(1,5824): error TS1127: Invalid character.
.next/dev/types/cache-life.d.ts(1,5825): error TS1127: Invalid character.
.next/dev/types/cache-life.d.ts(1,5826): error TS1127: Invalid character.
.next/dev/types/cache-life.d.ts(1,5827): error TS1127: Invalid character.
.next/dev/types/cache-life.d.ts(1,5828): error TS1127: Invalid character.
.next/dev/types/cache-life.d.ts(1,5829): error TS1127: Invalid character.
.next/dev/types/cache-life.d.ts(1,5830): error TS1127: Invalid character.
.next/dev/types/cache-life.d.ts(1,5831): error TS1127: Invalid character.
.next/dev/types/cache-life.d.ts(1,5832): error TS1127: Invalid character.
.next/dev/types/cache-life.d.ts(1,5833): error TS1127: Invalid character.
.next/dev/types/cache-life.d.ts(1,5834): error TS1127: Invalid character.
.next/dev/types/cache-life.d.ts(1,5835): error TS1127: Invalid character.
.next/dev/types/cache-life.d.ts(1,5836): error TS1127: Invalid character.
.next/dev/types/cache-life.d.ts(1,5837): error TS1127: Invalid character.
.next/dev/types/cache-life.d.ts(1,5838): error TS1127: Invalid character.
.next/dev/types/cache-life.d.ts(1,5839): error TS1127: Invalid character.
.next/dev/types/cache-life.d.ts(1,5840): error TS1127: Invalid character.
.next/dev/types/cache-life.d.ts(1,5841): error TS1127: Invalid character.
.next/dev/types/cache-life.d.ts(1,5842): error TS1127: Invalid character.
.next/dev/types/cache-life.d.ts(1,5843): error TS1127: Invalid character.
.next/dev/types/cache-life.d.ts(1,5844): error TS1127: Invalid character.
.next/dev/types/cache-life.d.ts(1,5845): error TS1127: Invalid character.
.next/dev/types/cache-life.d.ts(1,5846): error TS1127: Invalid character.
.next/dev/types/cache-life.d.ts(1,5847): error TS1127: Invalid character.
.next/dev/types/cache-life.d.ts(1,5848): error TS1127: Invalid character.
.next/dev/types/cache-life.d.ts(1,5849): error TS1127: Invalid character.
.next/dev/types/cache-life.d.ts(1,5850): error TS1127: Invalid character.
.next/dev/types/cache-life.d.ts(1,5851): error TS1127: Invalid character.
.next/dev/types/cache-life.d.ts(1,5852): error TS1127: Invalid character.
.next/dev/types/cache-life.d.ts(1,5853): error TS1127: Invalid character.
.next/dev/types/cache-life.d.ts(1,5854): error TS1127: Invalid character.
.next/dev/types/routes.d.ts(1,1): error TS1127: Invalid character.
.next/dev/types/routes.d.ts(1,2): error TS1127: Invalid character.
.next/dev/types/routes.d.ts(1,3): error TS1127: Invalid character.
.next/dev/types/routes.d.ts(1,4): error TS1127: Invalid character.
.next/dev/types/routes.d.ts(1,5): error TS1127: Invalid character.
.next/dev/types/routes.d.ts(1,6): error TS1127: Invalid character.
.next/dev/types/routes.d.ts(1,7): error TS1127: Invalid character.
.next/dev/types/routes.d.ts(1,8): error TS1127: Invalid character.
.next/dev/types/routes.d.ts(1,9): error TS1127: Invalid character.
.next/dev/types/routes.d.ts(1,10): error TS1127: Invalid character.
.next/dev/types/routes.d.ts(1,11): error TS1127: Invalid character.
.next/dev/types/routes.d.ts(1,12): error TS1127: Invalid character.
.next/dev/types/routes.d.ts(1,13): error TS1127: Invalid character.
.next/dev/types/routes.d.ts(1,14): error TS1127: Invalid character.
.next/dev/types/routes.d.ts(1,15): error TS1127: Invalid character.
.next/dev/types/routes.d.ts(1,16): error TS1127: Invalid character.
.next/dev/types/routes.d.ts(1,17): error TS1127: Invalid character.
.next/dev/types/routes.d.ts(1,18): error TS1127: Invalid character.
.next/dev/types/routes.d.ts(1,19): error TS1127: Invalid character.
.next/dev/types/routes.d.ts(1,20): error TS1127: Invalid character.
.next/dev/types/routes.d.ts(1,21): error TS1127: Invalid character.
.next/dev/types/routes.d.ts(1,22): error TS1127: Invalid character.
.next/dev/types/routes.d.ts(1,23): error TS1127: Invalid character.
.next/dev/types/routes.d.ts(1,24): error TS1127: Invalid character.
.next/dev/types/routes.d.ts(1,25): error TS1127: Invalid character.
.next/dev/types/routes.d.ts(1,26): error TS1127: Invalid character.
.next/dev/types/routes.d.ts(1,27): error TS1127: Invalid character.
.next/dev/types/routes.d.ts(1,28): error TS1127: Invalid character.
.next/dev/types/routes.d.ts(1,29): error TS1127: Invalid character.
.next/dev/types/routes.d.ts(1,30): error TS1127: Invalid character.
.next/dev/types/routes.d.ts(1,31): error TS1127: Invalid character.
.next/dev/types/routes.d.ts(1,32): error TS1127: Invalid character.
.next/dev/types/routes.d.ts(1,33): error TS1127: Invalid character.
.next/dev/types/routes.d.ts(1,34): error TS1127: Invalid character.
.next/dev/types/routes.d.ts(1,35): error TS1127: Invalid character.
.next/dev/types/routes.d.ts(1,36): error TS1127: Invalid character.
.next/dev/types/routes.d.ts(1,37): error TS1127: Invalid character.
.next/dev/types/routes.d.ts(1,38): error TS1127: Invalid character.
.next/dev/types/routes.d.ts(1,39): error TS1127: Invalid character.
.next/dev/types/routes.d.ts(1,40): error TS1127: Invalid character.
.next/dev/types/routes.d.ts(1,41): error TS1127: Invalid character.
.next/dev/types/routes.d.ts(1,42): error TS1127: Invalid character.
.next/dev/types/routes.d.ts(1,43): error TS1127: Invalid character.
.next/dev/types/routes.d.ts(1,44): error TS1127: Invalid character.
.next/dev/types/routes.d.ts(1,45): error TS1127: Invalid character.
.next/dev/types/routes.d.ts(1,46): error TS1127: Invalid character.
.next/dev/types/routes.d.ts(1,47): error TS1127: Invalid character.
.next/dev/types/routes.d.ts(1,48): error TS1127: Invalid character.
.next/dev/types/routes.d.ts(1,49): error TS1127: Invalid character.
.next/dev/types/routes.d.ts(1,50): error TS1127: Invalid character.
.next/dev/types/routes.d.ts(1,51): error TS1127: Invalid character.
.next/dev/types/routes.d.ts(1,52): error TS1127: Invalid character.
.next/dev/types/routes.d.ts(1,53): error TS1127: Invalid character.
.next/dev/types/routes.d.ts(1,54): error TS1127: Invalid character.
.next/dev/types/routes.d.ts(1,55): error TS1127: Invalid character.
.next/dev/types/routes.d.ts(1,56): error TS1127: Invalid character.
.next/dev/types/routes.d.ts(1,57): error TS1127: Invalid character.
.next/dev/types/routes.d.ts(1,58): error TS1127: Invalid character.
.next/dev/types/routes.d.ts(1,59): error TS1127: Invalid character.
.next/dev/types/routes.d.ts(1,60): error TS1127: Invalid character.
.next/dev/types/routes.d.ts(1,61): error TS1127: Invalid character.
.next/dev/types/routes.d.ts(1,62): error TS1127: Invalid character.
.next/dev/types/routes.d.ts(1,63): error TS1127: Invalid character.
.next/dev/types/routes.d.ts(1,64): error TS1127: Invalid character.
.next/dev/types/routes.d.ts(1,65): error TS1127: Invalid character.
.next/dev/types/routes.d.ts(1,66): error TS1127: Invalid character.
.next/dev/types/routes.d.ts(1,67): error TS1127: Invalid character.
.next/dev/types/routes.d.ts(1,68): error TS1127: Invalid character.
.next/dev/types/routes.d.ts(1,69): error TS1127: Invalid character.
.next/dev/types/routes.d.ts(1,70): error TS1127: Invalid character.
.next/dev/types/routes.d.ts(1,71): error TS1127: Invalid character.
.next/dev/types/routes.d.ts(1,72): error TS1127: Invalid character.
.next/dev/types/routes.d.ts(1,73): error TS1127: Invalid character.
.next/dev/types/routes.d.ts(1,74): error TS1127: Invalid character.
.next/dev/types/routes.d.ts(1,75): error TS1127: Invalid character.
.next/dev/types/routes.d.ts(1,76): error TS1127: Invalid character.
.next/dev/types/routes.d.ts(1,77): error TS1127: Invalid character.
.next/dev/types/routes.d.ts(1,78): error TS1127: Invalid character.
.next/dev/types/routes.d.ts(1,79): error TS1127: Invalid character.
.next/dev/types/routes.d.ts(1,80): error TS1127: Invalid character.
.next/dev/types/routes.d.ts(1,81): error TS1127: Invalid character.
.next/dev/types/routes.d.ts(1,82): error TS1127: Invalid character.
.next/dev/types/routes.d.ts(1,83): error TS1127: Invalid character.
.next/dev/types/routes.d.ts(1,84): error TS1127: Invalid character.
.next/dev/types/routes.d.ts(1,85): error TS1127: Invalid character.
.next/dev/types/routes.d.ts(1,86): error TS1127: Invalid character.
.next/dev/types/routes.d.ts(1,87): error TS1127: Invalid character.
.next/dev/types/routes.d.ts(1,88): error TS1127: Invalid character.
.next/dev/types/routes.d.ts(1,89): error TS1127: Invalid character.
.next/dev/types/routes.d.ts(1,90): error TS1127: Invalid character.
.next/dev/types/routes.d.ts(1,91): error TS1127: Invalid character.
.next/dev/types/routes.d.ts(1,92): error TS1127: Invalid character.
.next/dev/types/routes.d.ts(1,93): error TS1127: Invalid character.
.next/dev/types/routes.d.ts(1,94): error TS1127: Invalid character.
.next/dev/types/routes.d.ts(1,95): error TS1127: Invalid character.
.next/dev/types/routes.d.ts(1,96): error TS1127: Invalid character.
.next/dev/types/routes.d.ts(1,97): error TS1127: Invalid character.
.next/dev/types/routes.d.ts(1,98): error TS1127: Invalid character.
.next/dev/types/routes.d.ts(1,99): error TS1127: Invalid character.
.next/dev/types/routes.d.ts(1,100): error TS1127: Invalid character.
.next/dev/types/routes.d.ts(1,101): error TS1127: Invalid character.
.next/dev/types/routes.d.ts(1,102): error TS1127: Invalid character.
.next/dev/types/routes.d.ts(1,103): error TS1127: Invalid character.
.next/dev/types/routes.d.ts(1,104): error TS1127: Invalid character.
.next/dev/types/routes.d.ts(1,105): error TS1127: Invalid character.
.next/dev/types/routes.d.ts(1,106): error TS1127: Invalid character.
.next/dev/types/routes.d.ts(1,107): error TS1127: Invalid character.
.next/dev/types/routes.d.ts(1,108): error TS1127: Invalid character.
.next/dev/types/routes.d.ts(1,109): error TS1127: Invalid character.
.next/dev/types/routes.d.ts(1,110): error TS1127: Invalid character.
.next/dev/types/routes.d.ts(1,111): error TS1127: Invalid character.
.next/dev/types/routes.d.ts(1,112): error TS1127: Invalid character.
.next/dev/types/routes.d.ts(1,113): error TS1127: Invalid character.
.next/dev/types/routes.d.ts(1,114): error TS1127: Invalid character.
.next/dev/types/routes.d.ts(1,115): error TS1127: Invalid character.
.next/dev/types/routes.d.ts(1,116): error TS1127: Invalid character.
.next/dev/types/routes.d.ts(1,117): error TS1127: Invalid character.
.next/dev/types/routes.d.ts(1,118): error TS1127: Invalid character.
.next/dev/types/routes.d.ts(1,119): error TS1127: Invalid character.
.next/dev/types/routes.d.ts(1,120): error TS1127: Invalid character.
.next/dev/types/routes.d.ts(1,121): error TS1127: Invalid character.
.next/dev/types/routes.d.ts(1,122): error TS1127: Invalid character.
.next/dev/types/routes.d.ts(1,123): error TS1127: Invalid character.
.next/dev/types/routes.d.ts(1,124): error TS1127: Invalid character.
.next/dev/types/routes.d.ts(1,125): error TS1127: Invalid character.
.next/dev/types/routes.d.ts(1,126): error TS1127: Invalid character.
.next/dev/types/routes.d.ts(1,127): error TS1127: Invalid character.
.next/dev/types/routes.d.ts(1,128): error TS1127: Invalid character.
.next/dev/types/routes.d.ts(1,129): error TS1127: Invalid character.
.next/dev/types/routes.d.ts(1,130): error TS1127: Invalid character.
.next/dev/types/routes.d.ts(1,131): error TS1127: Invalid character.
.next/dev/types/routes.d.ts(1,132): error TS1127: Invalid character.
.next/dev/types/routes.d.ts(1,133): error TS1127: Invalid character.
.next/dev/types/routes.d.ts(1,134): error TS1127: Invalid character.
.next/dev/types/routes.d.ts(1,135): error TS1127: Invalid character.
.next/dev/types/routes.d.ts(1,136): error TS1127: Invalid character.
.next/dev/types/routes.d.ts(1,137): error TS1127: Invalid character.
.next/dev/types/routes.d.ts(1,138): error TS1127: Invalid character.
.next/dev/types/routes.d.ts(1,139): error TS1127: Invalid character.
.next/dev/types/routes.d.ts(1,140): error TS1127: Invalid character.
.next/dev/types/routes.d.ts(1,141): error TS1127: Invalid character.
.next/dev/types/routes.d.ts(1,142): error TS1127: Invalid character.
.next/dev/types/routes.d.ts(1,143): error TS1127: Invalid character.
.next/dev/types/routes.d.ts(1,144): error TS1127: Invalid character.
.next/dev/types/routes.d.ts(1,145): error TS1127: Invalid character.
.next/dev/types/routes.d.ts(1,146): error TS1127: Invalid character.
.next/dev/types/routes.d.ts(1,147): error TS1127: Invalid character.
.next/dev/types/routes.d.ts(1,148): error TS1127: Invalid character.
.next/dev/types/routes.d.ts(1,149): error TS1127: Invalid character.
.next/dev/types/routes.d.ts(1,150): error TS1127: Invalid character.
.next/dev/types/routes.d.ts(1,151): error TS1127: Invalid character.
.next/dev/types/routes.d.ts(1,152): error TS1127: Invalid character.
.next/dev/types/routes.d.ts(1,153): error TS1127: Invalid character.
.next/dev/types/routes.d.ts(1,154): error TS1127: Invalid character.
.next/dev/types/routes.d.ts(1,155): error TS1127: Invalid character.
.next/dev/types/routes.d.ts(1,156): error TS1127: Invalid character.
.next/dev/types/routes.d.ts(1,157): error TS1127: Invalid character.
.next/dev/types/routes.d.ts(1,158): error TS1127: Invalid character.
.next/dev/types/routes.d.ts(1,159): error TS1127: Invalid character.
.next/dev/types/routes.d.ts(1,160): error TS1127: Invalid character.
.next/dev/types/routes.d.ts(1,161): error TS1127: Invalid character.
.next/dev/types/routes.d.ts(1,162): error TS1127: Invalid character.
.next/dev/types/routes.d.ts(1,163): error TS1127: Invalid character.
.next/dev/types/routes.d.ts(1,164): error TS1127: Invalid character.
.next/dev/types/routes.d.ts(1,165): error TS1127: Invalid character.
.next/dev/types/routes.d.ts(1,166): error TS1127: Invalid character.
.next/dev/types/routes.d.ts(1,167): error TS1127: Invalid character.
.next/dev/types/routes.d.ts(1,168): error TS1127: Invalid character.
.next/dev/types/routes.d.ts(1,169): error TS1127: Invalid character.
.next/dev/types/routes.d.ts(1,170): error TS1127: Invalid character.
.next/dev/types/routes.d.ts(1,171): error TS1127: Invalid character.
.next/dev/types/routes.d.ts(1,172): error TS1127: Invalid character.
.next/dev/types/routes.d.ts(1,173): error TS1127: Invalid character.
.next/dev/types/routes.d.ts(1,174): error TS1127: Invalid character.
.next/dev/types/routes.d.ts(1,175): error TS1127: Invalid character.
.next/dev/types/routes.d.ts(1,176): error TS1127: Invalid character.
.next/dev/types/routes.d.ts(1,177): error TS1127: Invalid character.
.next/dev/types/routes.d.ts(1,178): error TS1127: Invalid character.
.next/dev/types/routes.d.ts(1,179): error TS1127: Invalid character.
.next/dev/types/routes.d.ts(1,180): error TS1127: Invalid character.
.next/dev/types/routes.d.ts(1,181): error TS1127: Invalid character.
.next/dev/types/routes.d.ts(1,182): error TS1127: Invalid character.
.next/dev/types/routes.d.ts(1,183): error TS1127: Invalid character.
.next/dev/types/routes.d.ts(1,184): error TS1127: Invalid character.
.next/dev/types/routes.d.ts(1,185): error TS1127: Invalid character.
.next/dev/types/routes.d.ts(1,186): error TS1127: Invalid character.
.next/dev/types/routes.d.ts(1,187): error TS1127: Invalid character.
.next/dev/types/routes.d.ts(1,188): error TS1127: Invalid character.
.next/dev/types/routes.d.ts(1,189): error TS1127: Invalid character.
.next/dev/types/routes.d.ts(1,190): error TS1127: Invalid character.
.next/dev/types/routes.d.ts(1,191): error TS1127: Invalid character.
.next/dev/types/routes.d.ts(1,192): error TS1127: Invalid character.
.next/dev/types/routes.d.ts(1,193): error TS1127: Invalid character.
.next/dev/types/routes.d.ts(1,194): error TS1127: Invalid character.
.next/dev/types/routes.d.ts(1,195): error TS1127: Invalid character.
.next/dev/types/routes.d.ts(1,196): error TS1127: Invalid character.
.next/dev/types/routes.d.ts(1,197): error TS1127: Invalid character.
.next/dev/types/routes.d.ts(1,198): error TS1127: Invalid character.
.next/dev/types/routes.d.ts(1,199): error TS1127: Invalid character.
.next/dev/types/routes.d.ts(1,200): error TS1127: Invalid character.
.next/dev/types/routes.d.ts(1,201): error TS1127: Invalid character.
.next/dev/types/routes.d.ts(1,202): error TS1127: Invalid character.
.next/dev/types/routes.d.ts(1,203): error TS1127: Invalid character.
.next/dev/types/routes.d.ts(1,204): error TS1127: Invalid character.
.next/dev/types/routes.d.ts(1,205): error TS1127: Invalid character.
.next/dev/types/routes.d.ts(1,206): error TS1127: Invalid character.
.next/dev/types/routes.d.ts(1,207): error TS1127: Invalid character.
.next/dev/types/routes.d.ts(1,208): error TS1127: Invalid character.
.next/dev/types/routes.d.ts(1,209): error TS1127: Invalid character.
.next/dev/types/routes.d.ts(1,210): error TS1127: Invalid character.
.next/dev/types/routes.d.ts(1,211): error TS1127: Invalid character.
.next/dev/types/routes.d.ts(1,212): error TS1127: Invalid character.
.next/dev/types/routes.d.ts(1,213): error TS1127: Invalid character.
.next/dev/types/routes.d.ts(1,214): error TS1127: Invalid character.
.next/dev/types/routes.d.ts(1,215): error TS1127: Invalid character.
.next/dev/types/routes.d.ts(1,216): error TS1127: Invalid character.
.next/dev/types/routes.d.ts(1,217): error TS1127: Invalid character.
.next/dev/types/routes.d.ts(1,218): error TS1127: Invalid character.
.next/dev/types/routes.d.ts(1,219): error TS1127: Invalid character.
.next/dev/types/routes.d.ts(1,220): error TS1127: Invalid character.
.next/dev/types/routes.d.ts(1,221): error TS1127: Invalid character.
.next/dev/types/routes.d.ts(1,222): error TS1127: Invalid character.
.next/dev/types/routes.d.ts(1,223): error TS1127: Invalid character.
.next/dev/types/routes.d.ts(1,224): error TS1127: Invalid character.
.next/dev/types/routes.d.ts(1,225): error TS1127: Invalid character.
.next/dev/types/routes.d.ts(1,226): error TS1127: Invalid character.
.next/dev/types/routes.d.ts(1,227): error TS1127: Invalid character.
.next/dev/types/routes.d.ts(1,228): error TS1127: Invalid character.
.next/dev/types/routes.d.ts(1,229): error TS1127: Invalid character.
.next/dev/types/routes.d.ts(1,230): error TS1127: Invalid character.
.next/dev/types/routes.d.ts(1,231): error TS1127: Invalid character.
.next/dev/types/routes.d.ts(1,232): error TS1127: Invalid character.
.next/dev/types/routes.d.ts(1,233): error TS1127: Invalid character.
.next/dev/types/routes.d.ts(1,234): error TS1127: Invalid character.
.next/dev/types/routes.d.ts(1,235): error TS1127: Invalid character.
.next/dev/types/routes.d.ts(1,236): error TS1127: Invalid character.
.next/dev/types/routes.d.ts(1,237): error TS1127: Invalid character.
.next/dev/types/routes.d.ts(1,238): error TS1127: Invalid character.
.next/dev/types/routes.d.ts(1,239): error TS1127: Invalid character.
.next/dev/types/routes.d.ts(1,240): error TS1127: Invalid character.
.next/dev/types/routes.d.ts(1,241): error TS1127: Invalid character.
.next/dev/types/routes.d.ts(1,242): error TS1127: Invalid character.
.next/dev/types/routes.d.ts(1,243): error TS1127: Invalid character.
.next/dev/types/routes.d.ts(1,244): error TS1127: Invalid character.
.next/dev/types/routes.d.ts(1,245): error TS1127: Invalid character.
.next/dev/types/routes.d.ts(1,246): error TS1127: Invalid character.
.next/dev/types/routes.d.ts(1,247): error TS1127: Invalid character.
.next/dev/types/routes.d.ts(1,248): error TS1127: Invalid character.
.next/dev/types/routes.d.ts(1,249): error TS1127: Invalid character.
.next/dev/types/routes.d.ts(1,250): error TS1127: Invalid character.
.next/dev/types/routes.d.ts(1,251): error TS1127: Invalid character.
.next/dev/types/routes.d.ts(1,252): error TS1127: Invalid character.
.next/dev/types/routes.d.ts(1,253): error TS1127: Invalid character.
.next/dev/types/routes.d.ts(1,254): error TS1127: Invalid character.
.next/dev/types/routes.d.ts(1,255): error TS1127: Invalid character.
.next/dev/types/routes.d.ts(1,256): error TS1127: Invalid character.
.next/dev/types/routes.d.ts(1,257): error TS1127: Invalid character.
.next/dev/types/routes.d.ts(1,258): error TS1127: Invalid character.
.next/dev/types/routes.d.ts(1,259): error TS1127: Invalid character.
.next/dev/types/routes.d.ts(1,260): error TS1127: Invalid character.
.next/dev/types/routes.d.ts(1,261): error TS1127: Invalid character.
.next/dev/types/routes.d.ts(1,262): error TS1127: Invalid character.
.next/dev/types/routes.d.ts(1,263): error TS1127: Invalid character.
.next/dev/types/routes.d.ts(1,264): error TS1127: Invalid character.
.next/dev/types/routes.d.ts(1,265): error TS1127: Invalid character.
.next/dev/types/routes.d.ts(1,266): error TS1127: Invalid character.
.next/dev/types/routes.d.ts(1,267): error TS1127: Invalid character.
.next/dev/types/routes.d.ts(1,268): error TS1127: Invalid character.
.next/dev/types/routes.d.ts(1,269): error TS1127: Invalid character.
.next/dev/types/routes.d.ts(1,270): error TS1127: Invalid character.
.next/dev/types/routes.d.ts(1,271): error TS1127: Invalid character.
.next/dev/types/routes.d.ts(1,272): error TS1127: Invalid character.
.next/dev/types/routes.d.ts(1,273): error TS1127: Invalid character.
.next/dev/types/routes.d.ts(1,274): error TS1127: Invalid character.
.next/dev/types/routes.d.ts(1,275): error TS1127: Invalid character.
.next/dev/types/routes.d.ts(1,276): error TS1127: Invalid character.
.next/dev/types/routes.d.ts(1,277): error TS1127: Invalid character.
.next/dev/types/routes.d.ts(1,278): error TS1127: Invalid character.
.next/dev/types/routes.d.ts(1,279): error TS1127: Invalid character.
.next/dev/types/routes.d.ts(1,280): error TS1127: Invalid character.
.next/dev/types/routes.d.ts(1,281): error TS1127: Invalid character.
.next/dev/types/routes.d.ts(1,282): error TS1127: Invalid character.
.next/dev/types/routes.d.ts(1,283): error TS1127: Invalid character.
.next/dev/types/routes.d.ts(1,284): error TS1127: Invalid character.
.next/dev/types/routes.d.ts(1,285): error TS1127: Invalid character.
.next/dev/types/routes.d.ts(1,286): error TS1127: Invalid character.
.next/dev/types/routes.d.ts(1,287): error TS1127: Invalid character.
.next/dev/types/routes.d.ts(1,288): error TS1127: Invalid character.
.next/dev/types/routes.d.ts(1,289): error TS1127: Invalid character.
.next/dev/types/routes.d.ts(1,290): error TS1127: Invalid character.
.next/dev/types/routes.d.ts(1,291): error TS1127: Invalid character.
.next/dev/types/routes.d.ts(1,292): error TS1127: Invalid character.
.next/dev/types/routes.d.ts(1,293): error TS1127: Invalid character.
.next/dev/types/routes.d.ts(1,294): error TS1127: Invalid character.
.next/dev/types/routes.d.ts(1,295): error TS1127: Invalid character.
.next/dev/types/routes.d.ts(1,296): error TS1127: Invalid character.
.next/dev/types/routes.d.ts(1,297): error TS1127: Invalid character.
.next/dev/types/routes.d.ts(1,298): error TS1127: Invalid character.
.next/dev/types/routes.d.ts(1,299): error TS1127: Invalid character.
.next/dev/types/routes.d.ts(1,300): error TS1127: Invalid character.
.next/dev/types/routes.d.ts(1,301): error TS1127: Invalid character.
.next/dev/types/routes.d.ts(1,302): error TS1127: Invalid character.
.next/dev/types/routes.d.ts(1,303): error TS1127: Invalid character.
.next/dev/types/routes.d.ts(1,304): error TS1127: Invalid character.
.next/dev/types/routes.d.ts(1,305): error TS1127: Invalid character.
.next/dev/types/routes.d.ts(1,306): error TS1127: Invalid character.
.next/dev/types/routes.d.ts(1,307): error TS1127: Invalid character.
.next/dev/types/routes.d.ts(1,308): error TS1127: Invalid character.
.next/dev/types/routes.d.ts(1,309): error TS1127: Invalid character.
.next/dev/types/routes.d.ts(1,310): error TS1127: Invalid character.
.next/dev/types/routes.d.ts(1,311): error TS1127: Invalid character.
.next/dev/types/routes.d.ts(1,312): error TS1127: Invalid character.
.next/dev/types/routes.d.ts(1,313): error TS1127: Invalid character.
.next/dev/types/routes.d.ts(1,314): error TS1127: Invalid character.
.next/dev/types/routes.d.ts(1,315): error TS1127: Invalid character.
.next/dev/types/routes.d.ts(1,316): error TS1127: Invalid character.
.next/dev/types/routes.d.ts(1,317): error TS1127: Invalid character.
.next/dev/types/routes.d.ts(1,318): error TS1127: Invalid character.
.next/dev/types/routes.d.ts(1,319): error TS1127: Invalid character.
.next/dev/types/routes.d.ts(1,320): error TS1127: Invalid character.
.next/dev/types/routes.d.ts(1,321): error TS1127: Invalid character.
.next/dev/types/routes.d.ts(1,322): error TS1127: Invalid character.
.next/dev/types/routes.d.ts(1,323): error TS1127: Invalid character.
.next/dev/types/routes.d.ts(1,324): error TS1127: Invalid character.
.next/dev/types/routes.d.ts(1,325): error TS1127: Invalid character.
.next/dev/types/routes.d.ts(1,326): error TS1127: Invalid character.
.next/dev/types/routes.d.ts(1,327): error TS1127: Invalid character.
.next/dev/types/routes.d.ts(1,328): error TS1127: Invalid character.
.next/dev/types/routes.d.ts(1,329): error TS1127: Invalid character.
.next/dev/types/routes.d.ts(1,330): error TS1127: Invalid character.
.next/dev/types/routes.d.ts(1,331): error TS1127: Invalid character.
.next/dev/types/routes.d.ts(1,332): error TS1127: Invalid character.
.next/dev/types/routes.d.ts(1,333): error TS1127: Invalid character.
.next/dev/types/routes.d.ts(1,334): error TS1127: Invalid character.
.next/dev/types/routes.d.ts(1,335): error TS1127: Invalid character.
.next/dev/types/routes.d.ts(1,336): error TS1127: Invalid character.
.next/dev/types/routes.d.ts(1,337): error TS1127: Invalid character.
.next/dev/types/routes.d.ts(1,338): error TS1127: Invalid character.
.next/dev/types/routes.d.ts(1,339): error TS1127: Invalid character.
.next/dev/types/routes.d.ts(1,340): error TS1127: Invalid character.
.next/dev/types/routes.d.ts(1,341): error TS1127: Invalid character.
.next/dev/types/routes.d.ts(1,342): error TS1127: Invalid character.
.next/dev/types/routes.d.ts(1,343): error TS1127: Invalid character.
.next/dev/types/routes.d.ts(1,344): error TS1127: Invalid character.
.next/dev/types/routes.d.ts(1,345): error TS1127: Invalid character.
.next/dev/types/routes.d.ts(1,346): error TS1127: Invalid character.
.next/dev/types/routes.d.ts(1,347): error TS1127: Invalid character.
.next/dev/types/routes.d.ts(1,348): error TS1127: Invalid character.
.next/dev/types/routes.d.ts(1,349): error TS1127: Invalid character.
.next/dev/types/routes.d.ts(1,350): error TS1127: Invalid character.
.next/dev/types/routes.d.ts(1,351): error TS1127: Invalid character.
.next/dev/types/routes.d.ts(1,352): error TS1127: Invalid character.
.next/dev/types/routes.d.ts(1,353): error TS1127: Invalid character.
.next/dev/types/routes.d.ts(1,354): error TS1127: Invalid character.
.next/dev/types/routes.d.ts(1,355): error TS1127: Invalid character.
.next/dev/types/routes.d.ts(1,356): error TS1127: Invalid character.
.next/dev/types/routes.d.ts(1,357): error TS1127: Invalid character.
.next/dev/types/routes.d.ts(1,358): error TS1127: Invalid character.
.next/dev/types/routes.d.ts(1,359): error TS1127: Invalid character.
.next/dev/types/routes.d.ts(1,360): error TS1127: Invalid character.
.next/dev/types/routes.d.ts(1,361): error TS1127: Invalid character.
.next/dev/types/routes.d.ts(1,362): error TS1127: Invalid character.
.next/dev/types/routes.d.ts(1,363): error TS1127: Invalid character.
.next/dev/types/routes.d.ts(1,364): error TS1127: Invalid character.
.next/dev/types/routes.d.ts(1,365): error TS1127: Invalid character.
.next/dev/types/routes.d.ts(1,366): error TS1127: Invalid character.
.next/dev/types/routes.d.ts(1,367): error TS1127: Invalid character.
.next/dev/types/routes.d.ts(1,368): error TS1127: Invalid character.
.next/dev/types/routes.d.ts(1,369): error TS1127: Invalid character.
.next/dev/types/routes.d.ts(1,370): error TS1127: Invalid character.
.next/dev/types/routes.d.ts(1,371): error TS1127: Invalid character.
.next/dev/types/routes.d.ts(1,372): error TS1127: Invalid character.
.next/dev/types/routes.d.ts(1,373): error TS1127: Invalid character.
.next/dev/types/routes.d.ts(1,374): error TS1127: Invalid character.
.next/dev/types/routes.d.ts(1,375): error TS1127: Invalid character.
.next/dev/types/routes.d.ts(1,376): error TS1127: Invalid character.
.next/dev/types/routes.d.ts(1,377): error TS1127: Invalid character.
.next/dev/types/routes.d.ts(1,378): error TS1127: Invalid character.
.next/dev/types/routes.d.ts(1,379): error TS1127: Invalid character.
.next/dev/types/routes.d.ts(1,380): error TS1127: Invalid character.
.next/dev/types/routes.d.ts(1,381): error TS1127: Invalid character.
.next/dev/types/routes.d.ts(1,382): error TS1127: Invalid character.
.next/dev/types/routes.d.ts(1,383): error TS1127: Invalid character.
.next/dev/types/routes.d.ts(1,384): error TS1127: Invalid character.
.next/dev/types/routes.d.ts(1,385): error TS1127: Invalid character.
.next/dev/types/routes.d.ts(1,386): error TS1127: Invalid character.
.next/dev/types/routes.d.ts(1,387): error TS1127: Invalid character.
.next/dev/types/routes.d.ts(1,388): error TS1127: Invalid character.
.next/dev/types/routes.d.ts(1,389): error TS1127: Invalid character.
.next/dev/types/routes.d.ts(1,390): error TS1127: Invalid character.
.next/dev/types/routes.d.ts(1,391): error TS1127: Invalid character.
.next/dev/types/routes.d.ts(1,392): error TS1127: Invalid character.
.next/dev/types/routes.d.ts(1,393): error TS1127: Invalid character.
.next/dev/types/routes.d.ts(1,394): error TS1127: Invalid character.
.next/dev/types/routes.d.ts(1,395): error TS1127: Invalid character.
.next/dev/types/routes.d.ts(1,396): error TS1127: Invalid character.
.next/dev/types/routes.d.ts(1,397): error TS1127: Invalid character.
.next/dev/types/routes.d.ts(1,398): error TS1127: Invalid character.
.next/dev/types/routes.d.ts(1,399): error TS1127: Invalid character.
.next/dev/types/routes.d.ts(1,400): error TS1127: Invalid character.
.next/dev/types/routes.d.ts(1,401): error TS1127: Invalid character.
.next/dev/types/routes.d.ts(1,402): error TS1127: Invalid character.
.next/dev/types/routes.d.ts(1,403): error TS1127: Invalid character.
.next/dev/types/routes.d.ts(1,404): error TS1127: Invalid character.
.next/dev/types/routes.d.ts(1,405): error TS1127: Invalid character.
.next/dev/types/routes.d.ts(1,406): error TS1127: Invalid character.
.next/dev/types/routes.d.ts(1,407): error TS1127: Invalid character.
.next/dev/types/routes.d.ts(1,408): error TS1127: Invalid character.
.next/dev/types/routes.d.ts(1,409): error TS1127: Invalid character.
.next/dev/types/routes.d.ts(1,410): error TS1127: Invalid character.
.next/dev/types/routes.d.ts(1,411): error TS1127: Invalid character.
.next/dev/types/routes.d.ts(1,412): error TS1127: Invalid character.
.next/dev/types/routes.d.ts(1,413): error TS1127: Invalid character.
.next/dev/types/routes.d.ts(1,414): error TS1127: Invalid character.
.next/dev/types/routes.d.ts(1,415): error TS1127: Invalid character.
.next/dev/types/routes.d.ts(1,416): error TS1127: Invalid character.
.next/dev/types/routes.d.ts(1,417): error TS1127: Invalid character.
.next/dev/types/routes.d.ts(1,418): error TS1127: Invalid character.
.next/dev/types/routes.d.ts(1,419): error TS1127: Invalid character.
.next/dev/types/routes.d.ts(1,420): error TS1127: Invalid character.
.next/dev/types/routes.d.ts(1,421): error TS1127: Invalid character.
.next/dev/types/routes.d.ts(1,422): error TS1127: Invalid character.
.next/dev/types/routes.d.ts(1,423): error TS1127: Invalid character.
.next/dev/types/routes.d.ts(1,424): error TS1127: Invalid character.
.next/dev/types/routes.d.ts(1,425): error TS1127: Invalid character.
.next/dev/types/routes.d.ts(1,426): error TS1127: Invalid character.
.next/dev/types/routes.d.ts(1,427): error TS1127: Invalid character.
.next/dev/types/routes.d.ts(1,428): error TS1127: Invalid character.
.next/dev/types/routes.d.ts(1,429): error TS1127: Invalid character.
.next/dev/types/routes.d.ts(1,430): error TS1127: Invalid character.
.next/dev/types/routes.d.ts(1,431): error TS1127: Invalid character.
.next/dev/types/routes.d.ts(1,432): error TS1127: Invalid character.
.next/dev/types/routes.d.ts(1,433): error TS1127: Invalid character.
.next/dev/types/routes.d.ts(1,434): error TS1127: Invalid character.
.next/dev/types/routes.d.ts(1,435): error TS1127: Invalid character.
.next/dev/types/routes.d.ts(1,436): error TS1127: Invalid character.
.next/dev/types/routes.d.ts(1,437): error TS1127: Invalid character.
.next/dev/types/routes.d.ts(1,438): error TS1127: Invalid character.
.next/dev/types/routes.d.ts(1,439): error TS1127: Invalid character.
.next/dev/types/routes.d.ts(1,440): error TS1127: Invalid character.
.next/dev/types/routes.d.ts(1,441): error TS1127: Invalid character.
.next/dev/types/routes.d.ts(1,442): error TS1127: Invalid character.
.next/dev/types/routes.d.ts(1,443): error TS1127: Invalid character.
.next/dev/types/routes.d.ts(1,444): error TS1127: Invalid character.
.next/dev/types/routes.d.ts(1,445): error TS1127: Invalid character.
.next/dev/types/routes.d.ts(1,446): error TS1127: Invalid character.
.next/dev/types/routes.d.ts(1,447): error TS1127: Invalid character.
.next/dev/types/routes.d.ts(1,448): error TS1127: Invalid character.
.next/dev/types/routes.d.ts(1,449): error TS1127: Invalid character.
.next/dev/types/routes.d.ts(1,450): error TS1127: Invalid character.
.next/dev/types/routes.d.ts(1,451): error TS1127: Invalid character.
.next/dev/types/routes.d.ts(1,452): error TS1127: Invalid character.
.next/dev/types/routes.d.ts(1,453): error TS1127: Invalid character.
.next/dev/types/routes.d.ts(1,454): error TS1127: Invalid character.
.next/dev/types/routes.d.ts(1,455): error TS1127: Invalid character.
.next/dev/types/routes.d.ts(1,456): error TS1127: Invalid character.
.next/dev/types/routes.d.ts(1,457): error TS1127: Invalid character.
.next/dev/types/routes.d.ts(1,458): error TS1127: Invalid character.
.next/dev/types/routes.d.ts(1,459): error TS1127: Invalid character.
.next/dev/types/routes.d.ts(1,460): error TS1127: Invalid character.
.next/dev/types/routes.d.ts(1,461): error TS1127: Invalid character.
.next/dev/types/routes.d.ts(1,462): error TS1127: Invalid character.
.next/dev/types/routes.d.ts(1,463): error TS1127: Invalid character.
.next/dev/types/routes.d.ts(1,464): error TS1127: Invalid character.
.next/dev/types/routes.d.ts(1,465): error TS1127: Invalid character.
.next/dev/types/routes.d.ts(1,466): error TS1127: Invalid character.
.next/dev/types/routes.d.ts(1,467): error TS1127: Invalid character.
.next/dev/types/routes.d.ts(1,468): error TS1127: Invalid character.
.next/dev/types/routes.d.ts(1,469): error TS1127: Invalid character.
.next/dev/types/routes.d.ts(1,470): error TS1127: Invalid character.
.next/dev/types/routes.d.ts(1,471): error TS1127: Invalid character.
.next/dev/types/routes.d.ts(1,472): error TS1127: Invalid character.
.next/dev/types/routes.d.ts(1,473): error TS1127: Invalid character.
.next/dev/types/routes.d.ts(1,474): error TS1127: Invalid character.
.next/dev/types/routes.d.ts(1,475): error TS1127: Invalid character.
.next/dev/types/routes.d.ts(1,476): error TS1127: Invalid character.
.next/dev/types/routes.d.ts(1,477): error TS1127: Invalid character.
.next/dev/types/routes.d.ts(1,478): error TS1127: Invalid character.
.next/dev/types/routes.d.ts(1,479): error TS1127: Invalid character.
.next/dev/types/routes.d.ts(1,480): error TS1127: Invalid character.
.next/dev/types/routes.d.ts(1,481): error TS1127: Invalid character.
.next/dev/types/routes.d.ts(1,482): error TS1127: Invalid character.
.next/dev/types/routes.d.ts(1,483): error TS1127: Invalid character.
.next/dev/types/routes.d.ts(1,484): error TS1127: Invalid character.
.next/dev/types/routes.d.ts(1,485): error TS1127: Invalid character.
.next/dev/types/routes.d.ts(1,486): error TS1127: Invalid character.
.next/dev/types/routes.d.ts(1,487): error TS1127: Invalid character.
.next/dev/types/routes.d.ts(1,488): error TS1127: Invalid character.
.next/dev/types/routes.d.ts(1,489): error TS1127: Invalid character.
.next/dev/types/routes.d.ts(1,490): error TS1127: Invalid character.
.next/dev/types/routes.d.ts(1,491): error TS1127: Invalid character.
.next/dev/types/routes.d.ts(1,492): error TS1127: Invalid character.
.next/dev/types/routes.d.ts(1,493): error TS1127: Invalid character.
.next/dev/types/routes.d.ts(1,494): error TS1127: Invalid character.
.next/dev/types/routes.d.ts(1,495): error TS1127: Invalid character.
.next/dev/types/routes.d.ts(1,496): error TS1127: Invalid character.
.next/dev/types/routes.d.ts(1,497): error TS1127: Invalid character.
.next/dev/types/routes.d.ts(1,498): error TS1127: Invalid character.
.next/dev/types/routes.d.ts(1,499): error TS1127: Invalid character.
.next/dev/types/routes.d.ts(1,500): error TS1127: Invalid character.
.next/dev/types/routes.d.ts(1,501): error TS1127: Invalid character.
.next/dev/types/routes.d.ts(1,502): error TS1127: Invalid character.
.next/dev/types/routes.d.ts(1,503): error TS1127: Invalid character.
.next/dev/types/routes.d.ts(1,504): error TS1127: Invalid character.
.next/dev/types/routes.d.ts(1,505): error TS1127: Invalid character.
.next/dev/types/routes.d.ts(1,506): error TS1127: Invalid character.
.next/dev/types/routes.d.ts(1,507): error TS1127: Invalid character.
.next/dev/types/routes.d.ts(1,508): error TS1127: Invalid character.
.next/dev/types/routes.d.ts(1,509): error TS1127: Invalid character.
.next/dev/types/routes.d.ts(1,510): error TS1127: Invalid character.
.next/dev/types/routes.d.ts(1,511): error TS1127: Invalid character.
.next/dev/types/routes.d.ts(1,512): error TS1127: Invalid character.
.next/dev/types/routes.d.ts(1,513): error TS1127: Invalid character.
.next/dev/types/routes.d.ts(1,514): error TS1127: Invalid character.
.next/dev/types/routes.d.ts(1,515): error TS1127: Invalid character.
.next/dev/types/routes.d.ts(1,516): error TS1127: Invalid character.
.next/dev/types/routes.d.ts(1,517): error TS1127: Invalid character.
.next/dev/types/routes.d.ts(1,518): error TS1127: Invalid character.
.next/dev/types/routes.d.ts(1,519): error TS1127: Invalid character.
.next/dev/types/routes.d.ts(1,520): error TS1127: Invalid character.
.next/dev/types/routes.d.ts(1,521): error TS1127: Invalid character.
.next/dev/types/routes.d.ts(1,522): error TS1127: Invalid character.
.next/dev/types/routes.d.ts(1,523): error TS1127: Invalid character.
.next/dev/types/routes.d.ts(1,524): error TS1127: Invalid character.
.next/dev/types/routes.d.ts(1,525): error TS1127: Invalid character.
.next/dev/types/routes.d.ts(1,526): error TS1127: Invalid character.
.next/dev/types/routes.d.ts(1,527): error TS1127: Invalid character.
.next/dev/types/routes.d.ts(1,528): error TS1127: Invalid character.
.next/dev/types/routes.d.ts(1,529): error TS1127: Invalid character.
.next/dev/types/routes.d.ts(1,530): error TS1127: Invalid character.
.next/dev/types/routes.d.ts(1,531): error TS1127: Invalid character.
.next/dev/types/routes.d.ts(1,532): error TS1127: Invalid character.
.next/dev/types/routes.d.ts(1,533): error TS1127: Invalid character.
.next/dev/types/routes.d.ts(1,534): error TS1127: Invalid character.
.next/dev/types/routes.d.ts(1,535): error TS1127: Invalid character.
.next/dev/types/routes.d.ts(1,536): error TS1127: Invalid character.
.next/dev/types/routes.d.ts(1,537): error TS1127: Invalid character.
.next/dev/types/routes.d.ts(1,538): error TS1127: Invalid character.
.next/dev/types/routes.d.ts(1,539): error TS1127: Invalid character.
.next/dev/types/routes.d.ts(1,540): error TS1127: Invalid character.
.next/dev/types/routes.d.ts(1,541): error TS1127: Invalid character.
.next/dev/types/routes.d.ts(1,542): error TS1127: Invalid character.
.next/dev/types/routes.d.ts(1,543): error TS1127: Invalid character.
.next/dev/types/routes.d.ts(1,544): error TS1127: Invalid character.
.next/dev/types/routes.d.ts(1,545): error TS1127: Invalid character.
.next/dev/types/routes.d.ts(1,546): error TS1127: Invalid character.
.next/dev/types/routes.d.ts(1,547): error TS1127: Invalid character.
.next/dev/types/routes.d.ts(1,548): error TS1127: Invalid character.
.next/dev/types/routes.d.ts(1,549): error TS1127: Invalid character.
.next/dev/types/routes.d.ts(1,550): error TS1127: Invalid character.
.next/dev/types/routes.d.ts(1,551): error TS1127: Invalid character.
.next/dev/types/routes.d.ts(1,552): error TS1127: Invalid character.
.next/dev/types/routes.d.ts(1,553): error TS1127: Invalid character.
.next/dev/types/routes.d.ts(1,554): error TS1127: Invalid character.
.next/dev/types/routes.d.ts(1,555): error TS1127: Invalid character.
.next/dev/types/routes.d.ts(1,556): error TS1127: Invalid character.
.next/dev/types/routes.d.ts(1,557): error TS1127: Invalid character.
.next/dev/types/routes.d.ts(1,558): error TS1127: Invalid character.
.next/dev/types/routes.d.ts(1,559): error TS1127: Invalid character.
.next/dev/types/routes.d.ts(1,560): error TS1127: Invalid character.
.next/dev/types/routes.d.ts(1,561): error TS1127: Invalid character.
.next/dev/types/routes.d.ts(1,562): error TS1127: Invalid character.
.next/dev/types/routes.d.ts(1,563): error TS1127: Invalid character.
.next/dev/types/routes.d.ts(1,564): error TS1127: Invalid character.
.next/dev/types/routes.d.ts(1,565): error TS1127: Invalid character.
.next/dev/types/routes.d.ts(1,566): error TS1127: Invalid character.
.next/dev/types/routes.d.ts(1,567): error TS1127: Invalid character.
.next/dev/types/routes.d.ts(1,568): error TS1127: Invalid character.
.next/dev/types/routes.d.ts(1,569): error TS1127: Invalid character.
.next/dev/types/routes.d.ts(1,570): error TS1127: Invalid character.
.next/dev/types/routes.d.ts(1,571): error TS1127: Invalid character.
.next/dev/types/routes.d.ts(1,572): error TS1127: Invalid character.
.next/dev/types/routes.d.ts(1,573): error TS1127: Invalid character.
.next/dev/types/routes.d.ts(1,574): error TS1127: Invalid character.
.next/dev/types/routes.d.ts(1,575): error TS1127: Invalid character.
.next/dev/types/routes.d.ts(1,576): error TS1127: Invalid character.
.next/dev/types/routes.d.ts(1,577): error TS1127: Invalid character.
.next/dev/types/routes.d.ts(1,578): error TS1127: Invalid character.
.next/dev/types/routes.d.ts(1,579): error TS1127: Invalid character.
.next/dev/types/routes.d.ts(1,580): error TS1127: Invalid character.
.next/dev/types/routes.d.ts(1,581): error TS1127: Invalid character.
.next/dev/types/routes.d.ts(1,582): error TS1127: Invalid character.
.next/dev/types/routes.d.ts(1,583): error TS1127: Invalid character.
.next/dev/types/routes.d.ts(1,584): error TS1127: Invalid character.
.next/dev/types/routes.d.ts(1,585): error TS1127: Invalid character.
.next/dev/types/routes.d.ts(1,586): error TS1127: Invalid character.
.next/dev/types/routes.d.ts(1,587): error TS1127: Invalid character.
.next/dev/types/routes.d.ts(1,588): error TS1127: Invalid character.
.next/dev/types/routes.d.ts(1,589): error TS1127: Invalid character.
.next/dev/types/routes.d.ts(1,590): error TS1127: Invalid character.
.next/dev/types/routes.d.ts(1,591): error TS1127: Invalid character.
.next/dev/types/routes.d.ts(1,592): error TS1127: Invalid character.
.next/dev/types/routes.d.ts(1,593): error TS1127: Invalid character.
.next/dev/types/routes.d.ts(1,594): error TS1127: Invalid character.
.next/dev/types/routes.d.ts(1,595): error TS1127: Invalid character.
.next/dev/types/routes.d.ts(1,596): error TS1127: Invalid character.
.next/dev/types/routes.d.ts(1,597): error TS1127: Invalid character.
.next/dev/types/routes.d.ts(1,598): error TS1127: Invalid character.
.next/dev/types/routes.d.ts(1,599): error TS1127: Invalid character.
.next/dev/types/routes.d.ts(1,600): error TS1127: Invalid character.
.next/dev/types/routes.d.ts(1,601): error TS1127: Invalid character.
.next/dev/types/routes.d.ts(1,602): error TS1127: Invalid character.
.next/dev/types/routes.d.ts(1,603): error TS1127: Invalid character.
.next/dev/types/routes.d.ts(1,604): error TS1127: Invalid character.
.next/dev/types/routes.d.ts(1,605): error TS1127: Invalid character.
.next/dev/types/routes.d.ts(1,606): error TS1127: Invalid character.
.next/dev/types/routes.d.ts(1,607): error TS1127: Invalid character.
.next/dev/types/routes.d.ts(1,608): error TS1127: Invalid character.
.next/dev/types/routes.d.ts(1,609): error TS1127: Invalid character.
.next/dev/types/routes.d.ts(1,610): error TS1127: Invalid character.
.next/dev/types/routes.d.ts(1,611): error TS1127: Invalid character.
.next/dev/types/routes.d.ts(1,612): error TS1127: Invalid character.
.next/dev/types/routes.d.ts(1,613): error TS1127: Invalid character.
.next/dev/types/routes.d.ts(1,614): error TS1127: Invalid character.
.next/dev/types/routes.d.ts(1,615): error TS1127: Invalid character.
.next/dev/types/routes.d.ts(1,616): error TS1127: Invalid character.
.next/dev/types/routes.d.ts(1,617): error TS1127: Invalid character.
.next/dev/types/routes.d.ts(1,618): error TS1127: Invalid character.
.next/dev/types/routes.d.ts(1,619): error TS1127: Invalid character.
.next/dev/types/routes.d.ts(1,620): error TS1127: Invalid character.
.next/dev/types/routes.d.ts(1,621): error TS1127: Invalid character.
.next/dev/types/routes.d.ts(1,622): error TS1127: Invalid character.
.next/dev/types/routes.d.ts(1,623): error TS1127: Invalid character.
.next/dev/types/routes.d.ts(1,624): error TS1127: Invalid character.
.next/dev/types/routes.d.ts(1,625): error TS1127: Invalid character.
.next/dev/types/routes.d.ts(1,626): error TS1127: Invalid character.
.next/dev/types/routes.d.ts(1,627): error TS1127: Invalid character.
.next/dev/types/routes.d.ts(1,628): error TS1127: Invalid character.
.next/dev/types/routes.d.ts(1,629): error TS1127: Invalid character.
.next/dev/types/routes.d.ts(1,630): error TS1127: Invalid character.
.next/dev/types/routes.d.ts(1,631): error TS1127: Invalid character.
.next/dev/types/routes.d.ts(1,632): error TS1127: Invalid character.
.next/dev/types/routes.d.ts(1,633): error TS1127: Invalid character.
.next/dev/types/routes.d.ts(1,634): error TS1127: Invalid character.
.next/dev/types/routes.d.ts(1,635): error TS1127: Invalid character.
.next/dev/types/routes.d.ts(1,636): error TS1127: Invalid character.
.next/dev/types/routes.d.ts(1,637): error TS1127: Invalid character.
.next/dev/types/routes.d.ts(1,638): error TS1127: Invalid character.
.next/dev/types/routes.d.ts(1,639): error TS1127: Invalid character.
.next/dev/types/routes.d.ts(1,640): error TS1127: Invalid character.
.next/dev/types/routes.d.ts(1,641): error TS1127: Invalid character.
.next/dev/types/routes.d.ts(1,642): error TS1127: Invalid character.
.next/dev/types/routes.d.ts(1,643): error TS1127: Invalid character.
.next/dev/types/routes.d.ts(1,644): error TS1127: Invalid character.
.next/dev/types/routes.d.ts(1,645): error TS1127: Invalid character.
.next/dev/types/routes.d.ts(1,646): error TS1127: Invalid character.
.next/dev/types/routes.d.ts(1,647): error TS1127: Invalid character.
.next/dev/types/routes.d.ts(1,648): error TS1127: Invalid character.
.next/dev/types/routes.d.ts(1,649): error TS1127: Invalid character.
.next/dev/types/routes.d.ts(1,650): error TS1127: Invalid character.
.next/dev/types/routes.d.ts(1,651): error TS1127: Invalid character.
.next/dev/types/routes.d.ts(1,652): error TS1127: Invalid character.
.next/dev/types/routes.d.ts(1,653): error TS1127: Invalid character.
.next/dev/types/routes.d.ts(1,654): error TS1127: Invalid character.
.next/dev/types/routes.d.ts(1,655): error TS1127: Invalid character.
.next/dev/types/routes.d.ts(1,656): error TS1127: Invalid character.
.next/dev/types/routes.d.ts(1,657): error TS1127: Invalid character.
.next/dev/types/routes.d.ts(1,658): error TS1127: Invalid character.
.next/dev/types/routes.d.ts(1,659): error TS1127: Invalid character.
.next/dev/types/routes.d.ts(1,660): error TS1127: Invalid character.
.next/dev/types/routes.d.ts(1,661): error TS1127: Invalid character.
.next/dev/types/routes.d.ts(1,662): error TS1127: Invalid character.
.next/dev/types/routes.d.ts(1,663): error TS1127: Invalid character.
.next/dev/types/routes.d.ts(1,664): error TS1127: Invalid character.
.next/dev/types/routes.d.ts(1,665): error TS1127: Invalid character.
.next/dev/types/routes.d.ts(1,666): error TS1127: Invalid character.
.next/dev/types/routes.d.ts(1,667): error TS1127: Invalid character.
.next/dev/types/routes.d.ts(1,668): error TS1127: Invalid character.
.next/dev/types/routes.d.ts(1,669): error TS1127: Invalid character.
.next/dev/types/routes.d.ts(1,670): error TS1127: Invalid character.
.next/dev/types/routes.d.ts(1,671): error TS1127: Invalid character.
.next/dev/types/routes.d.ts(1,672): error TS1127: Invalid character.
.next/dev/types/routes.d.ts(1,673): error TS1127: Invalid character.
.next/dev/types/routes.d.ts(1,674): error TS1127: Invalid character.
.next/dev/types/routes.d.ts(1,675): error TS1127: Invalid character.
.next/dev/types/routes.d.ts(1,676): error TS1127: Invalid character.
.next/dev/types/routes.d.ts(1,677): error TS1127: Invalid character.
.next/dev/types/routes.d.ts(1,678): error TS1127: Invalid character.
.next/dev/types/routes.d.ts(1,679): error TS1127: Invalid character.
.next/dev/types/routes.d.ts(1,680): error TS1127: Invalid character.
.next/dev/types/routes.d.ts(1,681): error TS1127: Invalid character.
.next/dev/types/routes.d.ts(1,682): error TS1127: Invalid character.
.next/dev/types/routes.d.ts(1,683): error TS1127: Invalid character.
.next/dev/types/routes.d.ts(1,684): error TS1127: Invalid character.
.next/dev/types/routes.d.ts(1,685): error TS1127: Invalid character.
.next/dev/types/routes.d.ts(1,686): error TS1127: Invalid character.
.next/dev/types/routes.d.ts(1,687): error TS1127: Invalid character.
.next/dev/types/routes.d.ts(1,688): error TS1127: Invalid character.
.next/dev/types/routes.d.ts(1,689): error TS1127: Invalid character.
.next/dev/types/routes.d.ts(1,690): error TS1127: Invalid character.
.next/dev/types/routes.d.ts(1,691): error TS1127: Invalid character.
.next/dev/types/routes.d.ts(1,692): error TS1127: Invalid character.
.next/dev/types/routes.d.ts(1,693): error TS1127: Invalid character.
.next/dev/types/routes.d.ts(1,694): error TS1127: Invalid character.
.next/dev/types/routes.d.ts(1,695): error TS1127: Invalid character.
.next/dev/types/routes.d.ts(1,696): error TS1127: Invalid character.
.next/dev/types/routes.d.ts(1,697): error TS1127: Invalid character.
.next/dev/types/routes.d.ts(1,698): error TS1127: Invalid character.
.next/dev/types/routes.d.ts(1,699): error TS1127: Invalid character.
.next/dev/types/routes.d.ts(1,700): error TS1127: Invalid character.
.next/dev/types/routes.d.ts(1,701): error TS1127: Invalid character.
.next/dev/types/routes.d.ts(1,702): error TS1127: Invalid character.
.next/dev/types/routes.d.ts(1,703): error TS1127: Invalid character.
.next/dev/types/routes.d.ts(1,704): error TS1127: Invalid character.
.next/dev/types/routes.d.ts(1,705): error TS1127: Invalid character.
.next/dev/types/routes.d.ts(1,706): error TS1127: Invalid character.
.next/dev/types/routes.d.ts(1,707): error TS1127: Invalid character.
.next/dev/types/routes.d.ts(1,708): error TS1127: Invalid character.
.next/dev/types/routes.d.ts(1,709): error TS1127: Invalid character.
.next/dev/types/routes.d.ts(1,710): error TS1127: Invalid character.
.next/dev/types/routes.d.ts(1,711): error TS1127: Invalid character.
.next/dev/types/routes.d.ts(1,712): error TS1127: Invalid character.
.next/dev/types/routes.d.ts(1,713): error TS1127: Invalid character.
.next/dev/types/routes.d.ts(1,714): error TS1127: Invalid character.
.next/dev/types/routes.d.ts(1,715): error TS1127: Invalid character.
.next/dev/types/routes.d.ts(1,716): error TS1127: Invalid character.
.next/dev/types/routes.d.ts(1,717): error TS1127: Invalid character.
.next/dev/types/routes.d.ts(1,718): error TS1127: Invalid character.
.next/dev/types/routes.d.ts(1,719): error TS1127: Invalid character.
.next/dev/types/routes.d.ts(1,720): error TS1127: Invalid character.
.next/dev/types/routes.d.ts(1,721): error TS1127: Invalid character.
.next/dev/types/routes.d.ts(1,722): error TS1127: Invalid character.
.next/dev/types/routes.d.ts(1,723): error TS1127: Invalid character.
.next/dev/types/routes.d.ts(1,724): error TS1127: Invalid character.
.next/dev/types/routes.d.ts(1,725): error TS1127: Invalid character.
.next/dev/types/routes.d.ts(1,726): error TS1127: Invalid character.
.next/dev/types/routes.d.ts(1,727): error TS1127: Invalid character.
.next/dev/types/routes.d.ts(1,728): error TS1127: Invalid character.
.next/dev/types/routes.d.ts(1,729): error TS1127: Invalid character.
.next/dev/types/routes.d.ts(1,730): error TS1127: Invalid character.
.next/dev/types/routes.d.ts(1,731): error TS1127: Invalid character.
.next/dev/types/routes.d.ts(1,732): error TS1127: Invalid character.
.next/dev/types/routes.d.ts(1,733): error TS1127: Invalid character.
.next/dev/types/routes.d.ts(1,734): error TS1127: Invalid character.
.next/dev/types/routes.d.ts(1,735): error TS1127: Invalid character.
.next/dev/types/routes.d.ts(1,736): error TS1127: Invalid character.
.next/dev/types/routes.d.ts(1,737): error TS1127: Invalid character.
.next/dev/types/routes.d.ts(1,738): error TS1127: Invalid character.
.next/dev/types/routes.d.ts(1,739): error TS1127: Invalid character.
.next/dev/types/routes.d.ts(1,740): error TS1127: Invalid character.
.next/dev/types/routes.d.ts(1,741): error TS1127: Invalid character.
.next/dev/types/routes.d.ts(1,742): error TS1127: Invalid character.
.next/dev/types/routes.d.ts(1,743): error TS1127: Invalid character.
.next/dev/types/routes.d.ts(1,744): error TS1127: Invalid character.
.next/dev/types/routes.d.ts(1,745): error TS1127: Invalid character.
.next/dev/types/routes.d.ts(1,746): error TS1127: Invalid character.
.next/dev/types/routes.d.ts(1,747): error TS1127: Invalid character.
.next/dev/types/routes.d.ts(1,748): error TS1127: Invalid character.
.next/dev/types/routes.d.ts(1,749): error TS1127: Invalid character.
.next/dev/types/routes.d.ts(1,750): error TS1127: Invalid character.
.next/dev/types/routes.d.ts(1,751): error TS1127: Invalid character.
.next/dev/types/routes.d.ts(1,752): error TS1127: Invalid character.
.next/dev/types/routes.d.ts(1,753): error TS1127: Invalid character.
.next/dev/types/routes.d.ts(1,754): error TS1127: Invalid character.
.next/dev/types/routes.d.ts(1,755): error TS1127: Invalid character.
.next/dev/types/routes.d.ts(1,756): error TS1127: Invalid character.
.next/dev/types/routes.d.ts(1,757): error TS1127: Invalid character.
.next/dev/types/routes.d.ts(1,758): error TS1127: Invalid character.
.next/dev/types/routes.d.ts(1,759): error TS1127: Invalid character.
.next/dev/types/routes.d.ts(1,760): error TS1127: Invalid character.
.next/dev/types/routes.d.ts(1,761): error TS1127: Invalid character.
.next/dev/types/routes.d.ts(1,762): error TS1127: Invalid character.
.next/dev/types/routes.d.ts(1,763): error TS1127: Invalid character.
.next/dev/types/routes.d.ts(1,764): error TS1127: Invalid character.
.next/dev/types/routes.d.ts(1,765): error TS1127: Invalid character.
.next/dev/types/routes.d.ts(1,766): error TS1127: Invalid character.
.next/dev/types/routes.d.ts(1,767): error TS1127: Invalid character.
.next/dev/types/routes.d.ts(1,768): error TS1127: Invalid character.
.next/dev/types/routes.d.ts(1,769): error TS1127: Invalid character.
.next/dev/types/routes.d.ts(1,770): error TS1127: Invalid character.
.next/dev/types/routes.d.ts(1,771): error TS1127: Invalid character.
.next/dev/types/routes.d.ts(1,772): error TS1127: Invalid character.
.next/dev/types/routes.d.ts(1,773): error TS1127: Invalid character.
.next/dev/types/routes.d.ts(1,774): error TS1127: Invalid character.
.next/dev/types/routes.d.ts(1,775): error TS1127: Invalid character.
.next/dev/types/routes.d.ts(1,776): error TS1127: Invalid character.
.next/dev/types/routes.d.ts(1,777): error TS1127: Invalid character.
.next/dev/types/routes.d.ts(1,778): error TS1127: Invalid character.
.next/dev/types/routes.d.ts(1,779): error TS1127: Invalid character.
.next/dev/types/routes.d.ts(1,780): error TS1127: Invalid character.
.next/dev/types/routes.d.ts(1,781): error TS1127: Invalid character.
.next/dev/types/routes.d.ts(1,782): error TS1127: Invalid character.
.next/dev/types/routes.d.ts(1,783): error TS1127: Invalid character.
.next/dev/types/routes.d.ts(1,784): error TS1127: Invalid character.
.next/dev/types/routes.d.ts(1,785): error TS1127: Invalid character.
.next/dev/types/routes.d.ts(1,786): error TS1127: Invalid character.
.next/dev/types/routes.d.ts(1,787): error TS1127: Invalid character.
.next/dev/types/routes.d.ts(1,788): error TS1127: Invalid character.
.next/dev/types/routes.d.ts(1,789): error TS1127: Invalid character.
.next/dev/types/routes.d.ts(1,790): error TS1127: Invalid character.
.next/dev/types/routes.d.ts(1,791): error TS1127: Invalid character.
.next/dev/types/routes.d.ts(1,792): error TS1127: Invalid character.
.next/dev/types/routes.d.ts(1,793): error TS1127: Invalid character.
.next/dev/types/routes.d.ts(1,794): error TS1127: Invalid character.
.next/dev/types/routes.d.ts(1,795): error TS1127: Invalid character.
.next/dev/types/routes.d.ts(1,796): error TS1127: Invalid character.
.next/dev/types/routes.d.ts(1,797): error TS1127: Invalid character.
.next/dev/types/routes.d.ts(1,798): error TS1127: Invalid character.
.next/dev/types/routes.d.ts(1,799): error TS1127: Invalid character.
.next/dev/types/routes.d.ts(1,800): error TS1127: Invalid character.
.next/dev/types/routes.d.ts(1,801): error TS1127: Invalid character.
.next/dev/types/routes.d.ts(1,802): error TS1127: Invalid character.
.next/dev/types/routes.d.ts(1,803): error TS1127: Invalid character.
.next/dev/types/routes.d.ts(1,804): error TS1127: Invalid character.
.next/dev/types/routes.d.ts(1,805): error TS1127: Invalid character.
.next/dev/types/routes.d.ts(1,806): error TS1127: Invalid character.
.next/dev/types/routes.d.ts(1,807): error TS1127: Invalid character.
.next/dev/types/routes.d.ts(1,808): error TS1127: Invalid character.
.next/dev/types/routes.d.ts(1,809): error TS1127: Invalid character.
.next/dev/types/routes.d.ts(1,810): error TS1127: Invalid character.
.next/dev/types/routes.d.ts(1,811): error TS1127: Invalid character.
.next/dev/types/routes.d.ts(1,812): error TS1127: Invalid character.
.next/dev/types/routes.d.ts(1,813): error TS1127: Invalid character.
.next/dev/types/routes.d.ts(1,814): error TS1127: Invalid character.
.next/dev/types/routes.d.ts(1,815): error TS1127: Invalid character.
.next/dev/types/routes.d.ts(1,816): error TS1127: Invalid character.
.next/dev/types/routes.d.ts(1,817): error TS1127: Invalid character.
.next/dev/types/routes.d.ts(1,818): error TS1127: Invalid character.
.next/dev/types/routes.d.ts(1,819): error TS1127: Invalid character.
.next/dev/types/routes.d.ts(1,820): error TS1127: Invalid character.
.next/dev/types/routes.d.ts(1,821): error TS1127: Invalid character.
.next/dev/types/routes.d.ts(1,822): error TS1127: Invalid character.
.next/dev/types/routes.d.ts(1,823): error TS1127: Invalid character.
.next/dev/types/routes.d.ts(1,824): error TS1127: Invalid character.
.next/dev/types/routes.d.ts(1,825): error TS1127: Invalid character.
.next/dev/types/routes.d.ts(1,826): error TS1127: Invalid character.
.next/dev/types/routes.d.ts(1,827): error TS1127: Invalid character.
.next/dev/types/routes.d.ts(1,828): error TS1127: Invalid character.
.next/dev/types/routes.d.ts(1,829): error TS1127: Invalid character.
.next/dev/types/routes.d.ts(1,830): error TS1127: Invalid character.
.next/dev/types/routes.d.ts(1,831): error TS1127: Invalid character.
.next/dev/types/routes.d.ts(1,832): error TS1127: Invalid character.
.next/dev/types/routes.d.ts(1,833): error TS1127: Invalid character.
.next/dev/types/routes.d.ts(1,834): error TS1127: Invalid character.
.next/dev/types/routes.d.ts(1,835): error TS1127: Invalid character.
.next/dev/types/routes.d.ts(1,836): error TS1127: Invalid character.
.next/dev/types/routes.d.ts(1,837): error TS1127: Invalid character.
.next/dev/types/routes.d.ts(1,838): error TS1127: Invalid character.
.next/dev/types/routes.d.ts(1,839): error TS1127: Invalid character.
.next/dev/types/routes.d.ts(1,840): error TS1127: Invalid character.
.next/dev/types/routes.d.ts(1,841): error TS1127: Invalid character.
.next/dev/types/routes.d.ts(1,842): error TS1127: Invalid character.
.next/dev/types/routes.d.ts(1,843): error TS1127: Invalid character.
.next/dev/types/routes.d.ts(1,844): error TS1127: Invalid character.
.next/dev/types/routes.d.ts(1,845): error TS1127: Invalid character.
.next/dev/types/routes.d.ts(1,846): error TS1127: Invalid character.
.next/dev/types/routes.d.ts(1,847): error TS1127: Invalid character.
.next/dev/types/routes.d.ts(1,848): error TS1127: Invalid character.
.next/dev/types/routes.d.ts(1,849): error TS1127: Invalid character.
.next/dev/types/routes.d.ts(1,850): error TS1127: Invalid character.
.next/dev/types/routes.d.ts(1,851): error TS1127: Invalid character.
.next/dev/types/routes.d.ts(1,852): error TS1127: Invalid character.
.next/dev/types/routes.d.ts(1,853): error TS1127: Invalid character.
.next/dev/types/routes.d.ts(1,854): error TS1127: Invalid character.
.next/dev/types/routes.d.ts(1,855): error TS1127: Invalid character.
.next/dev/types/routes.d.ts(1,856): error TS1127: Invalid character.
.next/dev/types/routes.d.ts(1,857): error TS1127: Invalid character.
.next/dev/types/routes.d.ts(1,858): error TS1127: Invalid character.
.next/dev/types/routes.d.ts(1,859): error TS1127: Invalid character.
.next/dev/types/routes.d.ts(1,860): error TS1127: Invalid character.
.next/dev/types/routes.d.ts(1,861): error TS1127: Invalid character.
.next/dev/types/routes.d.ts(1,862): error TS1127: Invalid character.
.next/dev/types/routes.d.ts(1,863): error TS1127: Invalid character.
.next/dev/types/routes.d.ts(1,864): error TS1127: Invalid character.
.next/dev/types/routes.d.ts(1,865): error TS1127: Invalid character.
.next/dev/types/routes.d.ts(1,866): error TS1127: Invalid character.
.next/dev/types/routes.d.ts(1,867): error TS1127: Invalid character.
.next/dev/types/routes.d.ts(1,868): error TS1127: Invalid character.
.next/dev/types/routes.d.ts(1,869): error TS1127: Invalid character.
.next/dev/types/routes.d.ts(1,870): error TS1127: Invalid character.
.next/dev/types/routes.d.ts(1,871): error TS1127: Invalid character.
.next/dev/types/routes.d.ts(1,872): error TS1127: Invalid character.
.next/dev/types/routes.d.ts(1,873): error TS1127: Invalid character.
.next/dev/types/routes.d.ts(1,874): error TS1127: Invalid character.
.next/dev/types/routes.d.ts(1,875): error TS1127: Invalid character.
.next/dev/types/routes.d.ts(1,876): error TS1127: Invalid character.
.next/dev/types/routes.d.ts(1,877): error TS1127: Invalid character.
.next/dev/types/routes.d.ts(1,878): error TS1127: Invalid character.
.next/dev/types/routes.d.ts(1,879): error TS1127: Invalid character.
.next/dev/types/routes.d.ts(1,880): error TS1127: Invalid character.
.next/dev/types/routes.d.ts(1,881): error TS1127: Invalid character.
.next/dev/types/routes.d.ts(1,882): error TS1127: Invalid character.
.next/dev/types/routes.d.ts(1,883): error TS1127: Invalid character.
.next/dev/types/routes.d.ts(1,884): error TS1127: Invalid character.
.next/dev/types/routes.d.ts(1,885): error TS1127: Invalid character.
.next/dev/types/routes.d.ts(1,886): error TS1127: Invalid character.
.next/dev/types/routes.d.ts(1,887): error TS1127: Invalid character.
.next/dev/types/routes.d.ts(1,888): error TS1127: Invalid character.
.next/dev/types/routes.d.ts(1,889): error TS1127: Invalid character.
.next/dev/types/routes.d.ts(1,890): error TS1127: Invalid character.
.next/dev/types/routes.d.ts(1,891): error TS1127: Invalid character.
.next/dev/types/routes.d.ts(1,892): error TS1127: Invalid character.
.next/dev/types/routes.d.ts(1,893): error TS1127: Invalid character.
.next/dev/types/routes.d.ts(1,894): error TS1127: Invalid character.
.next/dev/types/routes.d.ts(1,895): error TS1127: Invalid character.
.next/dev/types/routes.d.ts(1,896): error TS1127: Invalid character.
.next/dev/types/routes.d.ts(1,897): error TS1127: Invalid character.
.next/dev/types/routes.d.ts(1,898): error TS1127: Invalid character.
.next/dev/types/routes.d.ts(1,899): error TS1127: Invalid character.
.next/dev/types/routes.d.ts(1,900): error TS1127: Invalid character.
.next/dev/types/routes.d.ts(1,901): error TS1127: Invalid character.
.next/dev/types/routes.d.ts(1,902): error TS1127: Invalid character.
.next/dev/types/routes.d.ts(1,903): error TS1127: Invalid character.
.next/dev/types/routes.d.ts(1,904): error TS1127: Invalid character.
.next/dev/types/routes.d.ts(1,905): error TS1127: Invalid character.
.next/dev/types/routes.d.ts(1,906): error TS1127: Invalid character.
.next/dev/types/routes.d.ts(1,907): error TS1127: Invalid character.
.next/dev/types/routes.d.ts(1,908): error TS1127: Invalid character.
.next/dev/types/routes.d.ts(1,909): error TS1127: Invalid character.
.next/dev/types/routes.d.ts(1,910): error TS1127: Invalid character.
.next/dev/types/routes.d.ts(1,911): error TS1127: Invalid character.
.next/dev/types/routes.d.ts(1,912): error TS1127: Invalid character.
.next/dev/types/routes.d.ts(1,913): error TS1127: Invalid character.
.next/dev/types/routes.d.ts(1,914): error TS1127: Invalid character.
.next/dev/types/routes.d.ts(1,915): error TS1127: Invalid character.
.next/dev/types/routes.d.ts(1,916): error TS1127: Invalid character.
.next/dev/types/routes.d.ts(1,917): error TS1127: Invalid character.
.next/dev/types/routes.d.ts(1,918): error TS1127: Invalid character.
.next/dev/types/routes.d.ts(1,919): error TS1127: Invalid character.
.next/dev/types/routes.d.ts(1,920): error TS1127: Invalid character.
.next/dev/types/routes.d.ts(1,921): error TS1127: Invalid character.
.next/dev/types/routes.d.ts(1,922): error TS1127: Invalid character.
.next/dev/types/routes.d.ts(1,923): error TS1127: Invalid character.
.next/dev/types/routes.d.ts(1,924): error TS1127: Invalid character.
.next/dev/types/routes.d.ts(1,925): error TS1127: Invalid character.
.next/dev/types/routes.d.ts(1,926): error TS1127: Invalid character.
.next/dev/types/routes.d.ts(1,927): error TS1127: Invalid character.
.next/dev/types/routes.d.ts(1,928): error TS1127: Invalid character.
.next/dev/types/routes.d.ts(1,929): error TS1127: Invalid character.
.next/dev/types/routes.d.ts(1,930): error TS1127: Invalid character.
.next/dev/types/routes.d.ts(1,931): error TS1127: Invalid character.
.next/dev/types/routes.d.ts(1,932): error TS1127: Invalid character.
.next/dev/types/routes.d.ts(1,933): error TS1127: Invalid character.
.next/dev/types/routes.d.ts(1,934): error TS1127: Invalid character.
.next/dev/types/routes.d.ts(1,935): error TS1127: Invalid character.
.next/dev/types/routes.d.ts(1,936): error TS1127: Invalid character.
.next/dev/types/routes.d.ts(1,937): error TS1127: Invalid character.
.next/dev/types/routes.d.ts(1,938): error TS1127: Invalid character.
.next/dev/types/routes.d.ts(1,939): error TS1127: Invalid character.
.next/dev/types/routes.d.ts(1,940): error TS1127: Invalid character.
.next/dev/types/routes.d.ts(1,941): error TS1127: Invalid character.
.next/dev/types/routes.d.ts(1,942): error TS1127: Invalid character.
.next/dev/types/routes.d.ts(1,943): error TS1127: Invalid character.
.next/dev/types/routes.d.ts(1,944): error TS1127: Invalid character.
.next/dev/types/routes.d.ts(1,945): error TS1127: Invalid character.
.next/dev/types/routes.d.ts(1,946): error TS1127: Invalid character.
.next/dev/types/routes.d.ts(1,947): error TS1127: Invalid character.
.next/dev/types/routes.d.ts(1,948): error TS1127: Invalid character.
.next/dev/types/routes.d.ts(1,949): error TS1127: Invalid character.
.next/dev/types/routes.d.ts(1,950): error TS1127: Invalid character.
.next/dev/types/routes.d.ts(1,951): error TS1127: Invalid character.
.next/dev/types/routes.d.ts(1,952): error TS1127: Invalid character.
.next/dev/types/routes.d.ts(1,953): error TS1127: Invalid character.
.next/dev/types/routes.d.ts(1,954): error TS1127: Invalid character.
.next/dev/types/routes.d.ts(1,955): error TS1127: Invalid character.
.next/dev/types/routes.d.ts(1,956): error TS1127: Invalid character.
.next/dev/types/routes.d.ts(1,957): error TS1127: Invalid character.
.next/dev/types/routes.d.ts(1,958): error TS1127: Invalid character.
.next/dev/types/routes.d.ts(1,959): error TS1127: Invalid character.
.next/dev/types/routes.d.ts(1,960): error TS1127: Invalid character.
.next/dev/types/routes.d.ts(1,961): error TS1127: Invalid character.
.next/dev/types/routes.d.ts(1,962): error TS1127: Invalid character.
.next/dev/types/routes.d.ts(1,963): error TS1127: Invalid character.
.next/dev/types/routes.d.ts(1,964): error TS1127: Invalid character.
.next/dev/types/routes.d.ts(1,965): error TS1127: Invalid character.
.next/dev/types/routes.d.ts(1,966): error TS1127: Invalid character.
.next/dev/types/routes.d.ts(1,967): error TS1127: Invalid character.
.next/dev/types/routes.d.ts(1,968): error TS1127: Invalid character.
.next/dev/types/routes.d.ts(1,969): error TS1127: Invalid character.
.next/dev/types/routes.d.ts(1,970): error TS1127: Invalid character.
.next/dev/types/routes.d.ts(1,971): error TS1127: Invalid character.
.next/dev/types/routes.d.ts(1,972): error TS1127: Invalid character.
.next/dev/types/routes.d.ts(1,973): error TS1127: Invalid character.
.next/dev/types/routes.d.ts(1,974): error TS1127: Invalid character.
.next/dev/types/routes.d.ts(1,975): error TS1127: Invalid character.
.next/dev/types/routes.d.ts(1,976): error TS1127: Invalid character.
.next/dev/types/routes.d.ts(1,977): error TS1127: Invalid character.
.next/dev/types/routes.d.ts(1,978): error TS1127: Invalid character.
.next/dev/types/routes.d.ts(1,979): error TS1127: Invalid character.
.next/dev/types/routes.d.ts(1,980): error TS1127: Invalid character.
.next/dev/types/routes.d.ts(1,981): error TS1127: Invalid character.
.next/dev/types/routes.d.ts(1,982): error TS1127: Invalid character.
.next/dev/types/routes.d.ts(1,983): error TS1127: Invalid character.
.next/dev/types/routes.d.ts(1,984): error TS1127: Invalid character.
.next/dev/types/routes.d.ts(1,985): error TS1127: Invalid character.
.next/dev/types/routes.d.ts(1,986): error TS1127: Invalid character.
.next/dev/types/routes.d.ts(1,987): error TS1127: Invalid character.
.next/dev/types/routes.d.ts(1,988): error TS1127: Invalid character.
.next/dev/types/routes.d.ts(1,989): error TS1127: Invalid character.
.next/dev/types/routes.d.ts(1,990): error TS1127: Invalid character.
.next/dev/types/routes.d.ts(1,991): error TS1127: Invalid character.
.next/dev/types/routes.d.ts(1,992): error TS1127: Invalid character.
.next/dev/types/routes.d.ts(1,993): error TS1127: Invalid character.
.next/dev/types/routes.d.ts(1,994): error TS1127: Invalid character.
.next/dev/types/routes.d.ts(1,995): error TS1127: Invalid character.
.next/dev/types/routes.d.ts(1,996): error TS1127: Invalid character.
.next/dev/types/routes.d.ts(1,997): error TS1127: Invalid character.
.next/dev/types/routes.d.ts(1,998): error TS1127: Invalid character.
.next/dev/types/routes.d.ts(1,999): error TS1127: Invalid character.
.next/dev/types/routes.d.ts(1,1000): error TS1127: Invalid character.
.next/dev/types/routes.d.ts(1,1001): error TS1127: Invalid character.
.next/dev/types/routes.d.ts(1,1002): error TS1127: Invalid character.
.next/dev/types/routes.d.ts(1,1003): error TS1127: Invalid character.
.next/dev/types/routes.d.ts(1,1004): error TS1127: Invalid character.
.next/dev/types/routes.d.ts(1,1005): error TS1127: Invalid character.
.next/dev/types/routes.d.ts(1,1006): error TS1127: Invalid character.
.next/dev/types/routes.d.ts(1,1007): error TS1127: Invalid character.
.next/dev/types/routes.d.ts(1,1008): error TS1127: Invalid character.
.next/dev/types/routes.d.ts(1,1009): error TS1127: Invalid character.
.next/dev/types/routes.d.ts(1,1010): error TS1127: Invalid character.
.next/dev/types/routes.d.ts(1,1011): error TS1127: Invalid character.
.next/dev/types/routes.d.ts(1,1012): error TS1127: Invalid character.
.next/dev/types/routes.d.ts(1,1013): error TS1127: Invalid character.
.next/dev/types/routes.d.ts(1,1014): error TS1127: Invalid character.
.next/dev/types/routes.d.ts(1,1015): error TS1127: Invalid character.
.next/dev/types/routes.d.ts(1,1016): error TS1127: Invalid character.
.next/dev/types/routes.d.ts(1,1017): error TS1127: Invalid character.
.next/dev/types/routes.d.ts(1,1018): error TS1127: Invalid character.
.next/dev/types/routes.d.ts(1,1019): error TS1127: Invalid character.
.next/dev/types/routes.d.ts(1,1020): error TS1127: Invalid character.
.next/dev/types/routes.d.ts(1,1021): error TS1127: Invalid character.
.next/dev/types/routes.d.ts(1,1022): error TS1127: Invalid character.
.next/dev/types/routes.d.ts(1,1023): error TS1127: Invalid character.
.next/dev/types/routes.d.ts(1,1024): error TS1127: Invalid character.
.next/dev/types/routes.d.ts(1,1025): error TS1127: Invalid character.
.next/dev/types/routes.d.ts(1,1026): error TS1127: Invalid character.
.next/dev/types/routes.d.ts(1,1027): error TS1127: Invalid character.
.next/dev/types/routes.d.ts(1,1028): error TS1127: Invalid character.
.next/dev/types/routes.d.ts(1,1029): error TS1127: Invalid character.
.next/dev/types/routes.d.ts(1,1030): error TS1127: Invalid character.
.next/dev/types/routes.d.ts(1,1031): error TS1127: Invalid character.
.next/dev/types/routes.d.ts(1,1032): error TS1127: Invalid character.
.next/dev/types/routes.d.ts(1,1033): error TS1127: Invalid character.
.next/dev/types/routes.d.ts(1,1034): error TS1127: Invalid character.
.next/dev/types/routes.d.ts(1,1035): error TS1127: Invalid character.
.next/dev/types/routes.d.ts(1,1036): error TS1127: Invalid character.
.next/dev/types/routes.d.ts(1,1037): error TS1127: Invalid character.
.next/dev/types/routes.d.ts(1,1038): error TS1127: Invalid character.
.next/dev/types/routes.d.ts(1,1039): error TS1127: Invalid character.
.next/dev/types/routes.d.ts(1,1040): error TS1127: Invalid character.
.next/dev/types/routes.d.ts(1,1041): error TS1127: Invalid character.
.next/dev/types/routes.d.ts(1,1042): error TS1127: Invalid character.
.next/dev/types/routes.d.ts(1,1043): error TS1127: Invalid character.
.next/dev/types/routes.d.ts(1,1044): error TS1127: Invalid character.
.next/dev/types/routes.d.ts(1,1045): error TS1127: Invalid character.
.next/dev/types/routes.d.ts(1,1046): error TS1127: Invalid character.
.next/dev/types/routes.d.ts(1,1047): error TS1127: Invalid character.
.next/dev/types/routes.d.ts(1,1048): error TS1127: Invalid character.
.next/dev/types/routes.d.ts(1,1049): error TS1127: Invalid character.
.next/dev/types/routes.d.ts(1,1050): error TS1127: Invalid character.
.next/dev/types/routes.d.ts(1,1051): error TS1127: Invalid character.
.next/dev/types/routes.d.ts(1,1052): error TS1127: Invalid character.
.next/dev/types/routes.d.ts(1,1053): error TS1127: Invalid character.
.next/dev/types/routes.d.ts(1,1054): error TS1127: Invalid character.
.next/dev/types/routes.d.ts(1,1055): error TS1127: Invalid character.
.next/dev/types/routes.d.ts(1,1056): error TS1127: Invalid character.
.next/dev/types/routes.d.ts(1,1057): error TS1127: Invalid character.
.next/dev/types/routes.d.ts(1,1058): error TS1127: Invalid character.
.next/dev/types/routes.d.ts(1,1059): error TS1127: Invalid character.
.next/dev/types/routes.d.ts(1,1060): error TS1127: Invalid character.
.next/dev/types/routes.d.ts(1,1061): error TS1127: Invalid character.
.next/dev/types/routes.d.ts(1,1062): error TS1127: Invalid character.
.next/dev/types/routes.d.ts(1,1063): error TS1127: Invalid character.
.next/dev/types/routes.d.ts(1,1064): error TS1127: Invalid character.
.next/dev/types/routes.d.ts(1,1065): error TS1127: Invalid character.
.next/dev/types/routes.d.ts(1,1066): error TS1127: Invalid character.
.next/dev/types/routes.d.ts(1,1067): error TS1127: Invalid character.
.next/dev/types/routes.d.ts(1,1068): error TS1127: Invalid character.
.next/dev/types/routes.d.ts(1,1069): error TS1127: Invalid character.
.next/dev/types/routes.d.ts(1,1070): error TS1127: Invalid character.
.next/dev/types/routes.d.ts(1,1071): error TS1127: Invalid character.
.next/dev/types/routes.d.ts(1,1072): error TS1127: Invalid character.
.next/dev/types/routes.d.ts(1,1073): error TS1127: Invalid character.
.next/dev/types/routes.d.ts(1,1074): error TS1127: Invalid character.
.next/dev/types/routes.d.ts(1,1075): error TS1127: Invalid character.
.next/dev/types/routes.d.ts(1,1076): error TS1127: Invalid character.
.next/dev/types/routes.d.ts(1,1077): error TS1127: Invalid character.
.next/dev/types/routes.d.ts(1,1078): error TS1127: Invalid character.
.next/dev/types/routes.d.ts(1,1079): error TS1127: Invalid character.
.next/dev/types/routes.d.ts(1,1080): error TS1127: Invalid character.
.next/dev/types/routes.d.ts(1,1081): error TS1127: Invalid character.
.next/dev/types/routes.d.ts(1,1082): error TS1127: Invalid character.
.next/dev/types/routes.d.ts(1,1083): error TS1127: Invalid character.
.next/dev/types/routes.d.ts(1,1084): error TS1127: Invalid character.
.next/dev/types/routes.d.ts(1,1085): error TS1127: Invalid character.
.next/dev/types/routes.d.ts(1,1086): error TS1127: Invalid character.
.next/dev/types/routes.d.ts(1,1087): error TS1127: Invalid character.
.next/dev/types/routes.d.ts(1,1088): error TS1127: Invalid character.
.next/dev/types/routes.d.ts(1,1089): error TS1127: Invalid character.
.next/dev/types/routes.d.ts(1,1090): error TS1127: Invalid character.
.next/dev/types/routes.d.ts(1,1091): error TS1127: Invalid character.
.next/dev/types/routes.d.ts(1,1092): error TS1127: Invalid character.
.next/dev/types/routes.d.ts(1,1093): error TS1127: Invalid character.
.next/dev/types/routes.d.ts(1,1094): error TS1127: Invalid character.
.next/dev/types/routes.d.ts(1,1095): error TS1127: Invalid character.
.next/dev/types/routes.d.ts(1,1096): error TS1127: Invalid character.
.next/dev/types/routes.d.ts(1,1097): error TS1127: Invalid character.
.next/dev/types/routes.d.ts(1,1098): error TS1127: Invalid character.
.next/dev/types/routes.d.ts(1,1099): error TS1127: Invalid character.
.next/dev/types/routes.d.ts(1,1100): error TS1127: Invalid character.
.next/dev/types/routes.d.ts(1,1101): error TS1127: Invalid character.
.next/dev/types/routes.d.ts(1,1102): error TS1127: Invalid character.
.next/dev/types/routes.d.ts(1,1103): error TS1127: Invalid character.
.next/dev/types/routes.d.ts(1,1104): error TS1127: Invalid character.
.next/dev/types/routes.d.ts(1,1105): error TS1127: Invalid character.
.next/dev/types/routes.d.ts(1,1106): error TS1127: Invalid character.
.next/dev/types/routes.d.ts(1,1107): error TS1127: Invalid character.
.next/dev/types/routes.d.ts(1,1108): error TS1127: Invalid character.
.next/dev/types/routes.d.ts(1,1109): error TS1127: Invalid character.
.next/dev/types/routes.d.ts(1,1110): error TS1127: Invalid character.
.next/dev/types/routes.d.ts(1,1111): error TS1127: Invalid character.
.next/dev/types/routes.d.ts(1,1112): error TS1127: Invalid character.
.next/dev/types/routes.d.ts(1,1113): error TS1127: Invalid character.
.next/dev/types/routes.d.ts(1,1114): error TS1127: Invalid character.
.next/dev/types/routes.d.ts(1,1115): error TS1127: Invalid character.
.next/dev/types/routes.d.ts(1,1116): error TS1127: Invalid character.
.next/dev/types/routes.d.ts(1,1117): error TS1127: Invalid character.
.next/dev/types/routes.d.ts(1,1118): error TS1127: Invalid character.
.next/dev/types/routes.d.ts(1,1119): error TS1127: Invalid character.
.next/dev/types/routes.d.ts(1,1120): error TS1127: Invalid character.
.next/dev/types/routes.d.ts(1,1121): error TS1127: Invalid character.
.next/dev/types/routes.d.ts(1,1122): error TS1127: Invalid character.
.next/dev/types/routes.d.ts(1,1123): error TS1127: Invalid character.
.next/dev/types/routes.d.ts(1,1124): error TS1127: Invalid character.
.next/dev/types/routes.d.ts(1,1125): error TS1127: Invalid character.
.next/dev/types/routes.d.ts(1,1126): error TS1127: Invalid character.
.next/dev/types/routes.d.ts(1,1127): error TS1127: Invalid character.
.next/dev/types/routes.d.ts(1,1128): error TS1127: Invalid character.
.next/dev/types/routes.d.ts(1,1129): error TS1127: Invalid character.
.next/dev/types/routes.d.ts(1,1130): error TS1127: Invalid character.
.next/dev/types/routes.d.ts(1,1131): error TS1127: Invalid character.
.next/dev/types/routes.d.ts(1,1132): error TS1127: Invalid character.
.next/dev/types/routes.d.ts(1,1133): error TS1127: Invalid character.
.next/dev/types/routes.d.ts(1,1134): error TS1127: Invalid character.
.next/dev/types/routes.d.ts(1,1135): error TS1127: Invalid character.
.next/dev/types/routes.d.ts(1,1136): error TS1127: Invalid character.
.next/dev/types/routes.d.ts(1,1137): error TS1127: Invalid character.
.next/dev/types/routes.d.ts(1,1138): error TS1127: Invalid character.
.next/dev/types/routes.d.ts(1,1139): error TS1127: Invalid character.
.next/dev/types/routes.d.ts(1,1140): error TS1127: Invalid character.
.next/dev/types/routes.d.ts(1,1141): error TS1127: Invalid character.
.next/dev/types/routes.d.ts(1,1142): error TS1127: Invalid character.
.next/dev/types/routes.d.ts(1,1143): error TS1127: Invalid character.
.next/dev/types/routes.d.ts(1,1144): error TS1127: Invalid character.
.next/dev/types/routes.d.ts(1,1145): error TS1127: Invalid character.
.next/dev/types/routes.d.ts(1,1146): error TS1127: Invalid character.
.next/dev/types/routes.d.ts(1,1147): error TS1127: Invalid character.
.next/dev/types/routes.d.ts(1,1148): error TS1127: Invalid character.
.next/dev/types/routes.d.ts(1,1149): error TS1127: Invalid character.
.next/dev/types/routes.d.ts(1,1150): error TS1127: Invalid character.
.next/dev/types/routes.d.ts(1,1151): error TS1127: Invalid character.
.next/dev/types/routes.d.ts(1,1152): error TS1127: Invalid character.
.next/dev/types/routes.d.ts(1,1153): error TS1127: Invalid character.
.next/dev/types/routes.d.ts(1,1154): error TS1127: Invalid character.
.next/dev/types/routes.d.ts(1,1155): error TS1127: Invalid character.
.next/dev/types/routes.d.ts(1,1156): error TS1127: Invalid character.
.next/dev/types/routes.d.ts(1,1157): error TS1127: Invalid character.
.next/dev/types/routes.d.ts(1,1158): error TS1127: Invalid character.
.next/dev/types/routes.d.ts(1,1159): error TS1127: Invalid character.
.next/dev/types/routes.d.ts(1,1160): error TS1127: Invalid character.
.next/dev/types/routes.d.ts(1,1161): error TS1127: Invalid character.
.next/dev/types/routes.d.ts(1,1162): error TS1127: Invalid character.
.next/dev/types/routes.d.ts(1,1163): error TS1127: Invalid character.
.next/dev/types/routes.d.ts(1,1164): error TS1127: Invalid character.
.next/dev/types/routes.d.ts(1,1165): error TS1127: Invalid character.
.next/dev/types/routes.d.ts(1,1166): error TS1127: Invalid character.
.next/dev/types/routes.d.ts(1,1167): error TS1127: Invalid character.
.next/dev/types/routes.d.ts(1,1168): error TS1127: Invalid character.
.next/dev/types/routes.d.ts(1,1169): error TS1127: Invalid character.
.next/dev/types/routes.d.ts(1,1170): error TS1127: Invalid character.
.next/dev/types/routes.d.ts(1,1171): error TS1127: Invalid character.
.next/dev/types/routes.d.ts(1,1172): error TS1127: Invalid character.
.next/dev/types/routes.d.ts(1,1173): error TS1127: Invalid character.
.next/dev/types/routes.d.ts(1,1174): error TS1127: Invalid character.
.next/dev/types/routes.d.ts(1,1175): error TS1127: Invalid character.
.next/dev/types/routes.d.ts(1,1176): error TS1127: Invalid character.
.next/dev/types/routes.d.ts(1,1177): error TS1127: Invalid character.
.next/dev/types/routes.d.ts(1,1178): error TS1127: Invalid character.
.next/dev/types/routes.d.ts(1,1179): error TS1127: Invalid character.
.next/dev/types/routes.d.ts(1,1180): error TS1127: Invalid character.
.next/dev/types/routes.d.ts(1,1181): error TS1127: Invalid character.
.next/dev/types/routes.d.ts(1,1182): error TS1127: Invalid character.
.next/dev/types/routes.d.ts(1,1183): error TS1127: Invalid character.
.next/dev/types/routes.d.ts(1,1184): error TS1127: Invalid character.
.next/dev/types/routes.d.ts(1,1185): error TS1127: Invalid character.
.next/dev/types/routes.d.ts(1,1186): error TS1127: Invalid character.
.next/dev/types/routes.d.ts(1,1187): error TS1127: Invalid character.
.next/dev/types/routes.d.ts(1,1188): error TS1127: Invalid character.
.next/dev/types/routes.d.ts(1,1189): error TS1127: Invalid character.
.next/dev/types/routes.d.ts(1,1190): error TS1127: Invalid character.
.next/dev/types/routes.d.ts(1,1191): error TS1127: Invalid character.
.next/dev/types/routes.d.ts(1,1192): error TS1127: Invalid character.
.next/dev/types/routes.d.ts(1,1193): error TS1127: Invalid character.
.next/dev/types/routes.d.ts(1,1194): error TS1127: Invalid character.
.next/dev/types/routes.d.ts(1,1195): error TS1127: Invalid character.
.next/dev/types/routes.d.ts(1,1196): error TS1127: Invalid character.
.next/dev/types/routes.d.ts(1,1197): error TS1127: Invalid character.
.next/dev/types/routes.d.ts(1,1198): error TS1127: Invalid character.
.next/dev/types/routes.d.ts(1,1199): error TS1127: Invalid character.
.next/dev/types/routes.d.ts(1,1200): error TS1127: Invalid character.
.next/dev/types/routes.d.ts(1,1201): error TS1127: Invalid character.
.next/dev/types/routes.d.ts(1,1202): error TS1127: Invalid character.
.next/dev/types/routes.d.ts(1,1203): error TS1127: Invalid character.
.next/dev/types/routes.d.ts(1,1204): error TS1127: Invalid character.
.next/dev/types/routes.d.ts(1,1205): error TS1127: Invalid character.
.next/dev/types/routes.d.ts(1,1206): error TS1127: Invalid character.
.next/dev/types/routes.d.ts(1,1207): error TS1127: Invalid character.
.next/dev/types/routes.d.ts(1,1208): error TS1127: Invalid character.
.next/dev/types/routes.d.ts(1,1209): error TS1127: Invalid character.
.next/dev/types/routes.d.ts(1,1210): error TS1127: Invalid character.
.next/dev/types/routes.d.ts(1,1211): error TS1127: Invalid character.
.next/dev/types/routes.d.ts(1,1212): error TS1127: Invalid character.
.next/dev/types/routes.d.ts(1,1213): error TS1127: Invalid character.
.next/dev/types/routes.d.ts(1,1214): error TS1127: Invalid character.
.next/dev/types/routes.d.ts(1,1215): error TS1127: Invalid character.
.next/dev/types/routes.d.ts(1,1216): error TS1127: Invalid character.
.next/dev/types/routes.d.ts(1,1217): error TS1127: Invalid character.
.next/dev/types/routes.d.ts(1,1218): error TS1127: Invalid character.
.next/dev/types/routes.d.ts(1,1219): error TS1127: Invalid character.
.next/dev/types/routes.d.ts(1,1220): error TS1127: Invalid character.
.next/dev/types/routes.d.ts(1,1221): error TS1127: Invalid character.
.next/dev/types/routes.d.ts(1,1222): error TS1127: Invalid character.
.next/dev/types/routes.d.ts(1,1223): error TS1127: Invalid character.
.next/dev/types/routes.d.ts(1,1224): error TS1127: Invalid character.
.next/dev/types/routes.d.ts(1,1225): error TS1127: Invalid character.
.next/dev/types/routes.d.ts(1,1226): error TS1127: Invalid character.
.next/dev/types/routes.d.ts(1,1227): error TS1127: Invalid character.
.next/dev/types/routes.d.ts(1,1228): error TS1127: Invalid character.
.next/dev/types/routes.d.ts(1,1229): error TS1127: Invalid character.
.next/dev/types/routes.d.ts(1,1230): error TS1127: Invalid character.
.next/dev/types/routes.d.ts(1,1231): error TS1127: Invalid character.
.next/dev/types/routes.d.ts(1,1232): error TS1127: Invalid character.
.next/dev/types/routes.d.ts(1,1233): error TS1127: Invalid character.
.next/dev/types/routes.d.ts(1,1234): error TS1127: Invalid character.
.next/dev/types/routes.d.ts(1,1235): error TS1127: Invalid character.
.next/dev/types/routes.d.ts(1,1236): error TS1127: Invalid character.
.next/dev/types/routes.d.ts(1,1237): error TS1127: Invalid character.
.next/dev/types/routes.d.ts(1,1238): error TS1127: Invalid character.
.next/dev/types/routes.d.ts(1,1239): error TS1127: Invalid character.
.next/dev/types/routes.d.ts(1,1240): error TS1127: Invalid character.
.next/dev/types/routes.d.ts(1,1241): error TS1127: Invalid character.
.next/dev/types/routes.d.ts(1,1242): error TS1127: Invalid character.
.next/dev/types/routes.d.ts(1,1243): error TS1127: Invalid character.
.next/dev/types/routes.d.ts(1,1244): error TS1127: Invalid character.
.next/dev/types/routes.d.ts(1,1245): error TS1127: Invalid character.
.next/dev/types/routes.d.ts(1,1246): error TS1127: Invalid character.
.next/dev/types/routes.d.ts(1,1247): error TS1127: Invalid character.
.next/dev/types/routes.d.ts(1,1248): error TS1127: Invalid character.
.next/dev/types/routes.d.ts(1,1249): error TS1127: Invalid character.
.next/dev/types/routes.d.ts(1,1250): error TS1127: Invalid character.
.next/dev/types/routes.d.ts(1,1251): error TS1127: Invalid character.
.next/dev/types/routes.d.ts(1,1252): error TS1127: Invalid character.
.next/dev/types/routes.d.ts(1,1253): error TS1127: Invalid character.
.next/dev/types/routes.d.ts(1,1254): error TS1127: Invalid character.
.next/dev/types/routes.d.ts(1,1255): error TS1127: Invalid character.
.next/dev/types/routes.d.ts(1,1256): error TS1127: Invalid character.
.next/dev/types/routes.d.ts(1,1257): error TS1127: Invalid character.
.next/dev/types/routes.d.ts(1,1258): error TS1127: Invalid character.
.next/dev/types/routes.d.ts(1,1259): error TS1127: Invalid character.
.next/dev/types/routes.d.ts(1,1260): error TS1127: Invalid character.
.next/dev/types/routes.d.ts(1,1261): error TS1127: Invalid character.
.next/dev/types/routes.d.ts(1,1262): error TS1127: Invalid character.
.next/dev/types/routes.d.ts(1,1263): error TS1127: Invalid character.
.next/dev/types/routes.d.ts(1,1264): error TS1127: Invalid character.
.next/dev/types/routes.d.ts(1,1265): error TS1127: Invalid character.
.next/dev/types/routes.d.ts(1,1266): error TS1127: Invalid character.
.next/dev/types/routes.d.ts(1,1267): error TS1127: Invalid character.
.next/dev/types/routes.d.ts(1,1268): error TS1127: Invalid character.
.next/dev/types/routes.d.ts(1,1269): error TS1127: Invalid character.
.next/dev/types/routes.d.ts(1,1270): error TS1127: Invalid character.
.next/dev/types/routes.d.ts(1,1271): error TS1127: Invalid character.
.next/dev/types/routes.d.ts(1,1272): error TS1127: Invalid character.
.next/dev/types/routes.d.ts(1,1273): error TS1127: Invalid character.
.next/dev/types/routes.d.ts(1,1274): error TS1127: Invalid character.
.next/dev/types/routes.d.ts(1,1275): error TS1127: Invalid character.
.next/dev/types/routes.d.ts(1,1276): error TS1127: Invalid character.
.next/dev/types/routes.d.ts(1,1277): error TS1127: Invalid character.
.next/dev/types/routes.d.ts(1,1278): error TS1127: Invalid character.
.next/dev/types/routes.d.ts(1,1279): error TS1127: Invalid character.
.next/dev/types/routes.d.ts(1,1280): error TS1127: Invalid character.
.next/dev/types/routes.d.ts(1,1281): error TS1127: Invalid character.
.next/dev/types/routes.d.ts(1,1282): error TS1127: Invalid character.
.next/dev/types/routes.d.ts(1,1283): error TS1127: Invalid character.
.next/dev/types/routes.d.ts(1,1284): error TS1127: Invalid character.
.next/dev/types/routes.d.ts(1,1285): error TS1127: Invalid character.
.next/dev/types/routes.d.ts(1,1286): error TS1127: Invalid character.
.next/dev/types/routes.d.ts(1,1287): error TS1127: Invalid character.
.next/dev/types/routes.d.ts(1,1288): error TS1127: Invalid character.
.next/dev/types/routes.d.ts(1,1289): error TS1127: Invalid character.
.next/dev/types/routes.d.ts(1,1290): error TS1127: Invalid character.
.next/dev/types/routes.d.ts(1,1291): error TS1127: Invalid character.
.next/dev/types/routes.d.ts(1,1292): error TS1127: Invalid character.
.next/dev/types/routes.d.ts(1,1293): error TS1127: Invalid character.
.next/dev/types/routes.d.ts(1,1294): error TS1127: Invalid character.
.next/dev/types/routes.d.ts(1,1295): error TS1127: Invalid character.
.next/dev/types/routes.d.ts(1,1296): error TS1127: Invalid character.
.next/dev/types/routes.d.ts(1,1297): error TS1127: Invalid character.
.next/dev/types/routes.d.ts(1,1298): error TS1127: Invalid character.
.next/dev/types/routes.d.ts(1,1299): error TS1127: Invalid character.
.next/dev/types/routes.d.ts(1,1300): error TS1127: Invalid character.
.next/dev/types/routes.d.ts(1,1301): error TS1127: Invalid character.
.next/dev/types/routes.d.ts(1,1302): error TS1127: Invalid character.
.next/dev/types/routes.d.ts(1,1303): error TS1127: Invalid character.
.next/dev/types/routes.d.ts(1,1304): error TS1127: Invalid character.
.next/dev/types/routes.d.ts(1,1305): error TS1127: Invalid character.
.next/dev/types/routes.d.ts(1,1306): error TS1127: Invalid character.
.next/dev/types/routes.d.ts(1,1307): error TS1127: Invalid character.
.next/dev/types/routes.d.ts(1,1308): error TS1127: Invalid character.
.next/dev/types/routes.d.ts(1,1309): error TS1127: Invalid character.
.next/dev/types/routes.d.ts(1,1310): error TS1127: Invalid character.
.next/dev/types/routes.d.ts(1,1311): error TS1127: Invalid character.
.next/dev/types/routes.d.ts(1,1312): error TS1127: Invalid character.
.next/dev/types/routes.d.ts(1,1313): error TS1127: Invalid character.
.next/dev/types/routes.d.ts(1,1314): error TS1127: Invalid character.
.next/dev/types/routes.d.ts(1,1315): error TS1127: Invalid character.
.next/dev/types/routes.d.ts(1,1316): error TS1127: Invalid character.
.next/dev/types/routes.d.ts(1,1317): error TS1127: Invalid character.
.next/dev/types/routes.d.ts(1,1318): error TS1127: Invalid character.
.next/dev/types/routes.d.ts(1,1319): error TS1127: Invalid character.
.next/dev/types/routes.d.ts(1,1320): error TS1127: Invalid character.
.next/dev/types/routes.d.ts(1,1321): error TS1127: Invalid character.
.next/dev/types/routes.d.ts(1,1322): error TS1127: Invalid character.
.next/dev/types/routes.d.ts(1,1323): error TS1127: Invalid character.
.next/dev/types/routes.d.ts(1,1324): error TS1127: Invalid character.
.next/dev/types/routes.d.ts(1,1325): error TS1127: Invalid character.
.next/dev/types/routes.d.ts(1,1326): error TS1127: Invalid character.
.next/dev/types/routes.d.ts(1,1327): error TS1127: Invalid character.
.next/dev/types/routes.d.ts(1,1328): error TS1127: Invalid character.
.next/dev/types/routes.d.ts(1,1329): error TS1127: Invalid character.
.next/dev/types/routes.d.ts(1,1330): error TS1127: Invalid character.
.next/dev/types/routes.d.ts(1,1331): error TS1127: Invalid character.
.next/dev/types/routes.d.ts(1,1332): error TS1127: Invalid character.
.next/dev/types/routes.d.ts(1,1333): error TS1127: Invalid character.
.next/dev/types/routes.d.ts(1,1334): error TS1127: Invalid character.
.next/dev/types/routes.d.ts(1,1335): error TS1127: Invalid character.
.next/dev/types/routes.d.ts(1,1336): error TS1127: Invalid character.
.next/dev/types/routes.d.ts(1,1337): error TS1127: Invalid character.
.next/dev/types/routes.d.ts(1,1338): error TS1127: Invalid character.
.next/dev/types/routes.d.ts(1,1339): error TS1127: Invalid character.
.next/dev/types/routes.d.ts(1,1340): error TS1127: Invalid character.
.next/dev/types/routes.d.ts(1,1341): error TS1127: Invalid character.
.next/dev/types/routes.d.ts(1,1342): error TS1127: Invalid character.
.next/dev/types/routes.d.ts(1,1343): error TS1127: Invalid character.
.next/dev/types/routes.d.ts(1,1344): error TS1127: Invalid character.
.next/dev/types/routes.d.ts(1,1345): error TS1127: Invalid character.
.next/dev/types/routes.d.ts(1,1346): error TS1127: Invalid character.
.next/dev/types/routes.d.ts(1,1347): error TS1127: Invalid character.
.next/dev/types/routes.d.ts(1,1348): error TS1127: Invalid character.
.next/dev/types/routes.d.ts(1,1349): error TS1127: Invalid character.
.next/dev/types/routes.d.ts(1,1350): error TS1127: Invalid character.
.next/dev/types/routes.d.ts(1,1351): error TS1127: Invalid character.
.next/dev/types/routes.d.ts(1,1352): error TS1127: Invalid character.
.next/dev/types/routes.d.ts(1,1353): error TS1127: Invalid character.
.next/dev/types/routes.d.ts(1,1354): error TS1127: Invalid character.
.next/dev/types/routes.d.ts(1,1355): error TS1127: Invalid character.
.next/dev/types/routes.d.ts(1,1356): error TS1127: Invalid character.
.next/dev/types/routes.d.ts(1,1357): error TS1127: Invalid character.
.next/dev/types/routes.d.ts(1,1358): error TS1127: Invalid character.
.next/dev/types/routes.d.ts(1,1359): error TS1127: Invalid character.
.next/dev/types/routes.d.ts(1,1360): error TS1127: Invalid character.
.next/dev/types/routes.d.ts(1,1361): error TS1127: Invalid character.
.next/dev/types/routes.d.ts(1,1362): error TS1127: Invalid character.
.next/dev/types/routes.d.ts(1,1363): error TS1127: Invalid character.
.next/dev/types/routes.d.ts(1,1364): error TS1127: Invalid character.
.next/dev/types/routes.d.ts(1,1365): error TS1127: Invalid character.
.next/dev/types/routes.d.ts(1,1366): error TS1127: Invalid character.
.next/dev/types/routes.d.ts(1,1367): error TS1127: Invalid character.
.next/dev/types/routes.d.ts(1,1368): error TS1127: Invalid character.
.next/dev/types/routes.d.ts(1,1369): error TS1127: Invalid character.
.next/dev/types/routes.d.ts(1,1370): error TS1127: Invalid character.
.next/dev/types/routes.d.ts(1,1371): error TS1127: Invalid character.
.next/dev/types/routes.d.ts(1,1372): error TS1127: Invalid character.
.next/dev/types/routes.d.ts(1,1373): error TS1127: Invalid character.
.next/dev/types/routes.d.ts(1,1374): error TS1127: Invalid character.
.next/dev/types/routes.d.ts(1,1375): error TS1127: Invalid character.
.next/dev/types/routes.d.ts(1,1376): error TS1127: Invalid character.
.next/dev/types/routes.d.ts(1,1377): error TS1127: Invalid character.
.next/dev/types/routes.d.ts(1,1378): error TS1127: Invalid character.
.next/dev/types/routes.d.ts(1,1379): error TS1127: Invalid character.
.next/dev/types/routes.d.ts(1,1380): error TS1127: Invalid character.
.next/dev/types/routes.d.ts(1,1381): error TS1127: Invalid character.
.next/dev/types/routes.d.ts(1,1382): error TS1127: Invalid character.
.next/dev/types/routes.d.ts(1,1383): error TS1127: Invalid character.
.next/dev/types/routes.d.ts(1,1384): error TS1127: Invalid character.
.next/dev/types/routes.d.ts(1,1385): error TS1127: Invalid character.
.next/dev/types/routes.d.ts(1,1386): error TS1127: Invalid character.
.next/dev/types/routes.d.ts(1,1387): error TS1127: Invalid character.
.next/dev/types/routes.d.ts(1,1388): error TS1127: Invalid character.
.next/dev/types/routes.d.ts(1,1389): error TS1127: Invalid character.
.next/dev/types/routes.d.ts(1,1390): error TS1127: Invalid character.
.next/dev/types/routes.d.ts(1,1391): error TS1127: Invalid character.
.next/dev/types/routes.d.ts(1,1392): error TS1127: Invalid character.
.next/dev/types/routes.d.ts(1,1393): error TS1127: Invalid character.
.next/dev/types/routes.d.ts(1,1394): error TS1127: Invalid character.
.next/dev/types/routes.d.ts(1,1395): error TS1127: Invalid character.
.next/dev/types/routes.d.ts(1,1396): error TS1127: Invalid character.
.next/dev/types/routes.d.ts(1,1397): error TS1127: Invalid character.
.next/dev/types/routes.d.ts(1,1398): error TS1127: Invalid character.
.next/dev/types/routes.d.ts(1,1399): error TS1127: Invalid character.
.next/dev/types/routes.d.ts(1,1400): error TS1127: Invalid character.
.next/dev/types/routes.d.ts(1,1401): error TS1127: Invalid character.
.next/dev/types/routes.d.ts(1,1402): error TS1127: Invalid character.
.next/dev/types/routes.d.ts(1,1403): error TS1127: Invalid character.
.next/dev/types/routes.d.ts(1,1404): error TS1127: Invalid character.
.next/dev/types/routes.d.ts(1,1405): error TS1127: Invalid character.
.next/dev/types/routes.d.ts(1,1406): error TS1127: Invalid character.
.next/dev/types/routes.d.ts(1,1407): error TS1127: Invalid character.
.next/dev/types/routes.d.ts(1,1408): error TS1127: Invalid character.
.next/dev/types/routes.d.ts(1,1409): error TS1127: Invalid character.
.next/dev/types/routes.d.ts(1,1410): error TS1127: Invalid character.
.next/dev/types/routes.d.ts(1,1411): error TS1127: Invalid character.
.next/dev/types/routes.d.ts(1,1412): error TS1127: Invalid character.
.next/dev/types/routes.d.ts(1,1413): error TS1127: Invalid character.
.next/dev/types/routes.d.ts(1,1414): error TS1127: Invalid character.
.next/dev/types/routes.d.ts(1,1415): error TS1127: Invalid character.
.next/dev/types/routes.d.ts(1,1416): error TS1127: Invalid character.
.next/dev/types/routes.d.ts(1,1417): error TS1127: Invalid character.
.next/dev/types/routes.d.ts(1,1418): error TS1127: Invalid character.
.next/dev/types/routes.d.ts(1,1419): error TS1127: Invalid character.
.next/dev/types/routes.d.ts(1,1420): error TS1127: Invalid character.
.next/dev/types/routes.d.ts(1,1421): error TS1127: Invalid character.
.next/dev/types/routes.d.ts(1,1422): error TS1127: Invalid character.
.next/dev/types/routes.d.ts(1,1423): error TS1127: Invalid character.
.next/dev/types/routes.d.ts(1,1424): error TS1127: Invalid character.
.next/dev/types/routes.d.ts(1,1425): error TS1127: Invalid character.
.next/dev/types/routes.d.ts(1,1426): error TS1127: Invalid character.
.next/dev/types/routes.d.ts(1,1427): error TS1127: Invalid character.
.next/dev/types/routes.d.ts(1,1428): error TS1127: Invalid character.
.next/dev/types/routes.d.ts(1,1429): error TS1127: Invalid character.
.next/dev/types/routes.d.ts(1,1430): error TS1127: Invalid character.
.next/dev/types/routes.d.ts(1,1431): error TS1127: Invalid character.
.next/dev/types/routes.d.ts(1,1432): error TS1127: Invalid character.
.next/dev/types/routes.d.ts(1,1433): error TS1127: Invalid character.
.next/dev/types/routes.d.ts(1,1434): error TS1127: Invalid character.
.next/dev/types/routes.d.ts(1,1435): error TS1127: Invalid character.
.next/dev/types/routes.d.ts(1,1436): error TS1127: Invalid character.
.next/dev/types/routes.d.ts(1,1437): error TS1127: Invalid character.
.next/dev/types/routes.d.ts(1,1438): error TS1127: Invalid character.
.next/dev/types/routes.d.ts(1,1439): error TS1127: Invalid character.
.next/dev/types/routes.d.ts(1,1440): error TS1127: Invalid character.
.next/dev/types/routes.d.ts(1,1441): error TS1127: Invalid character.
.next/dev/types/routes.d.ts(1,1442): error TS1127: Invalid character.
.next/dev/types/routes.d.ts(1,1443): error TS1127: Invalid character.
.next/dev/types/routes.d.ts(1,1444): error TS1127: Invalid character.
.next/dev/types/routes.d.ts(1,1445): error TS1127: Invalid character.
.next/dev/types/routes.d.ts(1,1446): error TS1127: Invalid character.
.next/dev/types/routes.d.ts(1,1447): error TS1127: Invalid character.
.next/dev/types/routes.d.ts(1,1448): error TS1127: Invalid character.
.next/dev/types/routes.d.ts(1,1449): error TS1127: Invalid character.
.next/dev/types/routes.d.ts(1,1450): error TS1127: Invalid character.
.next/dev/types/routes.d.ts(1,1451): error TS1127: Invalid character.
.next/dev/types/routes.d.ts(1,1452): error TS1127: Invalid character.
.next/dev/types/routes.d.ts(1,1453): error TS1127: Invalid character.
.next/dev/types/routes.d.ts(1,1454): error TS1127: Invalid character.
.next/dev/types/routes.d.ts(1,1455): error TS1127: Invalid character.
.next/dev/types/routes.d.ts(1,1456): error TS1127: Invalid character.
.next/dev/types/routes.d.ts(1,1457): error TS1127: Invalid character.
.next/dev/types/routes.d.ts(1,1458): error TS1127: Invalid character.
.next/dev/types/routes.d.ts(1,1459): error TS1127: Invalid character.
.next/dev/types/routes.d.ts(1,1460): error TS1127: Invalid character.
.next/dev/types/routes.d.ts(1,1461): error TS1127: Invalid character.
.next/dev/types/routes.d.ts(1,1462): error TS1127: Invalid character.
.next/dev/types/routes.d.ts(1,1463): error TS1127: Invalid character.
.next/dev/types/routes.d.ts(1,1464): error TS1127: Invalid character.
.next/dev/types/routes.d.ts(1,1465): error TS1127: Invalid character.
.next/dev/types/routes.d.ts(1,1466): error TS1127: Invalid character.
.next/dev/types/routes.d.ts(1,1467): error TS1127: Invalid character.
.next/dev/types/routes.d.ts(1,1468): error TS1127: Invalid character.
.next/dev/types/routes.d.ts(1,1469): error TS1127: Invalid character.
.next/dev/types/routes.d.ts(1,1470): error TS1127: Invalid character.
.next/dev/types/routes.d.ts(1,1471): error TS1127: Invalid character.
.next/dev/types/routes.d.ts(1,1472): error TS1127: Invalid character.
.next/dev/types/routes.d.ts(1,1473): error TS1127: Invalid character.
.next/dev/types/routes.d.ts(1,1474): error TS1127: Invalid character.
.next/dev/types/routes.d.ts(1,1475): error TS1127: Invalid character.
.next/dev/types/routes.d.ts(1,1476): error TS1127: Invalid character.
.next/dev/types/routes.d.ts(1,1477): error TS1127: Invalid character.
.next/dev/types/routes.d.ts(1,1478): error TS1127: Invalid character.
.next/dev/types/routes.d.ts(1,1479): error TS1127: Invalid character.
.next/dev/types/routes.d.ts(1,1480): error TS1127: Invalid character.
.next/dev/types/routes.d.ts(1,1481): error TS1127: Invalid character.
.next/dev/types/routes.d.ts(1,1482): error TS1127: Invalid character.
.next/dev/types/routes.d.ts(1,1483): error TS1127: Invalid character.
.next/dev/types/routes.d.ts(1,1484): error TS1127: Invalid character.
.next/dev/types/routes.d.ts(1,1485): error TS1127: Invalid character.
.next/dev/types/routes.d.ts(1,1486): error TS1127: Invalid character.
.next/dev/types/routes.d.ts(1,1487): error TS1127: Invalid character.
.next/dev/types/routes.d.ts(1,1488): error TS1127: Invalid character.
.next/dev/types/routes.d.ts(1,1489): error TS1127: Invalid character.
.next/dev/types/routes.d.ts(1,1490): error TS1127: Invalid character.
.next/dev/types/routes.d.ts(1,1491): error TS1127: Invalid character.
.next/dev/types/routes.d.ts(1,1492): error TS1127: Invalid character.
.next/dev/types/routes.d.ts(1,1493): error TS1127: Invalid character.
.next/dev/types/routes.d.ts(1,1494): error TS1127: Invalid character.
.next/dev/types/routes.d.ts(1,1495): error TS1127: Invalid character.
.next/dev/types/routes.d.ts(1,1496): error TS1127: Invalid character.
.next/dev/types/routes.d.ts(1,1497): error TS1127: Invalid character.
.next/dev/types/routes.d.ts(1,1498): error TS1127: Invalid character.
.next/dev/types/routes.d.ts(1,1499): error TS1127: Invalid character.
.next/dev/types/routes.d.ts(1,1500): error TS1127: Invalid character.
.next/dev/types/routes.d.ts(1,1501): error TS1127: Invalid character.
.next/dev/types/routes.d.ts(1,1502): error TS1127: Invalid character.
.next/dev/types/routes.d.ts(1,1503): error TS1127: Invalid character.
.next/dev/types/routes.d.ts(1,1504): error TS1127: Invalid character.
.next/dev/types/routes.d.ts(1,1505): error TS1127: Invalid character.
.next/dev/types/routes.d.ts(1,1506): error TS1127: Invalid character.
.next/dev/types/routes.d.ts(1,1507): error TS1127: Invalid character.
.next/dev/types/routes.d.ts(1,1508): error TS1127: Invalid character.
.next/dev/types/routes.d.ts(1,1509): error TS1127: Invalid character.
.next/dev/types/routes.d.ts(1,1510): error TS1127: Invalid character.
.next/dev/types/routes.d.ts(1,1511): error TS1127: Invalid character.
.next/dev/types/routes.d.ts(1,1512): error TS1127: Invalid character.
.next/dev/types/routes.d.ts(1,1513): error TS1127: Invalid character.
.next/dev/types/routes.d.ts(1,1514): error TS1127: Invalid character.
.next/dev/types/routes.d.ts(1,1515): error TS1127: Invalid character.
.next/dev/types/routes.d.ts(1,1516): error TS1127: Invalid character.
.next/dev/types/routes.d.ts(1,1517): error TS1127: Invalid character.
.next/dev/types/routes.d.ts(1,1518): error TS1127: Invalid character.
.next/dev/types/routes.d.ts(1,1519): error TS1127: Invalid character.
.next/dev/types/routes.d.ts(1,1520): error TS1127: Invalid character.
.next/dev/types/routes.d.ts(1,1521): error TS1127: Invalid character.
.next/dev/types/routes.d.ts(1,1522): error TS1127: Invalid character.
.next/dev/types/routes.d.ts(1,1523): error TS1127: Invalid character.
.next/dev/types/routes.d.ts(1,1524): error TS1127: Invalid character.
.next/dev/types/routes.d.ts(1,1525): error TS1127: Invalid character.
.next/dev/types/routes.d.ts(1,1526): error TS1127: Invalid character.
.next/dev/types/routes.d.ts(1,1527): error TS1127: Invalid character.
.next/dev/types/routes.d.ts(1,1528): error TS1127: Invalid character.
.next/dev/types/routes.d.ts(1,1529): error TS1127: Invalid character.
.next/dev/types/routes.d.ts(1,1530): error TS1127: Invalid character.
.next/dev/types/routes.d.ts(1,1531): error TS1127: Invalid character.
.next/dev/types/routes.d.ts(1,1532): error TS1127: Invalid character.
.next/dev/types/routes.d.ts(1,1533): error TS1127: Invalid character.
.next/dev/types/routes.d.ts(1,1534): error TS1127: Invalid character.
.next/dev/types/routes.d.ts(1,1535): error TS1127: Invalid character.
.next/dev/types/routes.d.ts(1,1536): error TS1127: Invalid character.
.next/dev/types/routes.d.ts(1,1537): error TS1127: Invalid character.
.next/dev/types/routes.d.ts(1,1538): error TS1127: Invalid character.
.next/dev/types/routes.d.ts(1,1539): error TS1127: Invalid character.
.next/dev/types/routes.d.ts(1,1540): error TS1127: Invalid character.
.next/dev/types/routes.d.ts(1,1541): error TS1127: Invalid character.
.next/dev/types/routes.d.ts(1,1542): error TS1127: Invalid character.
.next/dev/types/routes.d.ts(1,1543): error TS1127: Invalid character.
.next/dev/types/routes.d.ts(1,1544): error TS1127: Invalid character.
.next/dev/types/routes.d.ts(1,1545): error TS1127: Invalid character.
.next/dev/types/routes.d.ts(1,1546): error TS1127: Invalid character.
.next/dev/types/routes.d.ts(1,1547): error TS1127: Invalid character.
.next/dev/types/routes.d.ts(1,1548): error TS1127: Invalid character.
.next/dev/types/routes.d.ts(1,1549): error TS1127: Invalid character.
.next/dev/types/routes.d.ts(1,1550): error TS1127: Invalid character.
.next/dev/types/routes.d.ts(1,1551): error TS1127: Invalid character.
.next/dev/types/routes.d.ts(1,1552): error TS1127: Invalid character.
.next/dev/types/routes.d.ts(1,1553): error TS1127: Invalid character.
.next/dev/types/routes.d.ts(1,1554): error TS1127: Invalid character.
.next/dev/types/routes.d.ts(1,1555): error TS1127: Invalid character.
.next/dev/types/routes.d.ts(1,1556): error TS1127: Invalid character.
.next/dev/types/routes.d.ts(1,1557): error TS1127: Invalid character.
.next/dev/types/routes.d.ts(1,1558): error TS1127: Invalid character.
.next/dev/types/routes.d.ts(1,1559): error TS1127: Invalid character.
.next/dev/types/routes.d.ts(1,1560): error TS1127: Invalid character.
.next/dev/types/routes.d.ts(1,1561): error TS1127: Invalid character.
.next/dev/types/routes.d.ts(1,1562): error TS1127: Invalid character.
.next/dev/types/routes.d.ts(1,1563): error TS1127: Invalid character.
.next/dev/types/routes.d.ts(1,1564): error TS1127: Invalid character.
.next/dev/types/routes.d.ts(1,1565): error TS1127: Invalid character.
.next/dev/types/routes.d.ts(1,1566): error TS1127: Invalid character.
.next/dev/types/routes.d.ts(1,1567): error TS1127: Invalid character.
.next/dev/types/routes.d.ts(1,1568): error TS1127: Invalid character.
.next/dev/types/routes.d.ts(1,1569): error TS1127: Invalid character.
.next/dev/types/routes.d.ts(1,1570): error TS1127: Invalid character.
.next/dev/types/routes.d.ts(1,1571): error TS1127: Invalid character.
.next/dev/types/routes.d.ts(1,1572): error TS1127: Invalid character.
.next/dev/types/routes.d.ts(1,1573): error TS1127: Invalid character.
.next/dev/types/routes.d.ts(1,1574): error TS1127: Invalid character.
.next/dev/types/routes.d.ts(1,1575): error TS1127: Invalid character.
.next/dev/types/routes.d.ts(1,1576): error TS1127: Invalid character.
.next/dev/types/routes.d.ts(1,1577): error TS1127: Invalid character.
.next/dev/types/routes.d.ts(1,1578): error TS1127: Invalid character.
.next/dev/types/routes.d.ts(1,1579): error TS1127: Invalid character.
.next/dev/types/routes.d.ts(1,1580): error TS1127: Invalid character.
.next/dev/types/routes.d.ts(1,1581): error TS1127: Invalid character.
.next/dev/types/routes.d.ts(1,1582): error TS1127: Invalid character.
.next/dev/types/routes.d.ts(1,1583): error TS1127: Invalid character.
.next/dev/types/routes.d.ts(1,1584): error TS1127: Invalid character.
.next/dev/types/routes.d.ts(1,1585): error TS1127: Invalid character.
.next/dev/types/routes.d.ts(1,1586): error TS1127: Invalid character.
.next/dev/types/routes.d.ts(1,1587): error TS1127: Invalid character.
.next/dev/types/routes.d.ts(1,1588): error TS1127: Invalid character.
.next/dev/types/routes.d.ts(1,1589): error TS1127: Invalid character.
.next/dev/types/routes.d.ts(1,1590): error TS1127: Invalid character.
.next/dev/types/routes.d.ts(1,1591): error TS1127: Invalid character.
.next/dev/types/routes.d.ts(1,1592): error TS1127: Invalid character.
.next/dev/types/routes.d.ts(1,1593): error TS1127: Invalid character.
.next/dev/types/routes.d.ts(1,1594): error TS1127: Invalid character.
.next/dev/types/routes.d.ts(1,1595): error TS1127: Invalid character.
.next/dev/types/routes.d.ts(1,1596): error TS1127: Invalid character.
.next/dev/types/routes.d.ts(1,1597): error TS1127: Invalid character.
.next/dev/types/routes.d.ts(1,1598): error TS1127: Invalid character.
.next/dev/types/routes.d.ts(1,1599): error TS1127: Invalid character.
.next/dev/types/routes.d.ts(1,1600): error TS1127: Invalid character.
.next/dev/types/routes.d.ts(1,1601): error TS1127: Invalid character.
.next/dev/types/routes.d.ts(1,1602): error TS1127: Invalid character.
.next/dev/types/routes.d.ts(1,1603): error TS1127: Invalid character.
.next/dev/types/routes.d.ts(1,1604): error TS1127: Invalid character.
.next/dev/types/routes.d.ts(1,1605): error TS1127: Invalid character.
.next/dev/types/routes.d.ts(1,1606): error TS1127: Invalid character.
.next/dev/types/routes.d.ts(1,1607): error TS1127: Invalid character.
.next/dev/types/routes.d.ts(1,1608): error TS1127: Invalid character.
.next/dev/types/routes.d.ts(1,1609): error TS1127: Invalid character.
.next/dev/types/routes.d.ts(1,1610): error TS1127: Invalid character.
.next/dev/types/routes.d.ts(1,1611): error TS1127: Invalid character.
.next/dev/types/routes.d.ts(1,1612): error TS1127: Invalid character.
.next/dev/types/routes.d.ts(1,1613): error TS1127: Invalid character.
.next/dev/types/routes.d.ts(1,1614): error TS1127: Invalid character.
.next/dev/types/routes.d.ts(1,1615): error TS1127: Invalid character.
.next/dev/types/routes.d.ts(1,1616): error TS1127: Invalid character.
.next/dev/types/routes.d.ts(1,1617): error TS1127: Invalid character.
.next/dev/types/routes.d.ts(1,1618): error TS1127: Invalid character.
.next/dev/types/routes.d.ts(1,1619): error TS1127: Invalid character.
.next/dev/types/routes.d.ts(1,1620): error TS1127: Invalid character.
.next/dev/types/routes.d.ts(1,1621): error TS1127: Invalid character.
.next/dev/types/routes.d.ts(1,1622): error TS1127: Invalid character.
.next/dev/types/routes.d.ts(1,1623): error TS1127: Invalid character.
.next/dev/types/routes.d.ts(1,1624): error TS1127: Invalid character.
.next/dev/types/routes.d.ts(1,1625): error TS1127: Invalid character.
.next/dev/types/routes.d.ts(1,1626): error TS1127: Invalid character.
.next/dev/types/routes.d.ts(1,1627): error TS1127: Invalid character.
.next/dev/types/routes.d.ts(1,1628): error TS1127: Invalid character.
.next/dev/types/routes.d.ts(1,1629): error TS1127: Invalid character.
.next/dev/types/routes.d.ts(1,1630): error TS1127: Invalid character.
.next/dev/types/routes.d.ts(1,1631): error TS1127: Invalid character.
.next/dev/types/routes.d.ts(1,1632): error TS1127: Invalid character.
.next/dev/types/routes.d.ts(1,1633): error TS1127: Invalid character.
.next/dev/types/routes.d.ts(1,1634): error TS1127: Invalid character.
.next/dev/types/routes.d.ts(1,1635): error TS1127: Invalid character.
.next/dev/types/routes.d.ts(1,1636): error TS1127: Invalid character.
.next/dev/types/routes.d.ts(1,1637): error TS1127: Invalid character.
.next/dev/types/routes.d.ts(1,1638): error TS1127: Invalid character.
.next/dev/types/routes.d.ts(1,1639): error TS1127: Invalid character.
.next/dev/types/routes.d.ts(1,1640): error TS1127: Invalid character.
.next/dev/types/routes.d.ts(1,1641): error TS1127: Invalid character.
.next/dev/types/routes.d.ts(1,1642): error TS1127: Invalid character.
.next/dev/types/routes.d.ts(1,1643): error TS1127: Invalid character.
.next/dev/types/routes.d.ts(1,1644): error TS1127: Invalid character.
.next/dev/types/routes.d.ts(1,1645): error TS1127: Invalid character.
.next/dev/types/routes.d.ts(1,1646): error TS1127: Invalid character.
.next/dev/types/routes.d.ts(1,1647): error TS1127: Invalid character.
.next/dev/types/routes.d.ts(1,1648): error TS1127: Invalid character.
.next/dev/types/routes.d.ts(1,1649): error TS1127: Invalid character.
.next/dev/types/routes.d.ts(1,1650): error TS1127: Invalid character.
.next/dev/types/routes.d.ts(1,1651): error TS1127: Invalid character.
.next/dev/types/routes.d.ts(1,1652): error TS1127: Invalid character.
.next/dev/types/routes.d.ts(1,1653): error TS1127: Invalid character.
.next/dev/types/routes.d.ts(1,1654): error TS1127: Invalid character.
.next/dev/types/routes.d.ts(1,1655): error TS1127: Invalid character.
.next/dev/types/routes.d.ts(1,1656): error TS1127: Invalid character.
.next/dev/types/routes.d.ts(1,1657): error TS1127: Invalid character.
.next/dev/types/routes.d.ts(1,1658): error TS1127: Invalid character.
.next/dev/types/routes.d.ts(1,1659): error TS1127: Invalid character.
.next/dev/types/routes.d.ts(1,1660): error TS1127: Invalid character.
.next/dev/types/routes.d.ts(1,1661): error TS1127: Invalid character.
.next/dev/types/routes.d.ts(1,1662): error TS1127: Invalid character.
.next/dev/types/routes.d.ts(1,1663): error TS1127: Invalid character.
.next/dev/types/routes.d.ts(1,1664): error TS1127: Invalid character.
.next/dev/types/routes.d.ts(1,1665): error TS1127: Invalid character.
.next/dev/types/routes.d.ts(1,1666): error TS1127: Invalid character.
.next/dev/types/routes.d.ts(1,1667): error TS1127: Invalid character.
.next/dev/types/routes.d.ts(1,1668): error TS1127: Invalid character.
.next/dev/types/routes.d.ts(1,1669): error TS1127: Invalid character.
.next/dev/types/routes.d.ts(1,1670): error TS1127: Invalid character.
.next/dev/types/routes.d.ts(1,1671): error TS1127: Invalid character.
.next/dev/types/routes.d.ts(1,1672): error TS1127: Invalid character.
.next/dev/types/routes.d.ts(1,1673): error TS1127: Invalid character.
.next/dev/types/routes.d.ts(1,1674): error TS1127: Invalid character.
.next/dev/types/routes.d.ts(1,1675): error TS1127: Invalid character.
.next/dev/types/routes.d.ts(1,1676): error TS1127: Invalid character.
.next/dev/types/routes.d.ts(1,1677): error TS1127: Invalid character.
.next/dev/types/routes.d.ts(1,1678): error TS1127: Invalid character.
.next/dev/types/routes.d.ts(1,1679): error TS1127: Invalid character.
.next/dev/types/routes.d.ts(1,1680): error TS1127: Invalid character.
.next/dev/types/routes.d.ts(1,1681): error TS1127: Invalid character.
.next/dev/types/routes.d.ts(1,1682): error TS1127: Invalid character.
.next/dev/types/routes.d.ts(1,1683): error TS1127: Invalid character.
.next/dev/types/routes.d.ts(1,1684): error TS1127: Invalid character.
.next/dev/types/routes.d.ts(1,1685): error TS1127: Invalid character.
.next/dev/types/routes.d.ts(1,1686): error TS1127: Invalid character.
.next/dev/types/routes.d.ts(1,1687): error TS1127: Invalid character.
.next/dev/types/routes.d.ts(1,1688): error TS1127: Invalid character.
.next/dev/types/routes.d.ts(1,1689): error TS1127: Invalid character.
.next/dev/types/routes.d.ts(1,1690): error TS1127: Invalid character.
.next/dev/types/routes.d.ts(1,1691): error TS1127: Invalid character.
.next/dev/types/routes.d.ts(1,1692): error TS1127: Invalid character.
.next/dev/types/routes.d.ts(1,1693): error TS1127: Invalid character.
.next/dev/types/routes.d.ts(1,1694): error TS1127: Invalid character.
.next/dev/types/routes.d.ts(1,1695): error TS1127: Invalid character.
.next/dev/types/routes.d.ts(1,1696): error TS1127: Invalid character.
.next/dev/types/routes.d.ts(1,1697): error TS1127: Invalid character.
.next/dev/types/routes.d.ts(1,1698): error TS1127: Invalid character.
.next/dev/types/routes.d.ts(1,1699): error TS1127: Invalid character.
.next/dev/types/routes.d.ts(1,1700): error TS1127: Invalid character.
.next/dev/types/routes.d.ts(1,1701): error TS1127: Invalid character.
.next/dev/types/routes.d.ts(1,1702): error TS1127: Invalid character.
.next/dev/types/routes.d.ts(1,1703): error TS1127: Invalid character.
.next/dev/types/routes.d.ts(1,1704): error TS1127: Invalid character.
.next/dev/types/routes.d.ts(1,1705): error TS1127: Invalid character.
.next/dev/types/routes.d.ts(1,1706): error TS1127: Invalid character.
.next/dev/types/routes.d.ts(1,1707): error TS1127: Invalid character.
.next/dev/types/routes.d.ts(1,1708): error TS1127: Invalid character.
.next/dev/types/routes.d.ts(1,1709): error TS1127: Invalid character.
.next/dev/types/routes.d.ts(1,1710): error TS1127: Invalid character.
.next/dev/types/routes.d.ts(1,1711): error TS1127: Invalid character.
.next/dev/types/routes.d.ts(1,1712): error TS1127: Invalid character.
.next/dev/types/routes.d.ts(1,1713): error TS1127: Invalid character.
.next/dev/types/routes.d.ts(1,1714): error TS1127: Invalid character.
.next/dev/types/routes.d.ts(1,1715): error TS1127: Invalid character.
.next/dev/types/routes.d.ts(1,1716): error TS1127: Invalid character.
.next/dev/types/routes.d.ts(1,1717): error TS1127: Invalid character.
.next/dev/types/routes.d.ts(1,1718): error TS1127: Invalid character.
.next/dev/types/routes.d.ts(1,1719): error TS1127: Invalid character.
.next/dev/types/routes.d.ts(1,1720): error TS1127: Invalid character.
.next/dev/types/routes.d.ts(1,1721): error TS1127: Invalid character.
.next/dev/types/routes.d.ts(1,1722): error TS1127: Invalid character.
.next/dev/types/routes.d.ts(1,1723): error TS1127: Invalid character.
.next/dev/types/routes.d.ts(1,1724): error TS1127: Invalid character.
.next/dev/types/routes.d.ts(1,1725): error TS1127: Invalid character.
.next/dev/types/routes.d.ts(1,1726): error TS1127: Invalid character.
.next/dev/types/routes.d.ts(1,1727): error TS1127: Invalid character.
.next/dev/types/routes.d.ts(1,1728): error TS1127: Invalid character.
.next/dev/types/routes.d.ts(1,1729): error TS1127: Invalid character.
.next/dev/types/routes.d.ts(1,1730): error TS1127: Invalid character.
.next/dev/types/routes.d.ts(1,1731): error TS1127: Invalid character.
.next/dev/types/routes.d.ts(1,1732): error TS1127: Invalid character.
.next/dev/types/routes.d.ts(1,1733): error TS1127: Invalid character.
.next/dev/types/routes.d.ts(1,1734): error TS1127: Invalid character.
.next/dev/types/routes.d.ts(1,1735): error TS1127: Invalid character.
.next/dev/types/routes.d.ts(1,1736): error TS1127: Invalid character.
.next/dev/types/routes.d.ts(1,1737): error TS1127: Invalid character.
.next/dev/types/routes.d.ts(1,1738): error TS1127: Invalid character.
.next/dev/types/routes.d.ts(1,1739): error TS1127: Invalid character.
.next/dev/types/routes.d.ts(1,1740): error TS1127: Invalid character.
.next/dev/types/routes.d.ts(1,1741): error TS1127: Invalid character.
.next/dev/types/routes.d.ts(1,1742): error TS1127: Invalid character.
.next/dev/types/routes.d.ts(1,1743): error TS1127: Invalid character.
.next/dev/types/routes.d.ts(1,1744): error TS1127: Invalid character.
.next/dev/types/routes.d.ts(1,1745): error TS1127: Invalid character.
.next/dev/types/routes.d.ts(1,1746): error TS1127: Invalid character.
.next/dev/types/routes.d.ts(1,1747): error TS1127: Invalid character.
.next/dev/types/routes.d.ts(1,1748): error TS1127: Invalid character.
.next/dev/types/routes.d.ts(1,1749): error TS1127: Invalid character.
.next/dev/types/routes.d.ts(1,1750): error TS1127: Invalid character.
.next/dev/types/routes.d.ts(1,1751): error TS1127: Invalid character.
.next/dev/types/routes.d.ts(1,1752): error TS1127: Invalid character.
.next/dev/types/routes.d.ts(1,1753): error TS1127: Invalid character.
.next/dev/types/routes.d.ts(1,1754): error TS1127: Invalid character.
.next/dev/types/routes.d.ts(1,1755): error TS1127: Invalid character.
.next/dev/types/routes.d.ts(1,1756): error TS1127: Invalid character.
.next/dev/types/routes.d.ts(1,1757): error TS1127: Invalid character.
.next/dev/types/routes.d.ts(1,1758): error TS1127: Invalid character.
.next/dev/types/routes.d.ts(1,1759): error TS1127: Invalid character.
.next/dev/types/routes.d.ts(1,1760): error TS1127: Invalid character.
.next/dev/types/routes.d.ts(1,1761): error TS1127: Invalid character.
.next/dev/types/routes.d.ts(1,1762): error TS1127: Invalid character.
.next/dev/types/routes.d.ts(1,1763): error TS1127: Invalid character.
.next/dev/types/routes.d.ts(1,1764): error TS1127: Invalid character.
.next/dev/types/routes.d.ts(1,1765): error TS1127: Invalid character.
.next/dev/types/routes.d.ts(1,1766): error TS1127: Invalid character.
.next/dev/types/routes.d.ts(1,1767): error TS1127: Invalid character.
.next/dev/types/routes.d.ts(1,1768): error TS1127: Invalid character.
.next/dev/types/routes.d.ts(1,1769): error TS1127: Invalid character.
.next/dev/types/routes.d.ts(1,1770): error TS1127: Invalid character.
.next/dev/types/routes.d.ts(1,1771): error TS1127: Invalid character.
.next/dev/types/routes.d.ts(1,1772): error TS1127: Invalid character.
.next/dev/types/routes.d.ts(1,1773): error TS1127: Invalid character.
.next/dev/types/routes.d.ts(1,1774): error TS1127: Invalid character.
.next/dev/types/routes.d.ts(1,1775): error TS1127: Invalid character.
.next/dev/types/routes.d.ts(1,1776): error TS1127: Invalid character.
.next/dev/types/routes.d.ts(1,1777): error TS1127: Invalid character.
.next/dev/types/routes.d.ts(1,1778): error TS1127: Invalid character.
.next/dev/types/routes.d.ts(1,1779): error TS1127: Invalid character.
.next/dev/types/routes.d.ts(1,1780): error TS1127: Invalid character.
.next/dev/types/routes.d.ts(1,1781): error TS1127: Invalid character.
.next/dev/types/routes.d.ts(1,1782): error TS1127: Invalid character.
.next/dev/types/routes.d.ts(1,1783): error TS1127: Invalid character.
.next/dev/types/routes.d.ts(1,1784): error TS1127: Invalid character.
.next/dev/types/routes.d.ts(1,1785): error TS1127: Invalid character.
.next/dev/types/routes.d.ts(1,1786): error TS1127: Invalid character.
.next/dev/types/routes.d.ts(1,1787): error TS1127: Invalid character.
.next/dev/types/routes.d.ts(1,1788): error TS1127: Invalid character.
.next/dev/types/routes.d.ts(1,1789): error TS1127: Invalid character.
.next/dev/types/routes.d.ts(1,1790): error TS1127: Invalid character.
.next/dev/types/routes.d.ts(1,1791): error TS1127: Invalid character.
.next/dev/types/routes.d.ts(1,1792): error TS1127: Invalid character.
.next/dev/types/routes.d.ts(1,1793): error TS1127: Invalid character.
.next/dev/types/routes.d.ts(1,1794): error TS1127: Invalid character.
.next/dev/types/routes.d.ts(1,1795): error TS1127: Invalid character.
.next/dev/types/routes.d.ts(1,1796): error TS1127: Invalid character.
.next/dev/types/routes.d.ts(1,1797): error TS1127: Invalid character.
.next/dev/types/routes.d.ts(1,1798): error TS1127: Invalid character.
.next/dev/types/routes.d.ts(1,1799): error TS1127: Invalid character.
.next/dev/types/routes.d.ts(1,1800): error TS1127: Invalid character.
.next/dev/types/routes.d.ts(1,1801): error TS1127: Invalid character.
.next/dev/types/routes.d.ts(1,1802): error TS1127: Invalid character.
.next/dev/types/routes.d.ts(1,1803): error TS1127: Invalid character.
.next/dev/types/routes.d.ts(1,1804): error TS1127: Invalid character.
.next/dev/types/routes.d.ts(1,1805): error TS1127: Invalid character.
.next/dev/types/routes.d.ts(1,1806): error TS1127: Invalid character.
.next/dev/types/routes.d.ts(1,1807): error TS1127: Invalid character.
.next/dev/types/routes.d.ts(1,1808): error TS1127: Invalid character.
.next/dev/types/routes.d.ts(1,1809): error TS1127: Invalid character.
.next/dev/types/routes.d.ts(1,1810): error TS1127: Invalid character.
.next/dev/types/routes.d.ts(1,1811): error TS1127: Invalid character.
.next/dev/types/routes.d.ts(1,1812): error TS1127: Invalid character.
.next/dev/types/routes.d.ts(1,1813): error TS1127: Invalid character.
.next/dev/types/routes.d.ts(1,1814): error TS1127: Invalid character.
.next/dev/types/routes.d.ts(1,1815): error TS1127: Invalid character.
.next/dev/types/routes.d.ts(1,1816): error TS1127: Invalid character.
.next/dev/types/routes.d.ts(1,1817): error TS1127: Invalid character.
.next/dev/types/routes.d.ts(1,1818): error TS1127: Invalid character.
.next/dev/types/routes.d.ts(1,1819): error TS1127: Invalid character.
.next/dev/types/routes.d.ts(1,1820): error TS1127: Invalid character.
.next/dev/types/routes.d.ts(1,1821): error TS1127: Invalid character.
.next/dev/types/routes.d.ts(1,1822): error TS1127: Invalid character.
.next/dev/types/routes.d.ts(1,1823): error TS1127: Invalid character.
.next/dev/types/routes.d.ts(1,1824): error TS1127: Invalid character.
.next/dev/types/routes.d.ts(1,1825): error TS1127: Invalid character.
.next/dev/types/routes.d.ts(1,1826): error TS1127: Invalid character.
.next/dev/types/routes.d.ts(1,1827): error TS1127: Invalid character.
.next/dev/types/routes.d.ts(1,1828): error TS1127: Invalid character.
.next/dev/types/routes.d.ts(1,1829): error TS1127: Invalid character.
.next/dev/types/routes.d.ts(1,1830): error TS1127: Invalid character.
.next/dev/types/routes.d.ts(1,1831): error TS1127: Invalid character.
.next/dev/types/routes.d.ts(1,1832): error TS1127: Invalid character.
.next/dev/types/routes.d.ts(1,1833): error TS1127: Invalid character.
.next/dev/types/routes.d.ts(1,1834): error TS1127: Invalid character.
.next/dev/types/routes.d.ts(1,1835): error TS1127: Invalid character.
.next/dev/types/routes.d.ts(1,1836): error TS1127: Invalid character.
.next/dev/types/routes.d.ts(1,1837): error TS1127: Invalid character.
.next/dev/types/routes.d.ts(1,1838): error TS1127: Invalid character.
.next/dev/types/routes.d.ts(1,1839): error TS1127: Invalid character.
.next/dev/types/routes.d.ts(1,1840): error TS1127: Invalid character.
.next/dev/types/routes.d.ts(1,1841): error TS1127: Invalid character.
.next/dev/types/routes.d.ts(1,1842): error TS1127: Invalid character.
.next/dev/types/routes.d.ts(1,1843): error TS1127: Invalid character.
.next/dev/types/routes.d.ts(1,1844): error TS1127: Invalid character.
.next/dev/types/routes.d.ts(1,1845): error TS1127: Invalid character.
.next/dev/types/routes.d.ts(1,1846): error TS1127: Invalid character.
.next/dev/types/routes.d.ts(1,1847): error TS1127: Invalid character.
.next/dev/types/routes.d.ts(1,1848): error TS1127: Invalid character.
.next/dev/types/routes.d.ts(1,1849): error TS1127: Invalid character.
.next/dev/types/routes.d.ts(1,1850): error TS1127: Invalid character.
.next/dev/types/routes.d.ts(1,1851): error TS1127: Invalid character.
.next/dev/types/routes.d.ts(1,1852): error TS1127: Invalid character.
.next/dev/types/routes.d.ts(1,1853): error TS1127: Invalid character.
.next/dev/types/routes.d.ts(1,1854): error TS1127: Invalid character.
.next/dev/types/routes.d.ts(1,1855): error TS1127: Invalid character.
.next/dev/types/routes.d.ts(1,1856): error TS1127: Invalid character.
.next/dev/types/routes.d.ts(1,1857): error TS1127: Invalid character.
.next/dev/types/routes.d.ts(1,1858): error TS1127: Invalid character.
.next/dev/types/routes.d.ts(1,1859): error TS1127: Invalid character.
.next/dev/types/routes.d.ts(1,1860): error TS1127: Invalid character.
.next/dev/types/routes.d.ts(1,1861): error TS1127: Invalid character.
.next/dev/types/routes.d.ts(1,1862): error TS1127: Invalid character.
.next/dev/types/routes.d.ts(1,1863): error TS1127: Invalid character.
.next/dev/types/routes.d.ts(1,1864): error TS1127: Invalid character.
.next/dev/types/routes.d.ts(1,1865): error TS1127: Invalid character.
.next/dev/types/routes.d.ts(1,1866): error TS1127: Invalid character.
.next/dev/types/routes.d.ts(1,1867): error TS1127: Invalid character.
.next/dev/types/routes.d.ts(1,1868): error TS1127: Invalid character.
.next/dev/types/routes.d.ts(1,1869): error TS1127: Invalid character.
.next/dev/types/routes.d.ts(1,1870): error TS1127: Invalid character.
.next/dev/types/routes.d.ts(1,1871): error TS1127: Invalid character.
.next/dev/types/routes.d.ts(1,1872): error TS1127: Invalid character.
.next/dev/types/routes.d.ts(1,1873): error TS1127: Invalid character.
.next/dev/types/routes.d.ts(1,1874): error TS1127: Invalid character.
.next/dev/types/routes.d.ts(1,1875): error TS1127: Invalid character.
.next/dev/types/routes.d.ts(1,1876): error TS1127: Invalid character.
.next/dev/types/routes.d.ts(1,1877): error TS1127: Invalid character.
.next/dev/types/routes.d.ts(1,1878): error TS1127: Invalid character.
.next/dev/types/routes.d.ts(1,1879): error TS1127: Invalid character.
.next/dev/types/routes.d.ts(1,1880): error TS1127: Invalid character.
.next/dev/types/routes.d.ts(1,1881): error TS1127: Invalid character.
.next/dev/types/routes.d.ts(1,1882): error TS1127: Invalid character.
.next/dev/types/routes.d.ts(1,1883): error TS1127: Invalid character.
.next/dev/types/routes.d.ts(1,1884): error TS1127: Invalid character.
.next/dev/types/routes.d.ts(1,1885): error TS1127: Invalid character.
.next/dev/types/routes.d.ts(1,1886): error TS1127: Invalid character.
.next/dev/types/routes.d.ts(1,1887): error TS1127: Invalid character.
.next/dev/types/routes.d.ts(1,1888): error TS1127: Invalid character.
.next/dev/types/routes.d.ts(1,1889): error TS1127: Invalid character.
.next/dev/types/routes.d.ts(1,1890): error TS1127: Invalid character.
.next/dev/types/routes.d.ts(1,1891): error TS1127: Invalid character.
.next/dev/types/routes.d.ts(1,1892): error TS1127: Invalid character.
.next/dev/types/routes.d.ts(1,1893): error TS1127: Invalid character.
.next/dev/types/routes.d.ts(1,1894): error TS1127: Invalid character.
.next/dev/types/routes.d.ts(1,1895): error TS1127: Invalid character.
.next/dev/types/routes.d.ts(1,1896): error TS1127: Invalid character.
.next/dev/types/routes.d.ts(1,1897): error TS1127: Invalid character.
.next/dev/types/routes.d.ts(1,1898): error TS1127: Invalid character.
.next/dev/types/routes.d.ts(1,1899): error TS1127: Invalid character.
.next/dev/types/routes.d.ts(1,1900): error TS1127: Invalid character.
.next/dev/types/routes.d.ts(1,1901): error TS1127: Invalid character.
.next/dev/types/routes.d.ts(1,1902): error TS1127: Invalid character.
.next/dev/types/routes.d.ts(1,1903): error TS1127: Invalid character.
.next/dev/types/routes.d.ts(1,1904): error TS1127: Invalid character.
.next/dev/types/routes.d.ts(1,1905): error TS1127: Invalid character.
.next/dev/types/routes.d.ts(1,1906): error TS1127: Invalid character.
.next/dev/types/routes.d.ts(1,1907): error TS1127: Invalid character.
.next/dev/types/routes.d.ts(1,1908): error TS1127: Invalid character.
.next/dev/types/routes.d.ts(1,1909): error TS1127: Invalid character.
.next/dev/types/routes.d.ts(1,1910): error TS1127: Invalid character.
.next/dev/types/routes.d.ts(1,1911): error TS1127: Invalid character.
.next/dev/types/routes.d.ts(1,1912): error TS1127: Invalid character.
.next/dev/types/routes.d.ts(1,1913): error TS1127: Invalid character.
.next/dev/types/routes.d.ts(1,1914): error TS1127: Invalid character.
.next/dev/types/routes.d.ts(1,1915): error TS1127: Invalid character.
.next/dev/types/routes.d.ts(1,1916): error TS1127: Invalid character.
.next/dev/types/routes.d.ts(1,1917): error TS1127: Invalid character.
.next/dev/types/routes.d.ts(1,1918): error TS1127: Invalid character.
.next/dev/types/routes.d.ts(1,1919): error TS1127: Invalid character.
.next/dev/types/routes.d.ts(1,1920): error TS1127: Invalid character.
.next/dev/types/routes.d.ts(1,1921): error TS1127: Invalid character.
.next/dev/types/routes.d.ts(1,1922): error TS1127: Invalid character.
.next/dev/types/routes.d.ts(1,1923): error TS1127: Invalid character.
.next/dev/types/routes.d.ts(1,1924): error TS1127: Invalid character.
.next/dev/types/routes.d.ts(1,1925): error TS1127: Invalid character.
.next/dev/types/routes.d.ts(1,1926): error TS1127: Invalid character.
.next/dev/types/routes.d.ts(1,1927): error TS1127: Invalid character.
.next/dev/types/routes.d.ts(1,1928): error TS1127: Invalid character.
.next/dev/types/routes.d.ts(1,1929): error TS1127: Invalid character.
.next/dev/types/routes.d.ts(1,1930): error TS1127: Invalid character.
.next/dev/types/routes.d.ts(1,1931): error TS1127: Invalid character.
.next/dev/types/routes.d.ts(1,1932): error TS1127: Invalid character.
.next/dev/types/routes.d.ts(1,1933): error TS1127: Invalid character.
.next/dev/types/routes.d.ts(1,1934): error TS1127: Invalid character.
.next/dev/types/routes.d.ts(1,1935): error TS1127: Invalid character.
.next/dev/types/routes.d.ts(1,1936): error TS1127: Invalid character.
.next/dev/types/routes.d.ts(1,1937): error TS1127: Invalid character.
.next/dev/types/routes.d.ts(1,1938): error TS1127: Invalid character.
.next/dev/types/routes.d.ts(1,1939): error TS1127: Invalid character.
.next/dev/types/routes.d.ts(1,1940): error TS1127: Invalid character.
.next/dev/types/routes.d.ts(1,1941): error TS1127: Invalid character.
.next/dev/types/routes.d.ts(1,1942): error TS1127: Invalid character.
.next/dev/types/routes.d.ts(1,1943): error TS1127: Invalid character.
.next/dev/types/routes.d.ts(1,1944): error TS1127: Invalid character.
.next/dev/types/routes.d.ts(1,1945): error TS1127: Invalid character.
.next/dev/types/routes.d.ts(1,1946): error TS1127: Invalid character.
.next/dev/types/routes.d.ts(1,1947): error TS1127: Invalid character.
.next/dev/types/routes.d.ts(1,1948): error TS1127: Invalid character.
.next/dev/types/routes.d.ts(1,1949): error TS1127: Invalid character.
.next/dev/types/routes.d.ts(1,1950): error TS1127: Invalid character.
.next/dev/types/routes.d.ts(1,1951): error TS1127: Invalid character.
.next/dev/types/routes.d.ts(1,1952): error TS1127: Invalid character.
.next/dev/types/routes.d.ts(1,1953): error TS1127: Invalid character.
.next/dev/types/routes.d.ts(1,1954): error TS1127: Invalid character.
.next/dev/types/routes.d.ts(1,1955): error TS1127: Invalid character.
.next/dev/types/routes.d.ts(1,1956): error TS1127: Invalid character.
.next/dev/types/routes.d.ts(1,1957): error TS1127: Invalid character.
.next/dev/types/routes.d.ts(1,1958): error TS1127: Invalid character.
.next/dev/types/routes.d.ts(1,1959): error TS1127: Invalid character.
.next/dev/types/routes.d.ts(1,1960): error TS1127: Invalid character.
.next/dev/types/routes.d.ts(1,1961): error TS1127: Invalid character.
.next/dev/types/routes.d.ts(1,1962): error TS1127: Invalid character.
.next/dev/types/routes.d.ts(1,1963): error TS1127: Invalid character.
.next/dev/types/routes.d.ts(1,1964): error TS1127: Invalid character.
.next/dev/types/routes.d.ts(1,1965): error TS1127: Invalid character.
.next/dev/types/routes.d.ts(1,1966): error TS1127: Invalid character.
.next/dev/types/routes.d.ts(1,1967): error TS1127: Invalid character.
.next/dev/types/routes.d.ts(1,1968): error TS1127: Invalid character.
.next/dev/types/routes.d.ts(1,1969): error TS1127: Invalid character.
.next/dev/types/routes.d.ts(1,1970): error TS1127: Invalid character.
.next/dev/types/routes.d.ts(1,1971): error TS1127: Invalid character.
.next/dev/types/routes.d.ts(1,1972): error TS1127: Invalid character.
.next/dev/types/routes.d.ts(1,1973): error TS1127: Invalid character.
.next/dev/types/routes.d.ts(1,1974): error TS1127: Invalid character.
.next/dev/types/routes.d.ts(1,1975): error TS1127: Invalid character.
.next/dev/types/routes.d.ts(1,1976): error TS1127: Invalid character.
.next/dev/types/routes.d.ts(1,1977): error TS1127: Invalid character.
.next/dev/types/routes.d.ts(1,1978): error TS1127: Invalid character.
.next/dev/types/routes.d.ts(1,1979): error TS1127: Invalid character.
.next/dev/types/routes.d.ts(1,1980): error TS1127: Invalid character.
.next/dev/types/routes.d.ts(1,1981): error TS1127: Invalid character.
.next/dev/types/routes.d.ts(1,1982): error TS1127: Invalid character.
.next/dev/types/routes.d.ts(1,1983): error TS1127: Invalid character.
.next/dev/types/routes.d.ts(1,1984): error TS1127: Invalid character.
.next/dev/types/routes.d.ts(1,1985): error TS1127: Invalid character.
.next/dev/types/routes.d.ts(1,1986): error TS1127: Invalid character.
.next/dev/types/routes.d.ts(1,1987): error TS1127: Invalid character.
.next/dev/types/routes.d.ts(1,1988): error TS1127: Invalid character.
.next/dev/types/routes.d.ts(1,1989): error TS1127: Invalid character.
.next/dev/types/routes.d.ts(1,1990): error TS1127: Invalid character.
.next/dev/types/routes.d.ts(1,1991): error TS1127: Invalid character.
.next/dev/types/routes.d.ts(1,1992): error TS1127: Invalid character.
.next/dev/types/routes.d.ts(1,1993): error TS1127: Invalid character.
.next/dev/types/routes.d.ts(1,1994): error TS1127: Invalid character.
.next/dev/types/routes.d.ts(1,1995): error TS1127: Invalid character.
.next/dev/types/routes.d.ts(1,1996): error TS1127: Invalid character.
.next/dev/types/routes.d.ts(1,1997): error TS1127: Invalid character.
.next/dev/types/routes.d.ts(1,1998): error TS1127: Invalid character.
.next/dev/types/routes.d.ts(1,1999): error TS1127: Invalid character.
.next/dev/types/routes.d.ts(1,2000): error TS1127: Invalid character.
.next/dev/types/routes.d.ts(1,2001): error TS1127: Invalid character.
.next/dev/types/routes.d.ts(1,2002): error TS1127: Invalid character.
.next/dev/types/routes.d.ts(1,2003): error TS1127: Invalid character.
.next/dev/types/routes.d.ts(1,2004): error TS1127: Invalid character.
.next/dev/types/routes.d.ts(1,2005): error TS1127: Invalid character.
.next/dev/types/routes.d.ts(1,2006): error TS1127: Invalid character.
.next/dev/types/routes.d.ts(1,2007): error TS1127: Invalid character.
.next/dev/types/routes.d.ts(1,2008): error TS1127: Invalid character.
.next/dev/types/routes.d.ts(1,2009): error TS1127: Invalid character.
.next/dev/types/routes.d.ts(1,2010): error TS1127: Invalid character.
.next/dev/types/routes.d.ts(1,2011): error TS1127: Invalid character.
.next/dev/types/routes.d.ts(1,2012): error TS1127: Invalid character.
.next/dev/types/routes.d.ts(1,2013): error TS1127: Invalid character.
.next/dev/types/routes.d.ts(1,2014): error TS1127: Invalid character.
.next/dev/types/routes.d.ts(1,2015): error TS1127: Invalid character.
.next/dev/types/routes.d.ts(1,2016): error TS1127: Invalid character.
.next/dev/types/routes.d.ts(1,2017): error TS1127: Invalid character.
.next/dev/types/routes.d.ts(1,2018): error TS1127: Invalid character.
.next/dev/types/routes.d.ts(1,2019): error TS1127: Invalid character.
.next/dev/types/routes.d.ts(1,2020): error TS1127: Invalid character.
.next/dev/types/routes.d.ts(1,2021): error TS1127: Invalid character.
.next/dev/types/routes.d.ts(1,2022): error TS1127: Invalid character.
.next/dev/types/routes.d.ts(1,2023): error TS1127: Invalid character.
.next/dev/types/routes.d.ts(1,2024): error TS1127: Invalid character.
.next/dev/types/routes.d.ts(1,2025): error TS1127: Invalid character.
.next/dev/types/routes.d.ts(1,2026): error TS1127: Invalid character.
.next/dev/types/routes.d.ts(1,2027): error TS1127: Invalid character.
.next/dev/types/routes.d.ts(1,2028): error TS1127: Invalid character.
.next/dev/types/routes.d.ts(1,2029): error TS1127: Invalid character.
.next/dev/types/routes.d.ts(1,2030): error TS1127: Invalid character.
.next/dev/types/routes.d.ts(1,2031): error TS1127: Invalid character.
.next/dev/types/routes.d.ts(1,2032): error TS1127: Invalid character.
.next/dev/types/routes.d.ts(1,2033): error TS1127: Invalid character.
.next/dev/types/routes.d.ts(1,2034): error TS1127: Invalid character.
.next/dev/types/routes.d.ts(1,2035): error TS1127: Invalid character.
.next/dev/types/routes.d.ts(1,2036): error TS1127: Invalid character.
.next/dev/types/routes.d.ts(1,2037): error TS1127: Invalid character.
.next/dev/types/routes.d.ts(1,2038): error TS1127: Invalid character.
.next/dev/types/routes.d.ts(1,2039): error TS1127: Invalid character.
.next/dev/types/routes.d.ts(1,2040): error TS1127: Invalid character.
.next/dev/types/routes.d.ts(1,2041): error TS1127: Invalid character.
.next/dev/types/routes.d.ts(1,2042): error TS1127: Invalid character.
.next/dev/types/routes.d.ts(1,2043): error TS1127: Invalid character.
.next/dev/types/routes.d.ts(1,2044): error TS1127: Invalid character.
.next/dev/types/routes.d.ts(1,2045): error TS1127: Invalid character.
.next/dev/types/routes.d.ts(1,2046): error TS1127: Invalid character.
.next/dev/types/routes.d.ts(1,2047): error TS1127: Invalid character.
.next/dev/types/routes.d.ts(1,2048): error TS1127: Invalid character.
.next/dev/types/routes.d.ts(1,2049): error TS1127: Invalid character.
.next/dev/types/routes.d.ts(1,2050): error TS1127: Invalid character.
.next/dev/types/routes.d.ts(1,2051): error TS1127: Invalid character.
.next/dev/types/routes.d.ts(1,2052): error TS1127: Invalid character.
.next/dev/types/routes.d.ts(1,2053): error TS1127: Invalid character.
.next/dev/types/routes.d.ts(1,2054): error TS1127: Invalid character.
.next/dev/types/routes.d.ts(1,2055): error TS1127: Invalid character.
.next/dev/types/routes.d.ts(1,2056): error TS1127: Invalid character.
.next/dev/types/routes.d.ts(1,2057): error TS1127: Invalid character.
.next/dev/types/routes.d.ts(1,2058): error TS1127: Invalid character.
.next/dev/types/routes.d.ts(1,2059): error TS1127: Invalid character.
.next/dev/types/routes.d.ts(1,2060): error TS1127: Invalid character.
.next/dev/types/routes.d.ts(1,2061): error TS1127: Invalid character.
.next/dev/types/routes.d.ts(1,2062): error TS1127: Invalid character.
.next/dev/types/routes.d.ts(1,2063): error TS1127: Invalid character.
.next/dev/types/routes.d.ts(1,2064): error TS1127: Invalid character.
.next/dev/types/routes.d.ts(1,2065): error TS1127: Invalid character.
.next/dev/types/routes.d.ts(1,2066): error TS1127: Invalid character.
.next/dev/types/routes.d.ts(1,2067): error TS1127: Invalid character.
.next/dev/types/routes.d.ts(1,2068): error TS1127: Invalid character.
.next/dev/types/routes.d.ts(1,2069): error TS1127: Invalid character.
.next/dev/types/routes.d.ts(1,2070): error TS1127: Invalid character.
.next/dev/types/routes.d.ts(1,2071): error TS1127: Invalid character.
.next/dev/types/routes.d.ts(1,2072): error TS1127: Invalid character.
.next/dev/types/routes.d.ts(1,2073): error TS1127: Invalid character.
.next/dev/types/routes.d.ts(1,2074): error TS1127: Invalid character.
.next/dev/types/routes.d.ts(1,2075): error TS1127: Invalid character.
.next/dev/types/routes.d.ts(1,2076): error TS1127: Invalid character.
.next/dev/types/routes.d.ts(1,2077): error TS1127: Invalid character.
.next/dev/types/routes.d.ts(1,2078): error TS1127: Invalid character.
.next/dev/types/routes.d.ts(1,2079): error TS1127: Invalid character.
.next/dev/types/routes.d.ts(1,2080): error TS1127: Invalid character.
.next/dev/types/routes.d.ts(1,2081): error TS1127: Invalid character.
.next/dev/types/routes.d.ts(1,2082): error TS1127: Invalid character.
.next/dev/types/routes.d.ts(1,2083): error TS1127: Invalid character.
.next/dev/types/routes.d.ts(1,2084): error TS1127: Invalid character.
.next/dev/types/routes.d.ts(1,2085): error TS1127: Invalid character.
.next/dev/types/routes.d.ts(1,2086): error TS1127: Invalid character.
.next/dev/types/routes.d.ts(1,2087): error TS1127: Invalid character.
.next/dev/types/routes.d.ts(1,2088): error TS1127: Invalid character.
.next/dev/types/routes.d.ts(1,2089): error TS1127: Invalid character.
.next/dev/types/routes.d.ts(1,2090): error TS1127: Invalid character.
.next/dev/types/routes.d.ts(1,2091): error TS1127: Invalid character.
.next/dev/types/routes.d.ts(1,2092): error TS1127: Invalid character.
.next/dev/types/routes.d.ts(1,2093): error TS1127: Invalid character.
.next/dev/types/routes.d.ts(1,2094): error TS1127: Invalid character.
.next/dev/types/routes.d.ts(1,2095): error TS1127: Invalid character.
.next/dev/types/routes.d.ts(1,2096): error TS1127: Invalid character.
.next/dev/types/routes.d.ts(1,2097): error TS1127: Invalid character.
.next/dev/types/routes.d.ts(1,2098): error TS1127: Invalid character.
.next/dev/types/routes.d.ts(1,2099): error TS1127: Invalid character.
.next/dev/types/routes.d.ts(1,2100): error TS1127: Invalid character.
.next/dev/types/routes.d.ts(1,2101): error TS1127: Invalid character.
.next/dev/types/routes.d.ts(1,2102): error TS1127: Invalid character.
.next/dev/types/routes.d.ts(1,2103): error TS1127: Invalid character.
.next/dev/types/routes.d.ts(1,2104): error TS1127: Invalid character.
.next/dev/types/routes.d.ts(1,2105): error TS1127: Invalid character.
.next/dev/types/routes.d.ts(1,2106): error TS1127: Invalid character.
.next/dev/types/routes.d.ts(1,2107): error TS1127: Invalid character.
.next/dev/types/routes.d.ts(1,2108): error TS1127: Invalid character.
.next/dev/types/routes.d.ts(1,2109): error TS1127: Invalid character.
.next/dev/types/routes.d.ts(1,2110): error TS1127: Invalid character.
.next/dev/types/routes.d.ts(1,2111): error TS1127: Invalid character.
.next/dev/types/routes.d.ts(1,2112): error TS1127: Invalid character.
.next/dev/types/routes.d.ts(1,2113): error TS1127: Invalid character.
.next/dev/types/routes.d.ts(1,2114): error TS1127: Invalid character.
.next/dev/types/routes.d.ts(1,2115): error TS1127: Invalid character.
.next/dev/types/routes.d.ts(1,2116): error TS1127: Invalid character.
.next/dev/types/routes.d.ts(1,2117): error TS1127: Invalid character.
.next/dev/types/routes.d.ts(1,2118): error TS1127: Invalid character.
.next/dev/types/routes.d.ts(1,2119): error TS1127: Invalid character.
.next/dev/types/routes.d.ts(1,2120): error TS1127: Invalid character.
.next/dev/types/routes.d.ts(1,2121): error TS1127: Invalid character.
.next/dev/types/routes.d.ts(1,2122): error TS1127: Invalid character.
.next/dev/types/routes.d.ts(1,2123): error TS1127: Invalid character.
.next/dev/types/routes.d.ts(1,2124): error TS1127: Invalid character.
.next/dev/types/routes.d.ts(1,2125): error TS1127: Invalid character.
.next/dev/types/routes.d.ts(1,2126): error TS1127: Invalid character.
.next/dev/types/routes.d.ts(1,2127): error TS1127: Invalid character.
.next/dev/types/routes.d.ts(1,2128): error TS1127: Invalid character.
.next/dev/types/routes.d.ts(1,2129): error TS1127: Invalid character.
.next/dev/types/routes.d.ts(1,2130): error TS1127: Invalid character.
.next/dev/types/routes.d.ts(1,2131): error TS1127: Invalid character.
.next/dev/types/routes.d.ts(1,2132): error TS1127: Invalid character.
.next/dev/types/routes.d.ts(1,2133): error TS1127: Invalid character.
.next/dev/types/routes.d.ts(1,2134): error TS1127: Invalid character.
.next/dev/types/routes.d.ts(1,2135): error TS1127: Invalid character.
.next/dev/types/routes.d.ts(1,2136): error TS1127: Invalid character.
.next/dev/types/routes.d.ts(1,2137): error TS1127: Invalid character.
.next/dev/types/routes.d.ts(1,2138): error TS1127: Invalid character.
.next/dev/types/routes.d.ts(1,2139): error TS1127: Invalid character.
.next/dev/types/routes.d.ts(1,2140): error TS1127: Invalid character.
.next/dev/types/routes.d.ts(1,2141): error TS1127: Invalid character.
.next/dev/types/routes.d.ts(1,2142): error TS1127: Invalid character.
.next/dev/types/validator.ts(1,1): error TS1127: Invalid character.
.next/dev/types/validator.ts(1,2): error TS1127: Invalid character.
.next/dev/types/validator.ts(1,3): error TS1127: Invalid character.
.next/dev/types/validator.ts(1,4): error TS1127: Invalid character.
.next/dev/types/validator.ts(1,5): error TS1127: Invalid character.
.next/dev/types/validator.ts(1,6): error TS1127: Invalid character.
.next/dev/types/validator.ts(1,7): error TS1127: Invalid character.
.next/dev/types/validator.ts(1,8): error TS1127: Invalid character.
.next/dev/types/validator.ts(1,9): error TS1127: Invalid character.
.next/dev/types/validator.ts(1,10): error TS1127: Invalid character.
.next/dev/types/validator.ts(1,11): error TS1127: Invalid character.
.next/dev/types/validator.ts(1,12): error TS1127: Invalid character.
.next/dev/types/validator.ts(1,13): error TS1127: Invalid character.
.next/dev/types/validator.ts(1,14): error TS1127: Invalid character.
.next/dev/types/validator.ts(1,15): error TS1127: Invalid character.
.next/dev/types/validator.ts(1,16): error TS1127: Invalid character.
.next/dev/types/validator.ts(1,17): error TS1127: Invalid character.
.next/dev/types/validator.ts(1,18): error TS1127: Invalid character.
.next/dev/types/validator.ts(1,19): error TS1127: Invalid character.
.next/dev/types/validator.ts(1,20): error TS1127: Invalid character.
.next/dev/types/validator.ts(1,21): error TS1127: Invalid character.
.next/dev/types/validator.ts(1,22): error TS1127: Invalid character.
.next/dev/types/validator.ts(1,23): error TS1127: Invalid character.
.next/dev/types/validator.ts(1,24): error TS1127: Invalid character.
.next/dev/types/validator.ts(1,25): error TS1127: Invalid character.
.next/dev/types/validator.ts(1,26): error TS1127: Invalid character.
.next/dev/types/validator.ts(1,27): error TS1127: Invalid character.
.next/dev/types/validator.ts(1,28): error TS1127: Invalid character.
.next/dev/types/validator.ts(1,29): error TS1127: Invalid character.
.next/dev/types/validator.ts(1,30): error TS1127: Invalid character.
.next/dev/types/validator.ts(1,31): error TS1127: Invalid character.
.next/dev/types/validator.ts(1,32): error TS1127: Invalid character.
.next/dev/types/validator.ts(1,33): error TS1127: Invalid character.
.next/dev/types/validator.ts(1,34): error TS1127: Invalid character.
.next/dev/types/validator.ts(1,35): error TS1127: Invalid character.
.next/dev/types/validator.ts(1,36): error TS1127: Invalid character.
.next/dev/types/validator.ts(1,37): error TS1127: Invalid character.
.next/dev/types/validator.ts(1,38): error TS1127: Invalid character.
.next/dev/types/validator.ts(1,39): error TS1127: Invalid character.
.next/dev/types/validator.ts(1,40): error TS1127: Invalid character.
.next/dev/types/validator.ts(1,41): error TS1127: Invalid character.
.next/dev/types/validator.ts(1,42): error TS1127: Invalid character.
.next/dev/types/validator.ts(1,43): error TS1127: Invalid character.
.next/dev/types/validator.ts(1,44): error TS1127: Invalid character.
.next/dev/types/validator.ts(1,45): error TS1127: Invalid character.
.next/dev/types/validator.ts(1,46): error TS1127: Invalid character.
.next/dev/types/validator.ts(1,47): error TS1127: Invalid character.
.next/dev/types/validator.ts(1,48): error TS1127: Invalid character.
.next/dev/types/validator.ts(1,49): error TS1127: Invalid character.
.next/dev/types/validator.ts(1,50): error TS1127: Invalid character.
.next/dev/types/validator.ts(1,51): error TS1127: Invalid character.
.next/dev/types/validator.ts(1,52): error TS1127: Invalid character.
.next/dev/types/validator.ts(1,53): error TS1127: Invalid character.
.next/dev/types/validator.ts(1,54): error TS1127: Invalid character.
.next/dev/types/validator.ts(1,55): error TS1127: Invalid character.
.next/dev/types/validator.ts(1,56): error TS1127: Invalid character.
.next/dev/types/validator.ts(1,57): error TS1127: Invalid character.
.next/dev/types/validator.ts(1,58): error TS1127: Invalid character.
.next/dev/types/validator.ts(1,59): error TS1127: Invalid character.
.next/dev/types/validator.ts(1,60): error TS1127: Invalid character.
.next/dev/types/validator.ts(1,61): error TS1127: Invalid character.
.next/dev/types/validator.ts(1,62): error TS1127: Invalid character.
.next/dev/types/validator.ts(1,63): error TS1127: Invalid character.
.next/dev/types/validator.ts(1,64): error TS1127: Invalid character.
.next/dev/types/validator.ts(1,65): error TS1127: Invalid character.
.next/dev/types/validator.ts(1,66): error TS1127: Invalid character.
.next/dev/types/validator.ts(1,67): error TS1127: Invalid character.
.next/dev/types/validator.ts(1,68): error TS1127: Invalid character.
.next/dev/types/validator.ts(1,69): error TS1127: Invalid character.
.next/dev/types/validator.ts(1,70): error TS1127: Invalid character.
.next/dev/types/validator.ts(1,71): error TS1127: Invalid character.
.next/dev/types/validator.ts(1,72): error TS1127: Invalid character.
.next/dev/types/validator.ts(1,73): error TS1127: Invalid character.
.next/dev/types/validator.ts(1,74): error TS1127: Invalid character.
.next/dev/types/validator.ts(1,75): error TS1127: Invalid character.
.next/dev/types/validator.ts(1,76): error TS1127: Invalid character.
.next/dev/types/validator.ts(1,77): error TS1127: Invalid character.
.next/dev/types/validator.ts(1,78): error TS1127: Invalid character.
.next/dev/types/validator.ts(1,79): error TS1127: Invalid character.
.next/dev/types/validator.ts(1,80): error TS1127: Invalid character.
.next/dev/types/validator.ts(1,81): error TS1127: Invalid character.
.next/dev/types/validator.ts(1,82): error TS1127: Invalid character.
.next/dev/types/validator.ts(1,83): error TS1127: Invalid character.
.next/dev/types/validator.ts(1,84): error TS1127: Invalid character.
.next/dev/types/validator.ts(1,85): error TS1127: Invalid character.
.next/dev/types/validator.ts(1,86): error TS1127: Invalid character.
.next/dev/types/validator.ts(1,87): error TS1127: Invalid character.
.next/dev/types/validator.ts(1,88): error TS1127: Invalid character.
.next/dev/types/validator.ts(1,89): error TS1127: Invalid character.
.next/dev/types/validator.ts(1,90): error TS1127: Invalid character.
.next/dev/types/validator.ts(1,91): error TS1127: Invalid character.
.next/dev/types/validator.ts(1,92): error TS1127: Invalid character.
.next/dev/types/validator.ts(1,93): error TS1127: Invalid character.
.next/dev/types/validator.ts(1,94): error TS1127: Invalid character.
.next/dev/types/validator.ts(1,95): error TS1127: Invalid character.
.next/dev/types/validator.ts(1,96): error TS1127: Invalid character.
.next/dev/types/validator.ts(1,97): error TS1127: Invalid character.
.next/dev/types/validator.ts(1,98): error TS1127: Invalid character.
.next/dev/types/validator.ts(1,99): error TS1127: Invalid character.
.next/dev/types/validator.ts(1,100): error TS1127: Invalid character.
.next/dev/types/validator.ts(1,101): error TS1127: Invalid character.
.next/dev/types/validator.ts(1,102): error TS1127: Invalid character.
.next/dev/types/validator.ts(1,103): error TS1127: Invalid character.
.next/dev/types/validator.ts(1,104): error TS1127: Invalid character.
.next/dev/types/validator.ts(1,105): error TS1127: Invalid character.
.next/dev/types/validator.ts(1,106): error TS1127: Invalid character.
.next/dev/types/validator.ts(1,107): error TS1127: Invalid character.
.next/dev/types/validator.ts(1,108): error TS1127: Invalid character.
.next/dev/types/validator.ts(1,109): error TS1127: Invalid character.
.next/dev/types/validator.ts(1,110): error TS1127: Invalid character.
.next/dev/types/validator.ts(1,111): error TS1127: Invalid character.
.next/dev/types/validator.ts(1,112): error TS1127: Invalid character.
.next/dev/types/validator.ts(1,113): error TS1127: Invalid character.
.next/dev/types/validator.ts(1,114): error TS1127: Invalid character.
.next/dev/types/validator.ts(1,115): error TS1127: Invalid character.
.next/dev/types/validator.ts(1,116): error TS1127: Invalid character.
.next/dev/types/validator.ts(1,117): error TS1127: Invalid character.
.next/dev/types/validator.ts(1,118): error TS1127: Invalid character.
.next/dev/types/validator.ts(1,119): error TS1127: Invalid character.
.next/dev/types/validator.ts(1,120): error TS1127: Invalid character.
.next/dev/types/validator.ts(1,121): error TS1127: Invalid character.
.next/dev/types/validator.ts(1,122): error TS1127: Invalid character.
.next/dev/types/validator.ts(1,123): error TS1127: Invalid character.
.next/dev/types/validator.ts(1,124): error TS1127: Invalid character.
.next/dev/types/validator.ts(1,125): error TS1127: Invalid character.
.next/dev/types/validator.ts(1,126): error TS1127: Invalid character.
.next/dev/types/validator.ts(1,127): error TS1127: Invalid character.
.next/dev/types/validator.ts(1,128): error TS1127: Invalid character.
.next/dev/types/validator.ts(1,129): error TS1127: Invalid character.
.next/dev/types/validator.ts(1,130): error TS1127: Invalid character.
.next/dev/types/validator.ts(1,131): error TS1127: Invalid character.
.next/dev/types/validator.ts(1,132): error TS1127: Invalid character.
.next/dev/types/validator.ts(1,133): error TS1127: Invalid character.
.next/dev/types/validator.ts(1,134): error TS1127: Invalid character.
.next/dev/types/validator.ts(1,135): error TS1127: Invalid character.
.next/dev/types/validator.ts(1,136): error TS1127: Invalid character.
.next/dev/types/validator.ts(1,137): error TS1127: Invalid character.
.next/dev/types/validator.ts(1,138): error TS1127: Invalid character.
.next/dev/types/validator.ts(1,139): error TS1127: Invalid character.
.next/dev/types/validator.ts(1,140): error TS1127: Invalid character.
.next/dev/types/validator.ts(1,141): error TS1127: Invalid character.
.next/dev/types/validator.ts(1,142): error TS1127: Invalid character.
.next/dev/types/validator.ts(1,143): error TS1127: Invalid character.
.next/dev/types/validator.ts(1,144): error TS1127: Invalid character.
.next/dev/types/validator.ts(1,145): error TS1127: Invalid character.
.next/dev/types/validator.ts(1,146): error TS1127: Invalid character.
.next/dev/types/validator.ts(1,147): error TS1127: Invalid character.
.next/dev/types/validator.ts(1,148): error TS1127: Invalid character.
.next/dev/types/validator.ts(1,149): error TS1127: Invalid character.
.next/dev/types/validator.ts(1,150): error TS1127: Invalid character.
.next/dev/types/validator.ts(1,151): error TS1127: Invalid character.
.next/dev/types/validator.ts(1,152): error TS1127: Invalid character.
.next/dev/types/validator.ts(1,153): error TS1127: Invalid character.
.next/dev/types/validator.ts(1,154): error TS1127: Invalid character.
.next/dev/types/validator.ts(1,155): error TS1127: Invalid character.
.next/dev/types/validator.ts(1,156): error TS1127: Invalid character.
.next/dev/types/validator.ts(1,157): error TS1127: Invalid character.
.next/dev/types/validator.ts(1,158): error TS1127: Invalid character.
.next/dev/types/validator.ts(1,159): error TS1127: Invalid character.
.next/dev/types/validator.ts(1,160): error TS1127: Invalid character.
.next/dev/types/validator.ts(1,161): error TS1127: Invalid character.
.next/dev/types/validator.ts(1,162): error TS1127: Invalid character.
.next/dev/types/validator.ts(1,163): error TS1127: Invalid character.
.next/dev/types/validator.ts(1,164): error TS1127: Invalid character.
.next/dev/types/validator.ts(1,165): error TS1127: Invalid character.
.next/dev/types/validator.ts(1,166): error TS1127: Invalid character.
.next/dev/types/validator.ts(1,167): error TS1127: Invalid character.
.next/dev/types/validator.ts(1,168): error TS1127: Invalid character.
.next/dev/types/validator.ts(1,169): error TS1127: Invalid character.
.next/dev/types/validator.ts(1,170): error TS1127: Invalid character.
.next/dev/types/validator.ts(1,171): error TS1127: Invalid character.
.next/dev/types/validator.ts(1,172): error TS1127: Invalid character.
.next/dev/types/validator.ts(1,173): error TS1127: Invalid character.
.next/dev/types/validator.ts(1,174): error TS1127: Invalid character.
.next/dev/types/validator.ts(1,175): error TS1127: Invalid character.
.next/dev/types/validator.ts(1,176): error TS1127: Invalid character.
.next/dev/types/validator.ts(1,177): error TS1127: Invalid character.
.next/dev/types/validator.ts(1,178): error TS1127: Invalid character.
.next/dev/types/validator.ts(1,179): error TS1127: Invalid character.
.next/dev/types/validator.ts(1,180): error TS1127: Invalid character.
.next/dev/types/validator.ts(1,181): error TS1127: Invalid character.
.next/dev/types/validator.ts(1,182): error TS1127: Invalid character.
.next/dev/types/validator.ts(1,183): error TS1127: Invalid character.
.next/dev/types/validator.ts(1,184): error TS1127: Invalid character.
.next/dev/types/validator.ts(1,185): error TS1127: Invalid character.
.next/dev/types/validator.ts(1,186): error TS1127: Invalid character.
.next/dev/types/validator.ts(1,187): error TS1127: Invalid character.
.next/dev/types/validator.ts(1,188): error TS1127: Invalid character.
.next/dev/types/validator.ts(1,189): error TS1127: Invalid character.
.next/dev/types/validator.ts(1,190): error TS1127: Invalid character.
.next/dev/types/validator.ts(1,191): error TS1127: Invalid character.
.next/dev/types/validator.ts(1,192): error TS1127: Invalid character.
.next/dev/types/validator.ts(1,193): error TS1127: Invalid character.
.next/dev/types/validator.ts(1,194): error TS1127: Invalid character.
.next/dev/types/validator.ts(1,195): error TS1127: Invalid character.
.next/dev/types/validator.ts(1,196): error TS1127: Invalid character.
.next/dev/types/validator.ts(1,197): error TS1127: Invalid character.
.next/dev/types/validator.ts(1,198): error TS1127: Invalid character.
.next/dev/types/validator.ts(1,199): error TS1127: Invalid character.
.next/dev/types/validator.ts(1,200): error TS1127: Invalid character.
.next/dev/types/validator.ts(1,201): error TS1127: Invalid character.
.next/dev/types/validator.ts(1,202): error TS1127: Invalid character.
.next/dev/types/validator.ts(1,203): error TS1127: Invalid character.
.next/dev/types/validator.ts(1,204): error TS1127: Invalid character.
.next/dev/types/validator.ts(1,205): error TS1127: Invalid character.
.next/dev/types/validator.ts(1,206): error TS1127: Invalid character.
.next/dev/types/validator.ts(1,207): error TS1127: Invalid character.
.next/dev/types/validator.ts(1,208): error TS1127: Invalid character.
.next/dev/types/validator.ts(1,209): error TS1127: Invalid character.
.next/dev/types/validator.ts(1,210): error TS1127: Invalid character.
.next/dev/types/validator.ts(1,211): error TS1127: Invalid character.
.next/dev/types/validator.ts(1,212): error TS1127: Invalid character.
.next/dev/types/validator.ts(1,213): error TS1127: Invalid character.
.next/dev/types/validator.ts(1,214): error TS1127: Invalid character.
.next/dev/types/validator.ts(1,215): error TS1127: Invalid character.
.next/dev/types/validator.ts(1,216): error TS1127: Invalid character.
.next/dev/types/validator.ts(1,217): error TS1127: Invalid character.
.next/dev/types/validator.ts(1,218): error TS1127: Invalid character.
.next/dev/types/validator.ts(1,219): error TS1127: Invalid character.
.next/dev/types/validator.ts(1,220): error TS1127: Invalid character.
.next/dev/types/validator.ts(1,221): error TS1127: Invalid character.
.next/dev/types/validator.ts(1,222): error TS1127: Invalid character.
.next/dev/types/validator.ts(1,223): error TS1127: Invalid character.
.next/dev/types/validator.ts(1,224): error TS1127: Invalid character.
.next/dev/types/validator.ts(1,225): error TS1127: Invalid character.
.next/dev/types/validator.ts(1,226): error TS1127: Invalid character.
.next/dev/types/validator.ts(1,227): error TS1127: Invalid character.
.next/dev/types/validator.ts(1,228): error TS1127: Invalid character.
.next/dev/types/validator.ts(1,229): error TS1127: Invalid character.
.next/dev/types/validator.ts(1,230): error TS1127: Invalid character.
.next/dev/types/validator.ts(1,231): error TS1127: Invalid character.
.next/dev/types/validator.ts(1,232): error TS1127: Invalid character.
.next/dev/types/validator.ts(1,233): error TS1127: Invalid character.
.next/dev/types/validator.ts(1,234): error TS1127: Invalid character.
.next/dev/types/validator.ts(1,235): error TS1127: Invalid character.
.next/dev/types/validator.ts(1,236): error TS1127: Invalid character.
.next/dev/types/validator.ts(1,237): error TS1127: Invalid character.
.next/dev/types/validator.ts(1,238): error TS1127: Invalid character.
.next/dev/types/validator.ts(1,239): error TS1127: Invalid character.
.next/dev/types/validator.ts(1,240): error TS1127: Invalid character.
.next/dev/types/validator.ts(1,241): error TS1127: Invalid character.
.next/dev/types/validator.ts(1,242): error TS1127: Invalid character.
.next/dev/types/validator.ts(1,243): error TS1127: Invalid character.
.next/dev/types/validator.ts(1,244): error TS1127: Invalid character.
.next/dev/types/validator.ts(1,245): error TS1127: Invalid character.
.next/dev/types/validator.ts(1,246): error TS1127: Invalid character.
.next/dev/types/validator.ts(1,247): error TS1127: Invalid character.
.next/dev/types/validator.ts(1,248): error TS1127: Invalid character.
.next/dev/types/validator.ts(1,249): error TS1127: Invalid character.
.next/dev/types/validator.ts(1,250): error TS1127: Invalid character.
.next/dev/types/validator.ts(1,251): error TS1127: Invalid character.
.next/dev/types/validator.ts(1,252): error TS1127: Invalid character.
.next/dev/types/validator.ts(1,253): error TS1127: Invalid character.
.next/dev/types/validator.ts(1,254): error TS1127: Invalid character.
.next/dev/types/validator.ts(1,255): error TS1127: Invalid character.
.next/dev/types/validator.ts(1,256): error TS1127: Invalid character.
.next/dev/types/validator.ts(1,257): error TS1127: Invalid character.
.next/dev/types/validator.ts(1,258): error TS1127: Invalid character.
.next/dev/types/validator.ts(1,259): error TS1127: Invalid character.
.next/dev/types/validator.ts(1,260): error TS1127: Invalid character.
.next/dev/types/validator.ts(1,261): error TS1127: Invalid character.
.next/dev/types/validator.ts(1,262): error TS1127: Invalid character.
.next/dev/types/validator.ts(1,263): error TS1127: Invalid character.
.next/dev/types/validator.ts(1,264): error TS1127: Invalid character.
.next/dev/types/validator.ts(1,265): error TS1127: Invalid character.
.next/dev/types/validator.ts(1,266): error TS1127: Invalid character.
.next/dev/types/validator.ts(1,267): error TS1127: Invalid character.
.next/dev/types/validator.ts(1,268): error TS1127: Invalid character.
.next/dev/types/validator.ts(1,269): error TS1127: Invalid character.
.next/dev/types/validator.ts(1,270): error TS1127: Invalid character.
.next/dev/types/validator.ts(1,271): error TS1127: Invalid character.
.next/dev/types/validator.ts(1,272): error TS1127: Invalid character.
.next/dev/types/validator.ts(1,273): error TS1127: Invalid character.
.next/dev/types/validator.ts(1,274): error TS1127: Invalid character.
.next/dev/types/validator.ts(1,275): error TS1127: Invalid character.
.next/dev/types/validator.ts(1,276): error TS1127: Invalid character.
.next/dev/types/validator.ts(1,277): error TS1127: Invalid character.
.next/dev/types/validator.ts(1,278): error TS1127: Invalid character.
.next/dev/types/validator.ts(1,279): error TS1127: Invalid character.
.next/dev/types/validator.ts(1,280): error TS1127: Invalid character.
.next/dev/types/validator.ts(1,281): error TS1127: Invalid character.
.next/dev/types/validator.ts(1,282): error TS1127: Invalid character.
.next/dev/types/validator.ts(1,283): error TS1127: Invalid character.
.next/dev/types/validator.ts(1,284): error TS1127: Invalid character.
.next/dev/types/validator.ts(1,285): error TS1127: Invalid character.
.next/dev/types/validator.ts(1,286): error TS1127: Invalid character.
.next/dev/types/validator.ts(1,287): error TS1127: Invalid character.
.next/dev/types/validator.ts(1,288): error TS1127: Invalid character.
.next/dev/types/validator.ts(1,289): error TS1127: Invalid character.
.next/dev/types/validator.ts(1,290): error TS1127: Invalid character.
.next/dev/types/validator.ts(1,291): error TS1127: Invalid character.
.next/dev/types/validator.ts(1,292): error TS1127: Invalid character.
.next/dev/types/validator.ts(1,293): error TS1127: Invalid character.
.next/dev/types/validator.ts(1,294): error TS1127: Invalid character.
.next/dev/types/validator.ts(1,295): error TS1127: Invalid character.
.next/dev/types/validator.ts(1,296): error TS1127: Invalid character.
.next/dev/types/validator.ts(1,297): error TS1127: Invalid character.
.next/dev/types/validator.ts(1,298): error TS1127: Invalid character.
.next/dev/types/validator.ts(1,299): error TS1127: Invalid character.
.next/dev/types/validator.ts(1,300): error TS1127: Invalid character.
.next/dev/types/validator.ts(1,301): error TS1127: Invalid character.
.next/dev/types/validator.ts(1,302): error TS1127: Invalid character.
.next/dev/types/validator.ts(1,303): error TS1127: Invalid character.
.next/dev/types/validator.ts(1,304): error TS1127: Invalid character.
.next/dev/types/validator.ts(1,305): error TS1127: Invalid character.
.next/dev/types/validator.ts(1,306): error TS1127: Invalid character.
.next/dev/types/validator.ts(1,307): error TS1127: Invalid character.
.next/dev/types/validator.ts(1,308): error TS1127: Invalid character.
.next/dev/types/validator.ts(1,309): error TS1127: Invalid character.
.next/dev/types/validator.ts(1,310): error TS1127: Invalid character.
.next/dev/types/validator.ts(1,311): error TS1127: Invalid character.
.next/dev/types/validator.ts(1,312): error TS1127: Invalid character.
.next/dev/types/validator.ts(1,313): error TS1127: Invalid character.
.next/dev/types/validator.ts(1,314): error TS1127: Invalid character.
.next/dev/types/validator.ts(1,315): error TS1127: Invalid character.
.next/dev/types/validator.ts(1,316): error TS1127: Invalid character.
.next/dev/types/validator.ts(1,317): error TS1127: Invalid character.
.next/dev/types/validator.ts(1,318): error TS1127: Invalid character.
.next/dev/types/validator.ts(1,319): error TS1127: Invalid character.
.next/dev/types/validator.ts(1,320): error TS1127: Invalid character.
.next/dev/types/validator.ts(1,321): error TS1127: Invalid character.
.next/dev/types/validator.ts(1,322): error TS1127: Invalid character.
.next/dev/types/validator.ts(1,323): error TS1127: Invalid character.
.next/dev/types/validator.ts(1,324): error TS1127: Invalid character.
.next/dev/types/validator.ts(1,325): error TS1127: Invalid character.
.next/dev/types/validator.ts(1,326): error TS1127: Invalid character.
.next/dev/types/validator.ts(1,327): error TS1127: Invalid character.
.next/dev/types/validator.ts(1,328): error TS1127: Invalid character.
.next/dev/types/validator.ts(1,329): error TS1127: Invalid character.
.next/dev/types/validator.ts(1,330): error TS1127: Invalid character.
.next/dev/types/validator.ts(1,331): error TS1127: Invalid character.
.next/dev/types/validator.ts(1,332): error TS1127: Invalid character.
.next/dev/types/validator.ts(1,333): error TS1127: Invalid character.
.next/dev/types/validator.ts(1,334): error TS1127: Invalid character.
.next/dev/types/validator.ts(1,335): error TS1127: Invalid character.
.next/dev/types/validator.ts(1,336): error TS1127: Invalid character.
.next/dev/types/validator.ts(1,337): error TS1127: Invalid character.
.next/dev/types/validator.ts(1,338): error TS1127: Invalid character.
.next/dev/types/validator.ts(1,339): error TS1127: Invalid character.
.next/dev/types/validator.ts(1,340): error TS1127: Invalid character.
.next/dev/types/validator.ts(1,341): error TS1127: Invalid character.
.next/dev/types/validator.ts(1,342): error TS1127: Invalid character.
.next/dev/types/validator.ts(1,343): error TS1127: Invalid character.
.next/dev/types/validator.ts(1,344): error TS1127: Invalid character.
.next/dev/types/validator.ts(1,345): error TS1127: Invalid character.
.next/dev/types/validator.ts(1,346): error TS1127: Invalid character.
.next/dev/types/validator.ts(1,347): error TS1127: Invalid character.
.next/dev/types/validator.ts(1,348): error TS1127: Invalid character.
.next/dev/types/validator.ts(1,349): error TS1127: Invalid character.
.next/dev/types/validator.ts(1,350): error TS1127: Invalid character.
.next/dev/types/validator.ts(1,351): error TS1127: Invalid character.
.next/dev/types/validator.ts(1,352): error TS1127: Invalid character.
.next/dev/types/validator.ts(1,353): error TS1127: Invalid character.
.next/dev/types/validator.ts(1,354): error TS1127: Invalid character.
.next/dev/types/validator.ts(1,355): error TS1127: Invalid character.
.next/dev/types/validator.ts(1,356): error TS1127: Invalid character.
.next/dev/types/validator.ts(1,357): error TS1127: Invalid character.
.next/dev/types/validator.ts(1,358): error TS1127: Invalid character.
.next/dev/types/validator.ts(1,359): error TS1127: Invalid character.
.next/dev/types/validator.ts(1,360): error TS1127: Invalid character.
.next/dev/types/validator.ts(1,361): error TS1127: Invalid character.
.next/dev/types/validator.ts(1,362): error TS1127: Invalid character.
.next/dev/types/validator.ts(1,363): error TS1127: Invalid character.
.next/dev/types/validator.ts(1,364): error TS1127: Invalid character.
.next/dev/types/validator.ts(1,365): error TS1127: Invalid character.
.next/dev/types/validator.ts(1,366): error TS1127: Invalid character.
.next/dev/types/validator.ts(1,367): error TS1127: Invalid character.
.next/dev/types/validator.ts(1,368): error TS1127: Invalid character.
.next/dev/types/validator.ts(1,369): error TS1127: Invalid character.
.next/dev/types/validator.ts(1,370): error TS1127: Invalid character.
.next/dev/types/validator.ts(1,371): error TS1127: Invalid character.
.next/dev/types/validator.ts(1,372): error TS1127: Invalid character.
.next/dev/types/validator.ts(1,373): error TS1127: Invalid character.
.next/dev/types/validator.ts(1,374): error TS1127: Invalid character.
.next/dev/types/validator.ts(1,375): error TS1127: Invalid character.
.next/dev/types/validator.ts(1,376): error TS1127: Invalid character.
.next/dev/types/validator.ts(1,377): error TS1127: Invalid character.
.next/dev/types/validator.ts(1,378): error TS1127: Invalid character.
.next/dev/types/validator.ts(1,379): error TS1127: Invalid character.
.next/dev/types/validator.ts(1,380): error TS1127: Invalid character.
.next/dev/types/validator.ts(1,381): error TS1127: Invalid character.
.next/dev/types/validator.ts(1,382): error TS1127: Invalid character.
.next/dev/types/validator.ts(1,383): error TS1127: Invalid character.
.next/dev/types/validator.ts(1,384): error TS1127: Invalid character.
.next/dev/types/validator.ts(1,385): error TS1127: Invalid character.
.next/dev/types/validator.ts(1,386): error TS1127: Invalid character.
.next/dev/types/validator.ts(1,387): error TS1127: Invalid character.
.next/dev/types/validator.ts(1,388): error TS1127: Invalid character.
.next/dev/types/validator.ts(1,389): error TS1127: Invalid character.
.next/dev/types/validator.ts(1,390): error TS1127: Invalid character.
.next/dev/types/validator.ts(1,391): error TS1127: Invalid character.
.next/dev/types/validator.ts(1,392): error TS1127: Invalid character.
.next/dev/types/validator.ts(1,393): error TS1127: Invalid character.
.next/dev/types/validator.ts(1,394): error TS1127: Invalid character.
.next/dev/types/validator.ts(1,395): error TS1127: Invalid character.
.next/dev/types/validator.ts(1,396): error TS1127: Invalid character.
.next/dev/types/validator.ts(1,397): error TS1127: Invalid character.
.next/dev/types/validator.ts(1,398): error TS1127: Invalid character.
.next/dev/types/validator.ts(1,399): error TS1127: Invalid character.
.next/dev/types/validator.ts(1,400): error TS1127: Invalid character.
.next/dev/types/validator.ts(1,401): error TS1127: Invalid character.
.next/dev/types/validator.ts(1,402): error TS1127: Invalid character.
.next/dev/types/validator.ts(1,403): error TS1127: Invalid character.
.next/dev/types/validator.ts(1,404): error TS1127: Invalid character.
.next/dev/types/validator.ts(1,405): error TS1127: Invalid character.
.next/dev/types/validator.ts(1,406): error TS1127: Invalid character.
.next/dev/types/validator.ts(1,407): error TS1127: Invalid character.
.next/dev/types/validator.ts(1,408): error TS1127: Invalid character.
.next/dev/types/validator.ts(1,409): error TS1127: Invalid character.
.next/dev/types/validator.ts(1,410): error TS1127: Invalid character.
.next/dev/types/validator.ts(1,411): error TS1127: Invalid character.
.next/dev/types/validator.ts(1,412): error TS1127: Invalid character.
.next/dev/types/validator.ts(1,413): error TS1127: Invalid character.
.next/dev/types/validator.ts(1,414): error TS1127: Invalid character.
.next/dev/types/validator.ts(1,415): error TS1127: Invalid character.
.next/dev/types/validator.ts(1,416): error TS1127: Invalid character.
.next/dev/types/validator.ts(1,417): error TS1127: Invalid character.
.next/dev/types/validator.ts(1,418): error TS1127: Invalid character.
.next/dev/types/validator.ts(1,419): error TS1127: Invalid character.
.next/dev/types/validator.ts(1,420): error TS1127: Invalid character.
.next/dev/types/validator.ts(1,421): error TS1127: Invalid character.
.next/dev/types/validator.ts(1,422): error TS1127: Invalid character.
.next/dev/types/validator.ts(1,423): error TS1127: Invalid character.
.next/dev/types/validator.ts(1,424): error TS1127: Invalid character.
.next/dev/types/validator.ts(1,425): error TS1127: Invalid character.
.next/dev/types/validator.ts(1,426): error TS1127: Invalid character.
.next/dev/types/validator.ts(1,427): error TS1127: Invalid character.
.next/dev/types/validator.ts(1,428): error TS1127: Invalid character.
.next/dev/types/validator.ts(1,429): error TS1127: Invalid character.
.next/dev/types/validator.ts(1,430): error TS1127: Invalid character.
.next/dev/types/validator.ts(1,431): error TS1127: Invalid character.
.next/dev/types/validator.ts(1,432): error TS1127: Invalid character.
.next/dev/types/validator.ts(1,433): error TS1127: Invalid character.
.next/dev/types/validator.ts(1,434): error TS1127: Invalid character.
.next/dev/types/validator.ts(1,435): error TS1127: Invalid character.
.next/dev/types/validator.ts(1,436): error TS1127: Invalid character.
.next/dev/types/validator.ts(1,437): error TS1127: Invalid character.
.next/dev/types/validator.ts(1,438): error TS1127: Invalid character.
.next/dev/types/validator.ts(1,439): error TS1127: Invalid character.
.next/dev/types/validator.ts(1,440): error TS1127: Invalid character.
.next/dev/types/validator.ts(1,441): error TS1127: Invalid character.
.next/dev/types/validator.ts(1,442): error TS1127: Invalid character.
.next/dev/types/validator.ts(1,443): error TS1127: Invalid character.
.next/dev/types/validator.ts(1,444): error TS1127: Invalid character.
.next/dev/types/validator.ts(1,445): error TS1127: Invalid character.
.next/dev/types/validator.ts(1,446): error TS1127: Invalid character.
.next/dev/types/validator.ts(1,447): error TS1127: Invalid character.
.next/dev/types/validator.ts(1,448): error TS1127: Invalid character.
.next/dev/types/validator.ts(1,449): error TS1127: Invalid character.
.next/dev/types/validator.ts(1,450): error TS1127: Invalid character.
.next/dev/types/validator.ts(1,451): error TS1127: Invalid character.
.next/dev/types/validator.ts(1,452): error TS1127: Invalid character.
.next/dev/types/validator.ts(1,453): error TS1127: Invalid character.
.next/dev/types/validator.ts(1,454): error TS1127: Invalid character.
.next/dev/types/validator.ts(1,455): error TS1127: Invalid character.
.next/dev/types/validator.ts(1,456): error TS1127: Invalid character.
.next/dev/types/validator.ts(1,457): error TS1127: Invalid character.
.next/dev/types/validator.ts(1,458): error TS1127: Invalid character.
.next/dev/types/validator.ts(1,459): error TS1127: Invalid character.
.next/dev/types/validator.ts(1,460): error TS1127: Invalid character.
.next/dev/types/validator.ts(1,461): error TS1127: Invalid character.
.next/dev/types/validator.ts(1,462): error TS1127: Invalid character.
.next/dev/types/validator.ts(1,463): error TS1127: Invalid character.
.next/dev/types/validator.ts(1,464): error TS1127: Invalid character.
.next/dev/types/validator.ts(1,465): error TS1127: Invalid character.
.next/dev/types/validator.ts(1,466): error TS1127: Invalid character.
.next/dev/types/validator.ts(1,467): error TS1127: Invalid character.
.next/dev/types/validator.ts(1,468): error TS1127: Invalid character.
.next/dev/types/validator.ts(1,469): error TS1127: Invalid character.
.next/dev/types/validator.ts(1,470): error TS1127: Invalid character.
.next/dev/types/validator.ts(1,471): error TS1127: Invalid character.
.next/dev/types/validator.ts(1,472): error TS1127: Invalid character.
.next/dev/types/validator.ts(1,473): error TS1127: Invalid character.
.next/dev/types/validator.ts(1,474): error TS1127: Invalid character.
.next/dev/types/validator.ts(1,475): error TS1127: Invalid character.
.next/dev/types/validator.ts(1,476): error TS1127: Invalid character.
.next/dev/types/validator.ts(1,477): error TS1127: Invalid character.
.next/dev/types/validator.ts(1,478): error TS1127: Invalid character.
.next/dev/types/validator.ts(1,479): error TS1127: Invalid character.
.next/dev/types/validator.ts(1,480): error TS1127: Invalid character.
.next/dev/types/validator.ts(1,481): error TS1127: Invalid character.
.next/dev/types/validator.ts(1,482): error TS1127: Invalid character.
.next/dev/types/validator.ts(1,483): error TS1127: Invalid character.
.next/dev/types/validator.ts(1,484): error TS1127: Invalid character.
.next/dev/types/validator.ts(1,485): error TS1127: Invalid character.
.next/dev/types/validator.ts(1,486): error TS1127: Invalid character.
.next/dev/types/validator.ts(1,487): error TS1127: Invalid character.
.next/dev/types/validator.ts(1,488): error TS1127: Invalid character.
.next/dev/types/validator.ts(1,489): error TS1127: Invalid character.
.next/dev/types/validator.ts(1,490): error TS1127: Invalid character.
.next/dev/types/validator.ts(1,491): error TS1127: Invalid character.
.next/dev/types/validator.ts(1,492): error TS1127: Invalid character.
.next/dev/types/validator.ts(1,493): error TS1127: Invalid character.
.next/dev/types/validator.ts(1,494): error TS1127: Invalid character.
.next/dev/types/validator.ts(1,495): error TS1127: Invalid character.
.next/dev/types/validator.ts(1,496): error TS1127: Invalid character.
.next/dev/types/validator.ts(1,497): error TS1127: Invalid character.
.next/dev/types/validator.ts(1,498): error TS1127: Invalid character.
.next/dev/types/validator.ts(1,499): error TS1127: Invalid character.
.next/dev/types/validator.ts(1,500): error TS1127: Invalid character.
.next/dev/types/validator.ts(1,501): error TS1127: Invalid character.
.next/dev/types/validator.ts(1,502): error TS1127: Invalid character.
.next/dev/types/validator.ts(1,503): error TS1127: Invalid character.
.next/dev/types/validator.ts(1,504): error TS1127: Invalid character.
.next/dev/types/validator.ts(1,505): error TS1127: Invalid character.
.next/dev/types/validator.ts(1,506): error TS1127: Invalid character.
.next/dev/types/validator.ts(1,507): error TS1127: Invalid character.
.next/dev/types/validator.ts(1,508): error TS1127: Invalid character.
.next/dev/types/validator.ts(1,509): error TS1127: Invalid character.
.next/dev/types/validator.ts(1,510): error TS1127: Invalid character.
.next/dev/types/validator.ts(1,511): error TS1127: Invalid character.
.next/dev/types/validator.ts(1,512): error TS1127: Invalid character.
.next/dev/types/validator.ts(1,513): error TS1127: Invalid character.
.next/dev/types/validator.ts(1,514): error TS1127: Invalid character.
.next/dev/types/validator.ts(1,515): error TS1127: Invalid character.
.next/dev/types/validator.ts(1,516): error TS1127: Invalid character.
.next/dev/types/validator.ts(1,517): error TS1127: Invalid character.
.next/dev/types/validator.ts(1,518): error TS1127: Invalid character.
.next/dev/types/validator.ts(1,519): error TS1127: Invalid character.
.next/dev/types/validator.ts(1,520): error TS1127: Invalid character.
.next/dev/types/validator.ts(1,521): error TS1127: Invalid character.
.next/dev/types/validator.ts(1,522): error TS1127: Invalid character.
.next/dev/types/validator.ts(1,523): error TS1127: Invalid character.
.next/dev/types/validator.ts(1,524): error TS1127: Invalid character.
.next/dev/types/validator.ts(1,525): error TS1127: Invalid character.
.next/dev/types/validator.ts(1,526): error TS1127: Invalid character.
.next/dev/types/validator.ts(1,527): error TS1127: Invalid character.
.next/dev/types/validator.ts(1,528): error TS1127: Invalid character.
.next/dev/types/validator.ts(1,529): error TS1127: Invalid character.
.next/dev/types/validator.ts(1,530): error TS1127: Invalid character.
.next/dev/types/validator.ts(1,531): error TS1127: Invalid character.
.next/dev/types/validator.ts(1,532): error TS1127: Invalid character.
.next/dev/types/validator.ts(1,533): error TS1127: Invalid character.
.next/dev/types/validator.ts(1,534): error TS1127: Invalid character.
.next/dev/types/validator.ts(1,535): error TS1127: Invalid character.
.next/dev/types/validator.ts(1,536): error TS1127: Invalid character.
.next/dev/types/validator.ts(1,537): error TS1127: Invalid character.
.next/dev/types/validator.ts(1,538): error TS1127: Invalid character.
.next/dev/types/validator.ts(1,539): error TS1127: Invalid character.
.next/dev/types/validator.ts(1,540): error TS1127: Invalid character.
.next/dev/types/validator.ts(1,541): error TS1127: Invalid character.
.next/dev/types/validator.ts(1,542): error TS1127: Invalid character.
.next/dev/types/validator.ts(1,543): error TS1127: Invalid character.
.next/dev/types/validator.ts(1,544): error TS1127: Invalid character.
.next/dev/types/validator.ts(1,545): error TS1127: Invalid character.
.next/dev/types/validator.ts(1,546): error TS1127: Invalid character.
.next/dev/types/validator.ts(1,547): error TS1127: Invalid character.
.next/dev/types/validator.ts(1,548): error TS1127: Invalid character.
.next/dev/types/validator.ts(1,549): error TS1127: Invalid character.
.next/dev/types/validator.ts(1,550): error TS1127: Invalid character.
.next/dev/types/validator.ts(1,551): error TS1127: Invalid character.
.next/dev/types/validator.ts(1,552): error TS1127: Invalid character.
.next/dev/types/validator.ts(1,553): error TS1127: Invalid character.
.next/dev/types/validator.ts(1,554): error TS1127: Invalid character.
.next/dev/types/validator.ts(1,555): error TS1127: Invalid character.
.next/dev/types/validator.ts(1,556): error TS1127: Invalid character.
.next/dev/types/validator.ts(1,557): error TS1127: Invalid character.
.next/dev/types/validator.ts(1,558): error TS1127: Invalid character.
.next/dev/types/validator.ts(1,559): error TS1127: Invalid character.
.next/dev/types/validator.ts(1,560): error TS1127: Invalid character.
.next/dev/types/validator.ts(1,561): error TS1127: Invalid character.
.next/dev/types/validator.ts(1,562): error TS1127: Invalid character.
.next/dev/types/validator.ts(1,563): error TS1127: Invalid character.
.next/dev/types/validator.ts(1,564): error TS1127: Invalid character.
.next/dev/types/validator.ts(1,565): error TS1127: Invalid character.
.next/dev/types/validator.ts(1,566): error TS1127: Invalid character.
.next/dev/types/validator.ts(1,567): error TS1127: Invalid character.
.next/dev/types/validator.ts(1,568): error TS1127: Invalid character.
.next/dev/types/validator.ts(1,569): error TS1127: Invalid character.
.next/dev/types/validator.ts(1,570): error TS1127: Invalid character.
.next/dev/types/validator.ts(1,571): error TS1127: Invalid character.
.next/dev/types/validator.ts(1,572): error TS1127: Invalid character.
.next/dev/types/validator.ts(1,573): error TS1127: Invalid character.
.next/dev/types/validator.ts(1,574): error TS1127: Invalid character.
.next/dev/types/validator.ts(1,575): error TS1127: Invalid character.
.next/dev/types/validator.ts(1,576): error TS1127: Invalid character.
.next/dev/types/validator.ts(1,577): error TS1127: Invalid character.
.next/dev/types/validator.ts(1,578): error TS1127: Invalid character.
.next/dev/types/validator.ts(1,579): error TS1127: Invalid character.
.next/dev/types/validator.ts(1,580): error TS1127: Invalid character.
.next/dev/types/validator.ts(1,581): error TS1127: Invalid character.
.next/dev/types/validator.ts(1,582): error TS1127: Invalid character.
.next/dev/types/validator.ts(1,583): error TS1127: Invalid character.
.next/dev/types/validator.ts(1,584): error TS1127: Invalid character.
.next/dev/types/validator.ts(1,585): error TS1127: Invalid character.
.next/dev/types/validator.ts(1,586): error TS1127: Invalid character.
.next/dev/types/validator.ts(1,587): error TS1127: Invalid character.
.next/dev/types/validator.ts(1,588): error TS1127: Invalid character.
.next/dev/types/validator.ts(1,589): error TS1127: Invalid character.
.next/dev/types/validator.ts(1,590): error TS1127: Invalid character.
.next/dev/types/validator.ts(1,591): error TS1127: Invalid character.
.next/dev/types/validator.ts(1,592): error TS1127: Invalid character.
.next/dev/types/validator.ts(1,593): error TS1127: Invalid character.
.next/dev/types/validator.ts(1,594): error TS1127: Invalid character.
.next/dev/types/validator.ts(1,595): error TS1127: Invalid character.
.next/dev/types/validator.ts(1,596): error TS1127: Invalid character.
.next/dev/types/validator.ts(1,597): error TS1127: Invalid character.
.next/dev/types/validator.ts(1,598): error TS1127: Invalid character.
.next/dev/types/validator.ts(1,599): error TS1127: Invalid character.
.next/dev/types/validator.ts(1,600): error TS1127: Invalid character.
.next/dev/types/validator.ts(1,601): error TS1127: Invalid character.
.next/dev/types/validator.ts(1,602): error TS1127: Invalid character.
.next/dev/types/validator.ts(1,603): error TS1127: Invalid character.
.next/dev/types/validator.ts(1,604): error TS1127: Invalid character.
.next/dev/types/validator.ts(1,605): error TS1127: Invalid character.
.next/dev/types/validator.ts(1,606): error TS1127: Invalid character.
.next/dev/types/validator.ts(1,607): error TS1127: Invalid character.
.next/dev/types/validator.ts(1,608): error TS1127: Invalid character.
.next/dev/types/validator.ts(1,609): error TS1127: Invalid character.
.next/dev/types/validator.ts(1,610): error TS1127: Invalid character.
.next/dev/types/validator.ts(1,611): error TS1127: Invalid character.
.next/dev/types/validator.ts(1,612): error TS1127: Invalid character.
.next/dev/types/validator.ts(1,613): error TS1127: Invalid character.
.next/dev/types/validator.ts(1,614): error TS1127: Invalid character.
.next/dev/types/validator.ts(1,615): error TS1127: Invalid character.
.next/dev/types/validator.ts(1,616): error TS1127: Invalid character.
.next/dev/types/validator.ts(1,617): error TS1127: Invalid character.
.next/dev/types/validator.ts(1,618): error TS1127: Invalid character.
.next/dev/types/validator.ts(1,619): error TS1127: Invalid character.
.next/dev/types/validator.ts(1,620): error TS1127: Invalid character.
.next/dev/types/validator.ts(1,621): error TS1127: Invalid character.
.next/dev/types/validator.ts(1,622): error TS1127: Invalid character.
.next/dev/types/validator.ts(1,623): error TS1127: Invalid character.
.next/dev/types/validator.ts(1,624): error TS1127: Invalid character.
.next/dev/types/validator.ts(1,625): error TS1127: Invalid character.
.next/dev/types/validator.ts(1,626): error TS1127: Invalid character.
.next/dev/types/validator.ts(1,627): error TS1127: Invalid character.
.next/dev/types/validator.ts(1,628): error TS1127: Invalid character.
.next/dev/types/validator.ts(1,629): error TS1127: Invalid character.
.next/dev/types/validator.ts(1,630): error TS1127: Invalid character.
.next/dev/types/validator.ts(1,631): error TS1127: Invalid character.
.next/dev/types/validator.ts(1,632): error TS1127: Invalid character.
.next/dev/types/validator.ts(1,633): error TS1127: Invalid character.
.next/dev/types/validator.ts(1,634): error TS1127: Invalid character.
.next/dev/types/validator.ts(1,635): error TS1127: Invalid character.
.next/dev/types/validator.ts(1,636): error TS1127: Invalid character.
.next/dev/types/validator.ts(1,637): error TS1127: Invalid character.
.next/dev/types/validator.ts(1,638): error TS1127: Invalid character.
.next/dev/types/validator.ts(1,639): error TS1127: Invalid character.
.next/dev/types/validator.ts(1,640): error TS1127: Invalid character.
.next/dev/types/validator.ts(1,641): error TS1127: Invalid character.
.next/dev/types/validator.ts(1,642): error TS1127: Invalid character.
.next/dev/types/validator.ts(1,643): error TS1127: Invalid character.
.next/dev/types/validator.ts(1,644): error TS1127: Invalid character.
.next/dev/types/validator.ts(1,645): error TS1127: Invalid character.
.next/dev/types/validator.ts(1,646): error TS1127: Invalid character.
.next/dev/types/validator.ts(1,647): error TS1127: Invalid character.
.next/dev/types/validator.ts(1,648): error TS1127: Invalid character.
.next/dev/types/validator.ts(1,649): error TS1127: Invalid character.
.next/dev/types/validator.ts(1,650): error TS1127: Invalid character.
.next/dev/types/validator.ts(1,651): error TS1127: Invalid character.
.next/dev/types/validator.ts(1,652): error TS1127: Invalid character.
.next/dev/types/validator.ts(1,653): error TS1127: Invalid character.
.next/dev/types/validator.ts(1,654): error TS1127: Invalid character.
.next/dev/types/validator.ts(1,655): error TS1127: Invalid character.
.next/dev/types/validator.ts(1,656): error TS1127: Invalid character.
.next/dev/types/validator.ts(1,657): error TS1127: Invalid character.
.next/dev/types/validator.ts(1,658): error TS1127: Invalid character.
.next/dev/types/validator.ts(1,659): error TS1127: Invalid character.
.next/dev/types/validator.ts(1,660): error TS1127: Invalid character.
.next/dev/types/validator.ts(1,661): error TS1127: Invalid character.
.next/dev/types/validator.ts(1,662): error TS1127: Invalid character.
.next/dev/types/validator.ts(1,663): error TS1127: Invalid character.
.next/dev/types/validator.ts(1,664): error TS1127: Invalid character.
.next/dev/types/validator.ts(1,665): error TS1127: Invalid character.
.next/dev/types/validator.ts(1,666): error TS1127: Invalid character.
.next/dev/types/validator.ts(1,667): error TS1127: Invalid character.
.next/dev/types/validator.ts(1,668): error TS1127: Invalid character.
.next/dev/types/validator.ts(1,669): error TS1127: Invalid character.
.next/dev/types/validator.ts(1,670): error TS1127: Invalid character.
.next/dev/types/validator.ts(1,671): error TS1127: Invalid character.
.next/dev/types/validator.ts(1,672): error TS1127: Invalid character.
.next/dev/types/validator.ts(1,673): error TS1127: Invalid character.
.next/dev/types/validator.ts(1,674): error TS1127: Invalid character.
.next/dev/types/validator.ts(1,675): error TS1127: Invalid character.
.next/dev/types/validator.ts(1,676): error TS1127: Invalid character.
.next/dev/types/validator.ts(1,677): error TS1127: Invalid character.
.next/dev/types/validator.ts(1,678): error TS1127: Invalid character.
.next/dev/types/validator.ts(1,679): error TS1127: Invalid character.
.next/dev/types/validator.ts(1,680): error TS1127: Invalid character.
.next/dev/types/validator.ts(1,681): error TS1127: Invalid character.
.next/dev/types/validator.ts(1,682): error TS1127: Invalid character.
.next/dev/types/validator.ts(1,683): error TS1127: Invalid character.
.next/dev/types/validator.ts(1,684): error TS1127: Invalid character.
.next/dev/types/validator.ts(1,685): error TS1127: Invalid character.
.next/dev/types/validator.ts(1,686): error TS1127: Invalid character.
.next/dev/types/validator.ts(1,687): error TS1127: Invalid character.
.next/dev/types/validator.ts(1,688): error TS1127: Invalid character.
.next/dev/types/validator.ts(1,689): error TS1127: Invalid character.
.next/dev/types/validator.ts(1,690): error TS1127: Invalid character.
.next/dev/types/validator.ts(1,691): error TS1127: Invalid character.
.next/dev/types/validator.ts(1,692): error TS1127: Invalid character.
.next/dev/types/validator.ts(1,693): error TS1127: Invalid character.
.next/dev/types/validator.ts(1,694): error TS1127: Invalid character.
.next/dev/types/validator.ts(1,695): error TS1127: Invalid character.
.next/dev/types/validator.ts(1,696): error TS1127: Invalid character.
.next/dev/types/validator.ts(1,697): error TS1127: Invalid character.
.next/dev/types/validator.ts(1,698): error TS1127: Invalid character.
.next/dev/types/validator.ts(1,699): error TS1127: Invalid character.
.next/dev/types/validator.ts(1,700): error TS1127: Invalid character.
.next/dev/types/validator.ts(1,701): error TS1127: Invalid character.
.next/dev/types/validator.ts(1,702): error TS1127: Invalid character.
.next/dev/types/validator.ts(1,703): error TS1127: Invalid character.
.next/dev/types/validator.ts(1,704): error TS1127: Invalid character.
.next/dev/types/validator.ts(1,705): error TS1127: Invalid character.
.next/dev/types/validator.ts(1,706): error TS1127: Invalid character.
.next/dev/types/validator.ts(1,707): error TS1127: Invalid character.
.next/dev/types/validator.ts(1,708): error TS1127: Invalid character.
.next/dev/types/validator.ts(1,709): error TS1127: Invalid character.
.next/dev/types/validator.ts(1,710): error TS1127: Invalid character.
.next/dev/types/validator.ts(1,711): error TS1127: Invalid character.
.next/dev/types/validator.ts(1,712): error TS1127: Invalid character.
.next/dev/types/validator.ts(1,713): error TS1127: Invalid character.
.next/dev/types/validator.ts(1,714): error TS1127: Invalid character.
.next/dev/types/validator.ts(1,715): error TS1127: Invalid character.
.next/dev/types/validator.ts(1,716): error TS1127: Invalid character.
.next/dev/types/validator.ts(1,717): error TS1127: Invalid character.
.next/dev/types/validator.ts(1,718): error TS1127: Invalid character.
.next/dev/types/validator.ts(1,719): error TS1127: Invalid character.
.next/dev/types/validator.ts(1,720): error TS1127: Invalid character.
.next/dev/types/validator.ts(1,721): error TS1127: Invalid character.
.next/dev/types/validator.ts(1,722): error TS1127: Invalid character.
.next/dev/types/validator.ts(1,723): error TS1127: Invalid character.
.next/dev/types/validator.ts(1,724): error TS1127: Invalid character.
.next/dev/types/validator.ts(1,725): error TS1127: Invalid character.
.next/dev/types/validator.ts(1,726): error TS1127: Invalid character.
.next/dev/types/validator.ts(1,727): error TS1127: Invalid character.
.next/dev/types/validator.ts(1,728): error TS1127: Invalid character.
.next/dev/types/validator.ts(1,729): error TS1127: Invalid character.
.next/dev/types/validator.ts(1,730): error TS1127: Invalid character.
.next/dev/types/validator.ts(1,731): error TS1127: Invalid character.
.next/dev/types/validator.ts(1,732): error TS1127: Invalid character.
.next/dev/types/validator.ts(1,733): error TS1127: Invalid character.
.next/dev/types/validator.ts(1,734): error TS1127: Invalid character.
.next/dev/types/validator.ts(1,735): error TS1127: Invalid character.
.next/dev/types/validator.ts(1,736): error TS1127: Invalid character.
.next/dev/types/validator.ts(1,737): error TS1127: Invalid character.
.next/dev/types/validator.ts(1,738): error TS1127: Invalid character.
.next/dev/types/validator.ts(1,739): error TS1127: Invalid character.
.next/dev/types/validator.ts(1,740): error TS1127: Invalid character.
.next/dev/types/validator.ts(1,741): error TS1127: Invalid character.
.next/dev/types/validator.ts(1,742): error TS1127: Invalid character.
.next/dev/types/validator.ts(1,743): error TS1127: Invalid character.
.next/dev/types/validator.ts(1,744): error TS1127: Invalid character.
.next/dev/types/validator.ts(1,745): error TS1127: Invalid character.
.next/dev/types/validator.ts(1,746): error TS1127: Invalid character.
.next/dev/types/validator.ts(1,747): error TS1127: Invalid character.
.next/dev/types/validator.ts(1,748): error TS1127: Invalid character.
.next/dev/types/validator.ts(1,749): error TS1127: Invalid character.
.next/dev/types/validator.ts(1,750): error TS1127: Invalid character.
.next/dev/types/validator.ts(1,751): error TS1127: Invalid character.
.next/dev/types/validator.ts(1,752): error TS1127: Invalid character.
.next/dev/types/validator.ts(1,753): error TS1127: Invalid character.
.next/dev/types/validator.ts(1,754): error TS1127: Invalid character.
.next/dev/types/validator.ts(1,755): error TS1127: Invalid character.
.next/dev/types/validator.ts(1,756): error TS1127: Invalid character.
.next/dev/types/validator.ts(1,757): error TS1127: Invalid character.
.next/dev/types/validator.ts(1,758): error TS1127: Invalid character.
.next/dev/types/validator.ts(1,759): error TS1127: Invalid character.
.next/dev/types/validator.ts(1,760): error TS1127: Invalid character.
.next/dev/types/validator.ts(1,761): error TS1127: Invalid character.
.next/dev/types/validator.ts(1,762): error TS1127: Invalid character.
.next/dev/types/validator.ts(1,763): error TS1127: Invalid character.
.next/dev/types/validator.ts(1,764): error TS1127: Invalid character.
.next/dev/types/validator.ts(1,765): error TS1127: Invalid character.
.next/dev/types/validator.ts(1,766): error TS1127: Invalid character.
.next/dev/types/validator.ts(1,767): error TS1127: Invalid character.
.next/dev/types/validator.ts(1,768): error TS1127: Invalid character.
.next/dev/types/validator.ts(1,769): error TS1127: Invalid character.
.next/dev/types/validator.ts(1,770): error TS1127: Invalid character.
.next/dev/types/validator.ts(1,771): error TS1127: Invalid character.
.next/dev/types/validator.ts(1,772): error TS1127: Invalid character.
.next/dev/types/validator.ts(1,773): error TS1127: Invalid character.
.next/dev/types/validator.ts(1,774): error TS1127: Invalid character.
.next/dev/types/validator.ts(1,775): error TS1127: Invalid character.
.next/dev/types/validator.ts(1,776): error TS1127: Invalid character.
.next/dev/types/validator.ts(1,777): error TS1127: Invalid character.
.next/dev/types/validator.ts(1,778): error TS1127: Invalid character.
.next/dev/types/validator.ts(1,779): error TS1127: Invalid character.
.next/dev/types/validator.ts(1,780): error TS1127: Invalid character.
.next/dev/types/validator.ts(1,781): error TS1127: Invalid character.
.next/dev/types/validator.ts(1,782): error TS1127: Invalid character.
.next/dev/types/validator.ts(1,783): error TS1127: Invalid character.
.next/dev/types/validator.ts(1,784): error TS1127: Invalid character.
.next/dev/types/validator.ts(1,785): error TS1127: Invalid character.
.next/dev/types/validator.ts(1,786): error TS1127: Invalid character.
.next/dev/types/validator.ts(1,787): error TS1127: Invalid character.
.next/dev/types/validator.ts(1,788): error TS1127: Invalid character.
.next/dev/types/validator.ts(1,789): error TS1127: Invalid character.
.next/dev/types/validator.ts(1,790): error TS1127: Invalid character.
.next/dev/types/validator.ts(1,791): error TS1127: Invalid character.
.next/dev/types/validator.ts(1,792): error TS1127: Invalid character.
.next/dev/types/validator.ts(1,793): error TS1127: Invalid character.
.next/dev/types/validator.ts(1,794): error TS1127: Invalid character.
.next/dev/types/validator.ts(1,795): error TS1127: Invalid character.
.next/dev/types/validator.ts(1,796): error TS1127: Invalid character.
.next/dev/types/validator.ts(1,797): error TS1127: Invalid character.
.next/dev/types/validator.ts(1,798): error TS1127: Invalid character.
.next/dev/types/validator.ts(1,799): error TS1127: Invalid character.
.next/dev/types/validator.ts(1,800): error TS1127: Invalid character.
.next/dev/types/validator.ts(1,801): error TS1127: Invalid character.
.next/dev/types/validator.ts(1,802): error TS1127: Invalid character.
.next/dev/types/validator.ts(1,803): error TS1127: Invalid character.
.next/dev/types/validator.ts(1,804): error TS1127: Invalid character.
.next/dev/types/validator.ts(1,805): error TS1127: Invalid character.
.next/dev/types/validator.ts(1,806): error TS1127: Invalid character.
.next/dev/types/validator.ts(1,807): error TS1127: Invalid character.
.next/dev/types/validator.ts(1,808): error TS1127: Invalid character.
.next/dev/types/validator.ts(1,809): error TS1127: Invalid character.
.next/dev/types/validator.ts(1,810): error TS1127: Invalid character.
.next/dev/types/validator.ts(1,811): error TS1127: Invalid character.
.next/dev/types/validator.ts(1,812): error TS1127: Invalid character.
.next/dev/types/validator.ts(1,813): error TS1127: Invalid character.
.next/dev/types/validator.ts(1,814): error TS1127: Invalid character.
.next/dev/types/validator.ts(1,815): error TS1127: Invalid character.
.next/dev/types/validator.ts(1,816): error TS1127: Invalid character.
.next/dev/types/validator.ts(1,817): error TS1127: Invalid character.
.next/dev/types/validator.ts(1,818): error TS1127: Invalid character.
.next/dev/types/validator.ts(1,819): error TS1127: Invalid character.
.next/dev/types/validator.ts(1,820): error TS1127: Invalid character.
.next/dev/types/validator.ts(1,821): error TS1127: Invalid character.
.next/dev/types/validator.ts(1,822): error TS1127: Invalid character.
.next/dev/types/validator.ts(1,823): error TS1127: Invalid character.
.next/dev/types/validator.ts(1,824): error TS1127: Invalid character.
.next/dev/types/validator.ts(1,825): error TS1127: Invalid character.
.next/dev/types/validator.ts(1,826): error TS1127: Invalid character.
.next/dev/types/validator.ts(1,827): error TS1127: Invalid character.
.next/dev/types/validator.ts(1,828): error TS1127: Invalid character.
.next/dev/types/validator.ts(1,829): error TS1127: Invalid character.
.next/dev/types/validator.ts(1,830): error TS1127: Invalid character.
.next/dev/types/validator.ts(1,831): error TS1127: Invalid character.
.next/dev/types/validator.ts(1,832): error TS1127: Invalid character.
.next/dev/types/validator.ts(1,833): error TS1127: Invalid character.
.next/dev/types/validator.ts(1,834): error TS1127: Invalid character.
.next/dev/types/validator.ts(1,835): error TS1127: Invalid character.
.next/dev/types/validator.ts(1,836): error TS1127: Invalid character.
.next/dev/types/validator.ts(1,837): error TS1127: Invalid character.
.next/dev/types/validator.ts(1,838): error TS1127: Invalid character.
.next/dev/types/validator.ts(1,839): error TS1127: Invalid character.
.next/dev/types/validator.ts(1,840): error TS1127: Invalid character.
.next/dev/types/validator.ts(1,841): error TS1127: Invalid character.
.next/dev/types/validator.ts(1,842): error TS1127: Invalid character.
.next/dev/types/validator.ts(1,843): error TS1127: Invalid character.
.next/dev/types/validator.ts(1,844): error TS1127: Invalid character.
.next/dev/types/validator.ts(1,845): error TS1127: Invalid character.
.next/dev/types/validator.ts(1,846): error TS1127: Invalid character.
.next/dev/types/validator.ts(1,847): error TS1127: Invalid character.
.next/dev/types/validator.ts(1,848): error TS1127: Invalid character.
.next/dev/types/validator.ts(1,849): error TS1127: Invalid character.
.next/dev/types/validator.ts(1,850): error TS1127: Invalid character.
.next/dev/types/validator.ts(1,851): error TS1127: Invalid character.
.next/dev/types/validator.ts(1,852): error TS1127: Invalid character.
.next/dev/types/validator.ts(1,853): error TS1127: Invalid character.
.next/dev/types/validator.ts(1,854): error TS1127: Invalid character.
.next/dev/types/validator.ts(1,855): error TS1127: Invalid character.
.next/dev/types/validator.ts(1,856): error TS1127: Invalid character.
.next/dev/types/validator.ts(1,857): error TS1127: Invalid character.
.next/dev/types/validator.ts(1,858): error TS1127: Invalid character.
.next/dev/types/validator.ts(1,859): error TS1127: Invalid character.
.next/dev/types/validator.ts(1,860): error TS1127: Invalid character.
.next/dev/types/validator.ts(1,861): error TS1127: Invalid character.
.next/dev/types/validator.ts(1,862): error TS1127: Invalid character.
.next/dev/types/validator.ts(1,863): error TS1127: Invalid character.
.next/dev/types/validator.ts(1,864): error TS1127: Invalid character.
.next/dev/types/validator.ts(1,865): error TS1127: Invalid character.
.next/dev/types/validator.ts(1,866): error TS1127: Invalid character.
.next/dev/types/validator.ts(1,867): error TS1127: Invalid character.
.next/dev/types/validator.ts(1,868): error TS1127: Invalid character.
.next/dev/types/validator.ts(1,869): error TS1127: Invalid character.
.next/dev/types/validator.ts(1,870): error TS1127: Invalid character.
.next/dev/types/validator.ts(1,871): error TS1127: Invalid character.
.next/dev/types/validator.ts(1,872): error TS1127: Invalid character.
.next/dev/types/validator.ts(1,873): error TS1127: Invalid character.
.next/dev/types/validator.ts(1,874): error TS1127: Invalid character.
.next/dev/types/validator.ts(1,875): error TS1127: Invalid character.
.next/dev/types/validator.ts(1,876): error TS1127: Invalid character.
.next/dev/types/validator.ts(1,877): error TS1127: Invalid character.
.next/dev/types/validator.ts(1,878): error TS1127: Invalid character.
.next/dev/types/validator.ts(1,879): error TS1127: Invalid character.
.next/dev/types/validator.ts(1,880): error TS1127: Invalid character.
.next/dev/types/validator.ts(1,881): error TS1127: Invalid character.
.next/dev/types/validator.ts(1,882): error TS1127: Invalid character.
.next/dev/types/validator.ts(1,883): error TS1127: Invalid character.
.next/dev/types/validator.ts(1,884): error TS1127: Invalid character.
.next/dev/types/validator.ts(1,885): error TS1127: Invalid character.
.next/dev/types/validator.ts(1,886): error TS1127: Invalid character.
.next/dev/types/validator.ts(1,887): error TS1127: Invalid character.
.next/dev/types/validator.ts(1,888): error TS1127: Invalid character.
.next/dev/types/validator.ts(1,889): error TS1127: Invalid character.
.next/dev/types/validator.ts(1,890): error TS1127: Invalid character.
.next/dev/types/validator.ts(1,891): error TS1127: Invalid character.
.next/dev/types/validator.ts(1,892): error TS1127: Invalid character.
.next/dev/types/validator.ts(1,893): error TS1127: Invalid character.
.next/dev/types/validator.ts(1,894): error TS1127: Invalid character.
.next/dev/types/validator.ts(1,895): error TS1127: Invalid character.
.next/dev/types/validator.ts(1,896): error TS1127: Invalid character.
.next/dev/types/validator.ts(1,897): error TS1127: Invalid character.
.next/dev/types/validator.ts(1,898): error TS1127: Invalid character.
.next/dev/types/validator.ts(1,899): error TS1127: Invalid character.
.next/dev/types/validator.ts(1,900): error TS1127: Invalid character.
.next/dev/types/validator.ts(1,901): error TS1127: Invalid character.
.next/dev/types/validator.ts(1,902): error TS1127: Invalid character.
.next/dev/types/validator.ts(1,903): error TS1127: Invalid character.
.next/dev/types/validator.ts(1,904): error TS1127: Invalid character.
.next/dev/types/validator.ts(1,905): error TS1127: Invalid character.
.next/dev/types/validator.ts(1,906): error TS1127: Invalid character.
.next/dev/types/validator.ts(1,907): error TS1127: Invalid character.
.next/dev/types/validator.ts(1,908): error TS1127: Invalid character.
.next/dev/types/validator.ts(1,909): error TS1127: Invalid character.
.next/dev/types/validator.ts(1,910): error TS1127: Invalid character.
.next/dev/types/validator.ts(1,911): error TS1127: Invalid character.
.next/dev/types/validator.ts(1,912): error TS1127: Invalid character.
.next/dev/types/validator.ts(1,913): error TS1127: Invalid character.
.next/dev/types/validator.ts(1,914): error TS1127: Invalid character.
.next/dev/types/validator.ts(1,915): error TS1127: Invalid character.
.next/dev/types/validator.ts(1,916): error TS1127: Invalid character.
.next/dev/types/validator.ts(1,917): error TS1127: Invalid character.
.next/dev/types/validator.ts(1,918): error TS1127: Invalid character.
.next/dev/types/validator.ts(1,919): error TS1127: Invalid character.
.next/dev/types/validator.ts(1,920): error TS1127: Invalid character.
.next/dev/types/validator.ts(1,921): error TS1127: Invalid character.
.next/dev/types/validator.ts(1,922): error TS1127: Invalid character.
.next/dev/types/validator.ts(1,923): error TS1127: Invalid character.
.next/dev/types/validator.ts(1,924): error TS1127: Invalid character.
.next/dev/types/validator.ts(1,925): error TS1127: Invalid character.
.next/dev/types/validator.ts(1,926): error TS1127: Invalid character.
.next/dev/types/validator.ts(1,927): error TS1127: Invalid character.
.next/dev/types/validator.ts(1,928): error TS1127: Invalid character.
.next/dev/types/validator.ts(1,929): error TS1127: Invalid character.
.next/dev/types/validator.ts(1,930): error TS1127: Invalid character.
.next/dev/types/validator.ts(1,931): error TS1127: Invalid character.
.next/dev/types/validator.ts(1,932): error TS1127: Invalid character.
.next/dev/types/validator.ts(1,933): error TS1127: Invalid character.
.next/dev/types/validator.ts(1,934): error TS1127: Invalid character.
.next/dev/types/validator.ts(1,935): error TS1127: Invalid character.
.next/dev/types/validator.ts(1,936): error TS1127: Invalid character.
.next/dev/types/validator.ts(1,937): error TS1127: Invalid character.
.next/dev/types/validator.ts(1,938): error TS1127: Invalid character.
.next/dev/types/validator.ts(1,939): error TS1127: Invalid character.
.next/dev/types/validator.ts(1,940): error TS1127: Invalid character.
.next/dev/types/validator.ts(1,941): error TS1127: Invalid character.
.next/dev/types/validator.ts(1,942): error TS1127: Invalid character.
.next/dev/types/validator.ts(1,943): error TS1127: Invalid character.
.next/dev/types/validator.ts(1,944): error TS1127: Invalid character.
.next/dev/types/validator.ts(1,945): error TS1127: Invalid character.
.next/dev/types/validator.ts(1,946): error TS1127: Invalid character.
.next/dev/types/validator.ts(1,947): error TS1127: Invalid character.
.next/dev/types/validator.ts(1,948): error TS1127: Invalid character.
.next/dev/types/validator.ts(1,949): error TS1127: Invalid character.
.next/dev/types/validator.ts(1,950): error TS1127: Invalid character.
.next/dev/types/validator.ts(1,951): error TS1127: Invalid character.
.next/dev/types/validator.ts(1,952): error TS1127: Invalid character.
.next/dev/types/validator.ts(1,953): error TS1127: Invalid character.
.next/dev/types/validator.ts(1,954): error TS1127: Invalid character.
.next/dev/types/validator.ts(1,955): error TS1127: Invalid character.
.next/dev/types/validator.ts(1,956): error TS1127: Invalid character.
.next/dev/types/validator.ts(1,957): error TS1127: Invalid character.
.next/dev/types/validator.ts(1,958): error TS1127: Invalid character.
.next/dev/types/validator.ts(1,959): error TS1127: Invalid character.
.next/dev/types/validator.ts(1,960): error TS1127: Invalid character.
.next/dev/types/validator.ts(1,961): error TS1127: Invalid character.
.next/dev/types/validator.ts(1,962): error TS1127: Invalid character.
.next/dev/types/validator.ts(1,963): error TS1127: Invalid character.
.next/dev/types/validator.ts(1,964): error TS1127: Invalid character.
.next/dev/types/validator.ts(1,965): error TS1127: Invalid character.
.next/dev/types/validator.ts(1,966): error TS1127: Invalid character.
.next/dev/types/validator.ts(1,967): error TS1127: Invalid character.
.next/dev/types/validator.ts(1,968): error TS1127: Invalid character.
.next/dev/types/validator.ts(1,969): error TS1127: Invalid character.
.next/dev/types/validator.ts(1,970): error TS1127: Invalid character.
.next/dev/types/validator.ts(1,971): error TS1127: Invalid character.
.next/dev/types/validator.ts(1,972): error TS1127: Invalid character.
.next/dev/types/validator.ts(1,973): error TS1127: Invalid character.
.next/dev/types/validator.ts(1,974): error TS1127: Invalid character.
.next/dev/types/validator.ts(1,975): error TS1127: Invalid character.
.next/dev/types/validator.ts(1,976): error TS1127: Invalid character.
.next/dev/types/validator.ts(1,977): error TS1127: Invalid character.
.next/dev/types/validator.ts(1,978): error TS1127: Invalid character.
.next/dev/types/validator.ts(1,979): error TS1127: Invalid character.
.next/dev/types/validator.ts(1,980): error TS1127: Invalid character.
.next/dev/types/validator.ts(1,981): error TS1127: Invalid character.
.next/dev/types/validator.ts(1,982): error TS1127: Invalid character.
.next/dev/types/validator.ts(1,983): error TS1127: Invalid character.
.next/dev/types/validator.ts(1,984): error TS1127: Invalid character.
.next/dev/types/validator.ts(1,985): error TS1127: Invalid character.
.next/dev/types/validator.ts(1,986): error TS1127: Invalid character.
.next/dev/types/validator.ts(1,987): error TS1127: Invalid character.
.next/dev/types/validator.ts(1,988): error TS1127: Invalid character.
.next/dev/types/validator.ts(1,989): error TS1127: Invalid character.
.next/dev/types/validator.ts(1,990): error TS1127: Invalid character.
.next/dev/types/validator.ts(1,991): error TS1127: Invalid character.
.next/dev/types/validator.ts(1,992): error TS1127: Invalid character.
.next/dev/types/validator.ts(1,993): error TS1127: Invalid character.
.next/dev/types/validator.ts(1,994): error TS1127: Invalid character.
.next/dev/types/validator.ts(1,995): error TS1127: Invalid character.
.next/dev/types/validator.ts(1,996): error TS1127: Invalid character.
.next/dev/types/validator.ts(1,997): error TS1127: Invalid character.
.next/dev/types/validator.ts(1,998): error TS1127: Invalid character.
.next/dev/types/validator.ts(1,999): error TS1127: Invalid character.
.next/dev/types/validator.ts(1,1000): error TS1127: Invalid character.
.next/dev/types/validator.ts(1,1001): error TS1127: Invalid character.
.next/dev/types/validator.ts(1,1002): error TS1127: Invalid character.
.next/dev/types/validator.ts(1,1003): error TS1127: Invalid character.
.next/dev/types/validator.ts(1,1004): error TS1127: Invalid character.
.next/dev/types/validator.ts(1,1005): error TS1127: Invalid character.
.next/dev/types/validator.ts(1,1006): error TS1127: Invalid character.
.next/dev/types/validator.ts(1,1007): error TS1127: Invalid character.
.next/dev/types/validator.ts(1,1008): error TS1127: Invalid character.
.next/dev/types/validator.ts(1,1009): error TS1127: Invalid character.
.next/dev/types/validator.ts(1,1010): error TS1127: Invalid character.
.next/dev/types/validator.ts(1,1011): error TS1127: Invalid character.
.next/dev/types/validator.ts(1,1012): error TS1127: Invalid character.
.next/dev/types/validator.ts(1,1013): error TS1127: Invalid character.
.next/dev/types/validator.ts(1,1014): error TS1127: Invalid character.
.next/dev/types/validator.ts(1,1015): error TS1127: Invalid character.
.next/dev/types/validator.ts(1,1016): error TS1127: Invalid character.
.next/dev/types/validator.ts(1,1017): error TS1127: Invalid character.
.next/dev/types/validator.ts(1,1018): error TS1127: Invalid character.
.next/dev/types/validator.ts(1,1019): error TS1127: Invalid character.
.next/dev/types/validator.ts(1,1020): error TS1127: Invalid character.
.next/dev/types/validator.ts(1,1021): error TS1127: Invalid character.
.next/dev/types/validator.ts(1,1022): error TS1127: Invalid character.
.next/dev/types/validator.ts(1,1023): error TS1127: Invalid character.
.next/dev/types/validator.ts(1,1024): error TS1127: Invalid character.
.next/dev/types/validator.ts(1,1025): error TS1127: Invalid character.
.next/dev/types/validator.ts(1,1026): error TS1127: Invalid character.
.next/dev/types/validator.ts(1,1027): error TS1127: Invalid character.
.next/dev/types/validator.ts(1,1028): error TS1127: Invalid character.
.next/dev/types/validator.ts(1,1029): error TS1127: Invalid character.
.next/dev/types/validator.ts(1,1030): error TS1127: Invalid character.
.next/dev/types/validator.ts(1,1031): error TS1127: Invalid character.
.next/dev/types/validator.ts(1,1032): error TS1127: Invalid character.
.next/dev/types/validator.ts(1,1033): error TS1127: Invalid character.
.next/dev/types/validator.ts(1,1034): error TS1127: Invalid character.
.next/dev/types/validator.ts(1,1035): error TS1127: Invalid character.
.next/dev/types/validator.ts(1,1036): error TS1127: Invalid character.
.next/dev/types/validator.ts(1,1037): error TS1127: Invalid character.
.next/dev/types/validator.ts(1,1038): error TS1127: Invalid character.
.next/dev/types/validator.ts(1,1039): error TS1127: Invalid character.
.next/dev/types/validator.ts(1,1040): error TS1127: Invalid character.
.next/dev/types/validator.ts(1,1041): error TS1127: Invalid character.
.next/dev/types/validator.ts(1,1042): error TS1127: Invalid character.
.next/dev/types/validator.ts(1,1043): error TS1127: Invalid character.
.next/dev/types/validator.ts(1,1044): error TS1127: Invalid character.
.next/dev/types/validator.ts(1,1045): error TS1127: Invalid character.
.next/dev/types/validator.ts(1,1046): error TS1127: Invalid character.
.next/dev/types/validator.ts(1,1047): error TS1127: Invalid character.
.next/dev/types/validator.ts(1,1048): error TS1127: Invalid character.
.next/dev/types/validator.ts(1,1049): error TS1127: Invalid character.
.next/dev/types/validator.ts(1,1050): error TS1127: Invalid character.
.next/dev/types/validator.ts(1,1051): error TS1127: Invalid character.
.next/dev/types/validator.ts(1,1052): error TS1127: Invalid character.
.next/dev/types/validator.ts(1,1053): error TS1127: Invalid character.
.next/dev/types/validator.ts(1,1054): error TS1127: Invalid character.
.next/dev/types/validator.ts(1,1055): error TS1127: Invalid character.
.next/dev/types/validator.ts(1,1056): error TS1127: Invalid character.
.next/dev/types/validator.ts(1,1057): error TS1127: Invalid character.
.next/dev/types/validator.ts(1,1058): error TS1127: Invalid character.
.next/dev/types/validator.ts(1,1059): error TS1127: Invalid character.
.next/dev/types/validator.ts(1,1060): error TS1127: Invalid character.
.next/dev/types/validator.ts(1,1061): error TS1127: Invalid character.
.next/dev/types/validator.ts(1,1062): error TS1127: Invalid character.
.next/dev/types/validator.ts(1,1063): error TS1127: Invalid character.
.next/dev/types/validator.ts(1,1064): error TS1127: Invalid character.
.next/dev/types/validator.ts(1,1065): error TS1127: Invalid character.
.next/dev/types/validator.ts(1,1066): error TS1127: Invalid character.
.next/dev/types/validator.ts(1,1067): error TS1127: Invalid character.
.next/dev/types/validator.ts(1,1068): error TS1127: Invalid character.
.next/dev/types/validator.ts(1,1069): error TS1127: Invalid character.
.next/dev/types/validator.ts(1,1070): error TS1127: Invalid character.
.next/dev/types/validator.ts(1,1071): error TS1127: Invalid character.
.next/dev/types/validator.ts(1,1072): error TS1127: Invalid character.
.next/dev/types/validator.ts(1,1073): error TS1127: Invalid character.
.next/dev/types/validator.ts(1,1074): error TS1127: Invalid character.
.next/dev/types/validator.ts(1,1075): error TS1127: Invalid character.
.next/dev/types/validator.ts(1,1076): error TS1127: Invalid character.
.next/dev/types/validator.ts(1,1077): error TS1127: Invalid character.
.next/dev/types/validator.ts(1,1078): error TS1127: Invalid character.
.next/dev/types/validator.ts(1,1079): error TS1127: Invalid character.
.next/dev/types/validator.ts(1,1080): error TS1127: Invalid character.
.next/dev/types/validator.ts(1,1081): error TS1127: Invalid character.
.next/dev/types/validator.ts(1,1082): error TS1127: Invalid character.
.next/dev/types/validator.ts(1,1083): error TS1127: Invalid character.
.next/dev/types/validator.ts(1,1084): error TS1127: Invalid character.
.next/dev/types/validator.ts(1,1085): error TS1127: Invalid character.
.next/dev/types/validator.ts(1,1086): error TS1127: Invalid character.
.next/dev/types/validator.ts(1,1087): error TS1127: Invalid character.
.next/dev/types/validator.ts(1,1088): error TS1127: Invalid character.
.next/dev/types/validator.ts(1,1089): error TS1127: Invalid character.
.next/dev/types/validator.ts(1,1090): error TS1127: Invalid character.
.next/dev/types/validator.ts(1,1091): error TS1127: Invalid character.
.next/dev/types/validator.ts(1,1092): error TS1127: Invalid character.
.next/dev/types/validator.ts(1,1093): error TS1127: Invalid character.
.next/dev/types/validator.ts(1,1094): error TS1127: Invalid character.
.next/dev/types/validator.ts(1,1095): error TS1127: Invalid character.
.next/dev/types/validator.ts(1,1096): error TS1127: Invalid character.
.next/dev/types/validator.ts(1,1097): error TS1127: Invalid character.
.next/dev/types/validator.ts(1,1098): error TS1127: Invalid character.
.next/dev/types/validator.ts(1,1099): error TS1127: Invalid character.
.next/dev/types/validator.ts(1,1100): error TS1127: Invalid character.
.next/dev/types/validator.ts(1,1101): error TS1127: Invalid character.
.next/dev/types/validator.ts(1,1102): error TS1127: Invalid character.
.next/dev/types/validator.ts(1,1103): error TS1127: Invalid character.
.next/dev/types/validator.ts(1,1104): error TS1127: Invalid character.
.next/dev/types/validator.ts(1,1105): error TS1127: Invalid character.
.next/dev/types/validator.ts(1,1106): error TS1127: Invalid character.
.next/dev/types/validator.ts(1,1107): error TS1127: Invalid character.
.next/dev/types/validator.ts(1,1108): error TS1127: Invalid character.
.next/dev/types/validator.ts(1,1109): error TS1127: Invalid character.
.next/dev/types/validator.ts(1,1110): error TS1127: Invalid character.
.next/dev/types/validator.ts(1,1111): error TS1127: Invalid character.
.next/dev/types/validator.ts(1,1112): error TS1127: Invalid character.
.next/dev/types/validator.ts(1,1113): error TS1127: Invalid character.
.next/dev/types/validator.ts(1,1114): error TS1127: Invalid character.
.next/dev/types/validator.ts(1,1115): error TS1127: Invalid character.
.next/dev/types/validator.ts(1,1116): error TS1127: Invalid character.
.next/dev/types/validator.ts(1,1117): error TS1127: Invalid character.
.next/dev/types/validator.ts(1,1118): error TS1127: Invalid character.
.next/dev/types/validator.ts(1,1119): error TS1127: Invalid character.
.next/dev/types/validator.ts(1,1120): error TS1127: Invalid character.
.next/dev/types/validator.ts(1,1121): error TS1127: Invalid character.
.next/dev/types/validator.ts(1,1122): error TS1127: Invalid character.
.next/dev/types/validator.ts(1,1123): error TS1127: Invalid character.
.next/dev/types/validator.ts(1,1124): error TS1127: Invalid character.
.next/dev/types/validator.ts(1,1125): error TS1127: Invalid character.
.next/dev/types/validator.ts(1,1126): error TS1127: Invalid character.
.next/dev/types/validator.ts(1,1127): error TS1127: Invalid character.
.next/dev/types/validator.ts(1,1128): error TS1127: Invalid character.
.next/dev/types/validator.ts(1,1129): error TS1127: Invalid character.
.next/dev/types/validator.ts(1,1130): error TS1127: Invalid character.
.next/dev/types/validator.ts(1,1131): error TS1127: Invalid character.
.next/dev/types/validator.ts(1,1132): error TS1127: Invalid character.
.next/dev/types/validator.ts(1,1133): error TS1127: Invalid character.
.next/dev/types/validator.ts(1,1134): error TS1127: Invalid character.
.next/dev/types/validator.ts(1,1135): error TS1127: Invalid character.
.next/dev/types/validator.ts(1,1136): error TS1127: Invalid character.
.next/dev/types/validator.ts(1,1137): error TS1127: Invalid character.
.next/dev/types/validator.ts(1,1138): error TS1127: Invalid character.
.next/dev/types/validator.ts(1,1139): error TS1127: Invalid character.
.next/dev/types/validator.ts(1,1140): error TS1127: Invalid character.
.next/dev/types/validator.ts(1,1141): error TS1127: Invalid character.
.next/dev/types/validator.ts(1,1142): error TS1127: Invalid character.
.next/dev/types/validator.ts(1,1143): error TS1127: Invalid character.
.next/dev/types/validator.ts(1,1144): error TS1127: Invalid character.
.next/dev/types/validator.ts(1,1145): error TS1127: Invalid character.
.next/dev/types/validator.ts(1,1146): error TS1127: Invalid character.
.next/dev/types/validator.ts(1,1147): error TS1127: Invalid character.
.next/dev/types/validator.ts(1,1148): error TS1127: Invalid character.
.next/dev/types/validator.ts(1,1149): error TS1127: Invalid character.
.next/dev/types/validator.ts(1,1150): error TS1127: Invalid character.
.next/dev/types/validator.ts(1,1151): error TS1127: Invalid character.
.next/dev/types/validator.ts(1,1152): error TS1127: Invalid character.
.next/dev/types/validator.ts(1,1153): error TS1127: Invalid character.
.next/dev/types/validator.ts(1,1154): error TS1127: Invalid character.
.next/dev/types/validator.ts(1,1155): error TS1127: Invalid character.
.next/dev/types/validator.ts(1,1156): error TS1127: Invalid character.
.next/dev/types/validator.ts(1,1157): error TS1127: Invalid character.
.next/dev/types/validator.ts(1,1158): error TS1127: Invalid character.
.next/dev/types/validator.ts(1,1159): error TS1127: Invalid character.
.next/dev/types/validator.ts(1,1160): error TS1127: Invalid character.
.next/dev/types/validator.ts(1,1161): error TS1127: Invalid character.
.next/dev/types/validator.ts(1,1162): error TS1127: Invalid character.
.next/dev/types/validator.ts(1,1163): error TS1127: Invalid character.
.next/dev/types/validator.ts(1,1164): error TS1127: Invalid character.
.next/dev/types/validator.ts(1,1165): error TS1127: Invalid character.
.next/dev/types/validator.ts(1,1166): error TS1127: Invalid character.
.next/dev/types/validator.ts(1,1167): error TS1127: Invalid character.
.next/dev/types/validator.ts(1,1168): error TS1127: Invalid character.
.next/dev/types/validator.ts(1,1169): error TS1127: Invalid character.
.next/dev/types/validator.ts(1,1170): error TS1127: Invalid character.
.next/dev/types/validator.ts(1,1171): error TS1127: Invalid character.
.next/dev/types/validator.ts(1,1172): error TS1127: Invalid character.
.next/dev/types/validator.ts(1,1173): error TS1127: Invalid character.
.next/dev/types/validator.ts(1,1174): error TS1127: Invalid character.
.next/dev/types/validator.ts(1,1175): error TS1127: Invalid character.
.next/dev/types/validator.ts(1,1176): error TS1127: Invalid character.
.next/dev/types/validator.ts(1,1177): error TS1127: Invalid character.
.next/dev/types/validator.ts(1,1178): error TS1127: Invalid character.
.next/dev/types/validator.ts(1,1179): error TS1127: Invalid character.
.next/dev/types/validator.ts(1,1180): error TS1127: Invalid character.
.next/dev/types/validator.ts(1,1181): error TS1127: Invalid character.
.next/dev/types/validator.ts(1,1182): error TS1127: Invalid character.
.next/dev/types/validator.ts(1,1183): error TS1127: Invalid character.
.next/dev/types/validator.ts(1,1184): error TS1127: Invalid character.
.next/dev/types/validator.ts(1,1185): error TS1127: Invalid character.
.next/dev/types/validator.ts(1,1186): error TS1127: Invalid character.
.next/dev/types/validator.ts(1,1187): error TS1127: Invalid character.
.next/dev/types/validator.ts(1,1188): error TS1127: Invalid character.
.next/dev/types/validator.ts(1,1189): error TS1127: Invalid character.
.next/dev/types/validator.ts(1,1190): error TS1127: Invalid character.
.next/dev/types/validator.ts(1,1191): error TS1127: Invalid character.
.next/dev/types/validator.ts(1,1192): error TS1127: Invalid character.
.next/dev/types/validator.ts(1,1193): error TS1127: Invalid character.
.next/dev/types/validator.ts(1,1194): error TS1127: Invalid character.
.next/dev/types/validator.ts(1,1195): error TS1127: Invalid character.
.next/dev/types/validator.ts(1,1196): error TS1127: Invalid character.
.next/dev/types/validator.ts(1,1197): error TS1127: Invalid character.
.next/dev/types/validator.ts(1,1198): error TS1127: Invalid character.
.next/dev/types/validator.ts(1,1199): error TS1127: Invalid character.
.next/dev/types/validator.ts(1,1200): error TS1127: Invalid character.
.next/dev/types/validator.ts(1,1201): error TS1127: Invalid character.
.next/dev/types/validator.ts(1,1202): error TS1127: Invalid character.
.next/dev/types/validator.ts(1,1203): error TS1127: Invalid character.
.next/dev/types/validator.ts(1,1204): error TS1127: Invalid character.
.next/dev/types/validator.ts(1,1205): error TS1127: Invalid character.
.next/dev/types/validator.ts(1,1206): error TS1127: Invalid character.
.next/dev/types/validator.ts(1,1207): error TS1127: Invalid character.
.next/dev/types/validator.ts(1,1208): error TS1127: Invalid character.
.next/dev/types/validator.ts(1,1209): error TS1127: Invalid character.
.next/dev/types/validator.ts(1,1210): error TS1127: Invalid character.
.next/dev/types/validator.ts(1,1211): error TS1127: Invalid character.
.next/dev/types/validator.ts(1,1212): error TS1127: Invalid character.
.next/dev/types/validator.ts(1,1213): error TS1127: Invalid character.
.next/dev/types/validator.ts(1,1214): error TS1127: Invalid character.
.next/dev/types/validator.ts(1,1215): error TS1127: Invalid character.
.next/dev/types/validator.ts(1,1216): error TS1127: Invalid character.
.next/dev/types/validator.ts(1,1217): error TS1127: Invalid character.
.next/dev/types/validator.ts(1,1218): error TS1127: Invalid character.
.next/dev/types/validator.ts(1,1219): error TS1127: Invalid character.
.next/dev/types/validator.ts(1,1220): error TS1127: Invalid character.
.next/dev/types/validator.ts(1,1221): error TS1127: Invalid character.
.next/dev/types/validator.ts(1,1222): error TS1127: Invalid character.
.next/dev/types/validator.ts(1,1223): error TS1127: Invalid character.
.next/dev/types/validator.ts(1,1224): error TS1127: Invalid character.
.next/dev/types/validator.ts(1,1225): error TS1127: Invalid character.
.next/dev/types/validator.ts(1,1226): error TS1127: Invalid character.
.next/dev/types/validator.ts(1,1227): error TS1127: Invalid character.
.next/dev/types/validator.ts(1,1228): error TS1127: Invalid character.
.next/dev/types/validator.ts(1,1229): error TS1127: Invalid character.
.next/dev/types/validator.ts(1,1230): error TS1127: Invalid character.
.next/dev/types/validator.ts(1,1231): error TS1127: Invalid character.
.next/dev/types/validator.ts(1,1232): error TS1127: Invalid character.
.next/dev/types/validator.ts(1,1233): error TS1127: Invalid character.
.next/dev/types/validator.ts(1,1234): error TS1127: Invalid character.
.next/dev/types/validator.ts(1,1235): error TS1127: Invalid character.
.next/dev/types/validator.ts(1,1236): error TS1127: Invalid character.
.next/dev/types/validator.ts(1,1237): error TS1127: Invalid character.
.next/dev/types/validator.ts(1,1238): error TS1127: Invalid character.
.next/dev/types/validator.ts(1,1239): error TS1127: Invalid character.
.next/dev/types/validator.ts(1,1240): error TS1127: Invalid character.
.next/dev/types/validator.ts(1,1241): error TS1127: Invalid character.
.next/dev/types/validator.ts(1,1242): error TS1127: Invalid character.
.next/dev/types/validator.ts(1,1243): error TS1127: Invalid character.
.next/dev/types/validator.ts(1,1244): error TS1127: Invalid character.
.next/dev/types/validator.ts(1,1245): error TS1127: Invalid character.
.next/dev/types/validator.ts(1,1246): error TS1127: Invalid character.
.next/dev/types/validator.ts(1,1247): error TS1127: Invalid character.
.next/dev/types/validator.ts(1,1248): error TS1127: Invalid character.
.next/dev/types/validator.ts(1,1249): error TS1127: Invalid character.
.next/dev/types/validator.ts(1,1250): error TS1127: Invalid character.
.next/dev/types/validator.ts(1,1251): error TS1127: Invalid character.
.next/dev/types/validator.ts(1,1252): error TS1127: Invalid character.
.next/dev/types/validator.ts(1,1253): error TS1127: Invalid character.
.next/dev/types/validator.ts(1,1254): error TS1127: Invalid character.
.next/dev/types/validator.ts(1,1255): error TS1127: Invalid character.
.next/dev/types/validator.ts(1,1256): error TS1127: Invalid character.
.next/dev/types/validator.ts(1,1257): error TS1127: Invalid character.
.next/dev/types/validator.ts(1,1258): error TS1127: Invalid character.
.next/dev/types/validator.ts(1,1259): error TS1127: Invalid character.
.next/dev/types/validator.ts(1,1260): error TS1127: Invalid character.
.next/dev/types/validator.ts(1,1261): error TS1127: Invalid character.
.next/dev/types/validator.ts(1,1262): error TS1127: Invalid character.
.next/dev/types/validator.ts(1,1263): error TS1127: Invalid character.
.next/dev/types/validator.ts(1,1264): error TS1127: Invalid character.
.next/dev/types/validator.ts(1,1265): error TS1127: Invalid character.
.next/dev/types/validator.ts(1,1266): error TS1127: Invalid character.
.next/dev/types/validator.ts(1,1267): error TS1127: Invalid character.
.next/dev/types/validator.ts(1,1268): error TS1127: Invalid character.
.next/dev/types/validator.ts(1,1269): error TS1127: Invalid character.
.next/dev/types/validator.ts(1,1270): error TS1127: Invalid character.
.next/dev/types/validator.ts(1,1271): error TS1127: Invalid character.
.next/dev/types/validator.ts(1,1272): error TS1127: Invalid character.
.next/dev/types/validator.ts(1,1273): error TS1127: Invalid character.
.next/dev/types/validator.ts(1,1274): error TS1127: Invalid character.
.next/dev/types/validator.ts(1,1275): error TS1127: Invalid character.
.next/dev/types/validator.ts(1,1276): error TS1127: Invalid character.
.next/dev/types/validator.ts(1,1277): error TS1127: Invalid character.
.next/dev/types/validator.ts(1,1278): error TS1127: Invalid character.
.next/dev/types/validator.ts(1,1279): error TS1127: Invalid character.
.next/dev/types/validator.ts(1,1280): error TS1127: Invalid character.
.next/dev/types/validator.ts(1,1281): error TS1127: Invalid character.
.next/dev/types/validator.ts(1,1282): error TS1127: Invalid character.
.next/dev/types/validator.ts(1,1283): error TS1127: Invalid character.
.next/dev/types/validator.ts(1,1284): error TS1127: Invalid character.
.next/dev/types/validator.ts(1,1285): error TS1127: Invalid character.
.next/dev/types/validator.ts(1,1286): error TS1127: Invalid character.
.next/dev/types/validator.ts(1,1287): error TS1127: Invalid character.
.next/dev/types/validator.ts(1,1288): error TS1127: Invalid character.
.next/dev/types/validator.ts(1,1289): error TS1127: Invalid character.
.next/dev/types/validator.ts(1,1290): error TS1127: Invalid character.
.next/dev/types/validator.ts(1,1291): error TS1127: Invalid character.
.next/dev/types/validator.ts(1,1292): error TS1127: Invalid character.
.next/dev/types/validator.ts(1,1293): error TS1127: Invalid character.
.next/dev/types/validator.ts(1,1294): error TS1127: Invalid character.
.next/dev/types/validator.ts(1,1295): error TS1127: Invalid character.
.next/dev/types/validator.ts(1,1296): error TS1127: Invalid character.
.next/dev/types/validator.ts(1,1297): error TS1127: Invalid character.
.next/dev/types/validator.ts(1,1298): error TS1127: Invalid character.
.next/dev/types/validator.ts(1,1299): error TS1127: Invalid character.
.next/dev/types/validator.ts(1,1300): error TS1127: Invalid character.
.next/dev/types/validator.ts(1,1301): error TS1127: Invalid character.
.next/dev/types/validator.ts(1,1302): error TS1127: Invalid character.
.next/dev/types/validator.ts(1,1303): error TS1127: Invalid character.
.next/dev/types/validator.ts(1,1304): error TS1127: Invalid character.
.next/dev/types/validator.ts(1,1305): error TS1127: Invalid character.
.next/dev/types/validator.ts(1,1306): error TS1127: Invalid character.
.next/dev/types/validator.ts(1,1307): error TS1127: Invalid character.
.next/dev/types/validator.ts(1,1308): error TS1127: Invalid character.
.next/dev/types/validator.ts(1,1309): error TS1127: Invalid character.
.next/dev/types/validator.ts(1,1310): error TS1127: Invalid character.
.next/dev/types/validator.ts(1,1311): error TS1127: Invalid character.
.next/dev/types/validator.ts(1,1312): error TS1127: Invalid character.
.next/dev/types/validator.ts(1,1313): error TS1127: Invalid character.
.next/dev/types/validator.ts(1,1314): error TS1127: Invalid character.
.next/dev/types/validator.ts(1,1315): error TS1127: Invalid character.
.next/dev/types/validator.ts(1,1316): error TS1127: Invalid character.
.next/dev/types/validator.ts(1,1317): error TS1127: Invalid character.
.next/dev/types/validator.ts(1,1318): error TS1127: Invalid character.
.next/dev/types/validator.ts(1,1319): error TS1127: Invalid character.
.next/dev/types/validator.ts(1,1320): error TS1127: Invalid character.
.next/dev/types/validator.ts(1,1321): error TS1127: Invalid character.
.next/dev/types/validator.ts(1,1322): error TS1127: Invalid character.
.next/dev/types/validator.ts(1,1323): error TS1127: Invalid character.
.next/dev/types/validator.ts(1,1324): error TS1127: Invalid character.
.next/dev/types/validator.ts(1,1325): error TS1127: Invalid character.
.next/dev/types/validator.ts(1,1326): error TS1127: Invalid character.
.next/dev/types/validator.ts(1,1327): error TS1127: Invalid character.
.next/dev/types/validator.ts(1,1328): error TS1127: Invalid character.
.next/dev/types/validator.ts(1,1329): error TS1127: Invalid character.
.next/dev/types/validator.ts(1,1330): error TS1127: Invalid character.
.next/dev/types/validator.ts(1,1331): error TS1127: Invalid character.
.next/dev/types/validator.ts(1,1332): error TS1127: Invalid character.
.next/dev/types/validator.ts(1,1333): error TS1127: Invalid character.
.next/dev/types/validator.ts(1,1334): error TS1127: Invalid character.
.next/dev/types/validator.ts(1,1335): error TS1127: Invalid character.
.next/dev/types/validator.ts(1,1336): error TS1127: Invalid character.
.next/dev/types/validator.ts(1,1337): error TS1127: Invalid character.
.next/dev/types/validator.ts(1,1338): error TS1127: Invalid character.
.next/dev/types/validator.ts(1,1339): error TS1127: Invalid character.
.next/dev/types/validator.ts(1,1340): error TS1127: Invalid character.
.next/dev/types/validator.ts(1,1341): error TS1127: Invalid character.
.next/dev/types/validator.ts(1,1342): error TS1127: Invalid character.
.next/dev/types/validator.ts(1,1343): error TS1127: Invalid character.
.next/dev/types/validator.ts(1,1344): error TS1127: Invalid character.
.next/dev/types/validator.ts(1,1345): error TS1127: Invalid character.
.next/dev/types/validator.ts(1,1346): error TS1127: Invalid character.
.next/dev/types/validator.ts(1,1347): error TS1127: Invalid character.
.next/dev/types/validator.ts(1,1348): error TS1127: Invalid character.
.next/dev/types/validator.ts(1,1349): error TS1127: Invalid character.
.next/dev/types/validator.ts(1,1350): error TS1127: Invalid character.
.next/dev/types/validator.ts(1,1351): error TS1127: Invalid character.
.next/dev/types/validator.ts(1,1352): error TS1127: Invalid character.
.next/dev/types/validator.ts(1,1353): error TS1127: Invalid character.
.next/dev/types/validator.ts(1,1354): error TS1127: Invalid character.
.next/dev/types/validator.ts(1,1355): error TS1127: Invalid character.
.next/dev/types/validator.ts(1,1356): error TS1127: Invalid character.
.next/dev/types/validator.ts(1,1357): error TS1127: Invalid character.
.next/dev/types/validator.ts(1,1358): error TS1127: Invalid character.
.next/dev/types/validator.ts(1,1359): error TS1127: Invalid character.
.next/dev/types/validator.ts(1,1360): error TS1127: Invalid character.
.next/dev/types/validator.ts(1,1361): error TS1127: Invalid character.
.next/dev/types/validator.ts(1,1362): error TS1127: Invalid character.
.next/dev/types/validator.ts(1,1363): error TS1127: Invalid character.
.next/dev/types/validator.ts(1,1364): error TS1127: Invalid character.
.next/dev/types/validator.ts(1,1365): error TS1127: Invalid character.
.next/dev/types/validator.ts(1,1366): error TS1127: Invalid character.
.next/dev/types/validator.ts(1,1367): error TS1127: Invalid character.
.next/dev/types/validator.ts(1,1368): error TS1127: Invalid character.
.next/dev/types/validator.ts(1,1369): error TS1127: Invalid character.
.next/dev/types/validator.ts(1,1370): error TS1127: Invalid character.
.next/dev/types/validator.ts(1,1371): error TS1127: Invalid character.
.next/dev/types/validator.ts(1,1372): error TS1127: Invalid character.
.next/dev/types/validator.ts(1,1373): error TS1127: Invalid character.
.next/dev/types/validator.ts(1,1374): error TS1127: Invalid character.
.next/dev/types/validator.ts(1,1375): error TS1127: Invalid character.
.next/dev/types/validator.ts(1,1376): error TS1127: Invalid character.
.next/dev/types/validator.ts(1,1377): error TS1127: Invalid character.
.next/dev/types/validator.ts(1,1378): error TS1127: Invalid character.
.next/dev/types/validator.ts(1,1379): error TS1127: Invalid character.
.next/dev/types/validator.ts(1,1380): error TS1127: Invalid character.
.next/dev/types/validator.ts(1,1381): error TS1127: Invalid character.
.next/dev/types/validator.ts(1,1382): error TS1127: Invalid character.
.next/dev/types/validator.ts(1,1383): error TS1127: Invalid character.
.next/dev/types/validator.ts(1,1384): error TS1127: Invalid character.
.next/dev/types/validator.ts(1,1385): error TS1127: Invalid character.
.next/dev/types/validator.ts(1,1386): error TS1127: Invalid character.
.next/dev/types/validator.ts(1,1387): error TS1127: Invalid character.
.next/dev/types/validator.ts(1,1388): error TS1127: Invalid character.
.next/dev/types/validator.ts(1,1389): error TS1127: Invalid character.
.next/dev/types/validator.ts(1,1390): error TS1127: Invalid character.
.next/dev/types/validator.ts(1,1391): error TS1127: Invalid character.
.next/dev/types/validator.ts(1,1392): error TS1127: Invalid character.
.next/dev/types/validator.ts(1,1393): error TS1127: Invalid character.
.next/dev/types/validator.ts(1,1394): error TS1127: Invalid character.
.next/dev/types/validator.ts(1,1395): error TS1127: Invalid character.
.next/dev/types/validator.ts(1,1396): error TS1127: Invalid character.
.next/dev/types/validator.ts(1,1397): error TS1127: Invalid character.
.next/dev/types/validator.ts(1,1398): error TS1127: Invalid character.
.next/dev/types/validator.ts(1,1399): error TS1127: Invalid character.
.next/dev/types/validator.ts(1,1400): error TS1127: Invalid character.
.next/dev/types/validator.ts(1,1401): error TS1127: Invalid character.
.next/dev/types/validator.ts(1,1402): error TS1127: Invalid character.
.next/dev/types/validator.ts(1,1403): error TS1127: Invalid character.
.next/dev/types/validator.ts(1,1404): error TS1127: Invalid character.
.next/dev/types/validator.ts(1,1405): error TS1127: Invalid character.
.next/dev/types/validator.ts(1,1406): error TS1127: Invalid character.
.next/dev/types/validator.ts(1,1407): error TS1127: Invalid character.
.next/dev/types/validator.ts(1,1408): error TS1127: Invalid character.
.next/dev/types/validator.ts(1,1409): error TS1127: Invalid character.
.next/dev/types/validator.ts(1,1410): error TS1127: Invalid character.
.next/dev/types/validator.ts(1,1411): error TS1127: Invalid character.
.next/dev/types/validator.ts(1,1412): error TS1127: Invalid character.
.next/dev/types/validator.ts(1,1413): error TS1127: Invalid character.
.next/dev/types/validator.ts(1,1414): error TS1127: Invalid character.
.next/dev/types/validator.ts(1,1415): error TS1127: Invalid character.
.next/dev/types/validator.ts(1,1416): error TS1127: Invalid character.
.next/dev/types/validator.ts(1,1417): error TS1127: Invalid character.
.next/dev/types/validator.ts(1,1418): error TS1127: Invalid character.
.next/dev/types/validator.ts(1,1419): error TS1127: Invalid character.
.next/dev/types/validator.ts(1,1420): error TS1127: Invalid character.
.next/dev/types/validator.ts(1,1421): error TS1127: Invalid character.
.next/dev/types/validator.ts(1,1422): error TS1127: Invalid character.
.next/dev/types/validator.ts(1,1423): error TS1127: Invalid character.
.next/dev/types/validator.ts(1,1424): error TS1127: Invalid character.
.next/dev/types/validator.ts(1,1425): error TS1127: Invalid character.
.next/dev/types/validator.ts(1,1426): error TS1127: Invalid character.
.next/dev/types/validator.ts(1,1427): error TS1127: Invalid character.
.next/dev/types/validator.ts(1,1428): error TS1127: Invalid character.
.next/dev/types/validator.ts(1,1429): error TS1127: Invalid character.
.next/dev/types/validator.ts(1,1430): error TS1127: Invalid character.
.next/dev/types/validator.ts(1,1431): error TS1127: Invalid character.
.next/dev/types/validator.ts(1,1432): error TS1127: Invalid character.
.next/dev/types/validator.ts(1,1433): error TS1127: Invalid character.
.next/dev/types/validator.ts(1,1434): error TS1127: Invalid character.
.next/dev/types/validator.ts(1,1435): error TS1127: Invalid character.
.next/dev/types/validator.ts(1,1436): error TS1127: Invalid character.
.next/dev/types/validator.ts(1,1437): error TS1127: Invalid character.
.next/dev/types/validator.ts(1,1438): error TS1127: Invalid character.
.next/dev/types/validator.ts(1,1439): error TS1127: Invalid character.
.next/dev/types/validator.ts(1,1440): error TS1127: Invalid character.
.next/dev/types/validator.ts(1,1441): error TS1127: Invalid character.
.next/dev/types/validator.ts(1,1442): error TS1127: Invalid character.
.next/dev/types/validator.ts(1,1443): error TS1127: Invalid character.
.next/dev/types/validator.ts(1,1444): error TS1127: Invalid character.
.next/dev/types/validator.ts(1,1445): error TS1127: Invalid character.
.next/dev/types/validator.ts(1,1446): error TS1127: Invalid character.
.next/dev/types/validator.ts(1,1447): error TS1127: Invalid character.
.next/dev/types/validator.ts(1,1448): error TS1127: Invalid character.
.next/dev/types/validator.ts(1,1449): error TS1127: Invalid character.
.next/dev/types/validator.ts(1,1450): error TS1127: Invalid character.
.next/dev/types/validator.ts(1,1451): error TS1127: Invalid character.
.next/dev/types/validator.ts(1,1452): error TS1127: Invalid character.
.next/dev/types/validator.ts(1,1453): error TS1127: Invalid character.
.next/dev/types/validator.ts(1,1454): error TS1127: Invalid character.
.next/dev/types/validator.ts(1,1455): error TS1127: Invalid character.
.next/dev/types/validator.ts(1,1456): error TS1127: Invalid character.
.next/dev/types/validator.ts(1,1457): error TS1127: Invalid character.
.next/dev/types/validator.ts(1,1458): error TS1127: Invalid character.
.next/dev/types/validator.ts(1,1459): error TS1127: Invalid character.
.next/dev/types/validator.ts(1,1460): error TS1127: Invalid character.
.next/dev/types/validator.ts(1,1461): error TS1127: Invalid character.
.next/dev/types/validator.ts(1,1462): error TS1127: Invalid character.
.next/dev/types/validator.ts(1,1463): error TS1127: Invalid character.
.next/dev/types/validator.ts(1,1464): error TS1127: Invalid character.
.next/dev/types/validator.ts(1,1465): error TS1127: Invalid character.
.next/dev/types/validator.ts(1,1466): error TS1127: Invalid character.
.next/dev/types/validator.ts(1,1467): error TS1127: Invalid character.
.next/dev/types/validator.ts(1,1468): error TS1127: Invalid character.
.next/dev/types/validator.ts(1,1469): error TS1127: Invalid character.
.next/dev/types/validator.ts(1,1470): error TS1127: Invalid character.
.next/dev/types/validator.ts(1,1471): error TS1127: Invalid character.
.next/dev/types/validator.ts(1,1472): error TS1127: Invalid character.
.next/dev/types/validator.ts(1,1473): error TS1127: Invalid character.
.next/dev/types/validator.ts(1,1474): error TS1127: Invalid character.
.next/dev/types/validator.ts(1,1475): error TS1127: Invalid character.
.next/dev/types/validator.ts(1,1476): error TS1127: Invalid character.
.next/dev/types/validator.ts(1,1477): error TS1127: Invalid character.
.next/dev/types/validator.ts(1,1478): error TS1127: Invalid character.
.next/dev/types/validator.ts(1,1479): error TS1127: Invalid character.
.next/dev/types/validator.ts(1,1480): error TS1127: Invalid character.
.next/dev/types/validator.ts(1,1481): error TS1127: Invalid character.
.next/dev/types/validator.ts(1,1482): error TS1127: Invalid character.
.next/dev/types/validator.ts(1,1483): error TS1127: Invalid character.
.next/dev/types/validator.ts(1,1484): error TS1127: Invalid character.
.next/dev/types/validator.ts(1,1485): error TS1127: Invalid character.
.next/dev/types/validator.ts(1,1486): error TS1127: Invalid character.
.next/dev/types/validator.ts(1,1487): error TS1127: Invalid character.
.next/dev/types/validator.ts(1,1488): error TS1127: Invalid character.
.next/dev/types/validator.ts(1,1489): error TS1127: Invalid character.
.next/dev/types/validator.ts(1,1490): error TS1127: Invalid character.
.next/dev/types/validator.ts(1,1491): error TS1127: Invalid character.
.next/dev/types/validator.ts(1,1492): error TS1127: Invalid character.
.next/dev/types/validator.ts(1,1493): error TS1127: Invalid character.
.next/dev/types/validator.ts(1,1494): error TS1127: Invalid character.
.next/dev/types/validator.ts(1,1495): error TS1127: Invalid character.
.next/dev/types/validator.ts(1,1496): error TS1127: Invalid character.
.next/dev/types/validator.ts(1,1497): error TS1127: Invalid character.
.next/dev/types/validator.ts(1,1498): error TS1127: Invalid character.
.next/dev/types/validator.ts(1,1499): error TS1127: Invalid character.
.next/dev/types/validator.ts(1,1500): error TS1127: Invalid character.
.next/dev/types/validator.ts(1,1501): error TS1127: Invalid character.
.next/dev/types/validator.ts(1,1502): error TS1127: Invalid character.
.next/dev/types/validator.ts(1,1503): error TS1127: Invalid character.
.next/dev/types/validator.ts(1,1504): error TS1127: Invalid character.
.next/dev/types/validator.ts(1,1505): error TS1127: Invalid character.
.next/dev/types/validator.ts(1,1506): error TS1127: Invalid character.
.next/dev/types/validator.ts(1,1507): error TS1127: Invalid character.
.next/dev/types/validator.ts(1,1508): error TS1127: Invalid character.
.next/dev/types/validator.ts(1,1509): error TS1127: Invalid character.
.next/dev/types/validator.ts(1,1510): error TS1127: Invalid character.
.next/dev/types/validator.ts(1,1511): error TS1127: Invalid character.
.next/dev/types/validator.ts(1,1512): error TS1127: Invalid character.
.next/dev/types/validator.ts(1,1513): error TS1127: Invalid character.
.next/dev/types/validator.ts(1,1514): error TS1127: Invalid character.
.next/dev/types/validator.ts(1,1515): error TS1127: Invalid character.
.next/dev/types/validator.ts(1,1516): error TS1127: Invalid character.
.next/dev/types/validator.ts(1,1517): error TS1127: Invalid character.
.next/dev/types/validator.ts(1,1518): error TS1127: Invalid character.
.next/dev/types/validator.ts(1,1519): error TS1127: Invalid character.
.next/dev/types/validator.ts(1,1520): error TS1127: Invalid character.
.next/dev/types/validator.ts(1,1521): error TS1127: Invalid character.
.next/dev/types/validator.ts(1,1522): error TS1127: Invalid character.
.next/dev/types/validator.ts(1,1523): error TS1127: Invalid character.
.next/dev/types/validator.ts(1,1524): error TS1127: Invalid character.
.next/dev/types/validator.ts(1,1525): error TS1127: Invalid character.
.next/dev/types/validator.ts(1,1526): error TS1127: Invalid character.
.next/dev/types/validator.ts(1,1527): error TS1127: Invalid character.
.next/dev/types/validator.ts(1,1528): error TS1127: Invalid character.
.next/dev/types/validator.ts(1,1529): error TS1127: Invalid character.
.next/dev/types/validator.ts(1,1530): error TS1127: Invalid character.
.next/dev/types/validator.ts(1,1531): error TS1127: Invalid character.
.next/dev/types/validator.ts(1,1532): error TS1127: Invalid character.
.next/dev/types/validator.ts(1,1533): error TS1127: Invalid character.
.next/dev/types/validator.ts(1,1534): error TS1127: Invalid character.
.next/dev/types/validator.ts(1,1535): error TS1127: Invalid character.
.next/dev/types/validator.ts(1,1536): error TS1127: Invalid character.
.next/dev/types/validator.ts(1,1537): error TS1127: Invalid character.
.next/dev/types/validator.ts(1,1538): error TS1127: Invalid character.
.next/dev/types/validator.ts(1,1539): error TS1127: Invalid character.
.next/dev/types/validator.ts(1,1540): error TS1127: Invalid character.
.next/dev/types/validator.ts(1,1541): error TS1127: Invalid character.
.next/dev/types/validator.ts(1,1542): error TS1127: Invalid character.
.next/dev/types/validator.ts(1,1543): error TS1127: Invalid character.
.next/dev/types/validator.ts(1,1544): error TS1127: Invalid character.
.next/dev/types/validator.ts(1,1545): error TS1127: Invalid character.
.next/dev/types/validator.ts(1,1546): error TS1127: Invalid character.
.next/dev/types/validator.ts(1,1547): error TS1127: Invalid character.
.next/dev/types/validator.ts(1,1548): error TS1127: Invalid character.
.next/dev/types/validator.ts(1,1549): error TS1127: Invalid character.
.next/dev/types/validator.ts(1,1550): error TS1127: Invalid character.
.next/dev/types/validator.ts(1,1551): error TS1127: Invalid character.
.next/dev/types/validator.ts(1,1552): error TS1127: Invalid character.
.next/dev/types/validator.ts(1,1553): error TS1127: Invalid character.
.next/dev/types/validator.ts(1,1554): error TS1127: Invalid character.
.next/dev/types/validator.ts(1,1555): error TS1127: Invalid character.
.next/dev/types/validator.ts(1,1556): error TS1127: Invalid character.
.next/dev/types/validator.ts(1,1557): error TS1127: Invalid character.
.next/dev/types/validator.ts(1,1558): error TS1127: Invalid character.
.next/dev/types/validator.ts(1,1559): error TS1127: Invalid character.
.next/dev/types/validator.ts(1,1560): error TS1127: Invalid character.
.next/dev/types/validator.ts(1,1561): error TS1127: Invalid character.
.next/dev/types/validator.ts(1,1562): error TS1127: Invalid character.
.next/dev/types/validator.ts(1,1563): error TS1127: Invalid character.
.next/dev/types/validator.ts(1,1564): error TS1127: Invalid character.
.next/dev/types/validator.ts(1,1565): error TS1127: Invalid character.
.next/dev/types/validator.ts(1,1566): error TS1127: Invalid character.
.next/dev/types/validator.ts(1,1567): error TS1127: Invalid character.
.next/dev/types/validator.ts(1,1568): error TS1127: Invalid character.
.next/dev/types/validator.ts(1,1569): error TS1127: Invalid character.
.next/dev/types/validator.ts(1,1570): error TS1127: Invalid character.
.next/dev/types/validator.ts(1,1571): error TS1127: Invalid character.
.next/dev/types/validator.ts(1,1572): error TS1127: Invalid character.
.next/dev/types/validator.ts(1,1573): error TS1127: Invalid character.
.next/dev/types/validator.ts(1,1574): error TS1127: Invalid character.
.next/dev/types/validator.ts(1,1575): error TS1127: Invalid character.
.next/dev/types/validator.ts(1,1576): error TS1127: Invalid character.
.next/dev/types/validator.ts(1,1577): error TS1127: Invalid character.
.next/dev/types/validator.ts(1,1578): error TS1127: Invalid character.
.next/dev/types/validator.ts(1,1579): error TS1127: Invalid character.
.next/dev/types/validator.ts(1,1580): error TS1127: Invalid character.
.next/dev/types/validator.ts(1,1581): error TS1127: Invalid character.
.next/dev/types/validator.ts(1,1582): error TS1127: Invalid character.
.next/dev/types/validator.ts(1,1583): error TS1127: Invalid character.
.next/dev/types/validator.ts(1,1584): error TS1127: Invalid character.
.next/dev/types/validator.ts(1,1585): error TS1127: Invalid character.
.next/dev/types/validator.ts(1,1586): error TS1127: Invalid character.
.next/dev/types/validator.ts(1,1587): error TS1127: Invalid character.
.next/dev/types/validator.ts(1,1588): error TS1127: Invalid character.
.next/dev/types/validator.ts(1,1589): error TS1127: Invalid character.
.next/dev/types/validator.ts(1,1590): error TS1127: Invalid character.
.next/dev/types/validator.ts(1,1591): error TS1127: Invalid character.
.next/dev/types/validator.ts(1,1592): error TS1127: Invalid character.
.next/dev/types/validator.ts(1,1593): error TS1127: Invalid character.
.next/dev/types/validator.ts(1,1594): error TS1127: Invalid character.
.next/dev/types/validator.ts(1,1595): error TS1127: Invalid character.
.next/dev/types/validator.ts(1,1596): error TS1127: Invalid character.
.next/dev/types/validator.ts(1,1597): error TS1127: Invalid character.
.next/dev/types/validator.ts(1,1598): error TS1127: Invalid character.
.next/dev/types/validator.ts(1,1599): error TS1127: Invalid character.
.next/dev/types/validator.ts(1,1600): error TS1127: Invalid character.
.next/dev/types/validator.ts(1,1601): error TS1127: Invalid character.
.next/dev/types/validator.ts(1,1602): error TS1127: Invalid character.
.next/dev/types/validator.ts(1,1603): error TS1127: Invalid character.
.next/dev/types/validator.ts(1,1604): error TS1127: Invalid character.
.next/dev/types/validator.ts(1,1605): error TS1127: Invalid character.
.next/dev/types/validator.ts(1,1606): error TS1127: Invalid character.
.next/dev/types/validator.ts(1,1607): error TS1127: Invalid character.
.next/dev/types/validator.ts(1,1608): error TS1127: Invalid character.
.next/dev/types/validator.ts(1,1609): error TS1127: Invalid character.
.next/dev/types/validator.ts(1,1610): error TS1127: Invalid character.
.next/dev/types/validator.ts(1,1611): error TS1127: Invalid character.
.next/dev/types/validator.ts(1,1612): error TS1127: Invalid character.
.next/dev/types/validator.ts(1,1613): error TS1127: Invalid character.
.next/dev/types/validator.ts(1,1614): error TS1127: Invalid character.
.next/dev/types/validator.ts(1,1615): error TS1127: Invalid character.
.next/dev/types/validator.ts(1,1616): error TS1127: Invalid character.
.next/dev/types/validator.ts(1,1617): error TS1127: Invalid character.
.next/dev/types/validator.ts(1,1618): error TS1127: Invalid character.
.next/dev/types/validator.ts(1,1619): error TS1127: Invalid character.
.next/dev/types/validator.ts(1,1620): error TS1127: Invalid character.
.next/dev/types/validator.ts(1,1621): error TS1127: Invalid character.
.next/dev/types/validator.ts(1,1622): error TS1127: Invalid character.
.next/dev/types/validator.ts(1,1623): error TS1127: Invalid character.
.next/dev/types/validator.ts(1,1624): error TS1127: Invalid character.
.next/dev/types/validator.ts(1,1625): error TS1127: Invalid character.
.next/dev/types/validator.ts(1,1626): error TS1127: Invalid character.
.next/dev/types/validator.ts(1,1627): error TS1127: Invalid character.
.next/dev/types/validator.ts(1,1628): error TS1127: Invalid character.
.next/dev/types/validator.ts(1,1629): error TS1127: Invalid character.
.next/dev/types/validator.ts(1,1630): error TS1127: Invalid character.
.next/dev/types/validator.ts(1,1631): error TS1127: Invalid character.
.next/dev/types/validator.ts(1,1632): error TS1127: Invalid character.
.next/dev/types/validator.ts(1,1633): error TS1127: Invalid character.
.next/dev/types/validator.ts(1,1634): error TS1127: Invalid character.
.next/dev/types/validator.ts(1,1635): error TS1127: Invalid character.
.next/dev/types/validator.ts(1,1636): error TS1127: Invalid character.
.next/dev/types/validator.ts(1,1637): error TS1127: Invalid character.
.next/dev/types/validator.ts(1,1638): error TS1127: Invalid character.
.next/dev/types/validator.ts(1,1639): error TS1127: Invalid character.
.next/dev/types/validator.ts(1,1640): error TS1127: Invalid character.
.next/dev/types/validator.ts(1,1641): error TS1127: Invalid character.
.next/dev/types/validator.ts(1,1642): error TS1127: Invalid character.
.next/dev/types/validator.ts(1,1643): error TS1127: Invalid character.
.next/dev/types/validator.ts(1,1644): error TS1127: Invalid character.
.next/dev/types/validator.ts(1,1645): error TS1127: Invalid character.
.next/dev/types/validator.ts(1,1646): error TS1127: Invalid character.
.next/dev/types/validator.ts(1,1647): error TS1127: Invalid character.
.next/dev/types/validator.ts(1,1648): error TS1127: Invalid character.
.next/dev/types/validator.ts(1,1649): error TS1127: Invalid character.
.next/dev/types/validator.ts(1,1650): error TS1127: Invalid character.
.next/dev/types/validator.ts(1,1651): error TS1127: Invalid character.
.next/dev/types/validator.ts(1,1652): error TS1127: Invalid character.
.next/dev/types/validator.ts(1,1653): error TS1127: Invalid character.
.next/dev/types/validator.ts(1,1654): error TS1127: Invalid character.
.next/dev/types/validator.ts(1,1655): error TS1127: Invalid character.
.next/dev/types/validator.ts(1,1656): error TS1127: Invalid character.
.next/dev/types/validator.ts(1,1657): error TS1127: Invalid character.
.next/dev/types/validator.ts(1,1658): error TS1127: Invalid character.
.next/dev/types/validator.ts(1,1659): error TS1127: Invalid character.
.next/dev/types/validator.ts(1,1660): error TS1127: Invalid character.
.next/dev/types/validator.ts(1,1661): error TS1127: Invalid character.
.next/dev/types/validator.ts(1,1662): error TS1127: Invalid character.
.next/dev/types/validator.ts(1,1663): error TS1127: Invalid character.
.next/dev/types/validator.ts(1,1664): error TS1127: Invalid character.
.next/dev/types/validator.ts(1,1665): error TS1127: Invalid character.
.next/dev/types/validator.ts(1,1666): error TS1127: Invalid character.
.next/dev/types/validator.ts(1,1667): error TS1127: Invalid character.
.next/dev/types/validator.ts(1,1668): error TS1127: Invalid character.
.next/dev/types/validator.ts(1,1669): error TS1127: Invalid character.
.next/dev/types/validator.ts(1,1670): error TS1127: Invalid character.
.next/dev/types/validator.ts(1,1671): error TS1127: Invalid character.
.next/dev/types/validator.ts(1,1672): error TS1127: Invalid character.
.next/dev/types/validator.ts(1,1673): error TS1127: Invalid character.
.next/dev/types/validator.ts(1,1674): error TS1127: Invalid character.
.next/dev/types/validator.ts(1,1675): error TS1127: Invalid character.
.next/dev/types/validator.ts(1,1676): error TS1127: Invalid character.
.next/dev/types/validator.ts(1,1677): error TS1127: Invalid character.
.next/dev/types/validator.ts(1,1678): error TS1127: Invalid character.
.next/dev/types/validator.ts(1,1679): error TS1127: Invalid character.
.next/dev/types/validator.ts(1,1680): error TS1127: Invalid character.
.next/dev/types/validator.ts(1,1681): error TS1127: Invalid character.
.next/dev/types/validator.ts(1,1682): error TS1127: Invalid character.
.next/dev/types/validator.ts(1,1683): error TS1127: Invalid character.
.next/dev/types/validator.ts(1,1684): error TS1127: Invalid character.
.next/dev/types/validator.ts(1,1685): error TS1127: Invalid character.
.next/dev/types/validator.ts(1,1686): error TS1127: Invalid character.
.next/dev/types/validator.ts(1,1687): error TS1127: Invalid character.
.next/dev/types/validator.ts(1,1688): error TS1127: Invalid character.
.next/dev/types/validator.ts(1,1689): error TS1127: Invalid character.
.next/dev/types/validator.ts(1,1690): error TS1127: Invalid character.
.next/dev/types/validator.ts(1,1691): error TS1127: Invalid character.
.next/dev/types/validator.ts(1,1692): error TS1127: Invalid character.
.next/dev/types/validator.ts(1,1693): error TS1127: Invalid character.
.next/dev/types/validator.ts(1,1694): error TS1127: Invalid character.
.next/dev/types/validator.ts(1,1695): error TS1127: Invalid character.
.next/dev/types/validator.ts(1,1696): error TS1127: Invalid character.
.next/dev/types/validator.ts(1,1697): error TS1127: Invalid character.
.next/dev/types/validator.ts(1,1698): error TS1127: Invalid character.
.next/dev/types/validator.ts(1,1699): error TS1127: Invalid character.
.next/dev/types/validator.ts(1,1700): error TS1127: Invalid character.
.next/dev/types/validator.ts(1,1701): error TS1127: Invalid character.
.next/dev/types/validator.ts(1,1702): error TS1127: Invalid character.
.next/dev/types/validator.ts(1,1703): error TS1127: Invalid character.
.next/dev/types/validator.ts(1,1704): error TS1127: Invalid character.
.next/dev/types/validator.ts(1,1705): error TS1127: Invalid character.
.next/dev/types/validator.ts(1,1706): error TS1127: Invalid character.
.next/dev/types/validator.ts(1,1707): error TS1127: Invalid character.
.next/dev/types/validator.ts(1,1708): error TS1127: Invalid character.
.next/dev/types/validator.ts(1,1709): error TS1127: Invalid character.
.next/dev/types/validator.ts(1,1710): error TS1127: Invalid character.
.next/dev/types/validator.ts(1,1711): error TS1127: Invalid character.
.next/dev/types/validator.ts(1,1712): error TS1127: Invalid character.
.next/dev/types/validator.ts(1,1713): error TS1127: Invalid character.
.next/dev/types/validator.ts(1,1714): error TS1127: Invalid character.
.next/dev/types/validator.ts(1,1715): error TS1127: Invalid character.
.next/dev/types/validator.ts(1,1716): error TS1127: Invalid character.
.next/dev/types/validator.ts(1,1717): error TS1127: Invalid character.
.next/dev/types/validator.ts(1,1718): error TS1127: Invalid character.
.next/dev/types/validator.ts(1,1719): error TS1127: Invalid character.
.next/dev/types/validator.ts(1,1720): error TS1127: Invalid character.
.next/dev/types/validator.ts(1,1721): error TS1127: Invalid character.
.next/dev/types/validator.ts(1,1722): error TS1127: Invalid character.
.next/dev/types/validator.ts(1,1723): error TS1127: Invalid character.
.next/dev/types/validator.ts(1,1724): error TS1127: Invalid character.
.next/dev/types/validator.ts(1,1725): error TS1127: Invalid character.
.next/dev/types/validator.ts(1,1726): error TS1127: Invalid character.
.next/dev/types/validator.ts(1,1727): error TS1127: Invalid character.
.next/dev/types/validator.ts(1,1728): error TS1127: Invalid character.
.next/dev/types/validator.ts(1,1729): error TS1127: Invalid character.
.next/dev/types/validator.ts(1,1730): error TS1127: Invalid character.
.next/dev/types/validator.ts(1,1731): error TS1127: Invalid character.
.next/dev/types/validator.ts(1,1732): error TS1127: Invalid character.
.next/dev/types/validator.ts(1,1733): error TS1127: Invalid character.
.next/dev/types/validator.ts(1,1734): error TS1127: Invalid character.
.next/dev/types/validator.ts(1,1735): error TS1127: Invalid character.
.next/dev/types/validator.ts(1,1736): error TS1127: Invalid character.
.next/dev/types/validator.ts(1,1737): error TS1127: Invalid character.
.next/dev/types/validator.ts(1,1738): error TS1127: Invalid character.
.next/dev/types/validator.ts(1,1739): error TS1127: Invalid character.
.next/dev/types/validator.ts(1,1740): error TS1127: Invalid character.
.next/dev/types/validator.ts(1,1741): error TS1127: Invalid character.
.next/dev/types/validator.ts(1,1742): error TS1127: Invalid character.
.next/dev/types/validator.ts(1,1743): error TS1127: Invalid character.
.next/dev/types/validator.ts(1,1744): error TS1127: Invalid character.
.next/dev/types/validator.ts(1,1745): error TS1127: Invalid character.
.next/dev/types/validator.ts(1,1746): error TS1127: Invalid character.
.next/dev/types/validator.ts(1,1747): error TS1127: Invalid character.
.next/dev/types/validator.ts(1,1748): error TS1127: Invalid character.
.next/dev/types/validator.ts(1,1749): error TS1127: Invalid character.
.next/dev/types/validator.ts(1,1750): error TS1127: Invalid character.
.next/dev/types/validator.ts(1,1751): error TS1127: Invalid character.
.next/dev/types/validator.ts(1,1752): error TS1127: Invalid character.
.next/dev/types/validator.ts(1,1753): error TS1127: Invalid character.
.next/dev/types/validator.ts(1,1754): error TS1127: Invalid character.
.next/dev/types/validator.ts(1,1755): error TS1127: Invalid character.
.next/dev/types/validator.ts(1,1756): error TS1127: Invalid character.
.next/dev/types/validator.ts(1,1757): error TS1127: Invalid character.
.next/dev/types/validator.ts(1,1758): error TS1127: Invalid character.
.next/dev/types/validator.ts(1,1759): error TS1127: Invalid character.
.next/dev/types/validator.ts(1,1760): error TS1127: Invalid character.
.next/dev/types/validator.ts(1,1761): error TS1127: Invalid character.
.next/dev/types/validator.ts(1,1762): error TS1127: Invalid character.
.next/dev/types/validator.ts(1,1763): error TS1127: Invalid character.
.next/dev/types/validator.ts(1,1764): error TS1127: Invalid character.
.next/dev/types/validator.ts(1,1765): error TS1127: Invalid character.
.next/dev/types/validator.ts(1,1766): error TS1127: Invalid character.
.next/dev/types/validator.ts(1,1767): error TS1127: Invalid character.
.next/dev/types/validator.ts(1,1768): error TS1127: Invalid character.
.next/dev/types/validator.ts(1,1769): error TS1127: Invalid character.
.next/dev/types/validator.ts(1,1770): error TS1127: Invalid character.
.next/dev/types/validator.ts(1,1771): error TS1127: Invalid character.
.next/dev/types/validator.ts(1,1772): error TS1127: Invalid character.
.next/dev/types/validator.ts(1,1773): error TS1127: Invalid character.
.next/dev/types/validator.ts(1,1774): error TS1127: Invalid character.
.next/dev/types/validator.ts(1,1775): error TS1127: Invalid character.
.next/dev/types/validator.ts(1,1776): error TS1127: Invalid character.
.next/dev/types/validator.ts(1,1777): error TS1127: Invalid character.
.next/dev/types/validator.ts(1,1778): error TS1127: Invalid character.
.next/dev/types/validator.ts(1,1779): error TS1127: Invalid character.
.next/dev/types/validator.ts(1,1780): error TS1127: Invalid character.
.next/dev/types/validator.ts(1,1781): error TS1127: Invalid character.
.next/dev/types/validator.ts(1,1782): error TS1127: Invalid character.
.next/dev/types/validator.ts(1,1783): error TS1127: Invalid character.
.next/dev/types/validator.ts(1,1784): error TS1127: Invalid character.
.next/dev/types/validator.ts(1,1785): error TS1127: Invalid character.
.next/dev/types/validator.ts(1,1786): error TS1127: Invalid character.
.next/dev/types/validator.ts(1,1787): error TS1127: Invalid character.
.next/dev/types/validator.ts(1,1788): error TS1127: Invalid character.
.next/dev/types/validator.ts(1,1789): error TS1127: Invalid character.
.next/dev/types/validator.ts(1,1790): error TS1127: Invalid character.
.next/dev/types/validator.ts(1,1791): error TS1127: Invalid character.
.next/dev/types/validator.ts(1,1792): error TS1127: Invalid character.
.next/dev/types/validator.ts(1,1793): error TS1127: Invalid character.
.next/dev/types/validator.ts(1,1794): error TS1127: Invalid character.
.next/dev/types/validator.ts(1,1795): error TS1127: Invalid character.
.next/dev/types/validator.ts(1,1796): error TS1127: Invalid character.
.next/dev/types/validator.ts(1,1797): error TS1127: Invalid character.
.next/dev/types/validator.ts(1,1798): error TS1127: Invalid character.
.next/dev/types/validator.ts(1,1799): error TS1127: Invalid character.
.next/dev/types/validator.ts(1,1800): error TS1127: Invalid character.
.next/dev/types/validator.ts(1,1801): error TS1127: Invalid character.
.next/dev/types/validator.ts(1,1802): error TS1127: Invalid character.
.next/dev/types/validator.ts(1,1803): error TS1127: Invalid character.
.next/dev/types/validator.ts(1,1804): error TS1127: Invalid character.
.next/dev/types/validator.ts(1,1805): error TS1127: Invalid character.
.next/dev/types/validator.ts(1,1806): error TS1127: Invalid character.
.next/dev/types/validator.ts(1,1807): error TS1127: Invalid character.
.next/dev/types/validator.ts(1,1808): error TS1127: Invalid character.
.next/dev/types/validator.ts(1,1809): error TS1127: Invalid character.
.next/dev/types/validator.ts(1,1810): error TS1127: Invalid character.
.next/dev/types/validator.ts(1,1811): error TS1127: Invalid character.
.next/dev/types/validator.ts(1,1812): error TS1127: Invalid character.
.next/dev/types/validator.ts(1,1813): error TS1127: Invalid character.
.next/dev/types/validator.ts(1,1814): error TS1127: Invalid character.
.next/dev/types/validator.ts(1,1815): error TS1127: Invalid character.
.next/dev/types/validator.ts(1,1816): error TS1127: Invalid character.
.next/dev/types/validator.ts(1,1817): error TS1127: Invalid character.
.next/dev/types/validator.ts(1,1818): error TS1127: Invalid character.
.next/dev/types/validator.ts(1,1819): error TS1127: Invalid character.
.next/dev/types/validator.ts(1,1820): error TS1127: Invalid character.
.next/dev/types/validator.ts(1,1821): error TS1127: Invalid character.
.next/dev/types/validator.ts(1,1822): error TS1127: Invalid character.
.next/dev/types/validator.ts(1,1823): error TS1127: Invalid character.
.next/dev/types/validator.ts(1,1824): error TS1127: Invalid character.
.next/dev/types/validator.ts(1,1825): error TS1127: Invalid character.
.next/dev/types/validator.ts(1,1826): error TS1127: Invalid character.
.next/dev/types/validator.ts(1,1827): error TS1127: Invalid character.
.next/dev/types/validator.ts(1,1828): error TS1127: Invalid character.
.next/dev/types/validator.ts(1,1829): error TS1127: Invalid character.
.next/dev/types/validator.ts(1,1830): error TS1127: Invalid character.
.next/dev/types/validator.ts(1,1831): error TS1127: Invalid character.
.next/dev/types/validator.ts(1,1832): error TS1127: Invalid character.
.next/dev/types/validator.ts(1,1833): error TS1127: Invalid character.
.next/dev/types/validator.ts(1,1834): error TS1127: Invalid character.
.next/dev/types/validator.ts(1,1835): error TS1127: Invalid character.
.next/dev/types/validator.ts(1,1836): error TS1127: Invalid character.
.next/dev/types/validator.ts(1,1837): error TS1127: Invalid character.
.next/dev/types/validator.ts(1,1838): error TS1127: Invalid character.
.next/dev/types/validator.ts(1,1839): error TS1127: Invalid character.
.next/dev/types/validator.ts(1,1840): error TS1127: Invalid character.
.next/dev/types/validator.ts(1,1841): error TS1127: Invalid character.
.next/dev/types/validator.ts(1,1842): error TS1127: Invalid character.
.next/dev/types/validator.ts(1,1843): error TS1127: Invalid character.
.next/dev/types/validator.ts(1,1844): error TS1127: Invalid character.
.next/dev/types/validator.ts(1,1845): error TS1127: Invalid character.
.next/dev/types/validator.ts(1,1846): error TS1127: Invalid character.
.next/dev/types/validator.ts(1,1847): error TS1127: Invalid character.
.next/dev/types/validator.ts(1,1848): error TS1127: Invalid character.
.next/dev/types/validator.ts(1,1849): error TS1127: Invalid character.
.next/dev/types/validator.ts(1,1850): error TS1127: Invalid character.
.next/dev/types/validator.ts(1,1851): error TS1127: Invalid character.
.next/dev/types/validator.ts(1,1852): error TS1127: Invalid character.
.next/dev/types/validator.ts(1,1853): error TS1127: Invalid character.
.next/dev/types/validator.ts(1,1854): error TS1127: Invalid character.
.next/dev/types/validator.ts(1,1855): error TS1127: Invalid character.
.next/dev/types/validator.ts(1,1856): error TS1127: Invalid character.
.next/dev/types/validator.ts(1,1857): error TS1127: Invalid character.
.next/dev/types/validator.ts(1,1858): error TS1127: Invalid character.
.next/dev/types/validator.ts(1,1859): error TS1127: Invalid character.
.next/dev/types/validator.ts(1,1860): error TS1127: Invalid character.
.next/dev/types/validator.ts(1,1861): error TS1127: Invalid character.
.next/dev/types/validator.ts(1,1862): error TS1127: Invalid character.
.next/dev/types/validator.ts(1,1863): error TS1127: Invalid character.
.next/dev/types/validator.ts(1,1864): error TS1127: Invalid character.
.next/dev/types/validator.ts(1,1865): error TS1127: Invalid character.
.next/dev/types/validator.ts(1,1866): error TS1127: Invalid character.
.next/dev/types/validator.ts(1,1867): error TS1127: Invalid character.
.next/dev/types/validator.ts(1,1868): error TS1127: Invalid character.
.next/dev/types/validator.ts(1,1869): error TS1127: Invalid character.
.next/dev/types/validator.ts(1,1870): error TS1127: Invalid character.
.next/dev/types/validator.ts(1,1871): error TS1127: Invalid character.
.next/dev/types/validator.ts(1,1872): error TS1127: Invalid character.
.next/dev/types/validator.ts(1,1873): error TS1127: Invalid character.
.next/dev/types/validator.ts(1,1874): error TS1127: Invalid character.
.next/dev/types/validator.ts(1,1875): error TS1127: Invalid character.
.next/dev/types/validator.ts(1,1876): error TS1127: Invalid character.
.next/dev/types/validator.ts(1,1877): error TS1127: Invalid character.
.next/dev/types/validator.ts(1,1878): error TS1127: Invalid character.
.next/dev/types/validator.ts(1,1879): error TS1127: Invalid character.
.next/dev/types/validator.ts(1,1880): error TS1127: Invalid character.
.next/dev/types/validator.ts(1,1881): error TS1127: Invalid character.
.next/dev/types/validator.ts(1,1882): error TS1127: Invalid character.
.next/dev/types/validator.ts(1,1883): error TS1127: Invalid character.
.next/dev/types/validator.ts(1,1884): error TS1127: Invalid character.
.next/dev/types/validator.ts(1,1885): error TS1127: Invalid character.
.next/dev/types/validator.ts(1,1886): error TS1127: Invalid character.
.next/dev/types/validator.ts(1,1887): error TS1127: Invalid character.
.next/dev/types/validator.ts(1,1888): error TS1127: Invalid character.
.next/dev/types/validator.ts(1,1889): error TS1127: Invalid character.
.next/dev/types/validator.ts(1,1890): error TS1127: Invalid character.
.next/dev/types/validator.ts(1,1891): error TS1127: Invalid character.
.next/dev/types/validator.ts(1,1892): error TS1127: Invalid character.
.next/dev/types/validator.ts(1,1893): error TS1127: Invalid character.
.next/dev/types/validator.ts(1,1894): error TS1127: Invalid character.
.next/dev/types/validator.ts(1,1895): error TS1127: Invalid character.
.next/dev/types/validator.ts(1,1896): error TS1127: Invalid character.
.next/dev/types/validator.ts(1,1897): error TS1127: Invalid character.
.next/dev/types/validator.ts(1,1898): error TS1127: Invalid character.
.next/dev/types/validator.ts(1,1899): error TS1127: Invalid character.
.next/dev/types/validator.ts(1,1900): error TS1127: Invalid character.
.next/dev/types/validator.ts(1,1901): error TS1127: Invalid character.
.next/dev/types/validator.ts(1,1902): error TS1127: Invalid character.
.next/dev/types/validator.ts(1,1903): error TS1127: Invalid character.
.next/dev/types/validator.ts(1,1904): error TS1127: Invalid character.
.next/dev/types/validator.ts(1,1905): error TS1127: Invalid character.
.next/dev/types/validator.ts(1,1906): error TS1127: Invalid character.
.next/dev/types/validator.ts(1,1907): error TS1127: Invalid character.
.next/dev/types/validator.ts(1,1908): error TS1127: Invalid character.
.next/dev/types/validator.ts(1,1909): error TS1127: Invalid character.
.next/dev/types/validator.ts(1,1910): error TS1127: Invalid character.
.next/dev/types/validator.ts(1,1911): error TS1127: Invalid character.
.next/dev/types/validator.ts(1,1912): error TS1127: Invalid character.
.next/dev/types/validator.ts(1,1913): error TS1127: Invalid character.
.next/dev/types/validator.ts(1,1914): error TS1127: Invalid character.
.next/dev/types/validator.ts(1,1915): error TS1127: Invalid character.
.next/dev/types/validator.ts(1,1916): error TS1127: Invalid character.
.next/dev/types/validator.ts(1,1917): error TS1127: Invalid character.
.next/dev/types/validator.ts(1,1918): error TS1127: Invalid character.
.next/dev/types/validator.ts(1,1919): error TS1127: Invalid character.
.next/dev/types/validator.ts(1,1920): error TS1127: Invalid character.
.next/dev/types/validator.ts(1,1921): error TS1127: Invalid character.
.next/dev/types/validator.ts(1,1922): error TS1127: Invalid character.
.next/dev/types/validator.ts(1,1923): error TS1127: Invalid character.
.next/dev/types/validator.ts(1,1924): error TS1127: Invalid character.
.next/dev/types/validator.ts(1,1925): error TS1127: Invalid character.
.next/dev/types/validator.ts(1,1926): error TS1127: Invalid character.
.next/dev/types/validator.ts(1,1927): error TS1127: Invalid character.
.next/dev/types/validator.ts(1,1928): error TS1127: Invalid character.
.next/dev/types/validator.ts(1,1929): error TS1127: Invalid character.
.next/dev/types/validator.ts(1,1930): error TS1127: Invalid character.
.next/dev/types/validator.ts(1,1931): error TS1127: Invalid character.
.next/dev/types/validator.ts(1,1932): error TS1127: Invalid character.
.next/dev/types/validator.ts(1,1933): error TS1127: Invalid character.
.next/dev/types/validator.ts(1,1934): error TS1127: Invalid character.
.next/dev/types/validator.ts(1,1935): error TS1127: Invalid character.
.next/dev/types/validator.ts(1,1936): error TS1127: Invalid character.
.next/dev/types/validator.ts(1,1937): error TS1127: Invalid character.
.next/dev/types/validator.ts(1,1938): error TS1127: Invalid character.
.next/dev/types/validator.ts(1,1939): error TS1127: Invalid character.
.next/dev/types/validator.ts(1,1940): error TS1127: Invalid character.
.next/dev/types/validator.ts(1,1941): error TS1127: Invalid character.
.next/dev/types/validator.ts(1,1942): error TS1127: Invalid character.
.next/dev/types/validator.ts(1,1943): error TS1127: Invalid character.
.next/dev/types/validator.ts(1,1944): error TS1127: Invalid character.
.next/dev/types/validator.ts(1,1945): error TS1127: Invalid character.
.next/dev/types/validator.ts(1,1946): error TS1127: Invalid character.
.next/dev/types/validator.ts(1,1947): error TS1127: Invalid character.
.next/dev/types/validator.ts(1,1948): error TS1127: Invalid character.
.next/dev/types/validator.ts(1,1949): error TS1127: Invalid character.
.next/dev/types/validator.ts(1,1950): error TS1127: Invalid character.
.next/dev/types/validator.ts(1,1951): error TS1127: Invalid character.
.next/dev/types/validator.ts(1,1952): error TS1127: Invalid character.
.next/dev/types/validator.ts(1,1953): error TS1127: Invalid character.
.next/dev/types/validator.ts(1,1954): error TS1127: Invalid character.
.next/dev/types/validator.ts(1,1955): error TS1127: Invalid character.
.next/dev/types/validator.ts(1,1956): error TS1127: Invalid character.
.next/dev/types/validator.ts(1,1957): error TS1127: Invalid character.
.next/dev/types/validator.ts(1,1958): error TS1127: Invalid character.
.next/dev/types/validator.ts(1,1959): error TS1127: Invalid character.
.next/dev/types/validator.ts(1,1960): error TS1127: Invalid character.
.next/dev/types/validator.ts(1,1961): error TS1127: Invalid character.
.next/dev/types/validator.ts(1,1962): error TS1127: Invalid character.
.next/dev/types/validator.ts(1,1963): error TS1127: Invalid character.
.next/dev/types/validator.ts(1,1964): error TS1127: Invalid character.
.next/dev/types/validator.ts(1,1965): error TS1127: Invalid character.
.next/dev/types/validator.ts(1,1966): error TS1127: Invalid character.
.next/dev/types/validator.ts(1,1967): error TS1127: Invalid character.
.next/dev/types/validator.ts(1,1968): error TS1127: Invalid character.
.next/dev/types/validator.ts(1,1969): error TS1127: Invalid character.
.next/dev/types/validator.ts(1,1970): error TS1127: Invalid character.
.next/dev/types/validator.ts(1,1971): error TS1127: Invalid character.
.next/dev/types/validator.ts(1,1972): error TS1127: Invalid character.
.next/dev/types/validator.ts(1,1973): error TS1127: Invalid character.
.next/dev/types/validator.ts(1,1974): error TS1127: Invalid character.
.next/dev/types/validator.ts(1,1975): error TS1127: Invalid character.
.next/dev/types/validator.ts(1,1976): error TS1127: Invalid character.
.next/dev/types/validator.ts(1,1977): error TS1127: Invalid character.
.next/dev/types/validator.ts(1,1978): error TS1127: Invalid character.
.next/dev/types/validator.ts(1,1979): error TS1127: Invalid character.
.next/dev/types/validator.ts(1,1980): error TS1127: Invalid character.
.next/dev/types/validator.ts(1,1981): error TS1127: Invalid character.
.next/dev/types/validator.ts(1,1982): error TS1127: Invalid character.
.next/dev/types/validator.ts(1,1983): error TS1127: Invalid character.
.next/dev/types/validator.ts(1,1984): error TS1127: Invalid character.
.next/dev/types/validator.ts(1,1985): error TS1127: Invalid character.
.next/dev/types/validator.ts(1,1986): error TS1127: Invalid character.
.next/dev/types/validator.ts(1,1987): error TS1127: Invalid character.
.next/dev/types/validator.ts(1,1988): error TS1127: Invalid character.
.next/dev/types/validator.ts(1,1989): error TS1127: Invalid character.
.next/dev/types/validator.ts(1,1990): error TS1127: Invalid character.
.next/dev/types/validator.ts(1,1991): error TS1127: Invalid character.
.next/dev/types/validator.ts(1,1992): error TS1127: Invalid character.
.next/dev/types/validator.ts(1,1993): error TS1127: Invalid character.
.next/dev/types/validator.ts(1,1994): error TS1127: Invalid character.
.next/dev/types/validator.ts(1,1995): error TS1127: Invalid character.
.next/dev/types/validator.ts(1,1996): error TS1127: Invalid character.
.next/dev/types/validator.ts(1,1997): error TS1127: Invalid character.
.next/dev/types/validator.ts(1,1998): error TS1127: Invalid character.
.next/dev/types/validator.ts(1,1999): error TS1127: Invalid character.
.next/dev/types/validator.ts(1,2000): error TS1127: Invalid character.
.next/dev/types/validator.ts(1,2001): error TS1127: Invalid character.
.next/dev/types/validator.ts(1,2002): error TS1127: Invalid character.
.next/dev/types/validator.ts(1,2003): error TS1127: Invalid character.
.next/dev/types/validator.ts(1,2004): error TS1127: Invalid character.
.next/dev/types/validator.ts(1,2005): error TS1127: Invalid character.
.next/dev/types/validator.ts(1,2006): error TS1127: Invalid character.
.next/dev/types/validator.ts(1,2007): error TS1127: Invalid character.
.next/dev/types/validator.ts(1,2008): error TS1127: Invalid character.
.next/dev/types/validator.ts(1,2009): error TS1127: Invalid character.
.next/dev/types/validator.ts(1,2010): error TS1127: Invalid character.
.next/dev/types/validator.ts(1,2011): error TS1127: Invalid character.
.next/dev/types/validator.ts(1,2012): error TS1127: Invalid character.
.next/dev/types/validator.ts(1,2013): error TS1127: Invalid character.
.next/dev/types/validator.ts(1,2014): error TS1127: Invalid character.
.next/dev/types/validator.ts(1,2015): error TS1127: Invalid character.
.next/dev/types/validator.ts(1,2016): error TS1127: Invalid character.
.next/dev/types/validator.ts(1,2017): error TS1127: Invalid character.
.next/dev/types/validator.ts(1,2018): error TS1127: Invalid character.
.next/dev/types/validator.ts(1,2019): error TS1127: Invalid character.
.next/dev/types/validator.ts(1,2020): error TS1127: Invalid character.
.next/dev/types/validator.ts(1,2021): error TS1127: Invalid character.
.next/dev/types/validator.ts(1,2022): error TS1127: Invalid character.
.next/dev/types/validator.ts(1,2023): error TS1127: Invalid character.
.next/dev/types/validator.ts(1,2024): error TS1127: Invalid character.
.next/dev/types/validator.ts(1,2025): error TS1127: Invalid character.
.next/dev/types/validator.ts(1,2026): error TS1127: Invalid character.
.next/dev/types/validator.ts(1,2027): error TS1127: Invalid character.
.next/dev/types/validator.ts(1,2028): error TS1127: Invalid character.
.next/dev/types/validator.ts(1,2029): error TS1127: Invalid character.
.next/dev/types/validator.ts(1,2030): error TS1127: Invalid character.
.next/dev/types/validator.ts(1,2031): error TS1127: Invalid character.
.next/dev/types/validator.ts(1,2032): error TS1127: Invalid character.
.next/dev/types/validator.ts(1,2033): error TS1127: Invalid character.
.next/dev/types/validator.ts(1,2034): error TS1127: Invalid character.
.next/dev/types/validator.ts(1,2035): error TS1127: Invalid character.
.next/dev/types/validator.ts(1,2036): error TS1127: Invalid character.
.next/dev/types/validator.ts(1,2037): error TS1127: Invalid character.
.next/dev/types/validator.ts(1,2038): error TS1127: Invalid character.
.next/dev/types/validator.ts(1,2039): error TS1127: Invalid character.
.next/dev/types/validator.ts(1,2040): error TS1127: Invalid character.
.next/dev/types/validator.ts(1,2041): error TS1127: Invalid character.
.next/dev/types/validator.ts(1,2042): error TS1127: Invalid character.
.next/dev/types/validator.ts(1,2043): error TS1127: Invalid character.
.next/dev/types/validator.ts(1,2044): error TS1127: Invalid character.
.next/dev/types/validator.ts(1,2045): error TS1127: Invalid character.
.next/dev/types/validator.ts(1,2046): error TS1127: Invalid character.
.next/dev/types/validator.ts(1,2047): error TS1127: Invalid character.
.next/dev/types/validator.ts(1,2048): error TS1127: Invalid character.
.next/dev/types/validator.ts(1,2049): error TS1127: Invalid character.
.next/dev/types/validator.ts(1,2050): error TS1127: Invalid character.
.next/dev/types/validator.ts(1,2051): error TS1127: Invalid character.
.next/dev/types/validator.ts(1,2052): error TS1127: Invalid character.
.next/dev/types/validator.ts(1,2053): error TS1127: Invalid character.
.next/dev/types/validator.ts(1,2054): error TS1127: Invalid character.
.next/dev/types/validator.ts(1,2055): error TS1127: Invalid character.
.next/dev/types/validator.ts(1,2056): error TS1127: Invalid character.
.next/dev/types/validator.ts(1,2057): error TS1127: Invalid character.
.next/dev/types/validator.ts(1,2058): error TS1127: Invalid character.
.next/dev/types/validator.ts(1,2059): error TS1127: Invalid character.
.next/dev/types/validator.ts(1,2060): error TS1127: Invalid character.
.next/dev/types/validator.ts(1,2061): error TS1127: Invalid character.
.next/dev/types/validator.ts(1,2062): error TS1127: Invalid character.
.next/dev/types/validator.ts(1,2063): error TS1127: Invalid character.
.next/dev/types/validator.ts(1,2064): error TS1127: Invalid character.
.next/dev/types/validator.ts(1,2065): error TS1127: Invalid character.
.next/dev/types/validator.ts(1,2066): error TS1127: Invalid character.
.next/dev/types/validator.ts(1,2067): error TS1127: Invalid character.
.next/dev/types/validator.ts(1,2068): error TS1127: Invalid character.
.next/dev/types/validator.ts(1,2069): error TS1127: Invalid character.
.next/dev/types/validator.ts(1,2070): error TS1127: Invalid character.
.next/dev/types/validator.ts(1,2071): error TS1127: Invalid character.
.next/dev/types/validator.ts(1,2072): error TS1127: Invalid character.
.next/dev/types/validator.ts(1,2073): error TS1127: Invalid character.
.next/dev/types/validator.ts(1,2074): error TS1127: Invalid character.
.next/dev/types/validator.ts(1,2075): error TS1127: Invalid character.
.next/dev/types/validator.ts(1,2076): error TS1127: Invalid character.
.next/dev/types/validator.ts(1,2077): error TS1127: Invalid character.
.next/dev/types/validator.ts(1,2078): error TS1127: Invalid character.
.next/dev/types/validator.ts(1,2079): error TS1127: Invalid character.
.next/dev/types/validator.ts(1,2080): error TS1127: Invalid character.
.next/dev/types/validator.ts(1,2081): error TS1127: Invalid character.
.next/dev/types/validator.ts(1,2082): error TS1127: Invalid character.
.next/dev/types/validator.ts(1,2083): error TS1127: Invalid character.
.next/dev/types/validator.ts(1,2084): error TS1127: Invalid character.
.next/dev/types/validator.ts(1,2085): error TS1127: Invalid character.
.next/dev/types/validator.ts(1,2086): error TS1127: Invalid character.
.next/dev/types/validator.ts(1,2087): error TS1127: Invalid character.
.next/dev/types/validator.ts(1,2088): error TS1127: Invalid character.
.next/dev/types/validator.ts(1,2089): error TS1127: Invalid character.
.next/dev/types/validator.ts(1,2090): error TS1127: Invalid character.
.next/dev/types/validator.ts(1,2091): error TS1127: Invalid character.
.next/dev/types/validator.ts(1,2092): error TS1127: Invalid character.
.next/dev/types/validator.ts(1,2093): error TS1127: Invalid character.
.next/dev/types/validator.ts(1,2094): error TS1127: Invalid character.
.next/dev/types/validator.ts(1,2095): error TS1127: Invalid character.
.next/dev/types/validator.ts(1,2096): error TS1127: Invalid character.
.next/dev/types/validator.ts(1,2097): error TS1127: Invalid character.
.next/dev/types/validator.ts(1,2098): error TS1127: Invalid character.
.next/dev/types/validator.ts(1,2099): error TS1127: Invalid character.
.next/dev/types/validator.ts(1,2100): error TS1127: Invalid character.
.next/dev/types/validator.ts(1,2101): error TS1127: Invalid character.
.next/dev/types/validator.ts(1,2102): error TS1127: Invalid character.
.next/dev/types/validator.ts(1,2103): error TS1127: Invalid character.
.next/dev/types/validator.ts(1,2104): error TS1127: Invalid character.
.next/dev/types/validator.ts(1,2105): error TS1127: Invalid character.
.next/dev/types/validator.ts(1,2106): error TS1127: Invalid character.
.next/dev/types/validator.ts(1,2107): error TS1127: Invalid character.
.next/dev/types/validator.ts(1,2108): error TS1127: Invalid character.
.next/dev/types/validator.ts(1,2109): error TS1127: Invalid character.
.next/dev/types/validator.ts(1,2110): error TS1127: Invalid character.
.next/dev/types/validator.ts(1,2111): error TS1127: Invalid character.
.next/dev/types/validator.ts(1,2112): error TS1127: Invalid character.
.next/dev/types/validator.ts(1,2113): error TS1127: Invalid character.
.next/dev/types/validator.ts(1,2114): error TS1127: Invalid character.
.next/dev/types/validator.ts(1,2115): error TS1127: Invalid character.
.next/dev/types/validator.ts(1,2116): error TS1127: Invalid character.
.next/dev/types/validator.ts(1,2117): error TS1127: Invalid character.
.next/dev/types/validator.ts(1,2118): error TS1127: Invalid character.
.next/dev/types/validator.ts(1,2119): error TS1127: Invalid character.
.next/dev/types/validator.ts(1,2120): error TS1127: Invalid character.
.next/dev/types/validator.ts(1,2121): error TS1127: Invalid character.
.next/dev/types/validator.ts(1,2122): error TS1127: Invalid character.
.next/dev/types/validator.ts(1,2123): error TS1127: Invalid character.
.next/dev/types/validator.ts(1,2124): error TS1127: Invalid character.
.next/dev/types/validator.ts(1,2125): error TS1127: Invalid character.
.next/dev/types/validator.ts(1,2126): error TS1127: Invalid character.
.next/dev/types/validator.ts(1,2127): error TS1127: Invalid character.
.next/dev/types/validator.ts(1,2128): error TS1127: Invalid character.
.next/dev/types/validator.ts(1,2129): error TS1127: Invalid character.
.next/dev/types/validator.ts(1,2130): error TS1127: Invalid character.
.next/dev/types/validator.ts(1,2131): error TS1127: Invalid character.
.next/dev/types/validator.ts(1,2132): error TS1127: Invalid character.
.next/dev/types/validator.ts(1,2133): error TS1127: Invalid character.
.next/dev/types/validator.ts(1,2134): error TS1127: Invalid character.
.next/dev/types/validator.ts(1,2135): error TS1127: Invalid character.
.next/dev/types/validator.ts(1,2136): error TS1127: Invalid character.
.next/dev/types/validator.ts(1,2137): error TS1127: Invalid character.
.next/dev/types/validator.ts(1,2138): error TS1127: Invalid character.
.next/dev/types/validator.ts(1,2139): error TS1127: Invalid character.
.next/dev/types/validator.ts(1,2140): error TS1127: Invalid character.
.next/dev/types/validator.ts(1,2141): error TS1127: Invalid character.
.next/dev/types/validator.ts(1,2142): error TS1127: Invalid character.
.next/dev/types/validator.ts(1,2143): error TS1127: Invalid character.
.next/dev/types/validator.ts(1,2144): error TS1127: Invalid character.
.next/dev/types/validator.ts(1,2145): error TS1127: Invalid character.
.next/dev/types/validator.ts(1,2146): error TS1127: Invalid character.
.next/dev/types/validator.ts(1,2147): error TS1127: Invalid character.
.next/dev/types/validator.ts(1,2148): error TS1127: Invalid character.
.next/dev/types/validator.ts(1,2149): error TS1127: Invalid character.
.next/dev/types/validator.ts(1,2150): error TS1127: Invalid character.
.next/dev/types/validator.ts(1,2151): error TS1127: Invalid character.
.next/dev/types/validator.ts(1,2152): error TS1127: Invalid character.
.next/dev/types/validator.ts(1,2153): error TS1127: Invalid character.
.next/dev/types/validator.ts(1,2154): error TS1127: Invalid character.
.next/dev/types/validator.ts(1,2155): error TS1127: Invalid character.
.next/dev/types/validator.ts(1,2156): error TS1127: Invalid character.
.next/dev/types/validator.ts(1,2157): error TS1127: Invalid character.
.next/dev/types/validator.ts(1,2158): error TS1127: Invalid character.
.next/dev/types/validator.ts(1,2159): error TS1127: Invalid character.
.next/dev/types/validator.ts(1,2160): error TS1127: Invalid character.
.next/dev/types/validator.ts(1,2161): error TS1127: Invalid character.
.next/dev/types/validator.ts(1,2162): error TS1127: Invalid character.
.next/dev/types/validator.ts(1,2163): error TS1127: Invalid character.
.next/dev/types/validator.ts(1,2164): error TS1127: Invalid character.
.next/dev/types/validator.ts(1,2165): error TS1127: Invalid character.
.next/dev/types/validator.ts(1,2166): error TS1127: Invalid character.
.next/dev/types/validator.ts(1,2167): error TS1127: Invalid character.
.next/dev/types/validator.ts(1,2168): error TS1127: Invalid character.
.next/dev/types/validator.ts(1,2169): error TS1127: Invalid character.
.next/dev/types/validator.ts(1,2170): error TS1127: Invalid character.
.next/dev/types/validator.ts(1,2171): error TS1127: Invalid character.
.next/dev/types/validator.ts(1,2172): error TS1127: Invalid character.
.next/dev/types/validator.ts(1,2173): error TS1127: Invalid character.
.next/dev/types/validator.ts(1,2174): error TS1127: Invalid character.
.next/dev/types/validator.ts(1,2175): error TS1127: Invalid character.
.next/dev/types/validator.ts(1,2176): error TS1127: Invalid character.
.next/dev/types/validator.ts(1,2177): error TS1127: Invalid character.
.next/dev/types/validator.ts(1,2178): error TS1127: Invalid character.
.next/dev/types/validator.ts(1,2179): error TS1127: Invalid character.
.next/dev/types/validator.ts(1,2180): error TS1127: Invalid character.
.next/dev/types/validator.ts(1,2181): error TS1127: Invalid character.
.next/dev/types/validator.ts(1,2182): error TS1127: Invalid character.
.next/dev/types/validator.ts(1,2183): error TS1127: Invalid character.
.next/dev/types/validator.ts(1,2184): error TS1127: Invalid character.
.next/dev/types/validator.ts(1,2185): error TS1127: Invalid character.
.next/dev/types/validator.ts(1,2186): error TS1127: Invalid character.
.next/dev/types/validator.ts(1,2187): error TS1127: Invalid character.
.next/dev/types/validator.ts(1,2188): error TS1127: Invalid character.
.next/dev/types/validator.ts(1,2189): error TS1127: Invalid character.
.next/dev/types/validator.ts(1,2190): error TS1127: Invalid character.
.next/dev/types/validator.ts(1,2191): error TS1127: Invalid character.
.next/dev/types/validator.ts(1,2192): error TS1127: Invalid character.
.next/dev/types/validator.ts(1,2193): error TS1127: Invalid character.
.next/dev/types/validator.ts(1,2194): error TS1127: Invalid character.
.next/dev/types/validator.ts(1,2195): error TS1127: Invalid character.
.next/dev/types/validator.ts(1,2196): error TS1127: Invalid character.
.next/dev/types/validator.ts(1,2197): error TS1127: Invalid character.
.next/dev/types/validator.ts(1,2198): error TS1127: Invalid character.
.next/dev/types/validator.ts(1,2199): error TS1127: Invalid character.
.next/dev/types/validator.ts(1,2200): error TS1127: Invalid character.
.next/dev/types/validator.ts(1,2201): error TS1127: Invalid character.
.next/dev/types/validator.ts(1,2202): error TS1127: Invalid character.
.next/dev/types/validator.ts(1,2203): error TS1127: Invalid character.
.next/dev/types/validator.ts(1,2204): error TS1127: Invalid character.
.next/dev/types/validator.ts(1,2205): error TS1127: Invalid character.
.next/dev/types/validator.ts(1,2206): error TS1127: Invalid character.
.next/dev/types/validator.ts(1,2207): error TS1127: Invalid character.
.next/dev/types/validator.ts(1,2208): error TS1127: Invalid character.
.next/dev/types/validator.ts(1,2209): error TS1127: Invalid character.
.next/dev/types/validator.ts(1,2210): error TS1127: Invalid character.
.next/dev/types/validator.ts(1,2211): error TS1127: Invalid character.
.next/dev/types/validator.ts(1,2212): error TS1127: Invalid character.
.next/dev/types/validator.ts(1,2213): error TS1127: Invalid character.
.next/dev/types/validator.ts(1,2214): error TS1127: Invalid character.
.next/dev/types/validator.ts(1,2215): error TS1127: Invalid character.
.next/dev/types/validator.ts(1,2216): error TS1127: Invalid character.
.next/dev/types/validator.ts(1,2217): error TS1127: Invalid character.
.next/dev/types/validator.ts(1,2218): error TS1127: Invalid character.
.next/dev/types/validator.ts(1,2219): error TS1127: Invalid character.
.next/dev/types/validator.ts(1,2220): error TS1127: Invalid character.
.next/dev/types/validator.ts(1,2221): error TS1127: Invalid character.
.next/dev/types/validator.ts(1,2222): error TS1127: Invalid character.
.next/dev/types/validator.ts(1,2223): error TS1127: Invalid character.
.next/dev/types/validator.ts(1,2224): error TS1127: Invalid character.
.next/dev/types/validator.ts(1,2225): error TS1127: Invalid character.
.next/dev/types/validator.ts(1,2226): error TS1127: Invalid character.
.next/dev/types/validator.ts(1,2227): error TS1127: Invalid character.
.next/dev/types/validator.ts(1,2228): error TS1127: Invalid character.
.next/dev/types/validator.ts(1,2229): error TS1127: Invalid character.
.next/dev/types/validator.ts(1,2230): error TS1127: Invalid character.
.next/dev/types/validator.ts(1,2231): error TS1127: Invalid character.
.next/dev/types/validator.ts(1,2232): error TS1127: Invalid character.
.next/dev/types/validator.ts(1,2233): error TS1127: Invalid character.
.next/dev/types/validator.ts(1,2234): error TS1127: Invalid character.
.next/dev/types/validator.ts(1,2235): error TS1127: Invalid character.
.next/dev/types/validator.ts(1,2236): error TS1127: Invalid character.
.next/dev/types/validator.ts(1,2237): error TS1127: Invalid character.
.next/dev/types/validator.ts(1,2238): error TS1127: Invalid character.
.next/dev/types/validator.ts(1,2239): error TS1127: Invalid character.
.next/dev/types/validator.ts(1,2240): error TS1127: Invalid character.
.next/dev/types/validator.ts(1,2241): error TS1127: Invalid character.
.next/dev/types/validator.ts(1,2242): error TS1127: Invalid character.
.next/dev/types/validator.ts(1,2243): error TS1127: Invalid character.
.next/dev/types/validator.ts(1,2244): error TS1127: Invalid character.
.next/dev/types/validator.ts(1,2245): error TS1127: Invalid character.
.next/dev/types/validator.ts(1,2246): error TS1127: Invalid character.
.next/dev/types/validator.ts(1,2247): error TS1127: Invalid character.
.next/dev/types/validator.ts(1,2248): error TS1127: Invalid character.
.next/dev/types/validator.ts(1,2249): error TS1127: Invalid character.
.next/dev/types/validator.ts(1,2250): error TS1127: Invalid character.
.next/dev/types/validator.ts(1,2251): error TS1127: Invalid character.
.next/dev/types/validator.ts(1,2252): error TS1127: Invalid character.
.next/dev/types/validator.ts(1,2253): error TS1127: Invalid character.
.next/dev/types/validator.ts(1,2254): error TS1127: Invalid character.
.next/dev/types/validator.ts(1,2255): error TS1127: Invalid character.
.next/dev/types/validator.ts(1,2256): error TS1127: Invalid character.
.next/dev/types/validator.ts(1,2257): error TS1127: Invalid character.
.next/dev/types/validator.ts(1,2258): error TS1127: Invalid character.
.next/dev/types/validator.ts(1,2259): error TS1127: Invalid character.
.next/dev/types/validator.ts(1,2260): error TS1127: Invalid character.
.next/dev/types/validator.ts(1,2261): error TS1127: Invalid character.
.next/dev/types/validator.ts(1,2262): error TS1127: Invalid character.
.next/dev/types/validator.ts(1,2263): error TS1127: Invalid character.
.next/dev/types/validator.ts(1,2264): error TS1127: Invalid character.
.next/dev/types/validator.ts(1,2265): error TS1127: Invalid character.
.next/dev/types/validator.ts(1,2266): error TS1127: Invalid character.
.next/dev/types/validator.ts(1,2267): error TS1127: Invalid character.
.next/dev/types/validator.ts(1,2268): error TS1127: Invalid character.
.next/dev/types/validator.ts(1,2269): error TS1127: Invalid character.
.next/dev/types/validator.ts(1,2270): error TS1127: Invalid character.
.next/dev/types/validator.ts(1,2271): error TS1127: Invalid character.
.next/dev/types/validator.ts(1,2272): error TS1127: Invalid character.
.next/dev/types/validator.ts(1,2273): error TS1127: Invalid character.
.next/dev/types/validator.ts(1,2274): error TS1127: Invalid character.
.next/dev/types/validator.ts(1,2275): error TS1127: Invalid character.
.next/dev/types/validator.ts(1,2276): error TS1127: Invalid character.
.next/dev/types/validator.ts(1,2277): error TS1127: Invalid character.
.next/dev/types/validator.ts(1,2278): error TS1127: Invalid character.
.next/dev/types/validator.ts(1,2279): error TS1127: Invalid character.
.next/dev/types/validator.ts(1,2280): error TS1127: Invalid character.
.next/dev/types/validator.ts(1,2281): error TS1127: Invalid character.
.next/dev/types/validator.ts(1,2282): error TS1127: Invalid character.
.next/dev/types/validator.ts(1,2283): error TS1127: Invalid character.
.next/dev/types/validator.ts(1,2284): error TS1127: Invalid character.
.next/dev/types/validator.ts(1,2285): error TS1127: Invalid character.
.next/dev/types/validator.ts(1,2286): error TS1127: Invalid character.
.next/dev/types/validator.ts(1,2287): error TS1127: Invalid character.
.next/dev/types/validator.ts(1,2288): error TS1127: Invalid character.
.next/dev/types/validator.ts(1,2289): error TS1127: Invalid character.
.next/dev/types/validator.ts(1,2290): error TS1127: Invalid character.
.next/dev/types/validator.ts(1,2291): error TS1127: Invalid character.
.next/dev/types/validator.ts(1,2292): error TS1127: Invalid character.
.next/dev/types/validator.ts(1,2293): error TS1127: Invalid character.
.next/dev/types/validator.ts(1,2294): error TS1127: Invalid character.
.next/dev/types/validator.ts(1,2295): error TS1127: Invalid character.
.next/dev/types/validator.ts(1,2296): error TS1127: Invalid character.
.next/dev/types/validator.ts(1,2297): error TS1127: Invalid character.
.next/dev/types/validator.ts(1,2298): error TS1127: Invalid character.
.next/dev/types/validator.ts(1,2299): error TS1127: Invalid character.
.next/dev/types/validator.ts(1,2300): error TS1127: Invalid character.
.next/dev/types/validator.ts(1,2301): error TS1127: Invalid character.
.next/dev/types/validator.ts(1,2302): error TS1127: Invalid character.
.next/dev/types/validator.ts(1,2303): error TS1127: Invalid character.
.next/dev/types/validator.ts(1,2304): error TS1127: Invalid character.
.next/dev/types/validator.ts(1,2305): error TS1127: Invalid character.
.next/dev/types/validator.ts(1,2306): error TS1127: Invalid character.
.next/dev/types/validator.ts(1,2307): error TS1127: Invalid character.
.next/dev/types/validator.ts(1,2308): error TS1127: Invalid character.
.next/dev/types/validator.ts(1,2309): error TS1127: Invalid character.
.next/dev/types/validator.ts(1,2310): error TS1127: Invalid character.
.next/dev/types/validator.ts(1,2311): error TS1127: Invalid character.
.next/dev/types/validator.ts(1,2312): error TS1127: Invalid character.
.next/dev/types/validator.ts(1,2313): error TS1127: Invalid character.
.next/dev/types/validator.ts(1,2314): error TS1127: Invalid character.
.next/dev/types/validator.ts(1,2315): error TS1127: Invalid character.
.next/dev/types/validator.ts(1,2316): error TS1127: Invalid character.
.next/dev/types/validator.ts(1,2317): error TS1127: Invalid character.
.next/dev/types/validator.ts(1,2318): error TS1127: Invalid character.
.next/dev/types/validator.ts(1,2319): error TS1127: Invalid character.
.next/dev/types/validator.ts(1,2320): error TS1127: Invalid character.
.next/dev/types/validator.ts(1,2321): error TS1127: Invalid character.
.next/dev/types/validator.ts(1,2322): error TS1127: Invalid character.
.next/dev/types/validator.ts(1,2323): error TS1127: Invalid character.
.next/dev/types/validator.ts(1,2324): error TS1127: Invalid character.
.next/dev/types/validator.ts(1,2325): error TS1127: Invalid character.
.next/dev/types/validator.ts(1,2326): error TS1127: Invalid character.
.next/dev/types/validator.ts(1,2327): error TS1127: Invalid character.
.next/dev/types/validator.ts(1,2328): error TS1127: Invalid character.
.next/dev/types/validator.ts(1,2329): error TS1127: Invalid character.
.next/dev/types/validator.ts(1,2330): error TS1127: Invalid character.
.next/dev/types/validator.ts(1,2331): error TS1127: Invalid character.
.next/dev/types/validator.ts(1,2332): error TS1127: Invalid character.
.next/dev/types/validator.ts(1,2333): error TS1127: Invalid character.
.next/dev/types/validator.ts(1,2334): error TS1127: Invalid character.
.next/dev/types/validator.ts(1,2335): error TS1127: Invalid character.
.next/dev/types/validator.ts(1,2336): error TS1127: Invalid character.
.next/dev/types/validator.ts(1,2337): error TS1127: Invalid character.
.next/dev/types/validator.ts(1,2338): error TS1127: Invalid character.
.next/dev/types/validator.ts(1,2339): error TS1127: Invalid character.
.next/dev/types/validator.ts(1,2340): error TS1127: Invalid character.
.next/dev/types/validator.ts(1,2341): error TS1127: Invalid character.
.next/dev/types/validator.ts(1,2342): error TS1127: Invalid character.
.next/dev/types/validator.ts(1,2343): error TS1127: Invalid character.
.next/dev/types/validator.ts(1,2344): error TS1127: Invalid character.
.next/dev/types/validator.ts(1,2345): error TS1127: Invalid character.
.next/dev/types/validator.ts(1,2346): error TS1127: Invalid character.
.next/dev/types/validator.ts(1,2347): error TS1127: Invalid character.
.next/dev/types/validator.ts(1,2348): error TS1127: Invalid character.
.next/dev/types/validator.ts(1,2349): error TS1127: Invalid character.
.next/dev/types/validator.ts(1,2350): error TS1127: Invalid character.
.next/dev/types/validator.ts(1,2351): error TS1127: Invalid character.
.next/dev/types/validator.ts(1,2352): error TS1127: Invalid character.
.next/dev/types/validator.ts(1,2353): error TS1127: Invalid character.
.next/dev/types/validator.ts(1,2354): error TS1127: Invalid character.
.next/dev/types/validator.ts(1,2355): error TS1127: Invalid character.
.next/dev/types/validator.ts(1,2356): error TS1127: Invalid character.
.next/dev/types/validator.ts(1,2357): error TS1127: Invalid character.
.next/dev/types/validator.ts(1,2358): error TS1127: Invalid character.
.next/dev/types/validator.ts(1,2359): error TS1127: Invalid character.
.next/dev/types/validator.ts(1,2360): error TS1127: Invalid character.
.next/dev/types/validator.ts(1,2361): error TS1127: Invalid character.
.next/dev/types/validator.ts(1,2362): error TS1127: Invalid character.
.next/dev/types/validator.ts(1,2363): error TS1127: Invalid character.
.next/dev/types/validator.ts(1,2364): error TS1127: Invalid character.
.next/dev/types/validator.ts(1,2365): error TS1127: Invalid character.
.next/dev/types/validator.ts(1,2366): error TS1127: Invalid character.
.next/dev/types/validator.ts(1,2367): error TS1127: Invalid character.
.next/dev/types/validator.ts(1,2368): error TS1127: Invalid character.
.next/dev/types/validator.ts(1,2369): error TS1127: Invalid character.
.next/dev/types/validator.ts(1,2370): error TS1127: Invalid character.
.next/dev/types/validator.ts(1,2371): error TS1127: Invalid character.
.next/dev/types/validator.ts(1,2372): error TS1127: Invalid character.
.next/dev/types/validator.ts(1,2373): error TS1127: Invalid character.
.next/dev/types/validator.ts(1,2374): error TS1127: Invalid character.
.next/dev/types/validator.ts(1,2375): error TS1127: Invalid character.
.next/dev/types/validator.ts(1,2376): error TS1127: Invalid character.
.next/dev/types/validator.ts(1,2377): error TS1127: Invalid character.
.next/dev/types/validator.ts(1,2378): error TS1127: Invalid character.
.next/dev/types/validator.ts(1,2379): error TS1127: Invalid character.
.next/dev/types/validator.ts(1,2380): error TS1127: Invalid character.
.next/dev/types/validator.ts(1,2381): error TS1127: Invalid character.
.next/dev/types/validator.ts(1,2382): error TS1127: Invalid character.
.next/dev/types/validator.ts(1,2383): error TS1127: Invalid character.
.next/dev/types/validator.ts(1,2384): error TS1127: Invalid character.
.next/dev/types/validator.ts(1,2385): error TS1127: Invalid character.
.next/dev/types/validator.ts(1,2386): error TS1127: Invalid character.
.next/dev/types/validator.ts(1,2387): error TS1127: Invalid character.
.next/dev/types/validator.ts(1,2388): error TS1127: Invalid character.
.next/dev/types/validator.ts(1,2389): error TS1127: Invalid character.
.next/dev/types/validator.ts(1,2390): error TS1127: Invalid character.
.next/dev/types/validator.ts(1,2391): error TS1127: Invalid character.
.next/dev/types/validator.ts(1,2392): error TS1127: Invalid character.
.next/dev/types/validator.ts(1,2393): error TS1127: Invalid character.
.next/dev/types/validator.ts(1,2394): error TS1127: Invalid character.
.next/dev/types/validator.ts(1,2395): error TS1127: Invalid character.
.next/dev/types/validator.ts(1,2396): error TS1127: Invalid character.
.next/dev/types/validator.ts(1,2397): error TS1127: Invalid character.
.next/dev/types/validator.ts(1,2398): error TS1127: Invalid character.
.next/dev/types/validator.ts(1,2399): error TS1127: Invalid character.
.next/dev/types/validator.ts(1,2400): error TS1127: Invalid character.
.next/dev/types/validator.ts(1,2401): error TS1127: Invalid character.
.next/dev/types/validator.ts(1,2402): error TS1127: Invalid character.
.next/dev/types/validator.ts(1,2403): error TS1127: Invalid character.
.next/dev/types/validator.ts(1,2404): error TS1127: Invalid character.
.next/dev/types/validator.ts(1,2405): error TS1127: Invalid character.
.next/dev/types/validator.ts(1,2406): error TS1127: Invalid character.
.next/dev/types/validator.ts(1,2407): error TS1127: Invalid character.
.next/dev/types/validator.ts(1,2408): error TS1127: Invalid character.
.next/dev/types/validator.ts(1,2409): error TS1127: Invalid character.
.next/dev/types/validator.ts(1,2410): error TS1127: Invalid character.
.next/dev/types/validator.ts(1,2411): error TS1127: Invalid character.
.next/dev/types/validator.ts(1,2412): error TS1127: Invalid character.
.next/dev/types/validator.ts(1,2413): error TS1127: Invalid character.
.next/dev/types/validator.ts(1,2414): error TS1127: Invalid character.
.next/dev/types/validator.ts(1,2415): error TS1127: Invalid character.
.next/dev/types/validator.ts(1,2416): error TS1127: Invalid character.
.next/dev/types/validator.ts(1,2417): error TS1127: Invalid character.
.next/dev/types/validator.ts(1,2418): error TS1127: Invalid character.
.next/dev/types/validator.ts(1,2419): error TS1127: Invalid character.
.next/dev/types/validator.ts(1,2420): error TS1127: Invalid character.
.next/dev/types/validator.ts(1,2421): error TS1127: Invalid character.
.next/dev/types/validator.ts(1,2422): error TS1127: Invalid character.
.next/dev/types/validator.ts(1,2423): error TS1127: Invalid character.
.next/dev/types/validator.ts(1,2424): error TS1127: Invalid character.
.next/dev/types/validator.ts(1,2425): error TS1127: Invalid character.
.next/dev/types/validator.ts(1,2426): error TS1127: Invalid character.
.next/dev/types/validator.ts(1,2427): error TS1127: Invalid character.
.next/dev/types/validator.ts(1,2428): error TS1127: Invalid character.
.next/dev/types/validator.ts(1,2429): error TS1127: Invalid character.
.next/dev/types/validator.ts(1,2430): error TS1127: Invalid character.
.next/dev/types/validator.ts(1,2431): error TS1127: Invalid character.
.next/dev/types/validator.ts(1,2432): error TS1127: Invalid character.
.next/dev/types/validator.ts(1,2433): error TS1127: Invalid character.
.next/dev/types/validator.ts(1,2434): error TS1127: Invalid character.
.next/dev/types/validator.ts(1,2435): error TS1127: Invalid character.
.next/dev/types/validator.ts(1,2436): error TS1127: Invalid character.
.next/dev/types/validator.ts(1,2437): error TS1127: Invalid character.
.next/dev/types/validator.ts(1,2438): error TS1127: Invalid character.
.next/dev/types/validator.ts(1,2439): error TS1127: Invalid character.
.next/dev/types/validator.ts(1,2440): error TS1127: Invalid character.
.next/dev/types/validator.ts(1,2441): error TS1127: Invalid character.
.next/dev/types/validator.ts(1,2442): error TS1127: Invalid character.
.next/dev/types/validator.ts(1,2443): error TS1127: Invalid character.
.next/dev/types/validator.ts(1,2444): error TS1127: Invalid character.
.next/dev/types/validator.ts(1,2445): error TS1127: Invalid character.
.next/dev/types/validator.ts(1,2446): error TS1127: Invalid character.
.next/dev/types/validator.ts(1,2447): error TS1127: Invalid character.
.next/dev/types/validator.ts(1,2448): error TS1127: Invalid character.
.next/dev/types/validator.ts(1,2449): error TS1127: Invalid character.
.next/dev/types/validator.ts(1,2450): error TS1127: Invalid character.
.next/dev/types/validator.ts(1,2451): error TS1127: Invalid character.
.next/dev/types/validator.ts(1,2452): error TS1127: Invalid character.
.next/dev/types/validator.ts(1,2453): error TS1127: Invalid character.
.next/dev/types/validator.ts(1,2454): error TS1127: Invalid character.
.next/dev/types/validator.ts(1,2455): error TS1127: Invalid character.
.next/dev/types/validator.ts(1,2456): error TS1127: Invalid character.
.next/dev/types/validator.ts(1,2457): error TS1127: Invalid character.
.next/dev/types/validator.ts(1,2458): error TS1127: Invalid character.
.next/dev/types/validator.ts(1,2459): error TS1127: Invalid character.
.next/dev/types/validator.ts(1,2460): error TS1127: Invalid character.
.next/dev/types/validator.ts(1,2461): error TS1127: Invalid character.
.next/dev/types/validator.ts(1,2462): error TS1127: Invalid character.
.next/dev/types/validator.ts(1,2463): error TS1127: Invalid character.
.next/dev/types/validator.ts(1,2464): error TS1127: Invalid character.
.next/dev/types/validator.ts(1,2465): error TS1127: Invalid character.
.next/dev/types/validator.ts(1,2466): error TS1127: Invalid character.
.next/dev/types/validator.ts(1,2467): error TS1127: Invalid character.
.next/dev/types/validator.ts(1,2468): error TS1127: Invalid character.
.next/dev/types/validator.ts(1,2469): error TS1127: Invalid character.
.next/dev/types/validator.ts(1,2470): error TS1127: Invalid character.
.next/dev/types/validator.ts(1,2471): error TS1127: Invalid character.
.next/dev/types/validator.ts(1,2472): error TS1127: Invalid character.
.next/dev/types/validator.ts(1,2473): error TS1127: Invalid character.
.next/dev/types/validator.ts(1,2474): error TS1127: Invalid character.
.next/dev/types/validator.ts(1,2475): error TS1127: Invalid character.
.next/dev/types/validator.ts(1,2476): error TS1127: Invalid character.
.next/dev/types/validator.ts(1,2477): error TS1127: Invalid character.
.next/dev/types/validator.ts(1,2478): error TS1127: Invalid character.
.next/dev/types/validator.ts(1,2479): error TS1127: Invalid character.
.next/dev/types/validator.ts(1,2480): error TS1127: Invalid character.
.next/dev/types/validator.ts(1,2481): error TS1127: Invalid character.
.next/dev/types/validator.ts(1,2482): error TS1127: Invalid character.
.next/dev/types/validator.ts(1,2483): error TS1127: Invalid character.
.next/dev/types/validator.ts(1,2484): error TS1127: Invalid character.
.next/dev/types/validator.ts(1,2485): error TS1127: Invalid character.
.next/dev/types/validator.ts(1,2486): error TS1127: Invalid character.
.next/dev/types/validator.ts(1,2487): error TS1127: Invalid character.
.next/dev/types/validator.ts(1,2488): error TS1127: Invalid character.
.next/dev/types/validator.ts(1,2489): error TS1127: Invalid character.
.next/dev/types/validator.ts(1,2490): error TS1127: Invalid character.
.next/dev/types/validator.ts(1,2491): error TS1127: Invalid character.
.next/dev/types/validator.ts(1,2492): error TS1127: Invalid character.
.next/dev/types/validator.ts(1,2493): error TS1127: Invalid character.
.next/dev/types/validator.ts(1,2494): error TS1127: Invalid character.
.next/dev/types/validator.ts(1,2495): error TS1127: Invalid character.
.next/dev/types/validator.ts(1,2496): error TS1127: Invalid character.
.next/dev/types/validator.ts(1,2497): error TS1127: Invalid character.
.next/dev/types/validator.ts(1,2498): error TS1127: Invalid character.
.next/dev/types/validator.ts(1,2499): error TS1127: Invalid character.
.next/dev/types/validator.ts(1,2500): error TS1127: Invalid character.
.next/dev/types/validator.ts(1,2501): error TS1127: Invalid character.
.next/dev/types/validator.ts(1,2502): error TS1127: Invalid character.
.next/dev/types/validator.ts(1,2503): error TS1127: Invalid character.
.next/dev/types/validator.ts(1,2504): error TS1127: Invalid character.
.next/dev/types/validator.ts(1,2505): error TS1127: Invalid character.
.next/dev/types/validator.ts(1,2506): error TS1127: Invalid character.
.next/dev/types/validator.ts(1,2507): error TS1127: Invalid character.
.next/dev/types/validator.ts(1,2508): error TS1127: Invalid character.
.next/dev/types/validator.ts(1,2509): error TS1127: Invalid character.
.next/dev/types/validator.ts(1,2510): error TS1127: Invalid character.
.next/dev/types/validator.ts(1,2511): error TS1127: Invalid character.
.next/dev/types/validator.ts(1,2512): error TS1127: Invalid character.
.next/dev/types/validator.ts(1,2513): error TS1127: Invalid character.
.next/dev/types/validator.ts(1,2514): error TS1127: Invalid character.
.next/dev/types/validator.ts(1,2515): error TS1127: Invalid character.
.next/dev/types/validator.ts(1,2516): error TS1127: Invalid character.
.next/dev/types/validator.ts(1,2517): error TS1127: Invalid character.
.next/dev/types/validator.ts(1,2518): error TS1127: Invalid character.
.next/dev/types/validator.ts(1,2519): error TS1127: Invalid character.
.next/dev/types/validator.ts(1,2520): error TS1127: Invalid character.
.next/dev/types/validator.ts(1,2521): error TS1127: Invalid character.
.next/dev/types/validator.ts(1,2522): error TS1127: Invalid character.
.next/dev/types/validator.ts(1,2523): error TS1127: Invalid character.
.next/dev/types/validator.ts(1,2524): error TS1127: Invalid character.
.next/dev/types/validator.ts(1,2525): error TS1127: Invalid character.
.next/dev/types/validator.ts(1,2526): error TS1127: Invalid character.
.next/dev/types/validator.ts(1,2527): error TS1127: Invalid character.
.next/dev/types/validator.ts(1,2528): error TS1127: Invalid character.
.next/dev/types/validator.ts(1,2529): error TS1127: Invalid character.
.next/dev/types/validator.ts(1,2530): error TS1127: Invalid character.
.next/dev/types/validator.ts(1,2531): error TS1127: Invalid character.
.next/dev/types/validator.ts(1,2532): error TS1127: Invalid character.
.next/dev/types/validator.ts(1,2533): error TS1127: Invalid character.
.next/dev/types/validator.ts(1,2534): error TS1127: Invalid character.
.next/dev/types/validator.ts(1,2535): error TS1127: Invalid character.
.next/dev/types/validator.ts(1,2536): error TS1127: Invalid character.
.next/dev/types/validator.ts(1,2537): error TS1127: Invalid character.
.next/dev/types/validator.ts(1,2538): error TS1127: Invalid character.
.next/dev/types/validator.ts(1,2539): error TS1127: Invalid character.
.next/dev/types/validator.ts(1,2540): error TS1127: Invalid character.
.next/dev/types/validator.ts(1,2541): error TS1127: Invalid character.
.next/dev/types/validator.ts(1,2542): error TS1127: Invalid character.
.next/dev/types/validator.ts(1,2543): error TS1127: Invalid character.
.next/dev/types/validator.ts(1,2544): error TS1127: Invalid character.
.next/dev/types/validator.ts(1,2545): error TS1127: Invalid character.
.next/dev/types/validator.ts(1,2546): error TS1127: Invalid character.
.next/dev/types/validator.ts(1,2547): error TS1127: Invalid character.
.next/dev/types/validator.ts(1,2548): error TS1127: Invalid character.
.next/dev/types/validator.ts(1,2549): error TS1127: Invalid character.
.next/dev/types/validator.ts(1,2550): error TS1127: Invalid character.
.next/dev/types/validator.ts(1,2551): error TS1127: Invalid character.
.next/dev/types/validator.ts(1,2552): error TS1127: Invalid character.
.next/dev/types/validator.ts(1,2553): error TS1127: Invalid character.
.next/dev/types/validator.ts(1,2554): error TS1127: Invalid character.
.next/dev/types/validator.ts(1,2555): error TS1127: Invalid character.
.next/dev/types/validator.ts(1,2556): error TS1127: Invalid character.
.next/dev/types/validator.ts(1,2557): error TS1127: Invalid character.
.next/dev/types/validator.ts(1,2558): error TS1127: Invalid character.
.next/dev/types/validator.ts(1,2559): error TS1127: Invalid character.
.next/dev/types/validator.ts(1,2560): error TS1127: Invalid character.
.next/dev/types/validator.ts(1,2561): error TS1127: Invalid character.
.next/dev/types/validator.ts(1,2562): error TS1127: Invalid character.
.next/dev/types/validator.ts(1,2563): error TS1127: Invalid character.
.next/dev/types/validator.ts(1,2564): error TS1127: Invalid character.
.next/dev/types/validator.ts(1,2565): error TS1127: Invalid character.
.next/dev/types/validator.ts(1,2566): error TS1127: Invalid character.
.next/dev/types/validator.ts(1,2567): error TS1127: Invalid character.
.next/dev/types/validator.ts(1,2568): error TS1127: Invalid character.
.next/dev/types/validator.ts(1,2569): error TS1127: Invalid character.
.next/dev/types/validator.ts(1,2570): error TS1127: Invalid character.
.next/dev/types/validator.ts(1,2571): error TS1127: Invalid character.
.next/dev/types/validator.ts(1,2572): error TS1127: Invalid character.
.next/dev/types/validator.ts(1,2573): error TS1127: Invalid character.
.next/dev/types/validator.ts(1,2574): error TS1127: Invalid character.
.next/dev/types/validator.ts(1,2575): error TS1127: Invalid character.
.next/dev/types/validator.ts(1,2576): error TS1127: Invalid character.
.next/dev/types/validator.ts(1,2577): error TS1127: Invalid character.
.next/dev/types/validator.ts(1,2578): error TS1127: Invalid character.
.next/dev/types/validator.ts(1,2579): error TS1127: Invalid character.
.next/dev/types/validator.ts(1,2580): error TS1127: Invalid character.
.next/dev/types/validator.ts(1,2581): error TS1127: Invalid character.
.next/dev/types/validator.ts(1,2582): error TS1127: Invalid character.
.next/dev/types/validator.ts(1,2583): error TS1127: Invalid character.
.next/dev/types/validator.ts(1,2584): error TS1127: Invalid character.
.next/dev/types/validator.ts(1,2585): error TS1127: Invalid character.
.next/dev/types/validator.ts(1,2586): error TS1127: Invalid character.
.next/dev/types/validator.ts(1,2587): error TS1127: Invalid character.
.next/dev/types/validator.ts(1,2588): error TS1127: Invalid character.
.next/dev/types/validator.ts(1,2589): error TS1127: Invalid character.
.next/dev/types/validator.ts(1,2590): error TS1127: Invalid character.
.next/dev/types/validator.ts(1,2591): error TS1127: Invalid character.
.next/dev/types/validator.ts(1,2592): error TS1127: Invalid character.
.next/dev/types/validator.ts(1,2593): error TS1127: Invalid character.
.next/dev/types/validator.ts(1,2594): error TS1127: Invalid character.
.next/dev/types/validator.ts(1,2595): error TS1127: Invalid character.
.next/dev/types/validator.ts(1,2596): error TS1127: Invalid character.
.next/dev/types/validator.ts(1,2597): error TS1127: Invalid character.
.next/dev/types/validator.ts(1,2598): error TS1127: Invalid character.
.next/dev/types/validator.ts(1,2599): error TS1127: Invalid character.
.next/dev/types/validator.ts(1,2600): error TS1127: Invalid character.
.next/dev/types/validator.ts(1,2601): error TS1127: Invalid character.
.next/dev/types/validator.ts(1,2602): error TS1127: Invalid character.
.next/dev/types/validator.ts(1,2603): error TS1127: Invalid character.
.next/dev/types/validator.ts(1,2604): error TS1127: Invalid character.
.next/dev/types/validator.ts(1,2605): error TS1127: Invalid character.
.next/dev/types/validator.ts(1,2606): error TS1127: Invalid character.
.next/dev/types/validator.ts(1,2607): error TS1127: Invalid character.
.next/dev/types/validator.ts(1,2608): error TS1127: Invalid character.
.next/dev/types/validator.ts(1,2609): error TS1127: Invalid character.
.next/dev/types/validator.ts(1,2610): error TS1127: Invalid character.
.next/dev/types/validator.ts(1,2611): error TS1127: Invalid character.
.next/dev/types/validator.ts(1,2612): error TS1127: Invalid character.
.next/dev/types/validator.ts(1,2613): error TS1127: Invalid character.
.next/dev/types/validator.ts(1,2614): error TS1127: Invalid character.
.next/dev/types/validator.ts(1,2615): error TS1127: Invalid character.
.next/dev/types/validator.ts(1,2616): error TS1127: Invalid character.
.next/dev/types/validator.ts(1,2617): error TS1127: Invalid character.
.next/dev/types/validator.ts(1,2618): error TS1127: Invalid character.
.next/dev/types/validator.ts(1,2619): error TS1127: Invalid character.
.next/dev/types/validator.ts(1,2620): error TS1127: Invalid character.
.next/dev/types/validator.ts(1,2621): error TS1127: Invalid character.
.next/dev/types/validator.ts(1,2622): error TS1127: Invalid character.
.next/dev/types/validator.ts(1,2623): error TS1127: Invalid character.
.next/dev/types/validator.ts(1,2624): error TS1127: Invalid character.
.next/dev/types/validator.ts(1,2625): error TS1127: Invalid character.
.next/dev/types/validator.ts(1,2626): error TS1127: Invalid character.
.next/dev/types/validator.ts(1,2627): error TS1127: Invalid character.
.next/dev/types/validator.ts(1,2628): error TS1127: Invalid character.
.next/dev/types/validator.ts(1,2629): error TS1127: Invalid character.
.next/dev/types/validator.ts(1,2630): error TS1127: Invalid character.
.next/dev/types/validator.ts(1,2631): error TS1127: Invalid character.
.next/dev/types/validator.ts(1,2632): error TS1127: Invalid character.
.next/dev/types/validator.ts(1,2633): error TS1127: Invalid character.
.next/dev/types/validator.ts(1,2634): error TS1127: Invalid character.
.next/dev/types/validator.ts(1,2635): error TS1127: Invalid character.
.next/dev/types/validator.ts(1,2636): error TS1127: Invalid character.
.next/dev/types/validator.ts(1,2637): error TS1127: Invalid character.
.next/dev/types/validator.ts(1,2638): error TS1127: Invalid character.
.next/dev/types/validator.ts(1,2639): error TS1127: Invalid character.
.next/dev/types/validator.ts(1,2640): error TS1127: Invalid character.
.next/dev/types/validator.ts(1,2641): error TS1127: Invalid character.
.next/dev/types/validator.ts(1,2642): error TS1127: Invalid character.
.next/dev/types/validator.ts(1,2643): error TS1127: Invalid character.
.next/dev/types/validator.ts(1,2644): error TS1127: Invalid character.
.next/dev/types/validator.ts(1,2645): error TS1127: Invalid character.
.next/dev/types/validator.ts(1,2646): error TS1127: Invalid character.
.next/dev/types/validator.ts(1,2647): error TS1127: Invalid character.
.next/dev/types/validator.ts(1,2648): error TS1127: Invalid character.
.next/dev/types/validator.ts(1,2649): error TS1127: Invalid character.
.next/dev/types/validator.ts(1,2650): error TS1127: Invalid character.
.next/dev/types/validator.ts(1,2651): error TS1127: Invalid character.
.next/dev/types/validator.ts(1,2652): error TS1127: Invalid character.
.next/dev/types/validator.ts(1,2653): error TS1127: Invalid character.
.next/dev/types/validator.ts(1,2654): error TS1127: Invalid character.
.next/dev/types/validator.ts(1,2655): error TS1127: Invalid character.
.next/dev/types/validator.ts(1,2656): error TS1127: Invalid character.
.next/dev/types/validator.ts(1,2657): error TS1127: Invalid character.
.next/dev/types/validator.ts(1,2658): error TS1127: Invalid character.
.next/dev/types/validator.ts(1,2659): error TS1127: Invalid character.
.next/dev/types/validator.ts(1,2660): error TS1127: Invalid character.
.next/dev/types/validator.ts(1,2661): error TS1127: Invalid character.
.next/dev/types/validator.ts(1,2662): error TS1127: Invalid character.
.next/dev/types/validator.ts(1,2663): error TS1127: Invalid character.
.next/dev/types/validator.ts(1,2664): error TS1127: Invalid character.
.next/dev/types/validator.ts(1,2665): error TS1127: Invalid character.
.next/dev/types/validator.ts(1,2666): error TS1127: Invalid character.
.next/dev/types/validator.ts(1,2667): error TS1127: Invalid character.
.next/dev/types/validator.ts(1,2668): error TS1127: Invalid character.
.next/dev/types/validator.ts(1,2669): error TS1127: Invalid character.
.next/dev/types/validator.ts(1,2670): error TS1127: Invalid character.
.next/dev/types/validator.ts(1,2671): error TS1127: Invalid character.
.next/dev/types/validator.ts(1,2672): error TS1127: Invalid character.
.next/dev/types/validator.ts(1,2673): error TS1127: Invalid character.
.next/dev/types/validator.ts(1,2674): error TS1127: Invalid character.
.next/dev/types/validator.ts(1,2675): error TS1127: Invalid character.
.next/dev/types/validator.ts(1,2676): error TS1127: Invalid character.
.next/dev/types/validator.ts(1,2677): error TS1127: Invalid character.
.next/dev/types/validator.ts(1,2678): error TS1127: Invalid character.
.next/dev/types/validator.ts(1,2679): error TS1127: Invalid character.
.next/dev/types/validator.ts(1,2680): error TS1127: Invalid character.
.next/dev/types/validator.ts(1,2681): error TS1127: Invalid character.
.next/dev/types/validator.ts(1,2682): error TS1127: Invalid character.
.next/dev/types/validator.ts(1,2683): error TS1127: Invalid character.
.next/dev/types/validator.ts(1,2684): error TS1127: Invalid character.
.next/dev/types/validator.ts(1,2685): error TS1127: Invalid character.
.next/dev/types/validator.ts(1,2686): error TS1127: Invalid character.
.next/dev/types/validator.ts(1,2687): error TS1127: Invalid character.
.next/dev/types/validator.ts(1,2688): error TS1127: Invalid character.
.next/dev/types/validator.ts(1,2689): error TS1127: Invalid character.
.next/dev/types/validator.ts(1,2690): error TS1127: Invalid character.
.next/dev/types/validator.ts(1,2691): error TS1127: Invalid character.
.next/dev/types/validator.ts(1,2692): error TS1127: Invalid character.
.next/dev/types/validator.ts(1,2693): error TS1127: Invalid character.
.next/dev/types/validator.ts(1,2694): error TS1127: Invalid character.
.next/dev/types/validator.ts(1,2695): error TS1127: Invalid character.
.next/dev/types/validator.ts(1,2696): error TS1127: Invalid character.
.next/dev/types/validator.ts(1,2697): error TS1127: Invalid character.
.next/dev/types/validator.ts(1,2698): error TS1127: Invalid character.
.next/dev/types/validator.ts(1,2699): error TS1127: Invalid character.
.next/dev/types/validator.ts(1,2700): error TS1127: Invalid character.
.next/dev/types/validator.ts(1,2701): error TS1127: Invalid character.
.next/dev/types/validator.ts(1,2702): error TS1127: Invalid character.
.next/dev/types/validator.ts(1,2703): error TS1127: Invalid character.
.next/dev/types/validator.ts(1,2704): error TS1127: Invalid character.
.next/dev/types/validator.ts(1,2705): error TS1127: Invalid character.
.next/dev/types/validator.ts(1,2706): error TS1127: Invalid character.
.next/dev/types/validator.ts(1,2707): error TS1127: Invalid character.
.next/dev/types/validator.ts(1,2708): error TS1127: Invalid character.
.next/dev/types/validator.ts(1,2709): error TS1127: Invalid character.
.next/dev/types/validator.ts(1,2710): error TS1127: Invalid character.
.next/dev/types/validator.ts(1,2711): error TS1127: Invalid character.
.next/dev/types/validator.ts(1,2712): error TS1127: Invalid character.
.next/dev/types/validator.ts(1,2713): error TS1127: Invalid character.
.next/dev/types/validator.ts(1,2714): error TS1127: Invalid character.
.next/dev/types/validator.ts(1,2715): error TS1127: Invalid character.
.next/dev/types/validator.ts(1,2716): error TS1127: Invalid character.
.next/dev/types/validator.ts(1,2717): error TS1127: Invalid character.
.next/dev/types/validator.ts(1,2718): error TS1127: Invalid character.
.next/dev/types/validator.ts(1,2719): error TS1127: Invalid character.
.next/dev/types/validator.ts(1,2720): error TS1127: Invalid character.
.next/dev/types/validator.ts(1,2721): error TS1127: Invalid character.
.next/dev/types/validator.ts(1,2722): error TS1127: Invalid character.
.next/dev/types/validator.ts(1,2723): error TS1127: Invalid character.
.next/dev/types/validator.ts(1,2724): error TS1127: Invalid character.
.next/dev/types/validator.ts(1,2725): error TS1127: Invalid character.
.next/dev/types/validator.ts(1,2726): error TS1127: Invalid character.
.next/dev/types/validator.ts(1,2727): error TS1127: Invalid character.
.next/dev/types/validator.ts(1,2728): error TS1127: Invalid character.
.next/dev/types/validator.ts(1,2729): error TS1127: Invalid character.
.next/dev/types/validator.ts(1,2730): error TS1127: Invalid character.
.next/dev/types/validator.ts(1,2731): error TS1127: Invalid character.
.next/dev/types/validator.ts(1,2732): error TS1127: Invalid character.
.next/dev/types/validator.ts(1,2733): error TS1127: Invalid character.
.next/dev/types/validator.ts(1,2734): error TS1127: Invalid character.
.next/dev/types/validator.ts(1,2735): error TS1127: Invalid character.
.next/dev/types/validator.ts(1,2736): error TS1127: Invalid character.
.next/dev/types/validator.ts(1,2737): error TS1127: Invalid character.
.next/dev/types/validator.ts(1,2738): error TS1127: Invalid character.
.next/dev/types/validator.ts(1,2739): error TS1127: Invalid character.
.next/dev/types/validator.ts(1,2740): error TS1127: Invalid character.
.next/dev/types/validator.ts(1,2741): error TS1127: Invalid character.
.next/dev/types/validator.ts(1,2742): error TS1127: Invalid character.
.next/dev/types/validator.ts(1,2743): error TS1127: Invalid character.
.next/dev/types/validator.ts(1,2744): error TS1127: Invalid character.
.next/dev/types/validator.ts(1,2745): error TS1127: Invalid character.
.next/dev/types/validator.ts(1,2746): error TS1127: Invalid character.
.next/dev/types/validator.ts(1,2747): error TS1127: Invalid character.
.next/dev/types/validator.ts(1,2748): error TS1127: Invalid character.
.next/dev/types/validator.ts(1,2749): error TS1127: Invalid character.
.next/dev/types/validator.ts(1,2750): error TS1127: Invalid character.
.next/dev/types/validator.ts(1,2751): error TS1127: Invalid character.
.next/dev/types/validator.ts(1,2752): error TS1127: Invalid character.
.next/dev/types/validator.ts(1,2753): error TS1127: Invalid character.
.next/dev/types/validator.ts(1,2754): error TS1127: Invalid character.
.next/dev/types/validator.ts(1,2755): error TS1127: Invalid character.
.next/dev/types/validator.ts(1,2756): error TS1127: Invalid character.
.next/dev/types/validator.ts(1,2757): error TS1127: Invalid character.
.next/dev/types/validator.ts(1,2758): error TS1127: Invalid character.
.next/dev/types/validator.ts(1,2759): error TS1127: Invalid character.
.next/dev/types/validator.ts(1,2760): error TS1127: Invalid character.
.next/dev/types/validator.ts(1,2761): error TS1127: Invalid character.
.next/dev/types/validator.ts(1,2762): error TS1127: Invalid character.
.next/dev/types/validator.ts(1,2763): error TS1127: Invalid character.
.next/dev/types/validator.ts(1,2764): error TS1127: Invalid character.
.next/dev/types/validator.ts(1,2765): error TS1127: Invalid character.
.next/dev/types/validator.ts(1,2766): error TS1127: Invalid character.
.next/dev/types/validator.ts(1,2767): error TS1127: Invalid character.
.next/dev/types/validator.ts(1,2768): error TS1127: Invalid character.
.next/dev/types/validator.ts(1,2769): error TS1127: Invalid character.
.next/dev/types/validator.ts(1,2770): error TS1127: Invalid character.
.next/dev/types/validator.ts(1,2771): error TS1127: Invalid character.
.next/dev/types/validator.ts(1,2772): error TS1127: Invalid character.
.next/dev/types/validator.ts(1,2773): error TS1127: Invalid character.
.next/dev/types/validator.ts(1,2774): error TS1127: Invalid character.
.next/dev/types/validator.ts(1,2775): error TS1127: Invalid character.
.next/dev/types/validator.ts(1,2776): error TS1127: Invalid character.
.next/dev/types/validator.ts(1,2777): error TS1127: Invalid character.
.next/dev/types/validator.ts(1,2778): error TS1127: Invalid character.
.next/dev/types/validator.ts(1,2779): error TS1127: Invalid character.
.next/dev/types/validator.ts(1,2780): error TS1127: Invalid character.
.next/dev/types/validator.ts(1,2781): error TS1127: Invalid character.
.next/dev/types/validator.ts(1,2782): error TS1127: Invalid character.
.next/dev/types/validator.ts(1,2783): error TS1127: Invalid character.
.next/dev/types/validator.ts(1,2784): error TS1127: Invalid character.
.next/dev/types/validator.ts(1,2785): error TS1127: Invalid character.
.next/dev/types/validator.ts(1,2786): error TS1127: Invalid character.
.next/dev/types/validator.ts(1,2787): error TS1127: Invalid character.
.next/dev/types/validator.ts(1,2788): error TS1127: Invalid character.
.next/dev/types/validator.ts(1,2789): error TS1127: Invalid character.
.next/dev/types/validator.ts(1,2790): error TS1127: Invalid character.
.next/dev/types/validator.ts(1,2791): error TS1127: Invalid character.
.next/dev/types/validator.ts(1,2792): error TS1127: Invalid character.
.next/dev/types/validator.ts(1,2793): error TS1127: Invalid character.
.next/dev/types/validator.ts(1,2794): error TS1127: Invalid character.
.next/dev/types/validator.ts(1,2795): error TS1127: Invalid character.
.next/dev/types/validator.ts(1,2796): error TS1127: Invalid character.
.next/dev/types/validator.ts(1,2797): error TS1127: Invalid character.
.next/dev/types/validator.ts(1,2798): error TS1127: Invalid character.
.next/dev/types/validator.ts(1,2799): error TS1127: Invalid character.
.next/dev/types/validator.ts(1,2800): error TS1127: Invalid character.
.next/dev/types/validator.ts(1,2801): error TS1127: Invalid character.
.next/dev/types/validator.ts(1,2802): error TS1127: Invalid character.
.next/dev/types/validator.ts(1,2803): error TS1127: Invalid character.
.next/dev/types/validator.ts(1,2804): error TS1127: Invalid character.
.next/dev/types/validator.ts(1,2805): error TS1127: Invalid character.
.next/dev/types/validator.ts(1,2806): error TS1127: Invalid character.
.next/dev/types/validator.ts(1,2807): error TS1127: Invalid character.
.next/dev/types/validator.ts(1,2808): error TS1127: Invalid character.
.next/dev/types/validator.ts(1,2809): error TS1127: Invalid character.
.next/dev/types/validator.ts(1,2810): error TS1127: Invalid character.
.next/dev/types/validator.ts(1,2811): error TS1127: Invalid character.
.next/dev/types/validator.ts(1,2812): error TS1127: Invalid character.
.next/dev/types/validator.ts(1,2813): error TS1127: Invalid character.
.next/dev/types/validator.ts(1,2814): error TS1127: Invalid character.
.next/dev/types/validator.ts(1,2815): error TS1127: Invalid character.
.next/dev/types/validator.ts(1,2816): error TS1127: Invalid character.
.next/dev/types/validator.ts(1,2817): error TS1127: Invalid character.
.next/dev/types/validator.ts(1,2818): error TS1127: Invalid character.
.next/dev/types/validator.ts(1,2819): error TS1127: Invalid character.
.next/dev/types/validator.ts(1,2820): error TS1127: Invalid character.
.next/dev/types/validator.ts(1,2821): error TS1127: Invalid character.
.next/dev/types/validator.ts(1,2822): error TS1127: Invalid character.
.next/dev/types/validator.ts(1,2823): error TS1127: Invalid character.
.next/dev/types/validator.ts(1,2824): error TS1127: Invalid character.
.next/dev/types/validator.ts(1,2825): error TS1127: Invalid character.
.next/dev/types/validator.ts(1,2826): error TS1127: Invalid character.
.next/dev/types/validator.ts(1,2827): error TS1127: Invalid character.
.next/dev/types/validator.ts(1,2828): error TS1127: Invalid character.
.next/dev/types/validator.ts(1,2829): error TS1127: Invalid character.
.next/dev/types/validator.ts(1,2830): error TS1127: Invalid character.
.next/dev/types/validator.ts(1,2831): error TS1127: Invalid character.
.next/dev/types/validator.ts(1,2832): error TS1127: Invalid character.
.next/dev/types/validator.ts(1,2833): error TS1127: Invalid character.
.next/dev/types/validator.ts(1,2834): error TS1127: Invalid character.
.next/dev/types/validator.ts(1,2835): error TS1127: Invalid character.
.next/dev/types/validator.ts(1,2836): error TS1127: Invalid character.
.next/dev/types/validator.ts(1,2837): error TS1127: Invalid character.
.next/dev/types/validator.ts(1,2838): error TS1127: Invalid character.
.next/dev/types/validator.ts(1,2839): error TS1127: Invalid character.
.next/dev/types/validator.ts(1,2840): error TS1127: Invalid character.
.next/dev/types/validator.ts(1,2841): error TS1127: Invalid character.
.next/dev/types/validator.ts(1,2842): error TS1127: Invalid character.
.next/dev/types/validator.ts(1,2843): error TS1127: Invalid character.
.next/dev/types/validator.ts(1,2844): error TS1127: Invalid character.
.next/dev/types/validator.ts(1,2845): error TS1127: Invalid character.
.next/dev/types/validator.ts(1,2846): error TS1127: Invalid character.
.next/dev/types/validator.ts(1,2847): error TS1127: Invalid character.
.next/dev/types/validator.ts(1,2848): error TS1127: Invalid character.
.next/dev/types/validator.ts(1,2849): error TS1127: Invalid character.
.next/dev/types/validator.ts(1,2850): error TS1127: Invalid character.
.next/dev/types/validator.ts(1,2851): error TS1127: Invalid character.
.next/dev/types/validator.ts(1,2852): error TS1127: Invalid character.
.next/dev/types/validator.ts(1,2853): error TS1127: Invalid character.
.next/dev/types/validator.ts(1,2854): error TS1127: Invalid character.
.next/dev/types/validator.ts(1,2855): error TS1127: Invalid character.
.next/dev/types/validator.ts(1,2856): error TS1127: Invalid character.
.next/dev/types/validator.ts(1,2857): error TS1127: Invalid character.
.next/dev/types/validator.ts(1,2858): error TS1127: Invalid character.
.next/dev/types/validator.ts(1,2859): error TS1127: Invalid character.
.next/dev/types/validator.ts(1,2860): error TS1127: Invalid character.
.next/dev/types/validator.ts(1,2861): error TS1127: Invalid character.
.next/dev/types/validator.ts(1,2862): error TS1127: Invalid character.
.next/dev/types/validator.ts(1,2863): error TS1127: Invalid character.
.next/dev/types/validator.ts(1,2864): error TS1127: Invalid character.
.next/dev/types/validator.ts(1,2865): error TS1127: Invalid character.
.next/dev/types/validator.ts(1,2866): error TS1127: Invalid character.
.next/dev/types/validator.ts(1,2867): error TS1127: Invalid character.
.next/dev/types/validator.ts(1,2868): error TS1127: Invalid character.
.next/dev/types/validator.ts(1,2869): error TS1127: Invalid character.
.next/dev/types/validator.ts(1,2870): error TS1127: Invalid character.
.next/dev/types/validator.ts(1,2871): error TS1127: Invalid character.
.next/dev/types/validator.ts(1,2872): error TS1127: Invalid character.
.next/dev/types/validator.ts(1,2873): error TS1127: Invalid character.
.next/dev/types/validator.ts(1,2874): error TS1127: Invalid character.
.next/dev/types/validator.ts(1,2875): error TS1127: Invalid character.
.next/dev/types/validator.ts(1,2876): error TS1127: Invalid character.
.next/dev/types/validator.ts(1,2877): error TS1127: Invalid character.
.next/dev/types/validator.ts(1,2878): error TS1127: Invalid character.
.next/dev/types/validator.ts(1,2879): error TS1127: Invalid character.
.next/dev/types/validator.ts(1,2880): error TS1127: Invalid character.
.next/dev/types/validator.ts(1,2881): error TS1127: Invalid character.
.next/dev/types/validator.ts(1,2882): error TS1127: Invalid character.
.next/dev/types/validator.ts(1,2883): error TS1127: Invalid character.
.next/dev/types/validator.ts(1,2884): error TS1127: Invalid character.
.next/dev/types/validator.ts(1,2885): error TS1127: Invalid character.
.next/dev/types/validator.ts(1,2886): error TS1127: Invalid character.
.next/dev/types/validator.ts(1,2887): error TS1127: Invalid character.
.next/dev/types/validator.ts(1,2888): error TS1127: Invalid character.
.next/dev/types/validator.ts(1,2889): error TS1127: Invalid character.
.next/dev/types/validator.ts(1,2890): error TS1127: Invalid character.
.next/dev/types/validator.ts(1,2891): error TS1127: Invalid character.
.next/dev/types/validator.ts(1,2892): error TS1127: Invalid character.
.next/dev/types/validator.ts(1,2893): error TS1127: Invalid character.
.next/dev/types/validator.ts(1,2894): error TS1127: Invalid character.
.next/dev/types/validator.ts(1,2895): error TS1127: Invalid character.
.next/dev/types/validator.ts(1,2896): error TS1127: Invalid character.
.next/dev/types/validator.ts(1,2897): error TS1127: Invalid character.
.next/dev/types/validator.ts(1,2898): error TS1127: Invalid character.
.next/dev/types/validator.ts(1,2899): error TS1127: Invalid character.
.next/dev/types/validator.ts(1,2900): error TS1127: Invalid character.
.next/dev/types/validator.ts(1,2901): error TS1127: Invalid character.
.next/dev/types/validator.ts(1,2902): error TS1127: Invalid character.
.next/dev/types/validator.ts(1,2903): error TS1127: Invalid character.
.next/dev/types/validator.ts(1,2904): error TS1127: Invalid character.
.next/dev/types/validator.ts(1,2905): error TS1127: Invalid character.
.next/dev/types/validator.ts(1,2906): error TS1127: Invalid character.
.next/dev/types/validator.ts(1,2907): error TS1127: Invalid character.
.next/dev/types/validator.ts(1,2908): error TS1127: Invalid character.
.next/dev/types/validator.ts(1,2909): error TS1127: Invalid character.
.next/dev/types/validator.ts(1,2910): error TS1127: Invalid character.
.next/dev/types/validator.ts(1,2911): error TS1127: Invalid character.
.next/dev/types/validator.ts(1,2912): error TS1127: Invalid character.
.next/dev/types/validator.ts(1,2913): error TS1127: Invalid character.
.next/dev/types/validator.ts(1,2914): error TS1127: Invalid character.
.next/dev/types/validator.ts(1,2915): error TS1127: Invalid character.
.next/dev/types/validator.ts(1,2916): error TS1127: Invalid character.
.next/dev/types/validator.ts(1,2917): error TS1127: Invalid character.
.next/dev/types/validator.ts(1,2918): error TS1127: Invalid character.
.next/dev/types/validator.ts(1,2919): error TS1127: Invalid character.
.next/dev/types/validator.ts(1,2920): error TS1127: Invalid character.
.next/dev/types/validator.ts(1,2921): error TS1127: Invalid character.
.next/dev/types/validator.ts(1,2922): error TS1127: Invalid character.
.next/dev/types/validator.ts(1,2923): error TS1127: Invalid character.
.next/dev/types/validator.ts(1,2924): error TS1127: Invalid character.
.next/dev/types/validator.ts(1,2925): error TS1127: Invalid character.
.next/dev/types/validator.ts(1,2926): error TS1127: Invalid character.
.next/dev/types/validator.ts(1,2927): error TS1127: Invalid character.
.next/dev/types/validator.ts(1,2928): error TS1127: Invalid character.
.next/dev/types/validator.ts(1,2929): error TS1127: Invalid character.
.next/dev/types/validator.ts(1,2930): error TS1127: Invalid character.
.next/dev/types/validator.ts(1,2931): error TS1127: Invalid character.
.next/dev/types/validator.ts(1,2932): error TS1127: Invalid character.
.next/dev/types/validator.ts(1,2933): error TS1127: Invalid character.
.next/dev/types/validator.ts(1,2934): error TS1127: Invalid character.
.next/dev/types/validator.ts(1,2935): error TS1127: Invalid character.
.next/dev/types/validator.ts(1,2936): error TS1127: Invalid character.
.next/dev/types/validator.ts(1,2937): error TS1127: Invalid character.
.next/dev/types/validator.ts(1,2938): error TS1127: Invalid character.
.next/dev/types/validator.ts(1,2939): error TS1127: Invalid character.
.next/dev/types/validator.ts(1,2940): error TS1127: Invalid character.
.next/dev/types/validator.ts(1,2941): error TS1127: Invalid character.
.next/dev/types/validator.ts(1,2942): error TS1127: Invalid character.
.next/dev/types/validator.ts(1,2943): error TS1127: Invalid character.
.next/dev/types/validator.ts(1,2944): error TS1127: Invalid character.
.next/dev/types/validator.ts(1,2945): error TS1127: Invalid character.
.next/dev/types/validator.ts(1,2946): error TS1127: Invalid character.
.next/dev/types/validator.ts(1,2947): error TS1127: Invalid character.
.next/dev/types/validator.ts(1,2948): error TS1127: Invalid character.
.next/dev/types/validator.ts(1,2949): error TS1127: Invalid character.
.next/dev/types/validator.ts(1,2950): error TS1127: Invalid character.
.next/dev/types/validator.ts(1,2951): error TS1127: Invalid character.
.next/dev/types/validator.ts(1,2952): error TS1127: Invalid character.
.next/dev/types/validator.ts(1,2953): error TS1127: Invalid character.
.next/dev/types/validator.ts(1,2954): error TS1127: Invalid character.
.next/dev/types/validator.ts(1,2955): error TS1127: Invalid character.
.next/dev/types/validator.ts(1,2956): error TS1127: Invalid character.
.next/dev/types/validator.ts(1,2957): error TS1127: Invalid character.
.next/dev/types/validator.ts(1,2958): error TS1127: Invalid character.
.next/dev/types/validator.ts(1,2959): error TS1127: Invalid character.
.next/dev/types/validator.ts(1,2960): error TS1127: Invalid character.
.next/dev/types/validator.ts(1,2961): error TS1127: Invalid character.
.next/dev/types/validator.ts(1,2962): error TS1127: Invalid character.
.next/dev/types/validator.ts(1,2963): error TS1127: Invalid character.
.next/dev/types/validator.ts(1,2964): error TS1127: Invalid character.
.next/dev/types/validator.ts(1,2965): error TS1127: Invalid character.
.next/dev/types/validator.ts(1,2966): error TS1127: Invalid character.
.next/dev/types/validator.ts(1,2967): error TS1127: Invalid character.
.next/dev/types/validator.ts(1,2968): error TS1127: Invalid character.
.next/dev/types/validator.ts(1,2969): error TS1127: Invalid character.
.next/dev/types/validator.ts(1,2970): error TS1127: Invalid character.
.next/dev/types/validator.ts(1,2971): error TS1127: Invalid character.
.next/dev/types/validator.ts(1,2972): error TS1127: Invalid character.
.next/dev/types/validator.ts(1,2973): error TS1127: Invalid character.
.next/dev/types/validator.ts(1,2974): error TS1127: Invalid character.
.next/dev/types/validator.ts(1,2975): error TS1127: Invalid character.
.next/dev/types/validator.ts(1,2976): error TS1127: Invalid character.
.next/dev/types/validator.ts(1,2977): error TS1127: Invalid character.
.next/dev/types/validator.ts(1,2978): error TS1127: Invalid character.
.next/dev/types/validator.ts(1,2979): error TS1127: Invalid character.
.next/dev/types/validator.ts(1,2980): error TS1127: Invalid character.
.next/dev/types/validator.ts(1,2981): error TS1127: Invalid character.
.next/dev/types/validator.ts(1,2982): error TS1127: Invalid character.
.next/dev/types/validator.ts(1,2983): error TS1127: Invalid character.
.next/dev/types/validator.ts(1,2984): error TS1127: Invalid character.
.next/dev/types/validator.ts(1,2985): error TS1127: Invalid character.
.next/dev/types/validator.ts(1,2986): error TS1127: Invalid character.
.next/dev/types/validator.ts(1,2987): error TS1127: Invalid character.
.next/dev/types/validator.ts(1,2988): error TS1127: Invalid character.
.next/dev/types/validator.ts(1,2989): error TS1127: Invalid character.
.next/dev/types/validator.ts(1,2990): error TS1127: Invalid character.
.next/dev/types/validator.ts(1,2991): error TS1127: Invalid character.
.next/dev/types/validator.ts(1,2992): error TS1127: Invalid character.
.next/dev/types/validator.ts(1,2993): error TS1127: Invalid character.
.next/dev/types/validator.ts(1,2994): error TS1127: Invalid character.
.next/dev/types/validator.ts(1,2995): error TS1127: Invalid character.
.next/dev/types/validator.ts(1,2996): error TS1127: Invalid character.
.next/dev/types/validator.ts(1,2997): error TS1127: Invalid character.
.next/dev/types/validator.ts(1,2998): error TS1127: Invalid character.
.next/dev/types/validator.ts(1,2999): error TS1127: Invalid character.
.next/dev/types/validator.ts(1,3000): error TS1127: Invalid character.
.next/dev/types/validator.ts(1,3001): error TS1127: Invalid character.
.next/dev/types/validator.ts(1,3002): error TS1127: Invalid character.
.next/dev/types/validator.ts(1,3003): error TS1127: Invalid character.
.next/dev/types/validator.ts(1,3004): error TS1127: Invalid character.
.next/dev/types/validator.ts(1,3005): error TS1127: Invalid character.
.next/dev/types/validator.ts(1,3006): error TS1127: Invalid character.
.next/dev/types/validator.ts(1,3007): error TS1127: Invalid character.
.next/dev/types/validator.ts(1,3008): error TS1127: Invalid character.
.next/dev/types/validator.ts(1,3009): error TS1127: Invalid character.
.next/dev/types/validator.ts(1,3010): error TS1127: Invalid character.
.next/dev/types/validator.ts(1,3011): error TS1127: Invalid character.
.next/dev/types/validator.ts(1,3012): error TS1127: Invalid character.
.next/dev/types/validator.ts(1,3013): error TS1127: Invalid character.
.next/dev/types/validator.ts(1,3014): error TS1127: Invalid character.
.next/dev/types/validator.ts(1,3015): error TS1127: Invalid character.
.next/dev/types/validator.ts(1,3016): error TS1127: Invalid character.
.next/dev/types/validator.ts(1,3017): error TS1127: Invalid character.
.next/dev/types/validator.ts(1,3018): error TS1127: Invalid character.
.next/dev/types/validator.ts(1,3019): error TS1127: Invalid character.
.next/dev/types/validator.ts(1,3020): error TS1127: Invalid character.
.next/dev/types/validator.ts(1,3021): error TS1127: Invalid character.
.next/dev/types/validator.ts(1,3022): error TS1127: Invalid character.
.next/dev/types/validator.ts(1,3023): error TS1127: Invalid character.
.next/dev/types/validator.ts(1,3024): error TS1127: Invalid character.
.next/dev/types/validator.ts(1,3025): error TS1127: Invalid character.
.next/dev/types/validator.ts(1,3026): error TS1127: Invalid character.
.next/dev/types/validator.ts(1,3027): error TS1127: Invalid character.
.next/dev/types/validator.ts(1,3028): error TS1127: Invalid character.
.next/dev/types/validator.ts(1,3029): error TS1127: Invalid character.
.next/dev/types/validator.ts(1,3030): error TS1127: Invalid character.
.next/dev/types/validator.ts(1,3031): error TS1127: Invalid character.
.next/dev/types/validator.ts(1,3032): error TS1127: Invalid character.
.next/dev/types/validator.ts(1,3033): error TS1127: Invalid character.
.next/dev/types/validator.ts(1,3034): error TS1127: Invalid character.
.next/dev/types/validator.ts(1,3035): error TS1127: Invalid character.
.next/dev/types/validator.ts(1,3036): error TS1127: Invalid character.
.next/dev/types/validator.ts(1,3037): error TS1127: Invalid character.
.next/dev/types/validator.ts(1,3038): error TS1127: Invalid character.
.next/dev/types/validator.ts(1,3039): error TS1127: Invalid character.
.next/dev/types/validator.ts(1,3040): error TS1127: Invalid character.
.next/dev/types/validator.ts(1,3041): error TS1127: Invalid character.
.next/dev/types/validator.ts(1,3042): error TS1127: Invalid character.
.next/dev/types/validator.ts(1,3043): error TS1127: Invalid character.
.next/dev/types/validator.ts(1,3044): error TS1127: Invalid character.
.next/dev/types/validator.ts(1,3045): error TS1127: Invalid character.
.next/dev/types/validator.ts(1,3046): error TS1127: Invalid character.
.next/dev/types/validator.ts(1,3047): error TS1127: Invalid character.
.next/dev/types/validator.ts(1,3048): error TS1127: Invalid character.
.next/dev/types/validator.ts(1,3049): error TS1127: Invalid character.
.next/dev/types/validator.ts(1,3050): error TS1127: Invalid character.
.next/dev/types/validator.ts(1,3051): error TS1127: Invalid character.
.next/dev/types/validator.ts(1,3052): error TS1127: Invalid character.
.next/dev/types/validator.ts(1,3053): error TS1127: Invalid character.
.next/dev/types/validator.ts(1,3054): error TS1127: Invalid character.
.next/dev/types/validator.ts(1,3055): error TS1127: Invalid character.
.next/dev/types/validator.ts(1,3056): error TS1127: Invalid character.
.next/dev/types/validator.ts(1,3057): error TS1127: Invalid character.
.next/dev/types/validator.ts(1,3058): error TS1127: Invalid character.
.next/dev/types/validator.ts(1,3059): error TS1127: Invalid character.
.next/dev/types/validator.ts(1,3060): error TS1127: Invalid character.
.next/dev/types/validator.ts(1,3061): error TS1127: Invalid character.
.next/dev/types/validator.ts(1,3062): error TS1127: Invalid character.
.next/dev/types/validator.ts(1,3063): error TS1127: Invalid character.
.next/dev/types/validator.ts(1,3064): error TS1127: Invalid character.
.next/dev/types/validator.ts(1,3065): error TS1127: Invalid character.
.next/dev/types/validator.ts(1,3066): error TS1127: Invalid character.
.next/dev/types/validator.ts(1,3067): error TS1127: Invalid character.
.next/dev/types/validator.ts(1,3068): error TS1127: Invalid character.
.next/dev/types/validator.ts(1,3069): error TS1127: Invalid character.
.next/dev/types/validator.ts(1,3070): error TS1127: Invalid character.
.next/dev/types/validator.ts(1,3071): error TS1127: Invalid character.
.next/dev/types/validator.ts(1,3072): error TS1127: Invalid character.
.next/dev/types/validator.ts(1,3073): error TS1127: Invalid character.
.next/dev/types/validator.ts(1,3074): error TS1127: Invalid character.
.next/dev/types/validator.ts(1,3075): error TS1127: Invalid character.
.next/dev/types/validator.ts(1,3076): error TS1127: Invalid character.
.next/dev/types/validator.ts(1,3077): error TS1127: Invalid character.
.next/dev/types/validator.ts(1,3078): error TS1127: Invalid character.
.next/dev/types/validator.ts(1,3079): error TS1127: Invalid character.
.next/dev/types/validator.ts(1,3080): error TS1127: Invalid character.
.next/dev/types/validator.ts(1,3081): error TS1127: Invalid character.
.next/dev/types/validator.ts(1,3082): error TS1127: Invalid character.
.next/dev/types/validator.ts(1,3083): error TS1127: Invalid character.
.next/dev/types/validator.ts(1,3084): error TS1127: Invalid character.
.next/dev/types/validator.ts(1,3085): error TS1127: Invalid character.
.next/dev/types/validator.ts(1,3086): error TS1127: Invalid character.
.next/dev/types/validator.ts(1,3087): error TS1127: Invalid character.
.next/dev/types/validator.ts(1,3088): error TS1127: Invalid character.
.next/dev/types/validator.ts(1,3089): error TS1127: Invalid character.
.next/dev/types/validator.ts(1,3090): error TS1127: Invalid character.
.next/dev/types/validator.ts(1,3091): error TS1127: Invalid character.
.next/dev/types/validator.ts(1,3092): error TS1127: Invalid character.
.next/dev/types/validator.ts(1,3093): error TS1127: Invalid character.
.next/dev/types/validator.ts(1,3094): error TS1127: Invalid character.
.next/dev/types/validator.ts(1,3095): error TS1127: Invalid character.
.next/dev/types/validator.ts(1,3096): error TS1127: Invalid character.
.next/dev/types/validator.ts(1,3097): error TS1127: Invalid character.
.next/dev/types/validator.ts(1,3098): error TS1127: Invalid character.
.next/dev/types/validator.ts(1,3099): error TS1127: Invalid character.
.next/dev/types/validator.ts(1,3100): error TS1127: Invalid character.
.next/dev/types/validator.ts(1,3101): error TS1127: Invalid character.
.next/dev/types/validator.ts(1,3102): error TS1127: Invalid character.
.next/dev/types/validator.ts(1,3103): error TS1127: Invalid character.
.next/dev/types/validator.ts(1,3104): error TS1127: Invalid character.
.next/dev/types/validator.ts(1,3105): error TS1127: Invalid character.
.next/dev/types/validator.ts(1,3106): error TS1127: Invalid character.
.next/dev/types/validator.ts(1,3107): error TS1127: Invalid character.
.next/dev/types/validator.ts(1,3108): error TS1127: Invalid character.
.next/dev/types/validator.ts(1,3109): error TS1127: Invalid character.
.next/dev/types/validator.ts(1,3110): error TS1127: Invalid character.
.next/dev/types/validator.ts(1,3111): error TS1127: Invalid character.
.next/dev/types/validator.ts(1,3112): error TS1127: Invalid character.
.next/dev/types/validator.ts(1,3113): error TS1127: Invalid character.
.next/dev/types/validator.ts(1,3114): error TS1127: Invalid character.
.next/dev/types/validator.ts(1,3115): error TS1127: Invalid character.
.next/dev/types/validator.ts(1,3116): error TS1127: Invalid character.
.next/dev/types/validator.ts(1,3117): error TS1127: Invalid character.
.next/dev/types/validator.ts(1,3118): error TS1127: Invalid character.
.next/dev/types/validator.ts(1,3119): error TS1127: Invalid character.
.next/dev/types/validator.ts(1,3120): error TS1127: Invalid character.
.next/dev/types/validator.ts(1,3121): error TS1127: Invalid character.
.next/dev/types/validator.ts(1,3122): error TS1127: Invalid character.
.next/dev/types/validator.ts(1,3123): error TS1127: Invalid character.
.next/dev/types/validator.ts(1,3124): error TS1127: Invalid character.
.next/dev/types/validator.ts(1,3125): error TS1127: Invalid character.
.next/dev/types/validator.ts(1,3126): error TS1127: Invalid character.
.next/dev/types/validator.ts(1,3127): error TS1127: Invalid character.
.next/dev/types/validator.ts(1,3128): error TS1127: Invalid character.
.next/dev/types/validator.ts(1,3129): error TS1127: Invalid character.
.next/dev/types/validator.ts(1,3130): error TS1127: Invalid character.
.next/dev/types/validator.ts(1,3131): error TS1127: Invalid character.
.next/dev/types/validator.ts(1,3132): error TS1127: Invalid character.
.next/dev/types/validator.ts(1,3133): error TS1127: Invalid character.
.next/dev/types/validator.ts(1,3134): error TS1127: Invalid character.
.next/dev/types/validator.ts(1,3135): error TS1127: Invalid character.
.next/dev/types/validator.ts(1,3136): error TS1127: Invalid character.
.next/dev/types/validator.ts(1,3137): error TS1127: Invalid character.
.next/dev/types/validator.ts(1,3138): error TS1127: Invalid character.
.next/dev/types/validator.ts(1,3139): error TS1127: Invalid character.
.next/dev/types/validator.ts(1,3140): error TS1127: Invalid character.
.next/dev/types/validator.ts(1,3141): error TS1127: Invalid character.
.next/dev/types/validator.ts(1,3142): error TS1127: Invalid character.
.next/dev/types/validator.ts(1,3143): error TS1127: Invalid character.
.next/dev/types/validator.ts(1,3144): error TS1127: Invalid character.
.next/dev/types/validator.ts(1,3145): error TS1127: Invalid character.
.next/dev/types/validator.ts(1,3146): error TS1127: Invalid character.
.next/dev/types/validator.ts(1,3147): error TS1127: Invalid character.
.next/dev/types/validator.ts(1,3148): error TS1127: Invalid character.
.next/dev/types/validator.ts(1,3149): error TS1127: Invalid character.
.next/dev/types/validator.ts(1,3150): error TS1127: Invalid character.
.next/dev/types/validator.ts(1,3151): error TS1127: Invalid character.
.next/dev/types/validator.ts(1,3152): error TS1127: Invalid character.
.next/dev/types/validator.ts(1,3153): error TS1127: Invalid character.
.next/dev/types/validator.ts(1,3154): error TS1127: Invalid character.
.next/dev/types/validator.ts(1,3155): error TS1127: Invalid character.
.next/dev/types/validator.ts(1,3156): error TS1127: Invalid character.
.next/dev/types/validator.ts(1,3157): error TS1127: Invalid character.
.next/dev/types/validator.ts(1,3158): error TS1127: Invalid character.
.next/dev/types/validator.ts(1,3159): error TS1127: Invalid character.
.next/dev/types/validator.ts(1,3160): error TS1127: Invalid character.
.next/dev/types/validator.ts(1,3161): error TS1127: Invalid character.
.next/dev/types/validator.ts(1,3162): error TS1127: Invalid character.
.next/dev/types/validator.ts(1,3163): error TS1127: Invalid character.
.next/dev/types/validator.ts(1,3164): error TS1127: Invalid character.
.next/dev/types/validator.ts(1,3165): error TS1127: Invalid character.
.next/dev/types/validator.ts(1,3166): error TS1127: Invalid character.
.next/dev/types/validator.ts(1,3167): error TS1127: Invalid character.
.next/dev/types/validator.ts(1,3168): error TS1127: Invalid character.
.next/dev/types/validator.ts(1,3169): error TS1127: Invalid character.
.next/dev/types/validator.ts(1,3170): error TS1127: Invalid character.
.next/dev/types/validator.ts(1,3171): error TS1127: Invalid character.
.next/dev/types/validator.ts(1,3172): error TS1127: Invalid character.
.next/dev/types/validator.ts(1,3173): error TS1127: Invalid character.
.next/dev/types/validator.ts(1,3174): error TS1127: Invalid character.
.next/dev/types/validator.ts(1,3175): error TS1127: Invalid character.
.next/dev/types/validator.ts(1,3176): error TS1127: Invalid character.
.next/dev/types/validator.ts(1,3177): error TS1127: Invalid character.
.next/dev/types/validator.ts(1,3178): error TS1127: Invalid character.
.next/dev/types/validator.ts(1,3179): error TS1127: Invalid character.
.next/dev/types/validator.ts(1,3180): error TS1127: Invalid character.
.next/dev/types/validator.ts(1,3181): error TS1127: Invalid character.
.next/dev/types/validator.ts(1,3182): error TS1127: Invalid character.
.next/dev/types/validator.ts(1,3183): error TS1127: Invalid character.
.next/dev/types/validator.ts(1,3184): error TS1127: Invalid character.
.next/dev/types/validator.ts(1,3185): error TS1127: Invalid character.
.next/dev/types/validator.ts(1,3186): error TS1127: Invalid character.
.next/dev/types/validator.ts(1,3187): error TS1127: Invalid character.
.next/dev/types/validator.ts(1,3188): error TS1127: Invalid character.
.next/dev/types/validator.ts(1,3189): error TS1127: Invalid character.
.next/dev/types/validator.ts(1,3190): error TS1127: Invalid character.
.next/dev/types/validator.ts(1,3191): error TS1127: Invalid character.
.next/dev/types/validator.ts(1,3192): error TS1127: Invalid character.
.next/dev/types/validator.ts(1,3193): error TS1127: Invalid character.
.next/dev/types/validator.ts(1,3194): error TS1127: Invalid character.
.next/dev/types/validator.ts(1,3195): error TS1127: Invalid character.
.next/dev/types/validator.ts(1,3196): error TS1127: Invalid character.
.next/dev/types/validator.ts(1,3197): error TS1127: Invalid character.
.next/dev/types/validator.ts(1,3198): error TS1127: Invalid character.
.next/dev/types/validator.ts(1,3199): error TS1127: Invalid character.
.next/dev/types/validator.ts(1,3200): error TS1127: Invalid character.
.next/dev/types/validator.ts(1,3201): error TS1127: Invalid character.
.next/dev/types/validator.ts(1,3202): error TS1127: Invalid character.
.next/dev/types/validator.ts(1,3203): error TS1127: Invalid character.
.next/dev/types/validator.ts(1,3204): error TS1127: Invalid character.
.next/dev/types/validator.ts(1,3205): error TS1127: Invalid character.
.next/dev/types/validator.ts(1,3206): error TS1127: Invalid character.
.next/dev/types/validator.ts(1,3207): error TS1127: Invalid character.
.next/dev/types/validator.ts(1,3208): error TS1127: Invalid character.
.next/dev/types/validator.ts(1,3209): error TS1127: Invalid character.
.next/dev/types/validator.ts(1,3210): error TS1127: Invalid character.
.next/dev/types/validator.ts(1,3211): error TS1127: Invalid character.
.next/dev/types/validator.ts(1,3212): error TS1127: Invalid character.
.next/dev/types/validator.ts(1,3213): error TS1127: Invalid character.
.next/dev/types/validator.ts(1,3214): error TS1127: Invalid character.
.next/dev/types/validator.ts(1,3215): error TS1127: Invalid character.
.next/dev/types/validator.ts(1,3216): error TS1127: Invalid character.
.next/dev/types/validator.ts(1,3217): error TS1127: Invalid character.
.next/dev/types/validator.ts(1,3218): error TS1127: Invalid character.
.next/dev/types/validator.ts(1,3219): error TS1127: Invalid character.
.next/dev/types/validator.ts(1,3220): error TS1127: Invalid character.
.next/dev/types/validator.ts(1,3221): error TS1127: Invalid character.
.next/dev/types/validator.ts(1,3222): error TS1127: Invalid character.
.next/dev/types/validator.ts(1,3223): error TS1127: Invalid character.
.next/dev/types/validator.ts(1,3224): error TS1127: Invalid character.
.next/dev/types/validator.ts(1,3225): error TS1127: Invalid character.
.next/dev/types/validator.ts(1,3226): error TS1127: Invalid character.
.next/dev/types/validator.ts(1,3227): error TS1127: Invalid character.
.next/dev/types/validator.ts(1,3228): error TS1127: Invalid character.
.next/dev/types/validator.ts(1,3229): error TS1127: Invalid character.
.next/dev/types/validator.ts(1,3230): error TS1127: Invalid character.
.next/dev/types/validator.ts(1,3231): error TS1127: Invalid character.
.next/dev/types/validator.ts(1,3232): error TS1127: Invalid character.
.next/dev/types/validator.ts(1,3233): error TS1127: Invalid character.
.next/dev/types/validator.ts(1,3234): error TS1127: Invalid character.
.next/dev/types/validator.ts(1,3235): error TS1127: Invalid character.
.next/dev/types/validator.ts(1,3236): error TS1127: Invalid character.
.next/dev/types/validator.ts(1,3237): error TS1127: Invalid character.
.next/dev/types/validator.ts(1,3238): error TS1127: Invalid character.
.next/dev/types/validator.ts(1,3239): error TS1127: Invalid character.
.next/dev/types/validator.ts(1,3240): error TS1127: Invalid character.
.next/dev/types/validator.ts(1,3241): error TS1127: Invalid character.
.next/dev/types/validator.ts(1,3242): error TS1127: Invalid character.
.next/dev/types/validator.ts(1,3243): error TS1127: Invalid character.
.next/dev/types/validator.ts(1,3244): error TS1127: Invalid character.
.next/dev/types/validator.ts(1,3245): error TS1127: Invalid character.
.next/dev/types/validator.ts(1,3246): error TS1127: Invalid character.
.next/dev/types/validator.ts(1,3247): error TS1127: Invalid character.
.next/dev/types/validator.ts(1,3248): error TS1127: Invalid character.
.next/dev/types/validator.ts(1,3249): error TS1127: Invalid character.
.next/dev/types/validator.ts(1,3250): error TS1127: Invalid character.
.next/dev/types/validator.ts(1,3251): error TS1127: Invalid character.
.next/dev/types/validator.ts(1,3252): error TS1127: Invalid character.
.next/dev/types/validator.ts(1,3253): error TS1127: Invalid character.
.next/dev/types/validator.ts(1,3254): error TS1127: Invalid character.
.next/dev/types/validator.ts(1,3255): error TS1127: Invalid character.
.next/dev/types/validator.ts(1,3256): error TS1127: Invalid character.
.next/dev/types/validator.ts(1,3257): error TS1127: Invalid character.
.next/dev/types/validator.ts(1,3258): error TS1127: Invalid character.
.next/dev/types/validator.ts(1,3259): error TS1127: Invalid character.
.next/dev/types/validator.ts(1,3260): error TS1127: Invalid character.
.next/dev/types/validator.ts(1,3261): error TS1127: Invalid character.
.next/dev/types/validator.ts(1,3262): error TS1127: Invalid character.
.next/dev/types/validator.ts(1,3263): error TS1127: Invalid character.
.next/dev/types/validator.ts(1,3264): error TS1127: Invalid character.
.next/dev/types/validator.ts(1,3265): error TS1127: Invalid character.
.next/dev/types/validator.ts(1,3266): error TS1127: Invalid character.
.next/dev/types/validator.ts(1,3267): error TS1127: Invalid character.
.next/dev/types/validator.ts(1,3268): error TS1127: Invalid character.
.next/dev/types/validator.ts(1,3269): error TS1127: Invalid character.
.next/dev/types/validator.ts(1,3270): error TS1127: Invalid character.
.next/dev/types/validator.ts(1,3271): error TS1127: Invalid character.
.next/dev/types/validator.ts(1,3272): error TS1127: Invalid character.
.next/dev/types/validator.ts(1,3273): error TS1127: Invalid character.
.next/dev/types/validator.ts(1,3274): error TS1127: Invalid character.
.next/dev/types/validator.ts(1,3275): error TS1127: Invalid character.
.next/dev/types/validator.ts(1,3276): error TS1127: Invalid character.
.next/dev/types/validator.ts(1,3277): error TS1127: Invalid character.
.next/dev/types/validator.ts(1,3278): error TS1127: Invalid character.
.next/dev/types/validator.ts(1,3279): error TS1127: Invalid character.
.next/dev/types/validator.ts(1,3280): error TS1127: Invalid character.
.next/dev/types/validator.ts(1,3281): error TS1127: Invalid character.
.next/dev/types/validator.ts(1,3282): error TS1127: Invalid character.
.next/dev/types/validator.ts(1,3283): error TS1127: Invalid character.
.next/dev/types/validator.ts(1,3284): error TS1127: Invalid character.
.next/dev/types/validator.ts(1,3285): error TS1127: Invalid character.
.next/dev/types/validator.ts(1,3286): error TS1127: Invalid character.
.next/dev/types/validator.ts(1,3287): error TS1127: Invalid character.
.next/dev/types/validator.ts(1,3288): error TS1127: Invalid character.
.next/dev/types/validator.ts(1,3289): error TS1127: Invalid character.
.next/dev/types/validator.ts(1,3290): error TS1127: Invalid character.
.next/dev/types/validator.ts(1,3291): error TS1127: Invalid character.
.next/dev/types/validator.ts(1,3292): error TS1127: Invalid character.
.next/dev/types/validator.ts(1,3293): error TS1127: Invalid character.
.next/dev/types/validator.ts(1,3294): error TS1127: Invalid character.
.next/dev/types/validator.ts(1,3295): error TS1127: Invalid character.
.next/dev/types/validator.ts(1,3296): error TS1127: Invalid character.
.next/dev/types/validator.ts(1,3297): error TS1127: Invalid character.
.next/dev/types/validator.ts(1,3298): error TS1127: Invalid character.
.next/dev/types/validator.ts(1,3299): error TS1127: Invalid character.
.next/dev/types/validator.ts(1,3300): error TS1127: Invalid character.
.next/dev/types/validator.ts(1,3301): error TS1127: Invalid character.
.next/dev/types/validator.ts(1,3302): error TS1127: Invalid character.
.next/dev/types/validator.ts(1,3303): error TS1127: Invalid character.
.next/dev/types/validator.ts(1,3304): error TS1127: Invalid character.
.next/dev/types/validator.ts(1,3305): error TS1127: Invalid character.
.next/dev/types/validator.ts(1,3306): error TS1127: Invalid character.
.next/dev/types/validator.ts(1,3307): error TS1127: Invalid character.
.next/dev/types/validator.ts(1,3308): error TS1127: Invalid character.
.next/dev/types/validator.ts(1,3309): error TS1127: Invalid character.
.next/dev/types/validator.ts(1,3310): error TS1127: Invalid character.
.next/dev/types/validator.ts(1,3311): error TS1127: Invalid character.
.next/dev/types/validator.ts(1,3312): error TS1127: Invalid character.
.next/dev/types/validator.ts(1,3313): error TS1127: Invalid character.
.next/dev/types/validator.ts(1,3314): error TS1127: Invalid character.
.next/dev/types/validator.ts(1,3315): error TS1127: Invalid character.
.next/dev/types/validator.ts(1,3316): error TS1127: Invalid character.
.next/dev/types/validator.ts(1,3317): error TS1127: Invalid character.
.next/dev/types/validator.ts(1,3318): error TS1127: Invalid character.
.next/dev/types/validator.ts(1,3319): error TS1127: Invalid character.
.next/dev/types/validator.ts(1,3320): error TS1127: Invalid character.
.next/dev/types/validator.ts(1,3321): error TS1127: Invalid character.
.next/dev/types/validator.ts(1,3322): error TS1127: Invalid character.
.next/dev/types/validator.ts(1,3323): error TS1127: Invalid character.
.next/dev/types/validator.ts(1,3324): error TS1127: Invalid character.
.next/dev/types/validator.ts(1,3325): error TS1127: Invalid character.
.next/dev/types/validator.ts(1,3326): error TS1127: Invalid character.
.next/dev/types/validator.ts(1,3327): error TS1127: Invalid character.
.next/dev/types/validator.ts(1,3328): error TS1127: Invalid character.
.next/dev/types/validator.ts(1,3329): error TS1127: Invalid character.
.next/dev/types/validator.ts(1,3330): error TS1127: Invalid character.
.next/dev/types/validator.ts(1,3331): error TS1127: Invalid character.
.next/dev/types/validator.ts(1,3332): error TS1127: Invalid character.
.next/dev/types/validator.ts(1,3333): error TS1127: Invalid character.
.next/dev/types/validator.ts(1,3334): error TS1127: Invalid character.
.next/dev/types/validator.ts(1,3335): error TS1127: Invalid character.
.next/dev/types/validator.ts(1,3336): error TS1127: Invalid character.
.next/dev/types/validator.ts(1,3337): error TS1127: Invalid character.
.next/dev/types/validator.ts(1,3338): error TS1127: Invalid character.
.next/dev/types/validator.ts(1,3339): error TS1127: Invalid character.
.next/dev/types/validator.ts(1,3340): error TS1127: Invalid character.
.next/dev/types/validator.ts(1,3341): error TS1127: Invalid character.
.next/dev/types/validator.ts(1,3342): error TS1127: Invalid character.
.next/dev/types/validator.ts(1,3343): error TS1127: Invalid character.
.next/dev/types/validator.ts(1,3344): error TS1127: Invalid character.
.next/dev/types/validator.ts(1,3345): error TS1127: Invalid character.
.next/dev/types/validator.ts(1,3346): error TS1127: Invalid character.
.next/dev/types/validator.ts(1,3347): error TS1127: Invalid character.
.next/dev/types/validator.ts(1,3348): error TS1127: Invalid character.
.next/dev/types/validator.ts(1,3349): error TS1127: Invalid character.
.next/dev/types/validator.ts(1,3350): error TS1127: Invalid character.
.next/dev/types/validator.ts(1,3351): error TS1127: Invalid character.
.next/dev/types/validator.ts(1,3352): error TS1127: Invalid character.
.next/dev/types/validator.ts(1,3353): error TS1127: Invalid character.
.next/dev/types/validator.ts(1,3354): error TS1127: Invalid character.
.next/dev/types/validator.ts(1,3355): error TS1127: Invalid character.
.next/dev/types/validator.ts(1,3356): error TS1127: Invalid character.
.next/dev/types/validator.ts(1,3357): error TS1127: Invalid character.
.next/dev/types/validator.ts(1,3358): error TS1127: Invalid character.
.next/dev/types/validator.ts(1,3359): error TS1127: Invalid character.
.next/dev/types/validator.ts(1,3360): error TS1127: Invalid character.
.next/dev/types/validator.ts(1,3361): error TS1127: Invalid character.
.next/dev/types/validator.ts(1,3362): error TS1127: Invalid character.
.next/dev/types/validator.ts(1,3363): error TS1127: Invalid character.
.next/dev/types/validator.ts(1,3364): error TS1127: Invalid character.
.next/dev/types/validator.ts(1,3365): error TS1127: Invalid character.
.next/dev/types/validator.ts(1,3366): error TS1127: Invalid character.
.next/dev/types/validator.ts(1,3367): error TS1127: Invalid character.
.next/dev/types/validator.ts(1,3368): error TS1127: Invalid character.
.next/dev/types/validator.ts(1,3369): error TS1127: Invalid character.
.next/dev/types/validator.ts(1,3370): error TS1127: Invalid character.
.next/dev/types/validator.ts(1,3371): error TS1127: Invalid character.
.next/dev/types/validator.ts(1,3372): error TS1127: Invalid character.
.next/dev/types/validator.ts(1,3373): error TS1127: Invalid character.
.next/dev/types/validator.ts(1,3374): error TS1127: Invalid character.
.next/dev/types/validator.ts(1,3375): error TS1127: Invalid character.
.next/dev/types/validator.ts(1,3376): error TS1127: Invalid character.
.next/dev/types/validator.ts(1,3377): error TS1127: Invalid character.
.next/dev/types/validator.ts(1,3378): error TS1127: Invalid character.
.next/dev/types/validator.ts(1,3379): error TS1127: Invalid character.
.next/dev/types/validator.ts(1,3380): error TS1127: Invalid character.
.next/dev/types/validator.ts(1,3381): error TS1127: Invalid character.
.next/dev/types/validator.ts(1,3382): error TS1127: Invalid character.
.next/dev/types/validator.ts(1,3383): error TS1127: Invalid character.
.next/dev/types/validator.ts(1,3384): error TS1127: Invalid character.
.next/dev/types/validator.ts(1,3385): error TS1127: Invalid character.
.next/dev/types/validator.ts(1,3386): error TS1127: Invalid character.
.next/dev/types/validator.ts(1,3387): error TS1127: Invalid character.
.next/dev/types/validator.ts(1,3388): error TS1127: Invalid character.
.next/dev/types/validator.ts(1,3389): error TS1127: Invalid character.
.next/dev/types/validator.ts(1,3390): error TS1127: Invalid character.
.next/dev/types/validator.ts(1,3391): error TS1127: Invalid character.
.next/dev/types/validator.ts(1,3392): error TS1127: Invalid character.
.next/dev/types/validator.ts(1,3393): error TS1127: Invalid character.
.next/dev/types/validator.ts(1,3394): error TS1127: Invalid character.
.next/dev/types/validator.ts(1,3395): error TS1127: Invalid character.
.next/dev/types/validator.ts(1,3396): error TS1127: Invalid character.
.next/dev/types/validator.ts(1,3397): error TS1127: Invalid character.
.next/dev/types/validator.ts(1,3398): error TS1127: Invalid character.
.next/dev/types/validator.ts(1,3399): error TS1127: Invalid character.
.next/dev/types/validator.ts(1,3400): error TS1127: Invalid character.
.next/dev/types/validator.ts(1,3401): error TS1127: Invalid character.
.next/dev/types/validator.ts(1,3402): error TS1127: Invalid character.
.next/dev/types/validator.ts(1,3403): error TS1127: Invalid character.
.next/dev/types/validator.ts(1,3404): error TS1127: Invalid character.
.next/dev/types/validator.ts(1,3405): error TS1127: Invalid character.
.next/dev/types/validator.ts(1,3406): error TS1127: Invalid character.
.next/dev/types/validator.ts(1,3407): error TS1127: Invalid character.
.next/dev/types/validator.ts(1,3408): error TS1127: Invalid character.
.next/dev/types/validator.ts(1,3409): error TS1127: Invalid character.
.next/dev/types/validator.ts(1,3410): error TS1127: Invalid character.
.next/dev/types/validator.ts(1,3411): error TS1127: Invalid character.
.next/dev/types/validator.ts(1,3412): error TS1127: Invalid character.
.next/dev/types/validator.ts(1,3413): error TS1127: Invalid character.
.next/dev/types/validator.ts(1,3414): error TS1127: Invalid character.
.next/dev/types/validator.ts(1,3415): error TS1127: Invalid character.
.next/dev/types/validator.ts(1,3416): error TS1127: Invalid character.
.next/dev/types/validator.ts(1,3417): error TS1127: Invalid character.
.next/dev/types/validator.ts(1,3418): error TS1127: Invalid character.
.next/dev/types/validator.ts(1,3419): error TS1127: Invalid character.
.next/dev/types/validator.ts(1,3420): error TS1127: Invalid character.
.next/dev/types/validator.ts(1,3421): error TS1127: Invalid character.
.next/dev/types/validator.ts(1,3422): error TS1127: Invalid character.
.next/dev/types/validator.ts(1,3423): error TS1127: Invalid character.
.next/dev/types/validator.ts(1,3424): error TS1127: Invalid character.
.next/dev/types/validator.ts(1,3425): error TS1127: Invalid character.
.next/dev/types/validator.ts(1,3426): error TS1127: Invalid character.
.next/dev/types/validator.ts(1,3427): error TS1127: Invalid character.
.next/dev/types/validator.ts(1,3428): error TS1127: Invalid character.
.next/dev/types/validator.ts(1,3429): error TS1127: Invalid character.
.next/dev/types/validator.ts(1,3430): error TS1127: Invalid character.
.next/dev/types/validator.ts(1,3431): error TS1127: Invalid character.
.next/dev/types/validator.ts(1,3432): error TS1127: Invalid character.
.next/dev/types/validator.ts(1,3433): error TS1127: Invalid character.
.next/dev/types/validator.ts(1,3434): error TS1127: Invalid character.
.next/dev/types/validator.ts(1,3435): error TS1127: Invalid character.
.next/dev/types/validator.ts(1,3436): error TS1127: Invalid character.
.next/dev/types/validator.ts(1,3437): error TS1127: Invalid character.
.next/dev/types/validator.ts(1,3438): error TS1127: Invalid character.
.next/dev/types/validator.ts(1,3439): error TS1127: Invalid character.
.next/dev/types/validator.ts(1,3440): error TS1127: Invalid character.
.next/dev/types/validator.ts(1,3441): error TS1127: Invalid character.
.next/dev/types/validator.ts(1,3442): error TS1127: Invalid character.
.next/dev/types/validator.ts(1,3443): error TS1127: Invalid character.
.next/dev/types/validator.ts(1,3444): error TS1127: Invalid character.
.next/dev/types/validator.ts(1,3445): error TS1127: Invalid character.
.next/dev/types/validator.ts(1,3446): error TS1127: Invalid character.
.next/dev/types/validator.ts(1,3447): error TS1127: Invalid character.
.next/dev/types/validator.ts(1,3448): error TS1127: Invalid character.
.next/dev/types/validator.ts(1,3449): error TS1127: Invalid character.
.next/dev/types/validator.ts(1,3450): error TS1127: Invalid character.
.next/dev/types/validator.ts(1,3451): error TS1127: Invalid character.
.next/dev/types/validator.ts(1,3452): error TS1127: Invalid character.
.next/dev/types/validator.ts(1,3453): error TS1127: Invalid character.
.next/dev/types/validator.ts(1,3454): error TS1127: Invalid character.
.next/dev/types/validator.ts(1,3455): error TS1127: Invalid character.
.next/dev/types/validator.ts(1,3456): error TS1127: Invalid character.
.next/dev/types/validator.ts(1,3457): error TS1127: Invalid character.
.next/dev/types/validator.ts(1,3458): error TS1127: Invalid character.
.next/dev/types/validator.ts(1,3459): error TS1127: Invalid character.
.next/dev/types/validator.ts(1,3460): error TS1127: Invalid character.
.next/dev/types/validator.ts(1,3461): error TS1127: Invalid character.
.next/dev/types/validator.ts(1,3462): error TS1127: Invalid character.
.next/dev/types/validator.ts(1,3463): error TS1127: Invalid character.
.next/dev/types/validator.ts(1,3464): error TS1127: Invalid character.
.next/dev/types/validator.ts(1,3465): error TS1127: Invalid character.
.next/dev/types/validator.ts(1,3466): error TS1127: Invalid character.
.next/dev/types/validator.ts(1,3467): error TS1127: Invalid character.
.next/dev/types/validator.ts(1,3468): error TS1127: Invalid character.
.next/dev/types/validator.ts(1,3469): error TS1127: Invalid character.
.next/dev/types/validator.ts(1,3470): error TS1127: Invalid character.
.next/dev/types/validator.ts(1,3471): error TS1127: Invalid character.
.next/dev/types/validator.ts(1,3472): error TS1127: Invalid character.
.next/dev/types/validator.ts(1,3473): error TS1127: Invalid character.
.next/dev/types/validator.ts(1,3474): error TS1127: Invalid character.
.next/dev/types/validator.ts(1,3475): error TS1127: Invalid character.
.next/dev/types/validator.ts(1,3476): error TS1127: Invalid character.
.next/dev/types/validator.ts(1,3477): error TS1127: Invalid character.
.next/dev/types/validator.ts(1,3478): error TS1127: Invalid character.
.next/dev/types/validator.ts(1,3479): error TS1127: Invalid character.
.next/dev/types/validator.ts(1,3480): error TS1127: Invalid character.
.next/dev/types/validator.ts(1,3481): error TS1127: Invalid character.
.next/dev/types/validator.ts(1,3482): error TS1127: Invalid character.
.next/dev/types/validator.ts(1,3483): error TS1127: Invalid character.
.next/dev/types/validator.ts(1,3484): error TS1127: Invalid character.
.next/dev/types/validator.ts(1,3485): error TS1127: Invalid character.
.next/dev/types/validator.ts(1,3486): error TS1127: Invalid character.
.next/dev/types/validator.ts(1,3487): error TS1127: Invalid character.
.next/dev/types/validator.ts(1,3488): error TS1127: Invalid character.
.next/dev/types/validator.ts(1,3489): error TS1127: Invalid character.
.next/dev/types/validator.ts(1,3490): error TS1127: Invalid character.
.next/dev/types/validator.ts(1,3491): error TS1127: Invalid character.
.next/dev/types/validator.ts(1,3492): error TS1127: Invalid character.
.next/dev/types/validator.ts(1,3493): error TS1127: Invalid character.
.next/dev/types/validator.ts(1,3494): error TS1127: Invalid character.
.next/dev/types/validator.ts(1,3495): error TS1127: Invalid character.
.next/dev/types/validator.ts(1,3496): error TS1127: Invalid character.
.next/dev/types/validator.ts(1,3497): error TS1127: Invalid character.
.next/dev/types/validator.ts(1,3498): error TS1127: Invalid character.
.next/dev/types/validator.ts(1,3499): error TS1127: Invalid character.
.next/dev/types/validator.ts(1,3500): error TS1127: Invalid character.
.next/dev/types/validator.ts(1,3501): error TS1127: Invalid character.
.next/dev/types/validator.ts(1,3502): error TS1127: Invalid character.
.next/dev/types/validator.ts(1,3503): error TS1127: Invalid character.
.next/dev/types/validator.ts(1,3504): error TS1127: Invalid character.
.next/dev/types/validator.ts(1,3505): error TS1127: Invalid character.
.next/dev/types/validator.ts(1,3506): error TS1127: Invalid character.
.next/dev/types/validator.ts(1,3507): error TS1127: Invalid character.
.next/dev/types/validator.ts(1,3508): error TS1127: Invalid character.
.next/dev/types/validator.ts(1,3509): error TS1127: Invalid character.
.next/dev/types/validator.ts(1,3510): error TS1127: Invalid character.
.next/dev/types/validator.ts(1,3511): error TS1127: Invalid character.
.next/dev/types/validator.ts(1,3512): error TS1127: Invalid character.
.next/dev/types/validator.ts(1,3513): error TS1127: Invalid character.
.next/dev/types/validator.ts(1,3514): error TS1127: Invalid character.
.next/dev/types/validator.ts(1,3515): error TS1127: Invalid character.
.next/dev/types/validator.ts(1,3516): error TS1127: Invalid character.
.next/dev/types/validator.ts(1,3517): error TS1127: Invalid character.
.next/dev/types/validator.ts(1,3518): error TS1127: Invalid character.
.next/dev/types/validator.ts(1,3519): error TS1127: Invalid character.
.next/dev/types/validator.ts(1,3520): error TS1127: Invalid character.
.next/dev/types/validator.ts(1,3521): error TS1127: Invalid character.
.next/dev/types/validator.ts(1,3522): error TS1127: Invalid character.
.next/dev/types/validator.ts(1,3523): error TS1127: Invalid character.
.next/dev/types/validator.ts(1,3524): error TS1127: Invalid character.
.next/dev/types/validator.ts(1,3525): error TS1127: Invalid character.
.next/dev/types/validator.ts(1,3526): error TS1127: Invalid character.
.next/dev/types/validator.ts(1,3527): error TS1127: Invalid character.
.next/dev/types/validator.ts(1,3528): error TS1127: Invalid character.
.next/dev/types/validator.ts(1,3529): error TS1127: Invalid character.
.next/dev/types/validator.ts(1,3530): error TS1127: Invalid character.
.next/dev/types/validator.ts(1,3531): error TS1127: Invalid character.
.next/dev/types/validator.ts(1,3532): error TS1127: Invalid character.
.next/dev/types/validator.ts(1,3533): error TS1127: Invalid character.
.next/dev/types/validator.ts(1,3534): error TS1127: Invalid character.
.next/dev/types/validator.ts(1,3535): error TS1127: Invalid character.
.next/dev/types/validator.ts(1,3536): error TS1127: Invalid character.
.next/dev/types/validator.ts(1,3537): error TS1127: Invalid character.
.next/dev/types/validator.ts(1,3538): error TS1127: Invalid character.
.next/dev/types/validator.ts(1,3539): error TS1127: Invalid character.
.next/dev/types/validator.ts(1,3540): error TS1127: Invalid character.
.next/dev/types/validator.ts(1,3541): error TS1127: Invalid character.
.next/dev/types/validator.ts(1,3542): error TS1127: Invalid character.
.next/dev/types/validator.ts(1,3543): error TS1127: Invalid character.
.next/dev/types/validator.ts(1,3544): error TS1127: Invalid character.
.next/dev/types/validator.ts(1,3545): error TS1127: Invalid character.
.next/dev/types/validator.ts(1,3546): error TS1127: Invalid character.
.next/dev/types/validator.ts(1,3547): error TS1127: Invalid character.
.next/dev/types/validator.ts(1,3548): error TS1127: Invalid character.
.next/dev/types/validator.ts(1,3549): error TS1127: Invalid character.
.next/dev/types/validator.ts(1,3550): error TS1127: Invalid character.
.next/dev/types/validator.ts(1,3551): error TS1127: Invalid character.
.next/dev/types/validator.ts(1,3552): error TS1127: Invalid character.
.next/dev/types/validator.ts(1,3553): error TS1127: Invalid character.
.next/dev/types/validator.ts(1,3554): error TS1127: Invalid character.
.next/dev/types/validator.ts(1,3555): error TS1127: Invalid character.
.next/dev/types/validator.ts(1,3556): error TS1127: Invalid character.
.next/dev/types/validator.ts(1,3557): error TS1127: Invalid character.
.next/dev/types/validator.ts(1,3558): error TS1127: Invalid character.
.next/dev/types/validator.ts(1,3559): error TS1127: Invalid character.
.next/dev/types/validator.ts(1,3560): error TS1127: Invalid character.
.next/dev/types/validator.ts(1,3561): error TS1127: Invalid character.
.next/dev/types/validator.ts(1,3562): error TS1127: Invalid character.
.next/dev/types/validator.ts(1,3563): error TS1127: Invalid character.
.next/dev/types/validator.ts(1,3564): error TS1127: Invalid character.
.next/dev/types/validator.ts(1,3565): error TS1127: Invalid character.
.next/dev/types/validator.ts(1,3566): error TS1127: Invalid character.
.next/dev/types/validator.ts(1,3567): error TS1127: Invalid character.
.next/dev/types/validator.ts(1,3568): error TS1127: Invalid character.
.next/dev/types/validator.ts(1,3569): error TS1127: Invalid character.
.next/dev/types/validator.ts(1,3570): error TS1127: Invalid character.
.next/dev/types/validator.ts(1,3571): error TS1127: Invalid character.
.next/dev/types/validator.ts(1,3572): error TS1127: Invalid character.
.next/dev/types/validator.ts(1,3573): error TS1127: Invalid character.
.next/dev/types/validator.ts(1,3574): error TS1127: Invalid character.
.next/dev/types/validator.ts(1,3575): error TS1127: Invalid character.
.next/dev/types/validator.ts(1,3576): error TS1127: Invalid character.
.next/dev/types/validator.ts(1,3577): error TS1127: Invalid character.
.next/dev/types/validator.ts(1,3578): error TS1127: Invalid character.
.next/dev/types/validator.ts(1,3579): error TS1127: Invalid character.
.next/dev/types/validator.ts(1,3580): error TS1127: Invalid character.
.next/dev/types/validator.ts(1,3581): error TS1127: Invalid character.
.next/dev/types/validator.ts(1,3582): error TS1127: Invalid character.
.next/dev/types/validator.ts(1,3583): error TS1127: Invalid character.
.next/dev/types/validator.ts(1,3584): error TS1127: Invalid character.
.next/dev/types/validator.ts(1,3585): error TS1127: Invalid character.
.next/dev/types/validator.ts(1,3586): error TS1127: Invalid character.
.next/dev/types/validator.ts(1,3587): error TS1127: Invalid character.
.next/dev/types/validator.ts(1,3588): error TS1127: Invalid character.
.next/dev/types/validator.ts(1,3589): error TS1127: Invalid character.
.next/dev/types/validator.ts(1,3590): error TS1127: Invalid character.
.next/dev/types/validator.ts(1,3591): error TS1127: Invalid character.
.next/dev/types/validator.ts(1,3592): error TS1127: Invalid character.
.next/dev/types/validator.ts(1,3593): error TS1127: Invalid character.
.next/dev/types/validator.ts(1,3594): error TS1127: Invalid character.
.next/dev/types/validator.ts(1,3595): error TS1127: Invalid character.
.next/dev/types/validator.ts(1,3596): error TS1127: Invalid character.
.next/dev/types/validator.ts(1,3597): error TS1127: Invalid character.
.next/dev/types/validator.ts(1,3598): error TS1127: Invalid character.
.next/dev/types/validator.ts(1,3599): error TS1127: Invalid character.
.next/dev/types/validator.ts(1,3600): error TS1127: Invalid character.
.next/dev/types/validator.ts(1,3601): error TS1127: Invalid character.
.next/dev/types/validator.ts(1,3602): error TS1127: Invalid character.
.next/dev/types/validator.ts(1,3603): error TS1127: Invalid character.
.next/dev/types/validator.ts(1,3604): error TS1127: Invalid character.
.next/dev/types/validator.ts(1,3605): error TS1127: Invalid character.
.next/dev/types/validator.ts(1,3606): error TS1127: Invalid character.
.next/dev/types/validator.ts(1,3607): error TS1127: Invalid character.
.next/dev/types/validator.ts(1,3608): error TS1127: Invalid character.
.next/dev/types/validator.ts(1,3609): error TS1127: Invalid character.
.next/dev/types/validator.ts(1,3610): error TS1127: Invalid character.
.next/dev/types/validator.ts(1,3611): error TS1127: Invalid character.
.next/dev/types/validator.ts(1,3612): error TS1127: Invalid character.
.next/dev/types/validator.ts(1,3613): error TS1127: Invalid character.
.next/dev/types/validator.ts(1,3614): error TS1127: Invalid character.
.next/dev/types/validator.ts(1,3615): error TS1127: Invalid character.
.next/dev/types/validator.ts(1,3616): error TS1127: Invalid character.
.next/dev/types/validator.ts(1,3617): error TS1127: Invalid character.
.next/dev/types/validator.ts(1,3618): error TS1127: Invalid character.
.next/dev/types/validator.ts(1,3619): error TS1127: Invalid character.
.next/dev/types/validator.ts(1,3620): error TS1127: Invalid character.
.next/dev/types/validator.ts(1,3621): error TS1127: Invalid character.
.next/dev/types/validator.ts(1,3622): error TS1127: Invalid character.
.next/dev/types/validator.ts(1,3623): error TS1127: Invalid character.
.next/dev/types/validator.ts(1,3624): error TS1127: Invalid character.
.next/dev/types/validator.ts(1,3625): error TS1127: Invalid character.
.next/dev/types/validator.ts(1,3626): error TS1127: Invalid character.
.next/dev/types/validator.ts(1,3627): error TS1127: Invalid character.
.next/dev/types/validator.ts(1,3628): error TS1127: Invalid character.
.next/dev/types/validator.ts(1,3629): error TS1127: Invalid character.
.next/dev/types/validator.ts(1,3630): error TS1127: Invalid character.
.next/dev/types/validator.ts(1,3631): error TS1127: Invalid character.
.next/dev/types/validator.ts(1,3632): error TS1127: Invalid character.
.next/dev/types/validator.ts(1,3633): error TS1127: Invalid character.
.next/dev/types/validator.ts(1,3634): error TS1127: Invalid character.
.next/dev/types/validator.ts(1,3635): error TS1127: Invalid character.
.next/dev/types/validator.ts(1,3636): error TS1127: Invalid character.
.next/dev/types/validator.ts(1,3637): error TS1127: Invalid character.
.next/dev/types/validator.ts(1,3638): error TS1127: Invalid character.
.next/dev/types/validator.ts(1,3639): error TS1127: Invalid character.
.next/dev/types/validator.ts(1,3640): error TS1127: Invalid character.
.next/dev/types/validator.ts(1,3641): error TS1127: Invalid character.
.next/dev/types/validator.ts(1,3642): error TS1127: Invalid character.
.next/dev/types/validator.ts(1,3643): error TS1127: Invalid character.
.next/dev/types/validator.ts(1,3644): error TS1127: Invalid character.
.next/dev/types/validator.ts(1,3645): error TS1127: Invalid character.
.next/dev/types/validator.ts(1,3646): error TS1127: Invalid character.
.next/dev/types/validator.ts(1,3647): error TS1127: Invalid character.
.next/dev/types/validator.ts(1,3648): error TS1127: Invalid character.
.next/dev/types/validator.ts(1,3649): error TS1127: Invalid character.
.next/dev/types/validator.ts(1,3650): error TS1127: Invalid character.
.next/dev/types/validator.ts(1,3651): error TS1127: Invalid character.
.next/dev/types/validator.ts(1,3652): error TS1127: Invalid character.
.next/dev/types/validator.ts(1,3653): error TS1127: Invalid character.
.next/dev/types/validator.ts(1,3654): error TS1127: Invalid character.
.next/dev/types/validator.ts(1,3655): error TS1127: Invalid character.
.next/dev/types/validator.ts(1,3656): error TS1127: Invalid character.
.next/dev/types/validator.ts(1,3657): error TS1127: Invalid character.
.next/dev/types/validator.ts(1,3658): error TS1127: Invalid character.
.next/dev/types/validator.ts(1,3659): error TS1127: Invalid character.
.next/dev/types/validator.ts(1,3660): error TS1127: Invalid character.
.next/dev/types/validator.ts(1,3661): error TS1127: Invalid character.
.next/dev/types/validator.ts(1,3662): error TS1127: Invalid character.
.next/dev/types/validator.ts(1,3663): error TS1127: Invalid character.
.next/dev/types/validator.ts(1,3664): error TS1127: Invalid character.
.next/dev/types/validator.ts(1,3665): error TS1127: Invalid character.
.next/dev/types/validator.ts(1,3666): error TS1127: Invalid character.
.next/dev/types/validator.ts(1,3667): error TS1127: Invalid character.
.next/dev/types/validator.ts(1,3668): error TS1127: Invalid character.
.next/dev/types/validator.ts(1,3669): error TS1127: Invalid character.
.next/dev/types/validator.ts(1,3670): error TS1127: Invalid character.
.next/dev/types/validator.ts(1,3671): error TS1127: Invalid character.
.next/dev/types/validator.ts(1,3672): error TS1127: Invalid character.
.next/dev/types/validator.ts(1,3673): error TS1127: Invalid character.
.next/dev/types/validator.ts(1,3674): error TS1127: Invalid character.
.next/dev/types/validator.ts(1,3675): error TS1127: Invalid character.
.next/dev/types/validator.ts(1,3676): error TS1127: Invalid character.
.next/dev/types/validator.ts(1,3677): error TS1127: Invalid character.
.next/dev/types/validator.ts(1,3678): error TS1127: Invalid character.
.next/dev/types/validator.ts(1,3679): error TS1127: Invalid character.
.next/dev/types/validator.ts(1,3680): error TS1127: Invalid character.
.next/dev/types/validator.ts(1,3681): error TS1127: Invalid character.
.next/dev/types/validator.ts(1,3682): error TS1127: Invalid character.
.next/dev/types/validator.ts(1,3683): error TS1127: Invalid character.
.next/dev/types/validator.ts(1,3684): error TS1127: Invalid character.
.next/dev/types/validator.ts(1,3685): error TS1127: Invalid character.
.next/dev/types/validator.ts(1,3686): error TS1127: Invalid character.
.next/dev/types/validator.ts(1,3687): error TS1127: Invalid character.
.next/dev/types/validator.ts(1,3688): error TS1127: Invalid character.
.next/dev/types/validator.ts(1,3689): error TS1127: Invalid character.
.next/dev/types/validator.ts(1,3690): error TS1127: Invalid character.
.next/dev/types/validator.ts(1,3691): error TS1127: Invalid character.
.next/dev/types/validator.ts(1,3692): error TS1127: Invalid character.
.next/dev/types/validator.ts(1,3693): error TS1127: Invalid character.
.next/dev/types/validator.ts(1,3694): error TS1127: Invalid character.
.next/dev/types/validator.ts(1,3695): error TS1127: Invalid character.
.next/dev/types/validator.ts(1,3696): error TS1127: Invalid character.
.next/dev/types/validator.ts(1,3697): error TS1127: Invalid character.
.next/dev/types/validator.ts(1,3698): error TS1127: Invalid character.
.next/dev/types/validator.ts(1,3699): error TS1127: Invalid character.
.next/dev/types/validator.ts(1,3700): error TS1127: Invalid character.
.next/dev/types/validator.ts(1,3701): error TS1127: Invalid character.
.next/dev/types/validator.ts(1,3702): error TS1127: Invalid character.
.next/dev/types/validator.ts(1,3703): error TS1127: Invalid character.
.next/dev/types/validator.ts(1,3704): error TS1127: Invalid character.
.next/dev/types/validator.ts(1,3705): error TS1127: Invalid character.
.next/dev/types/validator.ts(1,3706): error TS1127: Invalid character.
.next/dev/types/validator.ts(1,3707): error TS1127: Invalid character.
.next/dev/types/validator.ts(1,3708): error TS1127: Invalid character.
.next/dev/types/validator.ts(1,3709): error TS1127: Invalid character.
.next/dev/types/validator.ts(1,3710): error TS1127: Invalid character.
.next/dev/types/validator.ts(1,3711): error TS1127: Invalid character.
.next/dev/types/validator.ts(1,3712): error TS1127: Invalid character.
.next/dev/types/validator.ts(1,3713): error TS1127: Invalid character.
.next/dev/types/validator.ts(1,3714): error TS1127: Invalid character.
.next/dev/types/validator.ts(1,3715): error TS1127: Invalid character.
.next/dev/types/validator.ts(1,3716): error TS1127: Invalid character.
.next/dev/types/validator.ts(1,3717): error TS1127: Invalid character.
.next/dev/types/validator.ts(1,3718): error TS1127: Invalid character.
.next/dev/types/validator.ts(1,3719): error TS1127: Invalid character.
.next/dev/types/validator.ts(1,3720): error TS1127: Invalid character.
.next/dev/types/validator.ts(1,3721): error TS1127: Invalid character.
.next/dev/types/validator.ts(1,3722): error TS1127: Invalid character.
.next/dev/types/validator.ts(1,3723): error TS1127: Invalid character.
.next/dev/types/validator.ts(1,3724): error TS1127: Invalid character.
.next/dev/types/validator.ts(1,3725): error TS1127: Invalid character.
.next/dev/types/validator.ts(1,3726): error TS1127: Invalid character.
.next/dev/types/validator.ts(1,3727): error TS1127: Invalid character.
.next/dev/types/validator.ts(1,3728): error TS1127: Invalid character.
.next/dev/types/validator.ts(1,3729): error TS1127: Invalid character.
.next/dev/types/validator.ts(1,3730): error TS1127: Invalid character.
.next/dev/types/validator.ts(1,3731): error TS1127: Invalid character.
.next/dev/types/validator.ts(1,3732): error TS1127: Invalid character.
.next/dev/types/validator.ts(1,3733): error TS1127: Invalid character.
.next/dev/types/validator.ts(1,3734): error TS1127: Invalid character.
.next/dev/types/validator.ts(1,3735): error TS1127: Invalid character.
.next/dev/types/validator.ts(1,3736): error TS1127: Invalid character.
.next/dev/types/validator.ts(1,3737): error TS1127: Invalid character.
.next/dev/types/validator.ts(1,3738): error TS1127: Invalid character.
.next/dev/types/validator.ts(1,3739): error TS1127: Invalid character.
.next/dev/types/validator.ts(1,3740): error TS1127: Invalid character.
.next/dev/types/validator.ts(1,3741): error TS1127: Invalid character.
.next/dev/types/validator.ts(1,3742): error TS1127: Invalid character.
.next/dev/types/validator.ts(1,3743): error TS1127: Invalid character.
.next/dev/types/validator.ts(1,3744): error TS1127: Invalid character.
.next/dev/types/validator.ts(1,3745): error TS1127: Invalid character.
.next/dev/types/validator.ts(1,3746): error TS1127: Invalid character.
.next/dev/types/validator.ts(1,3747): error TS1127: Invalid character.
.next/dev/types/validator.ts(1,3748): error TS1127: Invalid character.
.next/dev/types/validator.ts(1,3749): error TS1127: Invalid character.
.next/dev/types/validator.ts(1,3750): error TS1127: Invalid character.
.next/dev/types/validator.ts(1,3751): error TS1127: Invalid character.
.next/dev/types/validator.ts(1,3752): error TS1127: Invalid character.
.next/dev/types/validator.ts(1,3753): error TS1127: Invalid character.
.next/dev/types/validator.ts(1,3754): error TS1127: Invalid character.
.next/dev/types/validator.ts(1,3755): error TS1127: Invalid character.
.next/dev/types/validator.ts(1,3756): error TS1127: Invalid character.
.next/dev/types/validator.ts(1,3757): error TS1127: Invalid character.
.next/dev/types/validator.ts(1,3758): error TS1127: Invalid character.
.next/dev/types/validator.ts(1,3759): error TS1127: Invalid character.
.next/dev/types/validator.ts(1,3760): error TS1127: Invalid character.
.next/dev/types/validator.ts(1,3761): error TS1127: Invalid character.
.next/dev/types/validator.ts(1,3762): error TS1127: Invalid character.
.next/dev/types/validator.ts(1,3763): error TS1127: Invalid character.
.next/dev/types/validator.ts(1,3764): error TS1127: Invalid character.
.next/dev/types/validator.ts(1,3765): error TS1127: Invalid character.
.next/dev/types/validator.ts(1,3766): error TS1127: Invalid character.
.next/dev/types/validator.ts(1,3767): error TS1127: Invalid character.
.next/dev/types/validator.ts(1,3768): error TS1127: Invalid character.
.next/dev/types/validator.ts(1,3769): error TS1127: Invalid character.
.next/dev/types/validator.ts(1,3770): error TS1127: Invalid character.
.next/dev/types/validator.ts(1,3771): error TS1127: Invalid character.
.next/dev/types/validator.ts(1,3772): error TS1127: Invalid character.
.next/dev/types/validator.ts(1,3773): error TS1127: Invalid character.
.next/dev/types/validator.ts(1,3774): error TS1127: Invalid character.
.next/dev/types/validator.ts(1,3775): error TS1127: Invalid character.
.next/dev/types/validator.ts(1,3776): error TS1127: Invalid character.
.next/dev/types/validator.ts(1,3777): error TS1127: Invalid character.
.next/dev/types/validator.ts(1,3778): error TS1127: Invalid character.
.next/dev/types/validator.ts(1,3779): error TS1127: Invalid character.
.next/dev/types/validator.ts(1,3780): error TS1127: Invalid character.
.next/dev/types/validator.ts(1,3781): error TS1127: Invalid character.
.next/dev/types/validator.ts(1,3782): error TS1127: Invalid character.
.next/dev/types/validator.ts(1,3783): error TS1127: Invalid character.
.next/dev/types/validator.ts(1,3784): error TS1127: Invalid character.
.next/dev/types/validator.ts(1,3785): error TS1127: Invalid character.
.next/dev/types/validator.ts(1,3786): error TS1127: Invalid character.
.next/dev/types/validator.ts(1,3787): error TS1127: Invalid character.
.next/dev/types/validator.ts(1,3788): error TS1127: Invalid character.
.next/dev/types/validator.ts(1,3789): error TS1127: Invalid character.
.next/dev/types/validator.ts(1,3790): error TS1127: Invalid character.
.next/dev/types/validator.ts(1,3791): error TS1127: Invalid character.
.next/dev/types/validator.ts(1,3792): error TS1127: Invalid character.
.next/dev/types/validator.ts(1,3793): error TS1127: Invalid character.
.next/dev/types/validator.ts(1,3794): error TS1127: Invalid character.
.next/dev/types/validator.ts(1,3795): error TS1127: Invalid character.
.next/dev/types/validator.ts(1,3796): error TS1127: Invalid character.
.next/dev/types/validator.ts(1,3797): error TS1127: Invalid character.
.next/dev/types/validator.ts(1,3798): error TS1127: Invalid character.
.next/dev/types/validator.ts(1,3799): error TS1127: Invalid character.
.next/dev/types/validator.ts(1,3800): error TS1127: Invalid character.
.next/dev/types/validator.ts(1,3801): error TS1127: Invalid character.
.next/dev/types/validator.ts(1,3802): error TS1127: Invalid character.
.next/dev/types/validator.ts(1,3803): error TS1127: Invalid character.
.next/dev/types/validator.ts(1,3804): error TS1127: Invalid character.
.next/dev/types/validator.ts(1,3805): error TS1127: Invalid character.
.next/dev/types/validator.ts(1,3806): error TS1127: Invalid character.
.next/dev/types/validator.ts(1,3807): error TS1127: Invalid character.
.next/dev/types/validator.ts(1,3808): error TS1127: Invalid character.
.next/dev/types/validator.ts(1,3809): error TS1127: Invalid character.
.next/dev/types/validator.ts(1,3810): error TS1127: Invalid character.
.next/dev/types/validator.ts(1,3811): error TS1127: Invalid character.
.next/dev/types/validator.ts(1,3812): error TS1127: Invalid character.
.next/dev/types/validator.ts(1,3813): error TS1127: Invalid character.
.next/dev/types/validator.ts(1,3814): error TS1127: Invalid character.
.next/dev/types/validator.ts(1,3815): error TS1127: Invalid character.
.next/dev/types/validator.ts(1,3816): error TS1127: Invalid character.
.next/dev/types/validator.ts(1,3817): error TS1127: Invalid character.
.next/dev/types/validator.ts(1,3818): error TS1127: Invalid character.
.next/dev/types/validator.ts(1,3819): error TS1127: Invalid character.
.next/dev/types/validator.ts(1,3820): error TS1127: Invalid character.
.next/dev/types/validator.ts(1,3821): error TS1127: Invalid character.
.next/dev/types/validator.ts(1,3822): error TS1127: Invalid character.
.next/dev/types/validator.ts(1,3823): error TS1127: Invalid character.
.next/dev/types/validator.ts(1,3824): error TS1127: Invalid character.
.next/dev/types/validator.ts(1,3825): error TS1127: Invalid character.
.next/dev/types/validator.ts(1,3826): error TS1127: Invalid character.
.next/dev/types/validator.ts(1,3827): error TS1127: Invalid character.
.next/dev/types/validator.ts(1,3828): error TS1127: Invalid character.
.next/dev/types/validator.ts(1,3829): error TS1127: Invalid character.
.next/dev/types/validator.ts(1,3830): error TS1127: Invalid character.
.next/dev/types/validator.ts(1,3831): error TS1127: Invalid character.
.next/dev/types/validator.ts(1,3832): error TS1127: Invalid character.
.next/dev/types/validator.ts(1,3833): error TS1127: Invalid character.
.next/dev/types/validator.ts(1,3834): error TS1127: Invalid character.
.next/dev/types/validator.ts(1,3835): error TS1127: Invalid character.
.next/dev/types/validator.ts(1,3836): error TS1127: Invalid character.
.next/dev/types/validator.ts(1,3837): error TS1127: Invalid character.
.next/dev/types/validator.ts(1,3838): error TS1127: Invalid character.
.next/dev/types/validator.ts(1,3839): error TS1127: Invalid character.
.next/dev/types/validator.ts(1,3840): error TS1127: Invalid character.
.next/dev/types/validator.ts(1,3841): error TS1127: Invalid character.
.next/dev/types/validator.ts(1,3842): error TS1127: Invalid character.
.next/dev/types/validator.ts(1,3843): error TS1127: Invalid character.
.next/dev/types/validator.ts(1,3844): error TS1127: Invalid character.
.next/dev/types/validator.ts(1,3845): error TS1127: Invalid character.
.next/dev/types/validator.ts(1,3846): error TS1127: Invalid character.
.next/dev/types/validator.ts(1,3847): error TS1127: Invalid character.
.next/dev/types/validator.ts(1,3848): error TS1127: Invalid character.
.next/dev/types/validator.ts(1,3849): error TS1127: Invalid character.
.next/dev/types/validator.ts(1,3850): error TS1127: Invalid character.
.next/dev/types/validator.ts(1,3851): error TS1127: Invalid character.
.next/dev/types/validator.ts(1,3852): error TS1127: Invalid character.
.next/dev/types/validator.ts(1,3853): error TS1127: Invalid character.
.next/dev/types/validator.ts(1,3854): error TS1127: Invalid character.
.next/dev/types/validator.ts(1,3855): error TS1127: Invalid character.
.next/dev/types/validator.ts(1,3856): error TS1127: Invalid character.
.next/dev/types/validator.ts(1,3857): error TS1127: Invalid character.
.next/dev/types/validator.ts(1,3858): error TS1127: Invalid character.
.next/dev/types/validator.ts(1,3859): error TS1127: Invalid character.
.next/dev/types/validator.ts(1,3860): error TS1127: Invalid character.
.next/dev/types/validator.ts(1,3861): error TS1127: Invalid character.
.next/dev/types/validator.ts(1,3862): error TS1127: Invalid character.
.next/dev/types/validator.ts(1,3863): error TS1127: Invalid character.
.next/dev/types/validator.ts(1,3864): error TS1127: Invalid character.
.next/dev/types/validator.ts(1,3865): error TS1127: Invalid character.
.next/dev/types/validator.ts(1,3866): error TS1127: Invalid character.
.next/dev/types/validator.ts(1,3867): error TS1127: Invalid character.
.next/dev/types/validator.ts(1,3868): error TS1127: Invalid character.
.next/dev/types/validator.ts(1,3869): error TS1127: Invalid character.
.next/dev/types/validator.ts(1,3870): error TS1127: Invalid character.
.next/dev/types/validator.ts(1,3871): error TS1127: Invalid character.
.next/dev/types/validator.ts(1,3872): error TS1127: Invalid character.
.next/dev/types/validator.ts(1,3873): error TS1127: Invalid character.
.next/dev/types/validator.ts(1,3874): error TS1127: Invalid character.
.next/dev/types/validator.ts(1,3875): error TS1127: Invalid character.
.next/dev/types/validator.ts(1,3876): error TS1127: Invalid character.
.next/dev/types/validator.ts(1,3877): error TS1127: Invalid character.
.next/dev/types/validator.ts(1,3878): error TS1127: Invalid character.
.next/dev/types/validator.ts(1,3879): error TS1127: Invalid character.
.next/dev/types/validator.ts(1,3880): error TS1127: Invalid character.
.next/dev/types/validator.ts(1,3881): error TS1127: Invalid character.
.next/dev/types/validator.ts(1,3882): error TS1127: Invalid character.
.next/dev/types/validator.ts(1,3883): error TS1127: Invalid character.
.next/dev/types/validator.ts(1,3884): error TS1127: Invalid character.
.next/dev/types/validator.ts(1,3885): error TS1127: Invalid character.
.next/dev/types/validator.ts(1,3886): error TS1127: Invalid character.
.next/dev/types/validator.ts(1,3887): error TS1127: Invalid character.
.next/dev/types/validator.ts(1,3888): error TS1127: Invalid character.
.next/dev/types/validator.ts(1,3889): error TS1127: Invalid character.
.next/dev/types/validator.ts(1,3890): error TS1127: Invalid character.
.next/dev/types/validator.ts(1,3891): error TS1127: Invalid character.
.next/dev/types/validator.ts(1,3892): error TS1127: Invalid character.
.next/dev/types/validator.ts(1,3893): error TS1127: Invalid character.
.next/dev/types/validator.ts(1,3894): error TS1127: Invalid character.
.next/dev/types/validator.ts(1,3895): error TS1127: Invalid character.
.next/dev/types/validator.ts(1,3896): error TS1127: Invalid character.
.next/dev/types/validator.ts(1,3897): error TS1127: Invalid character.
.next/dev/types/validator.ts(1,3898): error TS1127: Invalid character.
.next/dev/types/validator.ts(1,3899): error TS1127: Invalid character.
.next/dev/types/validator.ts(1,3900): error TS1127: Invalid character.
.next/dev/types/validator.ts(1,3901): error TS1127: Invalid character.
.next/dev/types/validator.ts(1,3902): error TS1127: Invalid character.
.next/dev/types/validator.ts(1,3903): error TS1127: Invalid character.
.next/dev/types/validator.ts(1,3904): error TS1127: Invalid character.
.next/dev/types/validator.ts(1,3905): error TS1127: Invalid character.
.next/dev/types/validator.ts(1,3906): error TS1127: Invalid character.
.next/dev/types/validator.ts(1,3907): error TS1127: Invalid character.
.next/dev/types/validator.ts(1,3908): error TS1127: Invalid character.
.next/dev/types/validator.ts(1,3909): error TS1127: Invalid character.
.next/dev/types/validator.ts(1,3910): error TS1127: Invalid character.
.next/dev/types/validator.ts(1,3911): error TS1127: Invalid character.
.next/dev/types/validator.ts(1,3912): error TS1127: Invalid character.
.next/dev/types/validator.ts(1,3913): error TS1127: Invalid character.
.next/dev/types/validator.ts(1,3914): error TS1127: Invalid character.
.next/dev/types/validator.ts(1,3915): error TS1127: Invalid character.
.next/dev/types/validator.ts(1,3916): error TS1127: Invalid character.
.next/dev/types/validator.ts(1,3917): error TS1127: Invalid character.
.next/dev/types/validator.ts(1,3918): error TS1127: Invalid character.
.next/dev/types/validator.ts(1,3919): error TS1127: Invalid character.
.next/dev/types/validator.ts(1,3920): error TS1127: Invalid character.
.next/dev/types/validator.ts(1,3921): error TS1127: Invalid character.
.next/dev/types/validator.ts(1,3922): error TS1127: Invalid character.
.next/dev/types/validator.ts(1,3923): error TS1127: Invalid character.
.next/dev/types/validator.ts(1,3924): error TS1127: Invalid character.
.next/dev/types/validator.ts(1,3925): error TS1127: Invalid character.
.next/dev/types/validator.ts(1,3926): error TS1127: Invalid character.
.next/dev/types/validator.ts(1,3927): error TS1127: Invalid character.
.next/dev/types/validator.ts(1,3928): error TS1127: Invalid character.
.next/dev/types/validator.ts(1,3929): error TS1127: Invalid character.
.next/dev/types/validator.ts(1,3930): error TS1127: Invalid character.
.next/dev/types/validator.ts(1,3931): error TS1127: Invalid character.
.next/dev/types/validator.ts(1,3932): error TS1127: Invalid character.
.next/dev/types/validator.ts(1,3933): error TS1127: Invalid character.
.next/dev/types/validator.ts(1,3934): error TS1127: Invalid character.
.next/dev/types/validator.ts(1,3935): error TS1127: Invalid character.
.next/dev/types/validator.ts(1,3936): error TS1127: Invalid character.
.next/dev/types/validator.ts(1,3937): error TS1127: Invalid character.
.next/dev/types/validator.ts(1,3938): error TS1127: Invalid character.
.next/dev/types/validator.ts(1,3939): error TS1127: Invalid character.
.next/dev/types/validator.ts(1,3940): error TS1127: Invalid character.
.next/dev/types/validator.ts(1,3941): error TS1127: Invalid character.
.next/dev/types/validator.ts(1,3942): error TS1127: Invalid character.
.next/dev/types/validator.ts(1,3943): error TS1127: Invalid character.
.next/dev/types/validator.ts(1,3944): error TS1127: Invalid character.
.next/dev/types/validator.ts(1,3945): error TS1127: Invalid character.
.next/dev/types/validator.ts(1,3946): error TS1127: Invalid character.
.next/dev/types/validator.ts(1,3947): error TS1127: Invalid character.
.next/dev/types/validator.ts(1,3948): error TS1127: Invalid character.
.next/dev/types/validator.ts(1,3949): error TS1127: Invalid character.
.next/dev/types/validator.ts(1,3950): error TS1127: Invalid character.
.next/dev/types/validator.ts(1,3951): error TS1127: Invalid character.
.next/dev/types/validator.ts(1,3952): error TS1127: Invalid character.
.next/dev/types/validator.ts(1,3953): error TS1127: Invalid character.
.next/dev/types/validator.ts(1,3954): error TS1127: Invalid character.
.next/dev/types/validator.ts(1,3955): error TS1127: Invalid character.
.next/dev/types/validator.ts(1,3956): error TS1127: Invalid character.
.next/dev/types/validator.ts(1,3957): error TS1127: Invalid character.
.next/dev/types/validator.ts(1,3958): error TS1127: Invalid character.
.next/dev/types/validator.ts(1,3959): error TS1127: Invalid character.
.next/dev/types/validator.ts(1,3960): error TS1127: Invalid character.
.next/dev/types/validator.ts(1,3961): error TS1127: Invalid character.
.next/dev/types/validator.ts(1,3962): error TS1127: Invalid character.
.next/dev/types/validator.ts(1,3963): error TS1127: Invalid character.
.next/dev/types/validator.ts(1,3964): error TS1127: Invalid character.
.next/dev/types/validator.ts(1,3965): error TS1127: Invalid character.
.next/dev/types/validator.ts(1,3966): error TS1127: Invalid character.
.next/dev/types/validator.ts(1,3967): error TS1127: Invalid character.
.next/dev/types/validator.ts(1,3968): error TS1127: Invalid character.
.next/dev/types/validator.ts(1,3969): error TS1127: Invalid character.
.next/dev/types/validator.ts(1,3970): error TS1127: Invalid character.
.next/dev/types/validator.ts(1,3971): error TS1127: Invalid character.
.next/dev/types/validator.ts(1,3972): error TS1127: Invalid character.
.next/dev/types/validator.ts(1,3973): error TS1127: Invalid character.
.next/dev/types/validator.ts(1,3974): error TS1127: Invalid character.
.next/dev/types/validator.ts(1,3975): error TS1127: Invalid character.
.next/dev/types/validator.ts(1,3976): error TS1127: Invalid character.
.next/dev/types/validator.ts(1,3977): error TS1127: Invalid character.
.next/dev/types/validator.ts(1,3978): error TS1127: Invalid character.
.next/dev/types/validator.ts(1,3979): error TS1127: Invalid character.
.next/dev/types/validator.ts(1,3980): error TS1127: Invalid character.
.next/dev/types/validator.ts(1,3981): error TS1127: Invalid character.
.next/dev/types/validator.ts(1,3982): error TS1127: Invalid character.
.next/dev/types/validator.ts(1,3983): error TS1127: Invalid character.
.next/dev/types/validator.ts(1,3984): error TS1127: Invalid character.
.next/dev/types/validator.ts(1,3985): error TS1127: Invalid character.
.next/dev/types/validator.ts(1,3986): error TS1127: Invalid character.
.next/dev/types/validator.ts(1,3987): error TS1127: Invalid character.
.next/dev/types/validator.ts(1,3988): error TS1127: Invalid character.
.next/dev/types/validator.ts(1,3989): error TS1127: Invalid character.
.next/dev/types/validator.ts(1,3990): error TS1127: Invalid character.
.next/dev/types/validator.ts(1,3991): error TS1127: Invalid character.
.next/dev/types/validator.ts(1,3992): error TS1127: Invalid character.
.next/dev/types/validator.ts(1,3993): error TS1127: Invalid character.
.next/dev/types/validator.ts(1,3994): error TS1127: Invalid character.
.next/dev/types/validator.ts(1,3995): error TS1127: Invalid character.
.next/dev/types/validator.ts(1,3996): error TS1127: Invalid character.
.next/dev/types/validator.ts(1,3997): error TS1127: Invalid character.
.next/dev/types/validator.ts(1,3998): error TS1127: Invalid character.
.next/dev/types/validator.ts(1,3999): error TS1127: Invalid character.
.next/dev/types/validator.ts(1,4000): error TS1127: Invalid character.
.next/dev/types/validator.ts(1,4001): error TS1127: Invalid character.
.next/dev/types/validator.ts(1,4002): error TS1127: Invalid character.
.next/dev/types/validator.ts(1,4003): error TS1127: Invalid character.
.next/dev/types/validator.ts(1,4004): error TS1127: Invalid character.
.next/dev/types/validator.ts(1,4005): error TS1127: Invalid character.
.next/dev/types/validator.ts(1,4006): error TS1127: Invalid character.
.next/dev/types/validator.ts(1,4007): error TS1127: Invalid character.
.next/dev/types/validator.ts(1,4008): error TS1127: Invalid character.
.next/dev/types/validator.ts(1,4009): error TS1127: Invalid character.
.next/dev/types/validator.ts(1,4010): error TS1127: Invalid character.
.next/dev/types/validator.ts(1,4011): error TS1127: Invalid character.
.next/dev/types/validator.ts(1,4012): error TS1127: Invalid character.
.next/dev/types/validator.ts(1,4013): error TS1127: Invalid character.
.next/dev/types/validator.ts(1,4014): error TS1127: Invalid character.
.next/dev/types/validator.ts(1,4015): error TS1127: Invalid character.
.next/dev/types/validator.ts(1,4016): error TS1127: Invalid character.
.next/dev/types/validator.ts(1,4017): error TS1127: Invalid character.
.next/dev/types/validator.ts(1,4018): error TS1127: Invalid character.
.next/dev/types/validator.ts(1,4019): error TS1127: Invalid character.
.next/dev/types/validator.ts(1,4020): error TS1127: Invalid character.
.next/dev/types/validator.ts(1,4021): error TS1127: Invalid character.
.next/dev/types/validator.ts(1,4022): error TS1127: Invalid character.
.next/dev/types/validator.ts(1,4023): error TS1127: Invalid character.
.next/dev/types/validator.ts(1,4024): error TS1127: Invalid character.
.next/dev/types/validator.ts(1,4025): error TS1127: Invalid character.
.next/dev/types/validator.ts(1,4026): error TS1127: Invalid character.
.next/dev/types/validator.ts(1,4027): error TS1127: Invalid character.
.next/dev/types/validator.ts(1,4028): error TS1127: Invalid character.
.next/dev/types/validator.ts(1,4029): error TS1127: Invalid character.
.next/dev/types/validator.ts(1,4030): error TS1127: Invalid character.
.next/dev/types/validator.ts(1,4031): error TS1127: Invalid character.
.next/dev/types/validator.ts(1,4032): error TS1127: Invalid character.
.next/dev/types/validator.ts(1,4033): error TS1127: Invalid character.
.next/dev/types/validator.ts(1,4034): error TS1127: Invalid character.
.next/dev/types/validator.ts(1,4035): error TS1127: Invalid character.
.next/dev/types/validator.ts(1,4036): error TS1127: Invalid character.
.next/dev/types/validator.ts(1,4037): error TS1127: Invalid character.
.next/dev/types/validator.ts(1,4038): error TS1127: Invalid character.
.next/dev/types/validator.ts(1,4039): error TS1127: Invalid character.
.next/dev/types/validator.ts(1,4040): error TS1127: Invalid character.
.next/dev/types/validator.ts(1,4041): error TS1127: Invalid character.
.next/dev/types/validator.ts(1,4042): error TS1127: Invalid character.
.next/dev/types/validator.ts(1,4043): error TS1127: Invalid character.
.next/dev/types/validator.ts(1,4044): error TS1127: Invalid character.
.next/dev/types/validator.ts(1,4045): error TS1127: Invalid character.
.next/dev/types/validator.ts(1,4046): error TS1127: Invalid character.
.next/dev/types/validator.ts(1,4047): error TS1127: Invalid character.
.next/dev/types/validator.ts(1,4048): error TS1127: Invalid character.
.next/dev/types/validator.ts(1,4049): error TS1127: Invalid character.
.next/dev/types/validator.ts(1,4050): error TS1127: Invalid character.
.next/dev/types/validator.ts(1,4051): error TS1127: Invalid character.
.next/dev/types/validator.ts(1,4052): error TS1127: Invalid character.
.next/dev/types/validator.ts(1,4053): error TS1127: Invalid character.
.next/dev/types/validator.ts(1,4054): error TS1127: Invalid character.
.next/dev/types/validator.ts(1,4055): error TS1127: Invalid character.
.next/dev/types/validator.ts(1,4056): error TS1127: Invalid character.
.next/dev/types/validator.ts(1,4057): error TS1127: Invalid character.
.next/dev/types/validator.ts(1,4058): error TS1127: Invalid character.
.next/dev/types/validator.ts(1,4059): error TS1127: Invalid character.
.next/dev/types/validator.ts(1,4060): error TS1127: Invalid character.
.next/dev/types/validator.ts(1,4061): error TS1127: Invalid character.
.next/dev/types/validator.ts(1,4062): error TS1127: Invalid character.
.next/dev/types/validator.ts(1,4063): error TS1127: Invalid character.
.next/dev/types/validator.ts(1,4064): error TS1127: Invalid character.
.next/dev/types/validator.ts(1,4065): error TS1127: Invalid character.
.next/dev/types/validator.ts(1,4066): error TS1127: Invalid character.
.next/dev/types/validator.ts(1,4067): error TS1127: Invalid character.
.next/dev/types/validator.ts(1,4068): error TS1127: Invalid character.
.next/dev/types/validator.ts(1,4069): error TS1127: Invalid character.
.next/dev/types/validator.ts(1,4070): error TS1127: Invalid character.
.next/dev/types/validator.ts(1,4071): error TS1127: Invalid character.
.next/dev/types/validator.ts(1,4072): error TS1127: Invalid character.
.next/dev/types/validator.ts(1,4073): error TS1127: Invalid character.
.next/dev/types/validator.ts(1,4074): error TS1127: Invalid character.
.next/dev/types/validator.ts(1,4075): error TS1127: Invalid character.
.next/dev/types/validator.ts(1,4076): error TS1127: Invalid character.
.next/dev/types/validator.ts(1,4077): error TS1127: Invalid character.
.next/dev/types/validator.ts(1,4078): error TS1127: Invalid character.
.next/dev/types/validator.ts(1,4079): error TS1127: Invalid character.
.next/dev/types/validator.ts(1,4080): error TS1127: Invalid character.
.next/dev/types/validator.ts(1,4081): error TS1127: Invalid character.
.next/dev/types/validator.ts(1,4082): error TS1127: Invalid character.
.next/dev/types/validator.ts(1,4083): error TS1127: Invalid character.
.next/dev/types/validator.ts(1,4084): error TS1127: Invalid character.
.next/dev/types/validator.ts(1,4085): error TS1127: Invalid character.
.next/dev/types/validator.ts(1,4086): error TS1127: Invalid character.
.next/dev/types/validator.ts(1,4087): error TS1127: Invalid character.
.next/dev/types/validator.ts(1,4088): error TS1127: Invalid character.
.next/dev/types/validator.ts(1,4089): error TS1127: Invalid character.
.next/dev/types/validator.ts(1,4090): error TS1127: Invalid character.
.next/dev/types/validator.ts(1,4091): error TS1127: Invalid character.
.next/dev/types/validator.ts(1,4092): error TS1127: Invalid character.
.next/dev/types/validator.ts(1,4093): error TS1127: Invalid character.
.next/dev/types/validator.ts(1,4094): error TS1127: Invalid character.
.next/dev/types/validator.ts(1,4095): error TS1127: Invalid character.
.next/dev/types/validator.ts(1,4096): error TS1127: Invalid character.
.next/dev/types/validator.ts(1,4097): error TS1127: Invalid character.
.next/dev/types/validator.ts(1,4098): error TS1127: Invalid character.
.next/dev/types/validator.ts(1,4099): error TS1127: Invalid character.
.next/dev/types/validator.ts(1,4100): error TS1127: Invalid character.
.next/dev/types/validator.ts(1,4101): error TS1127: Invalid character.
.next/dev/types/validator.ts(1,4102): error TS1127: Invalid character.
.next/dev/types/validator.ts(1,4103): error TS1127: Invalid character.
.next/dev/types/validator.ts(1,4104): error TS1127: Invalid character.
.next/dev/types/validator.ts(1,4105): error TS1127: Invalid character.
.next/dev/types/validator.ts(1,4106): error TS1127: Invalid character.
.next/dev/types/validator.ts(1,4107): error TS1127: Invalid character.
.next/dev/types/validator.ts(1,4108): error TS1127: Invalid character.
.next/dev/types/validator.ts(1,4109): error TS1127: Invalid character.
.next/dev/types/validator.ts(1,4110): error TS1127: Invalid character.
.next/dev/types/validator.ts(1,4111): error TS1127: Invalid character.
.next/dev/types/validator.ts(1,4112): error TS1127: Invalid character.
.next/dev/types/validator.ts(1,4113): error TS1127: Invalid character.
.next/dev/types/validator.ts(1,4114): error TS1127: Invalid character.
.next/dev/types/validator.ts(1,4115): error TS1127: Invalid character.
.next/dev/types/validator.ts(1,4116): error TS1127: Invalid character.
.next/dev/types/validator.ts(1,4117): error TS1127: Invalid character.
.next/dev/types/validator.ts(1,4118): error TS1127: Invalid character.
.next/dev/types/validator.ts(1,4119): error TS1127: Invalid character.
.next/dev/types/validator.ts(1,4120): error TS1127: Invalid character.
.next/dev/types/validator.ts(1,4121): error TS1127: Invalid character.
.next/dev/types/validator.ts(1,4122): error TS1127: Invalid character.
.next/dev/types/validator.ts(1,4123): error TS1127: Invalid character.
.next/dev/types/validator.ts(1,4124): error TS1127: Invalid character.
.next/dev/types/validator.ts(1,4125): error TS1127: Invalid character.
.next/dev/types/validator.ts(1,4126): error TS1127: Invalid character.
.next/dev/types/validator.ts(1,4127): error TS1127: Invalid character.
.next/dev/types/validator.ts(1,4128): error TS1127: Invalid character.
.next/dev/types/validator.ts(1,4129): error TS1127: Invalid character.
.next/dev/types/validator.ts(1,4130): error TS1127: Invalid character.
.next/dev/types/validator.ts(1,4131): error TS1127: Invalid character.
.next/dev/types/validator.ts(1,4132): error TS1127: Invalid character.
.next/dev/types/validator.ts(1,4133): error TS1127: Invalid character.
.next/dev/types/validator.ts(1,4134): error TS1127: Invalid character.
.next/dev/types/validator.ts(1,4135): error TS1127: Invalid character.
.next/dev/types/validator.ts(1,4136): error TS1127: Invalid character.
.next/dev/types/validator.ts(1,4137): error TS1127: Invalid character.
.next/dev/types/validator.ts(1,4138): error TS1127: Invalid character.
.next/dev/types/validator.ts(1,4139): error TS1127: Invalid character.
.next/dev/types/validator.ts(1,4140): error TS1127: Invalid character.
.next/dev/types/validator.ts(1,4141): error TS1127: Invalid character.
.next/dev/types/validator.ts(1,4142): error TS1127: Invalid character.
.next/dev/types/validator.ts(1,4143): error TS1127: Invalid character.
.next/dev/types/validator.ts(1,4144): error TS1127: Invalid character.
.next/dev/types/validator.ts(1,4145): error TS1127: Invalid character.
.next/dev/types/validator.ts(1,4146): error TS1127: Invalid character.
.next/dev/types/validator.ts(1,4147): error TS1127: Invalid character.
.next/dev/types/validator.ts(1,4148): error TS1127: Invalid character.
.next/dev/types/validator.ts(1,4149): error TS1127: Invalid character.
.next/dev/types/validator.ts(1,4150): error TS1127: Invalid character.
.next/dev/types/validator.ts(1,4151): error TS1127: Invalid character.
.next/dev/types/validator.ts(1,4152): error TS1127: Invalid character.
.next/dev/types/validator.ts(1,4153): error TS1127: Invalid character.
.next/dev/types/validator.ts(1,4154): error TS1127: Invalid character.
.next/dev/types/validator.ts(1,4155): error TS1127: Invalid character.
.next/dev/types/validator.ts(1,4156): error TS1127: Invalid character.
.next/dev/types/validator.ts(1,4157): error TS1127: Invalid character.
.next/dev/types/validator.ts(1,4158): error TS1127: Invalid character.
.next/dev/types/validator.ts(1,4159): error TS1127: Invalid character.
.next/dev/types/validator.ts(1,4160): error TS1127: Invalid character.
.next/dev/types/validator.ts(1,4161): error TS1127: Invalid character.
.next/dev/types/validator.ts(1,4162): error TS1127: Invalid character.
.next/dev/types/validator.ts(1,4163): error TS1127: Invalid character.
.next/dev/types/validator.ts(1,4164): error TS1127: Invalid character.
.next/dev/types/validator.ts(1,4165): error TS1127: Invalid character.
.next/dev/types/validator.ts(1,4166): error TS1127: Invalid character.
.next/dev/types/validator.ts(1,4167): error TS1127: Invalid character.
.next/dev/types/validator.ts(1,4168): error TS1127: Invalid character.
.next/dev/types/validator.ts(1,4169): error TS1127: Invalid character.
.next/dev/types/validator.ts(1,4170): error TS1127: Invalid character.
.next/dev/types/validator.ts(1,4171): error TS1127: Invalid character.
.next/dev/types/validator.ts(1,4172): error TS1127: Invalid character.
.next/dev/types/validator.ts(1,4173): error TS1127: Invalid character.
.next/dev/types/validator.ts(1,4174): error TS1127: Invalid character.
.next/dev/types/validator.ts(1,4175): error TS1127: Invalid character.
.next/dev/types/validator.ts(1,4176): error TS1127: Invalid character.
.next/dev/types/validator.ts(1,4177): error TS1127: Invalid character.
.next/dev/types/validator.ts(1,4178): error TS1127: Invalid character.
.next/dev/types/validator.ts(1,4179): error TS1127: Invalid character.
.next/dev/types/validator.ts(1,4180): error TS1127: Invalid character.
.next/dev/types/validator.ts(1,4181): error TS1127: Invalid character.
.next/dev/types/validator.ts(1,4182): error TS1127: Invalid character.
.next/dev/types/validator.ts(1,4183): error TS1127: Invalid character.
.next/dev/types/validator.ts(1,4184): error TS1127: Invalid character.
.next/dev/types/validator.ts(1,4185): error TS1127: Invalid character.
.next/dev/types/validator.ts(1,4186): error TS1127: Invalid character.
.next/dev/types/validator.ts(1,4187): error TS1127: Invalid character.
.next/dev/types/validator.ts(1,4188): error TS1127: Invalid character.
.next/dev/types/validator.ts(1,4189): error TS1127: Invalid character.
.next/dev/types/validator.ts(1,4190): error TS1127: Invalid character.
.next/dev/types/validator.ts(1,4191): error TS1127: Invalid character.
.next/dev/types/validator.ts(1,4192): error TS1127: Invalid character.
.next/dev/types/validator.ts(1,4193): error TS1127: Invalid character.
.next/dev/types/validator.ts(1,4194): error TS1127: Invalid character.
.next/dev/types/validator.ts(1,4195): error TS1127: Invalid character.
.next/dev/types/validator.ts(1,4196): error TS1127: Invalid character.
.next/dev/types/validator.ts(1,4197): error TS1127: Invalid character.
.next/dev/types/validator.ts(1,4198): error TS1127: Invalid character.
.next/dev/types/validator.ts(1,4199): error TS1127: Invalid character.
.next/dev/types/validator.ts(1,4200): error TS1127: Invalid character.
.next/dev/types/validator.ts(1,4201): error TS1127: Invalid character.
.next/dev/types/validator.ts(1,4202): error TS1127: Invalid character.
.next/dev/types/validator.ts(1,4203): error TS1127: Invalid character.
.next/dev/types/validator.ts(1,4204): error TS1127: Invalid character.
.next/dev/types/validator.ts(1,4205): error TS1127: Invalid character.
.next/dev/types/validator.ts(1,4206): error TS1127: Invalid character.
.next/dev/types/validator.ts(1,4207): error TS1127: Invalid character.
.next/dev/types/validator.ts(1,4208): error TS1127: Invalid character.
.next/dev/types/validator.ts(1,4209): error TS1127: Invalid character.
.next/dev/types/validator.ts(1,4210): error TS1127: Invalid character.
.next/dev/types/validator.ts(1,4211): error TS1127: Invalid character.
.next/dev/types/validator.ts(1,4212): error TS1127: Invalid character.
.next/dev/types/validator.ts(1,4213): error TS1127: Invalid character.
.next/dev/types/validator.ts(1,4214): error TS1127: Invalid character.
.next/dev/types/validator.ts(1,4215): error TS1127: Invalid character.
.next/dev/types/validator.ts(1,4216): error TS1127: Invalid character.
.next/dev/types/validator.ts(1,4217): error TS1127: Invalid character.
.next/dev/types/validator.ts(1,4218): error TS1127: Invalid character.
.next/dev/types/validator.ts(1,4219): error TS1127: Invalid character.
.next/dev/types/validator.ts(1,4220): error TS1127: Invalid character.
.next/dev/types/validator.ts(1,4221): error TS1127: Invalid character.
.next/dev/types/validator.ts(1,4222): error TS1127: Invalid character.
.next/dev/types/validator.ts(1,4223): error TS1127: Invalid character.
.next/dev/types/validator.ts(1,4224): error TS1127: Invalid character.
.next/dev/types/validator.ts(1,4225): error TS1127: Invalid character.
.next/dev/types/validator.ts(1,4226): error TS1127: Invalid character.
.next/dev/types/validator.ts(1,4227): error TS1127: Invalid character.
.next/dev/types/validator.ts(1,4228): error TS1127: Invalid character.
.next/dev/types/validator.ts(1,4229): error TS1127: Invalid character.
.next/dev/types/validator.ts(1,4230): error TS1127: Invalid character.
.next/dev/types/validator.ts(1,4231): error TS1127: Invalid character.
.next/dev/types/validator.ts(1,4232): error TS1127: Invalid character.
.next/dev/types/validator.ts(1,4233): error TS1127: Invalid character.
.next/dev/types/validator.ts(1,4234): error TS1127: Invalid character.
.next/dev/types/validator.ts(1,4235): error TS1127: Invalid character.
.next/dev/types/validator.ts(1,4236): error TS1127: Invalid character.
.next/dev/types/validator.ts(1,4237): error TS1127: Invalid character.
.next/dev/types/validator.ts(1,4238): error TS1127: Invalid character.
.next/dev/types/validator.ts(1,4239): error TS1127: Invalid character.
.next/dev/types/validator.ts(1,4240): error TS1127: Invalid character.
.next/dev/types/validator.ts(1,4241): error TS1127: Invalid character.
.next/dev/types/validator.ts(1,4242): error TS1127: Invalid character.
.next/dev/types/validator.ts(1,4243): error TS1127: Invalid character.
.next/dev/types/validator.ts(1,4244): error TS1127: Invalid character.
.next/dev/types/validator.ts(1,4245): error TS1127: Invalid character.
.next/dev/types/validator.ts(1,4246): error TS1127: Invalid character.
.next/dev/types/validator.ts(1,4247): error TS1127: Invalid character.
.next/dev/types/validator.ts(1,4248): error TS1127: Invalid character.
.next/dev/types/validator.ts(1,4249): error TS1127: Invalid character.
.next/dev/types/validator.ts(1,4250): error TS1127: Invalid character.
.next/dev/types/validator.ts(1,4251): error TS1127: Invalid character.
.next/dev/types/validator.ts(1,4252): error TS1127: Invalid character.
.next/dev/types/validator.ts(1,4253): error TS1127: Invalid character.
.next/dev/types/validator.ts(1,4254): error TS1127: Invalid character.
.next/dev/types/validator.ts(1,4255): error TS1127: Invalid character.
.next/dev/types/validator.ts(1,4256): error TS1127: Invalid character.
.next/dev/types/validator.ts(1,4257): error TS1127: Invalid character.
.next/dev/types/validator.ts(1,4258): error TS1127: Invalid character.
.next/dev/types/validator.ts(1,4259): error TS1127: Invalid character.
.next/dev/types/validator.ts(1,4260): error TS1127: Invalid character.
.next/dev/types/validator.ts(1,4261): error TS1127: Invalid character.
.next/dev/types/validator.ts(1,4262): error TS1127: Invalid character.
.next/dev/types/validator.ts(1,4263): error TS1127: Invalid character.
.next/dev/types/validator.ts(1,4264): error TS1127: Invalid character.
.next/dev/types/validator.ts(1,4265): error TS1127: Invalid character.
.next/dev/types/validator.ts(1,4266): error TS1127: Invalid character.
.next/dev/types/validator.ts(1,4267): error TS1127: Invalid character.
.next/dev/types/validator.ts(1,4268): error TS1127: Invalid character.
.next/dev/types/validator.ts(1,4269): error TS1127: Invalid character.
.next/dev/types/validator.ts(1,4270): error TS1127: Invalid character.
.next/dev/types/validator.ts(1,4271): error TS1127: Invalid character.
.next/dev/types/validator.ts(1,4272): error TS1127: Invalid character.
.next/dev/types/validator.ts(1,4273): error TS1127: Invalid character.
.next/dev/types/validator.ts(1,4274): error TS1127: Invalid character.
.next/dev/types/validator.ts(1,4275): error TS1127: Invalid character.
.next/dev/types/validator.ts(1,4276): error TS1127: Invalid character.
.next/dev/types/validator.ts(1,4277): error TS1127: Invalid character.
.next/dev/types/validator.ts(1,4278): error TS1127: Invalid character.
.next/dev/types/validator.ts(1,4279): error TS1127: Invalid character.
.next/dev/types/validator.ts(1,4280): error TS1127: Invalid character.
.next/dev/types/validator.ts(1,4281): error TS1127: Invalid character.
.next/dev/types/validator.ts(1,4282): error TS1127: Invalid character.
.next/dev/types/validator.ts(1,4283): error TS1127: Invalid character.
.next/dev/types/validator.ts(1,4284): error TS1127: Invalid character.
.next/dev/types/validator.ts(1,4285): error TS1127: Invalid character.
.next/dev/types/validator.ts(1,4286): error TS1127: Invalid character.
.next/dev/types/validator.ts(1,4287): error TS1127: Invalid character.
.next/dev/types/validator.ts(1,4288): error TS1127: Invalid character.
.next/dev/types/validator.ts(1,4289): error TS1127: Invalid character.
.next/dev/types/validator.ts(1,4290): error TS1127: Invalid character.
.next/dev/types/validator.ts(1,4291): error TS1127: Invalid character.
.next/dev/types/validator.ts(1,4292): error TS1127: Invalid character.
.next/dev/types/validator.ts(1,4293): error TS1127: Invalid character.
.next/dev/types/validator.ts(1,4294): error TS1127: Invalid character.
.next/dev/types/validator.ts(1,4295): error TS1127: Invalid character.
.next/dev/types/validator.ts(1,4296): error TS1127: Invalid character.
.next/dev/types/validator.ts(1,4297): error TS1127: Invalid character.
.next/dev/types/validator.ts(1,4298): error TS1127: Invalid character.
.next/dev/types/validator.ts(1,4299): error TS1127: Invalid character.
.next/dev/types/validator.ts(1,4300): error TS1127: Invalid character.
.next/dev/types/validator.ts(1,4301): error TS1127: Invalid character.
.next/dev/types/validator.ts(1,4302): error TS1127: Invalid character.
.next/dev/types/validator.ts(1,4303): error TS1127: Invalid character.
.next/dev/types/validator.ts(1,4304): error TS1127: Invalid character.
.next/dev/types/validator.ts(1,4305): error TS1127: Invalid character.
.next/dev/types/validator.ts(1,4306): error TS1127: Invalid character.
.next/dev/types/validator.ts(1,4307): error TS1127: Invalid character.
.next/dev/types/validator.ts(1,4308): error TS1127: Invalid character.
.next/dev/types/validator.ts(1,4309): error TS1127: Invalid character.
.next/dev/types/validator.ts(1,4310): error TS1127: Invalid character.
.next/dev/types/validator.ts(1,4311): error TS1127: Invalid character.
.next/dev/types/validator.ts(1,4312): error TS1127: Invalid character.
.next/dev/types/validator.ts(1,4313): error TS1127: Invalid character.
.next/dev/types/validator.ts(1,4314): error TS1127: Invalid character.
.next/dev/types/validator.ts(1,4315): error TS1127: Invalid character.
.next/dev/types/validator.ts(1,4316): error TS1127: Invalid character.
.next/dev/types/validator.ts(1,4317): error TS1127: Invalid character.
.next/dev/types/validator.ts(1,4318): error TS1127: Invalid character.
.next/dev/types/validator.ts(1,4319): error TS1127: Invalid character.
.next/dev/types/validator.ts(1,4320): error TS1127: Invalid character.
.next/dev/types/validator.ts(1,4321): error TS1127: Invalid character.
.next/dev/types/validator.ts(1,4322): error TS1127: Invalid character.
.next/dev/types/validator.ts(1,4323): error TS1127: Invalid character.
.next/dev/types/validator.ts(1,4324): error TS1127: Invalid character.
.next/dev/types/validator.ts(1,4325): error TS1127: Invalid character.
.next/dev/types/validator.ts(1,4326): error TS1127: Invalid character.
.next/dev/types/validator.ts(1,4327): error TS1127: Invalid character.
.next/dev/types/validator.ts(1,4328): error TS1127: Invalid character.
.next/dev/types/validator.ts(1,4329): error TS1127: Invalid character.
.next/dev/types/validator.ts(1,4330): error TS1127: Invalid character.
.next/dev/types/validator.ts(1,4331): error TS1127: Invalid character.
.next/dev/types/validator.ts(1,4332): error TS1127: Invalid character.
.next/dev/types/validator.ts(1,4333): error TS1127: Invalid character.
.next/dev/types/validator.ts(1,4334): error TS1127: Invalid character.
.next/dev/types/validator.ts(1,4335): error TS1127: Invalid character.
.next/dev/types/validator.ts(1,4336): error TS1127: Invalid character.
.next/dev/types/validator.ts(1,4337): error TS1127: Invalid character.
.next/dev/types/validator.ts(1,4338): error TS1127: Invalid character.
.next/dev/types/validator.ts(1,4339): error TS1127: Invalid character.
.next/dev/types/validator.ts(1,4340): error TS1127: Invalid character.
.next/dev/types/validator.ts(1,4341): error TS1127: Invalid character.
.next/dev/types/validator.ts(1,4342): error TS1127: Invalid character.
.next/dev/types/validator.ts(1,4343): error TS1127: Invalid character.
.next/dev/types/validator.ts(1,4344): error TS1127: Invalid character.
.next/dev/types/validator.ts(1,4345): error TS1127: Invalid character.
.next/dev/types/validator.ts(1,4346): error TS1127: Invalid character.
.next/dev/types/validator.ts(1,4347): error TS1127: Invalid character.
.next/dev/types/validator.ts(1,4348): error TS1127: Invalid character.
.next/dev/types/validator.ts(1,4349): error TS1127: Invalid character.
.next/dev/types/validator.ts(1,4350): error TS1127: Invalid character.
.next/dev/types/validator.ts(1,4351): error TS1127: Invalid character.
.next/dev/types/validator.ts(1,4352): error TS1127: Invalid character.
.next/dev/types/validator.ts(1,4353): error TS1127: Invalid character.
.next/dev/types/validator.ts(1,4354): error TS1127: Invalid character.
.next/dev/types/validator.ts(1,4355): error TS1127: Invalid character.
.next/dev/types/validator.ts(1,4356): error TS1127: Invalid character.
.next/dev/types/validator.ts(1,4357): error TS1127: Invalid character.
.next/dev/types/validator.ts(1,4358): error TS1127: Invalid character.
.next/dev/types/validator.ts(1,4359): error TS1127: Invalid character.
.next/dev/types/validator.ts(1,4360): error TS1127: Invalid character.
.next/dev/types/validator.ts(1,4361): error TS1127: Invalid character.
.next/dev/types/validator.ts(1,4362): error TS1127: Invalid character.
.next/dev/types/validator.ts(1,4363): error TS1127: Invalid character.
.next/dev/types/validator.ts(1,4364): error TS1127: Invalid character.
.next/dev/types/validator.ts(1,4365): error TS1127: Invalid character.
.next/dev/types/validator.ts(1,4366): error TS1127: Invalid character.
.next/dev/types/validator.ts(1,4367): error TS1127: Invalid character.
.next/dev/types/validator.ts(1,4368): error TS1127: Invalid character.
.next/dev/types/validator.ts(1,4369): error TS1127: Invalid character.
.next/dev/types/validator.ts(1,4370): error TS1127: Invalid character.
.next/dev/types/validator.ts(1,4371): error TS1127: Invalid character.
.next/dev/types/validator.ts(1,4372): error TS1127: Invalid character.
.next/dev/types/validator.ts(1,4373): error TS1127: Invalid character.
.next/dev/types/validator.ts(1,4374): error TS1127: Invalid character.
.next/dev/types/validator.ts(1,4375): error TS1127: Invalid character.
.next/dev/types/validator.ts(1,4376): error TS1127: Invalid character.
.next/dev/types/validator.ts(1,4377): error TS1127: Invalid character.
.next/dev/types/validator.ts(1,4378): error TS1127: Invalid character.
.next/dev/types/validator.ts(1,4379): error TS1127: Invalid character.
.next/dev/types/validator.ts(1,4380): error TS1127: Invalid character.
.next/dev/types/validator.ts(1,4381): error TS1127: Invalid character.
.next/dev/types/validator.ts(1,4382): error TS1127: Invalid character.
.next/dev/types/validator.ts(1,4383): error TS1127: Invalid character.
.next/dev/types/validator.ts(1,4384): error TS1127: Invalid character.
.next/dev/types/validator.ts(1,4385): error TS1127: Invalid character.
.next/dev/types/validator.ts(1,4386): error TS1127: Invalid character.
.next/dev/types/validator.ts(1,4387): error TS1127: Invalid character.
.next/dev/types/validator.ts(1,4388): error TS1127: Invalid character.
.next/dev/types/validator.ts(1,4389): error TS1127: Invalid character.
.next/dev/types/validator.ts(1,4390): error TS1127: Invalid character.
.next/dev/types/validator.ts(1,4391): error TS1127: Invalid character.
.next/dev/types/validator.ts(1,4392): error TS1127: Invalid character.
.next/dev/types/validator.ts(1,4393): error TS1127: Invalid character.
.next/dev/types/validator.ts(1,4394): error TS1127: Invalid character.
.next/dev/types/validator.ts(1,4395): error TS1127: Invalid character.
.next/dev/types/validator.ts(1,4396): error TS1127: Invalid character.
.next/dev/types/validator.ts(1,4397): error TS1127: Invalid character.
.next/dev/types/validator.ts(1,4398): error TS1127: Invalid character.
.next/dev/types/validator.ts(1,4399): error TS1127: Invalid character.
.next/dev/types/validator.ts(1,4400): error TS1127: Invalid character.
.next/dev/types/validator.ts(1,4401): error TS1127: Invalid character.
.next/dev/types/validator.ts(1,4402): error TS1127: Invalid character.
.next/dev/types/validator.ts(1,4403): error TS1127: Invalid character.
.next/dev/types/validator.ts(1,4404): error TS1127: Invalid character.
.next/dev/types/validator.ts(1,4405): error TS1127: Invalid character.
.next/dev/types/validator.ts(1,4406): error TS1127: Invalid character.
.next/dev/types/validator.ts(1,4407): error TS1127: Invalid character.
.next/dev/types/validator.ts(1,4408): error TS1127: Invalid character.
.next/dev/types/validator.ts(1,4409): error TS1127: Invalid character.
.next/dev/types/validator.ts(1,4410): error TS1127: Invalid character.
.next/dev/types/validator.ts(1,4411): error TS1127: Invalid character.
.next/dev/types/validator.ts(1,4412): error TS1127: Invalid character.
.next/dev/types/validator.ts(1,4413): error TS1127: Invalid character.
.next/dev/types/validator.ts(1,4414): error TS1127: Invalid character.
.next/dev/types/validator.ts(1,4415): error TS1127: Invalid character.
.next/dev/types/validator.ts(1,4416): error TS1127: Invalid character.
.next/dev/types/validator.ts(1,4417): error TS1127: Invalid character.
.next/dev/types/validator.ts(1,4418): error TS1127: Invalid character.
.next/dev/types/validator.ts(1,4419): error TS1127: Invalid character.
.next/dev/types/validator.ts(1,4420): error TS1127: Invalid character.
.next/dev/types/validator.ts(1,4421): error TS1127: Invalid character.
.next/dev/types/validator.ts(1,4422): error TS1127: Invalid character.
.next/dev/types/validator.ts(1,4423): error TS1127: Invalid character.
.next/dev/types/validator.ts(1,4424): error TS1127: Invalid character.
.next/dev/types/validator.ts(1,4425): error TS1127: Invalid character.
.next/dev/types/validator.ts(1,4426): error TS1127: Invalid character.
.next/dev/types/validator.ts(1,4427): error TS1127: Invalid character.
.next/dev/types/validator.ts(1,4428): error TS1127: Invalid character.
.next/dev/types/validator.ts(1,4429): error TS1127: Invalid character.
.next/dev/types/validator.ts(1,4430): error TS1127: Invalid character.
.next/dev/types/validator.ts(1,4431): error TS1127: Invalid character.
.next/dev/types/validator.ts(1,4432): error TS1127: Invalid character.
.next/dev/types/validator.ts(1,4433): error TS1127: Invalid character.
.next/dev/types/validator.ts(1,4434): error TS1127: Invalid character.
.next/dev/types/validator.ts(1,4435): error TS1127: Invalid character.
.next/dev/types/validator.ts(1,4436): error TS1127: Invalid character.
.next/dev/types/validator.ts(1,4437): error TS1127: Invalid character.
.next/dev/types/validator.ts(1,4438): error TS1127: Invalid character.
.next/dev/types/validator.ts(1,4439): error TS1127: Invalid character.
.next/dev/types/validator.ts(1,4440): error TS1127: Invalid character.
.next/dev/types/validator.ts(1,4441): error TS1127: Invalid character.
.next/dev/types/validator.ts(1,4442): error TS1127: Invalid character.
.next/dev/types/validator.ts(1,4443): error TS1127: Invalid character.
.next/dev/types/validator.ts(1,4444): error TS1127: Invalid character.
.next/dev/types/validator.ts(1,4445): error TS1127: Invalid character.
.next/dev/types/validator.ts(1,4446): error TS1127: Invalid character.
.next/dev/types/validator.ts(1,4447): error TS1127: Invalid character.
.next/dev/types/validator.ts(1,4448): error TS1127: Invalid character.
.next/dev/types/validator.ts(1,4449): error TS1127: Invalid character.
.next/dev/types/validator.ts(1,4450): error TS1127: Invalid character.
.next/dev/types/validator.ts(1,4451): error TS1127: Invalid character.
.next/dev/types/validator.ts(1,4452): error TS1127: Invalid character.
.next/dev/types/validator.ts(1,4453): error TS1127: Invalid character.
.next/dev/types/validator.ts(1,4454): error TS1127: Invalid character.
.next/dev/types/validator.ts(1,4455): error TS1127: Invalid character.
.next/dev/types/validator.ts(1,4456): error TS1127: Invalid character.
.next/dev/types/validator.ts(1,4457): error TS1127: Invalid character.
.next/dev/types/validator.ts(1,4458): error TS1127: Invalid character.
.next/dev/types/validator.ts(1,4459): error TS1127: Invalid character.
.next/dev/types/validator.ts(1,4460): error TS1127: Invalid character.
.next/dev/types/validator.ts(1,4461): error TS1127: Invalid character.
.next/dev/types/validator.ts(1,4462): error TS1127: Invalid character.
.next/dev/types/validator.ts(1,4463): error TS1127: Invalid character.
.next/dev/types/validator.ts(1,4464): error TS1127: Invalid character.
.next/dev/types/validator.ts(1,4465): error TS1127: Invalid character.
.next/dev/types/validator.ts(1,4466): error TS1127: Invalid character.
.next/dev/types/validator.ts(1,4467): error TS1127: Invalid character.
.next/dev/types/validator.ts(1,4468): error TS1127: Invalid character.
.next/dev/types/validator.ts(1,4469): error TS1127: Invalid character.
.next/dev/types/validator.ts(1,4470): error TS1127: Invalid character.
.next/dev/types/validator.ts(1,4471): error TS1127: Invalid character.
.next/dev/types/validator.ts(1,4472): error TS1127: Invalid character.
.next/dev/types/validator.ts(1,4473): error TS1127: Invalid character.
.next/dev/types/validator.ts(1,4474): error TS1127: Invalid character.
.next/dev/types/validator.ts(1,4475): error TS1127: Invalid character.
.next/dev/types/validator.ts(1,4476): error TS1127: Invalid character.
.next/dev/types/validator.ts(1,4477): error TS1127: Invalid character.
.next/dev/types/validator.ts(1,4478): error TS1127: Invalid character.
.next/dev/types/validator.ts(1,4479): error TS1127: Invalid character.
.next/dev/types/validator.ts(1,4480): error TS1127: Invalid character.
.next/dev/types/validator.ts(1,4481): error TS1127: Invalid character.
.next/dev/types/validator.ts(1,4482): error TS1127: Invalid character.
.next/dev/types/validator.ts(1,4483): error TS1127: Invalid character.
.next/dev/types/validator.ts(1,4484): error TS1127: Invalid character.
.next/dev/types/validator.ts(1,4485): error TS1127: Invalid character.
.next/dev/types/validator.ts(1,4486): error TS1127: Invalid character.
.next/dev/types/validator.ts(1,4487): error TS1127: Invalid character.
.next/dev/types/validator.ts(1,4488): error TS1127: Invalid character.
.next/dev/types/validator.ts(1,4489): error TS1127: Invalid character.
.next/dev/types/validator.ts(1,4490): error TS1127: Invalid character.
.next/dev/types/validator.ts(1,4491): error TS1127: Invalid character.
.next/dev/types/validator.ts(1,4492): error TS1127: Invalid character.
.next/dev/types/validator.ts(1,4493): error TS1127: Invalid character.
.next/dev/types/validator.ts(1,4494): error TS1127: Invalid character.
.next/dev/types/validator.ts(1,4495): error TS1127: Invalid character.
.next/dev/types/validator.ts(1,4496): error TS1127: Invalid character.
.next/dev/types/validator.ts(1,4497): error TS1127: Invalid character.
.next/dev/types/validator.ts(1,4498): error TS1127: Invalid character.
.next/dev/types/validator.ts(1,4499): error TS1127: Invalid character.
.next/dev/types/validator.ts(1,4500): error TS1127: Invalid character.
.next/dev/types/validator.ts(1,4501): error TS1127: Invalid character.
.next/dev/types/validator.ts(1,4502): error TS1127: Invalid character.
.next/dev/types/validator.ts(1,4503): error TS1127: Invalid character.
.next/dev/types/validator.ts(1,4504): error TS1127: Invalid character.
.next/dev/types/validator.ts(1,4505): error TS1127: Invalid character.
.next/dev/types/validator.ts(1,4506): error TS1127: Invalid character.
.next/dev/types/validator.ts(1,4507): error TS1127: Invalid character.
.next/dev/types/validator.ts(1,4508): error TS1127: Invalid character.
.next/dev/types/validator.ts(1,4509): error TS1127: Invalid character.
.next/dev/types/validator.ts(1,4510): error TS1127: Invalid character.
.next/dev/types/validator.ts(1,4511): error TS1127: Invalid character.
.next/dev/types/validator.ts(1,4512): error TS1127: Invalid character.
.next/dev/types/validator.ts(1,4513): error TS1127: Invalid character.
.next/dev/types/validator.ts(1,4514): error TS1127: Invalid character.
.next/dev/types/validator.ts(1,4515): error TS1127: Invalid character.
.next/dev/types/validator.ts(1,4516): error TS1127: Invalid character.
.next/dev/types/validator.ts(1,4517): error TS1127: Invalid character.
.next/dev/types/validator.ts(1,4518): error TS1127: Invalid character.
.next/dev/types/validator.ts(1,4519): error TS1127: Invalid character.
.next/dev/types/validator.ts(1,4520): error TS1127: Invalid character.
.next/dev/types/validator.ts(1,4521): error TS1127: Invalid character.
.next/dev/types/validator.ts(1,4522): error TS1127: Invalid character.
.next/dev/types/validator.ts(1,4523): error TS1127: Invalid character.
.next/dev/types/validator.ts(1,4524): error TS1127: Invalid character.
.next/dev/types/validator.ts(1,4525): error TS1127: Invalid character.
.next/dev/types/validator.ts(1,4526): error TS1127: Invalid character.
.next/dev/types/validator.ts(1,4527): error TS1127: Invalid character.
.next/dev/types/validator.ts(1,4528): error TS1127: Invalid character.
.next/dev/types/validator.ts(1,4529): error TS1127: Invalid character.
.next/dev/types/validator.ts(1,4530): error TS1127: Invalid character.
.next/dev/types/validator.ts(1,4531): error TS1127: Invalid character.
.next/dev/types/validator.ts(1,4532): error TS1127: Invalid character.
.next/dev/types/validator.ts(1,4533): error TS1127: Invalid character.
.next/dev/types/validator.ts(1,4534): error TS1127: Invalid character.
.next/dev/types/validator.ts(1,4535): error TS1127: Invalid character.
.next/dev/types/validator.ts(1,4536): error TS1127: Invalid character.
.next/dev/types/validator.ts(1,4537): error TS1127: Invalid character.
.next/dev/types/validator.ts(1,4538): error TS1127: Invalid character.
.next/dev/types/validator.ts(1,4539): error TS1127: Invalid character.
.next/dev/types/validator.ts(1,4540): error TS1127: Invalid character.
.next/dev/types/validator.ts(1,4541): error TS1127: Invalid character.
.next/dev/types/validator.ts(1,4542): error TS1127: Invalid character.
.next/dev/types/validator.ts(1,4543): error TS1127: Invalid character.
.next/dev/types/validator.ts(1,4544): error TS1127: Invalid character.
.next/dev/types/validator.ts(1,4545): error TS1127: Invalid character.
.next/dev/types/validator.ts(1,4546): error TS1127: Invalid character.
.next/dev/types/validator.ts(1,4547): error TS1127: Invalid character.
.next/dev/types/validator.ts(1,4548): error TS1127: Invalid character.
.next/dev/types/validator.ts(1,4549): error TS1127: Invalid character.
.next/dev/types/validator.ts(1,4550): error TS1127: Invalid character.
.next/dev/types/validator.ts(1,4551): error TS1127: Invalid character.
.next/dev/types/validator.ts(1,4552): error TS1127: Invalid character.
.next/dev/types/validator.ts(1,4553): error TS1127: Invalid character.
.next/dev/types/validator.ts(1,4554): error TS1127: Invalid character.
.next/dev/types/validator.ts(1,4555): error TS1127: Invalid character.
.next/dev/types/validator.ts(1,4556): error TS1127: Invalid character.
.next/dev/types/validator.ts(1,4557): error TS1127: Invalid character.
.next/dev/types/validator.ts(1,4558): error TS1127: Invalid character.
.next/dev/types/validator.ts(1,4559): error TS1127: Invalid character.
.next/dev/types/validator.ts(1,4560): error TS1127: Invalid character.
.next/dev/types/validator.ts(1,4561): error TS1127: Invalid character.
.next/dev/types/validator.ts(1,4562): error TS1127: Invalid character.
.next/dev/types/validator.ts(1,4563): error TS1127: Invalid character.
.next/dev/types/validator.ts(1,4564): error TS1127: Invalid character.
.next/dev/types/validator.ts(1,4565): error TS1127: Invalid character.
.next/dev/types/validator.ts(1,4566): error TS1127: Invalid character.
.next/dev/types/validator.ts(1,4567): error TS1127: Invalid character.
.next/dev/types/validator.ts(1,4568): error TS1127: Invalid character.
.next/dev/types/validator.ts(1,4569): error TS1127: Invalid character.
.next/dev/types/validator.ts(1,4570): error TS1127: Invalid character.
.next/dev/types/validator.ts(1,4571): error TS1127: Invalid character.
.next/dev/types/validator.ts(1,4572): error TS1127: Invalid character.
.next/dev/types/validator.ts(1,4573): error TS1127: Invalid character.
.next/dev/types/validator.ts(1,4574): error TS1127: Invalid character.
.next/dev/types/validator.ts(1,4575): error TS1127: Invalid character.
.next/dev/types/validator.ts(1,4576): error TS1127: Invalid character.
.next/dev/types/validator.ts(1,4577): error TS1127: Invalid character.
.next/dev/types/validator.ts(1,4578): error TS1127: Invalid character.
.next/dev/types/validator.ts(1,4579): error TS1127: Invalid character.
.next/dev/types/validator.ts(1,4580): error TS1127: Invalid character.
.next/dev/types/validator.ts(1,4581): error TS1127: Invalid character.
.next/dev/types/validator.ts(1,4582): error TS1127: Invalid character.
.next/dev/types/validator.ts(1,4583): error TS1127: Invalid character.
.next/dev/types/validator.ts(1,4584): error TS1127: Invalid character.
.next/dev/types/validator.ts(1,4585): error TS1127: Invalid character.
.next/dev/types/validator.ts(1,4586): error TS1127: Invalid character.
.next/dev/types/validator.ts(1,4587): error TS1127: Invalid character.
.next/dev/types/validator.ts(1,4588): error TS1127: Invalid character.
.next/dev/types/validator.ts(1,4589): error TS1127: Invalid character.
.next/dev/types/validator.ts(1,4590): error TS1127: Invalid character.
.next/dev/types/validator.ts(1,4591): error TS1127: Invalid character.
.next/dev/types/validator.ts(1,4592): error TS1127: Invalid character.
.next/dev/types/validator.ts(1,4593): error TS1127: Invalid character.
.next/dev/types/validator.ts(1,4594): error TS1127: Invalid character.
.next/dev/types/validator.ts(1,4595): error TS1127: Invalid character.
.next/dev/types/validator.ts(1,4596): error TS1127: Invalid character.
.next/dev/types/validator.ts(1,4597): error TS1127: Invalid character.
.next/dev/types/validator.ts(1,4598): error TS1127: Invalid character.
.next/dev/types/validator.ts(1,4599): error TS1127: Invalid character.
.next/dev/types/validator.ts(1,4600): error TS1127: Invalid character.
.next/dev/types/validator.ts(1,4601): error TS1127: Invalid character.
.next/dev/types/validator.ts(1,4602): error TS1127: Invalid character.
.next/dev/types/validator.ts(1,4603): error TS1127: Invalid character.
.next/dev/types/validator.ts(1,4604): error TS1127: Invalid character.
.next/dev/types/validator.ts(1,4605): error TS1127: Invalid character.
.next/dev/types/validator.ts(1,4606): error TS1127: Invalid character.
.next/dev/types/validator.ts(1,4607): error TS1127: Invalid character.
.next/dev/types/validator.ts(1,4608): error TS1127: Invalid character.
.next/dev/types/validator.ts(1,4609): error TS1127: Invalid character.
.next/dev/types/validator.ts(1,4610): error TS1127: Invalid character.
.next/dev/types/validator.ts(1,4611): error TS1127: Invalid character.
.next/dev/types/validator.ts(1,4612): error TS1127: Invalid character.
.next/dev/types/validator.ts(1,4613): error TS1127: Invalid character.
.next/dev/types/validator.ts(1,4614): error TS1127: Invalid character.
.next/dev/types/validator.ts(1,4615): error TS1127: Invalid character.
.next/dev/types/validator.ts(1,4616): error TS1127: Invalid character.
.next/dev/types/validator.ts(1,4617): error TS1127: Invalid character.
.next/dev/types/validator.ts(1,4618): error TS1127: Invalid character.
.next/dev/types/validator.ts(1,4619): error TS1127: Invalid character.
.next/dev/types/validator.ts(1,4620): error TS1127: Invalid character.
.next/dev/types/validator.ts(1,4621): error TS1127: Invalid character.
.next/dev/types/validator.ts(1,4622): error TS1127: Invalid character.
.next/dev/types/validator.ts(1,4623): error TS1127: Invalid character.
.next/dev/types/validator.ts(1,4624): error TS1127: Invalid character.
.next/dev/types/validator.ts(1,4625): error TS1127: Invalid character.
.next/dev/types/validator.ts(1,4626): error TS1127: Invalid character.
.next/dev/types/validator.ts(1,4627): error TS1127: Invalid character.
.next/dev/types/validator.ts(1,4628): error TS1127: Invalid character.
.next/dev/types/validator.ts(1,4629): error TS1127: Invalid character.
.next/dev/types/validator.ts(1,4630): error TS1127: Invalid character.
.next/dev/types/validator.ts(1,4631): error TS1127: Invalid character.
.next/dev/types/validator.ts(1,4632): error TS1127: Invalid character.
.next/dev/types/validator.ts(1,4633): error TS1127: Invalid character.
.next/dev/types/validator.ts(1,4634): error TS1127: Invalid character.
.next/dev/types/validator.ts(1,4635): error TS1127: Invalid character.
.next/dev/types/validator.ts(1,4636): error TS1127: Invalid character.
.next/dev/types/validator.ts(1,4637): error TS1127: Invalid character.
.next/dev/types/validator.ts(1,4638): error TS1127: Invalid character.
.next/dev/types/validator.ts(1,4639): error TS1127: Invalid character.
.next/dev/types/validator.ts(1,4640): error TS1127: Invalid character.
.next/dev/types/validator.ts(1,4641): error TS1127: Invalid character.
.next/dev/types/validator.ts(1,4642): error TS1127: Invalid character.
.next/dev/types/validator.ts(1,4643): error TS1127: Invalid character.
.next/dev/types/validator.ts(1,4644): error TS1127: Invalid character.
.next/dev/types/validator.ts(1,4645): error TS1127: Invalid character.
.next/dev/types/validator.ts(1,4646): error TS1127: Invalid character.
.next/dev/types/validator.ts(1,4647): error TS1127: Invalid character.
.next/dev/types/validator.ts(1,4648): error TS1127: Invalid character.
.next/dev/types/validator.ts(1,4649): error TS1127: Invalid character.
.next/dev/types/validator.ts(1,4650): error TS1127: Invalid character.
.next/dev/types/validator.ts(1,4651): error TS1127: Invalid character.
.next/dev/types/validator.ts(1,4652): error TS1127: Invalid character.
.next/dev/types/validator.ts(1,4653): error TS1127: Invalid character.
.next/dev/types/validator.ts(1,4654): error TS1127: Invalid character.
.next/dev/types/validator.ts(1,4655): error TS1127: Invalid character.
.next/dev/types/validator.ts(1,4656): error TS1127: Invalid character.
.next/dev/types/validator.ts(1,4657): error TS1127: Invalid character.
.next/dev/types/validator.ts(1,4658): error TS1127: Invalid character.
.next/dev/types/validator.ts(1,4659): error TS1127: Invalid character.
.next/dev/types/validator.ts(1,4660): error TS1127: Invalid character.
.next/dev/types/validator.ts(1,4661): error TS1127: Invalid character.
.next/dev/types/validator.ts(1,4662): error TS1127: Invalid character.
.next/dev/types/validator.ts(1,4663): error TS1127: Invalid character.
.next/dev/types/validator.ts(1,4664): error TS1127: Invalid character.
.next/dev/types/validator.ts(1,4665): error TS1127: Invalid character.
.next/dev/types/validator.ts(1,4666): error TS1127: Invalid character.
.next/dev/types/validator.ts(1,4667): error TS1127: Invalid character.
.next/dev/types/validator.ts(1,4668): error TS1127: Invalid character.
.next/dev/types/validator.ts(1,4669): error TS1127: Invalid character.
.next/dev/types/validator.ts(1,4670): error TS1127: Invalid character.
.next/dev/types/validator.ts(1,4671): error TS1127: Invalid character.
.next/dev/types/validator.ts(1,4672): error TS1127: Invalid character.
.next/dev/types/validator.ts(1,4673): error TS1127: Invalid character.
.next/dev/types/validator.ts(1,4674): error TS1127: Invalid character.
.next/dev/types/validator.ts(1,4675): error TS1127: Invalid character.
.next/dev/types/validator.ts(1,4676): error TS1127: Invalid character.
.next/dev/types/validator.ts(1,4677): error TS1127: Invalid character.
.next/dev/types/validator.ts(1,4678): error TS1127: Invalid character.
.next/dev/types/validator.ts(1,4679): error TS1127: Invalid character.
.next/dev/types/validator.ts(1,4680): error TS1127: Invalid character.
.next/dev/types/validator.ts(1,4681): error TS1127: Invalid character.
.next/dev/types/validator.ts(1,4682): error TS1127: Invalid character.
.next/dev/types/validator.ts(1,4683): error TS1127: Invalid character.
.next/dev/types/validator.ts(1,4684): error TS1127: Invalid character.
.next/dev/types/validator.ts(1,4685): error TS1127: Invalid character.
.next/dev/types/validator.ts(1,4686): error TS1127: Invalid character.
.next/dev/types/validator.ts(1,4687): error TS1127: Invalid character.
.next/dev/types/validator.ts(1,4688): error TS1127: Invalid character.
.next/dev/types/validator.ts(1,4689): error TS1127: Invalid character.
.next/dev/types/validator.ts(1,4690): error TS1127: Invalid character.
.next/dev/types/validator.ts(1,4691): error TS1127: Invalid character.
.next/dev/types/validator.ts(1,4692): error TS1127: Invalid character.
.next/dev/types/validator.ts(1,4693): error TS1127: Invalid character.
.next/dev/types/validator.ts(1,4694): error TS1127: Invalid character.
.next/dev/types/validator.ts(1,4695): error TS1127: Invalid character.
.next/dev/types/validator.ts(1,4696): error TS1127: Invalid character.
.next/dev/types/validator.ts(1,4697): error TS1127: Invalid character.
.next/dev/types/validator.ts(1,4698): error TS1127: Invalid character.
.next/dev/types/validator.ts(1,4699): error TS1127: Invalid character.
.next/dev/types/validator.ts(1,4700): error TS1127: Invalid character.
.next/dev/types/validator.ts(1,4701): error TS1127: Invalid character.
.next/dev/types/validator.ts(1,4702): error TS1127: Invalid character.
.next/dev/types/validator.ts(1,4703): error TS1127: Invalid character.
.next/dev/types/validator.ts(1,4704): error TS1127: Invalid character.
.next/dev/types/validator.ts(1,4705): error TS1127: Invalid character.
.next/dev/types/validator.ts(1,4706): error TS1127: Invalid character.
.next/dev/types/validator.ts(1,4707): error TS1127: Invalid character.
.next/dev/types/validator.ts(1,4708): error TS1127: Invalid character.
.next/dev/types/validator.ts(1,4709): error TS1127: Invalid character.
.next/dev/types/validator.ts(1,4710): error TS1127: Invalid character.
.next/dev/types/validator.ts(1,4711): error TS1127: Invalid character.
.next/dev/types/validator.ts(1,4712): error TS1127: Invalid character.
.next/dev/types/validator.ts(1,4713): error TS1127: Invalid character.
.next/dev/types/validator.ts(1,4714): error TS1127: Invalid character.
.next/dev/types/validator.ts(1,4715): error TS1127: Invalid character.
.next/dev/types/validator.ts(1,4716): error TS1127: Invalid character.
.next/dev/types/validator.ts(1,4717): error TS1127: Invalid character.
.next/dev/types/validator.ts(1,4718): error TS1127: Invalid character.
.next/dev/types/validator.ts(1,4719): error TS1127: Invalid character.
.next/dev/types/validator.ts(1,4720): error TS1127: Invalid character.
.next/dev/types/validator.ts(1,4721): error TS1127: Invalid character.
.next/dev/types/validator.ts(1,4722): error TS1127: Invalid character.
.next/dev/types/validator.ts(1,4723): error TS1127: Invalid character.
.next/dev/types/validator.ts(1,4724): error TS1127: Invalid character.
.next/dev/types/validator.ts(1,4725): error TS1127: Invalid character.
.next/dev/types/validator.ts(1,4726): error TS1127: Invalid character.
.next/dev/types/validator.ts(1,4727): error TS1127: Invalid character.
.next/dev/types/validator.ts(1,4728): error TS1127: Invalid character.
.next/dev/types/validator.ts(1,4729): error TS1127: Invalid character.
.next/dev/types/validator.ts(1,4730): error TS1127: Invalid character.
.next/dev/types/validator.ts(1,4731): error TS1127: Invalid character.
.next/dev/types/validator.ts(1,4732): error TS1127: Invalid character.
.next/dev/types/validator.ts(1,4733): error TS1127: Invalid character.
.next/dev/types/validator.ts(1,4734): error TS1127: Invalid character.
.next/dev/types/validator.ts(1,4735): error TS1127: Invalid character.
.next/dev/types/validator.ts(1,4736): error TS1127: Invalid character.
.next/dev/types/validator.ts(1,4737): error TS1127: Invalid character.
.next/dev/types/validator.ts(1,4738): error TS1127: Invalid character.
.next/dev/types/validator.ts(1,4739): error TS1127: Invalid character.
.next/dev/types/validator.ts(1,4740): error TS1127: Invalid character.
.next/dev/types/validator.ts(1,4741): error TS1127: Invalid character.
.next/dev/types/validator.ts(1,4742): error TS1127: Invalid character.
.next/dev/types/validator.ts(1,4743): error TS1127: Invalid character.
.next/dev/types/validator.ts(1,4744): error TS1127: Invalid character.
.next/dev/types/validator.ts(1,4745): error TS1127: Invalid character.
.next/dev/types/validator.ts(1,4746): error TS1127: Invalid character.
.next/dev/types/validator.ts(1,4747): error TS1127: Invalid character.
.next/dev/types/validator.ts(1,4748): error TS1127: Invalid character.
.next/dev/types/validator.ts(1,4749): error TS1127: Invalid character.
.next/dev/types/validator.ts(1,4750): error TS1127: Invalid character.
.next/dev/types/validator.ts(1,4751): error TS1127: Invalid character.
.next/dev/types/validator.ts(1,4752): error TS1127: Invalid character.
.next/dev/types/validator.ts(1,4753): error TS1127: Invalid character.
.next/dev/types/validator.ts(1,4754): error TS1127: Invalid character.
.next/dev/types/validator.ts(1,4755): error TS1127: Invalid character.
.next/dev/types/validator.ts(1,4756): error TS1127: Invalid character.
.next/dev/types/validator.ts(1,4757): error TS1127: Invalid character.
.next/dev/types/validator.ts(1,4758): error TS1127: Invalid character.
.next/dev/types/validator.ts(1,4759): error TS1127: Invalid character.
.next/dev/types/validator.ts(1,4760): error TS1127: Invalid character.
.next/dev/types/validator.ts(1,4761): error TS1127: Invalid character.
.next/dev/types/validator.ts(1,4762): error TS1127: Invalid character.
.next/dev/types/validator.ts(1,4763): error TS1127: Invalid character.
.next/dev/types/validator.ts(1,4764): error TS1127: Invalid character.
.next/dev/types/validator.ts(1,4765): error TS1127: Invalid character.
.next/dev/types/validator.ts(1,4766): error TS1127: Invalid character.
.next/dev/types/validator.ts(1,4767): error TS1127: Invalid character.
.next/dev/types/validator.ts(1,4768): error TS1127: Invalid character.
.next/dev/types/validator.ts(1,4769): error TS1127: Invalid character.
.next/dev/types/validator.ts(1,4770): error TS1127: Invalid character.
.next/dev/types/validator.ts(1,4771): error TS1127: Invalid character.
.next/dev/types/validator.ts(1,4772): error TS1127: Invalid character.
.next/dev/types/validator.ts(1,4773): error TS1127: Invalid character.
.next/dev/types/validator.ts(1,4774): error TS1127: Invalid character.
.next/dev/types/validator.ts(1,4775): error TS1127: Invalid character.
.next/dev/types/validator.ts(1,4776): error TS1127: Invalid character.
.next/dev/types/validator.ts(1,4777): error TS1127: Invalid character.
.next/dev/types/validator.ts(1,4778): error TS1127: Invalid character.
.next/dev/types/validator.ts(1,4779): error TS1127: Invalid character.
.next/dev/types/validator.ts(1,4780): error TS1127: Invalid character.
.next/dev/types/validator.ts(1,4781): error TS1127: Invalid character.
.next/dev/types/validator.ts(1,4782): error TS1127: Invalid character.
.next/dev/types/validator.ts(1,4783): error TS1127: Invalid character.
.next/dev/types/validator.ts(1,4784): error TS1127: Invalid character.
.next/dev/types/validator.ts(1,4785): error TS1127: Invalid character.
.next/dev/types/validator.ts(1,4786): error TS1127: Invalid character.
.next/dev/types/validator.ts(1,4787): error TS1127: Invalid character.
.next/dev/types/validator.ts(1,4788): error TS1127: Invalid character.
.next/dev/types/validator.ts(1,4789): error TS1127: Invalid character.
.next/dev/types/validator.ts(1,4790): error TS1127: Invalid character.
.next/dev/types/validator.ts(1,4791): error TS1127: Invalid character.
.next/dev/types/validator.ts(1,4792): error TS1127: Invalid character.
.next/dev/types/validator.ts(1,4793): error TS1127: Invalid character.
.next/dev/types/validator.ts(1,4794): error TS1127: Invalid character.
.next/dev/types/validator.ts(1,4795): error TS1127: Invalid character.
.next/dev/types/validator.ts(1,4796): error TS1127: Invalid character.
.next/dev/types/validator.ts(1,4797): error TS1127: Invalid character.
.next/dev/types/validator.ts(1,4798): error TS1127: Invalid character.
.next/dev/types/validator.ts(1,4799): error TS1127: Invalid character.
.next/dev/types/validator.ts(1,4800): error TS1127: Invalid character.
.next/dev/types/validator.ts(1,4801): error TS1127: Invalid character.
.next/dev/types/validator.ts(1,4802): error TS1127: Invalid character.
.next/dev/types/validator.ts(1,4803): error TS1127: Invalid character.
.next/dev/types/validator.ts(1,4804): error TS1127: Invalid character.
.next/dev/types/validator.ts(1,4805): error TS1127: Invalid character.
.next/dev/types/validator.ts(1,4806): error TS1127: Invalid character.
.next/dev/types/validator.ts(1,4807): error TS1127: Invalid character.
.next/dev/types/validator.ts(1,4808): error TS1127: Invalid character.
.next/dev/types/validator.ts(1,4809): error TS1127: Invalid character.
.next/dev/types/validator.ts(1,4810): error TS1127: Invalid character.
.next/dev/types/validator.ts(1,4811): error TS1127: Invalid character.
.next/dev/types/validator.ts(1,4812): error TS1127: Invalid character.
.next/dev/types/validator.ts(1,4813): error TS1127: Invalid character.
.next/dev/types/validator.ts(1,4814): error TS1127: Invalid character.
.next/dev/types/validator.ts(1,4815): error TS1127: Invalid character.
.next/dev/types/validator.ts(1,4816): error TS1127: Invalid character.
.next/dev/types/validator.ts(1,4817): error TS1127: Invalid character.
.next/dev/types/validator.ts(1,4818): error TS1127: Invalid character.
.next/dev/types/validator.ts(1,4819): error TS1127: Invalid character.
.next/dev/types/validator.ts(1,4820): error TS1127: Invalid character.
.next/dev/types/validator.ts(1,4821): error TS1127: Invalid character.
.next/dev/types/validator.ts(1,4822): error TS1127: Invalid character.
.next/dev/types/validator.ts(1,4823): error TS1127: Invalid character.
.next/dev/types/validator.ts(1,4824): error TS1127: Invalid character.
.next/dev/types/validator.ts(1,4825): error TS1127: Invalid character.
.next/dev/types/validator.ts(1,4826): error TS1127: Invalid character.
.next/dev/types/validator.ts(1,4827): error TS1127: Invalid character.
.next/dev/types/validator.ts(1,4828): error TS1127: Invalid character.
.next/dev/types/validator.ts(1,4829): error TS1127: Invalid character.
.next/dev/types/validator.ts(1,4830): error TS1127: Invalid character.
.next/dev/types/validator.ts(1,4831): error TS1127: Invalid character.
.next/dev/types/validator.ts(1,4832): error TS1127: Invalid character.
.next/dev/types/validator.ts(1,4833): error TS1127: Invalid character.
.next/dev/types/validator.ts(1,4834): error TS1127: Invalid character.
.next/dev/types/validator.ts(1,4835): error TS1127: Invalid character.
.next/dev/types/validator.ts(1,4836): error TS1127: Invalid character.
.next/dev/types/validator.ts(1,4837): error TS1127: Invalid character.
.next/dev/types/validator.ts(1,4838): error TS1127: Invalid character.
.next/dev/types/validator.ts(1,4839): error TS1127: Invalid character.
.next/dev/types/validator.ts(1,4840): error TS1127: Invalid character.
.next/dev/types/validator.ts(1,4841): error TS1127: Invalid character.
.next/dev/types/validator.ts(1,4842): error TS1127: Invalid character.
.next/dev/types/validator.ts(1,4843): error TS1127: Invalid character.
.next/dev/types/validator.ts(1,4844): error TS1127: Invalid character.
.next/dev/types/validator.ts(1,4845): error TS1127: Invalid character.
.next/dev/types/validator.ts(1,4846): error TS1127: Invalid character.
.next/dev/types/validator.ts(1,4847): error TS1127: Invalid character.
.next/dev/types/validator.ts(1,4848): error TS1127: Invalid character.
.next/dev/types/validator.ts(1,4849): error TS1127: Invalid character.
.next/dev/types/validator.ts(1,4850): error TS1127: Invalid character.
.next/dev/types/validator.ts(1,4851): error TS1127: Invalid character.
.next/dev/types/validator.ts(1,4852): error TS1127: Invalid character.
.next/dev/types/validator.ts(1,4853): error TS1127: Invalid character.
.next/dev/types/validator.ts(1,4854): error TS1127: Invalid character.
.next/dev/types/validator.ts(1,4855): error TS1127: Invalid character.
.next/dev/types/validator.ts(1,4856): error TS1127: Invalid character.
.next/dev/types/validator.ts(1,4857): error TS1127: Invalid character.
.next/dev/types/validator.ts(1,4858): error TS1127: Invalid character.
.next/dev/types/validator.ts(1,4859): error TS1127: Invalid character.
.next/dev/types/validator.ts(1,4860): error TS1127: Invalid character.
.next/dev/types/validator.ts(1,4861): error TS1127: Invalid character.
.next/dev/types/validator.ts(1,4862): error TS1127: Invalid character.
.next/dev/types/validator.ts(1,4863): error TS1127: Invalid character.
.next/dev/types/validator.ts(1,4864): error TS1127: Invalid character.
.next/dev/types/validator.ts(1,4865): error TS1127: Invalid character.
.next/dev/types/validator.ts(1,4866): error TS1127: Invalid character.
.next/dev/types/validator.ts(1,4867): error TS1127: Invalid character.
.next/dev/types/validator.ts(1,4868): error TS1127: Invalid character.
.next/dev/types/validator.ts(1,4869): error TS1127: Invalid character.
.next/dev/types/validator.ts(1,4870): error TS1127: Invalid character.
.next/dev/types/validator.ts(1,4871): error TS1127: Invalid character.
.next/dev/types/validator.ts(1,4872): error TS1127: Invalid character.
.next/dev/types/validator.ts(1,4873): error TS1127: Invalid character.
.next/dev/types/validator.ts(1,4874): error TS1127: Invalid character.
.next/dev/types/validator.ts(1,4875): error TS1127: Invalid character.
.next/dev/types/validator.ts(1,4876): error TS1127: Invalid character.
.next/dev/types/validator.ts(1,4877): error TS1127: Invalid character.
.next/dev/types/validator.ts(1,4878): error TS1127: Invalid character.
.next/dev/types/validator.ts(1,4879): error TS1127: Invalid character.
.next/dev/types/validator.ts(1,4880): error TS1127: Invalid character.
.next/dev/types/validator.ts(1,4881): error TS1127: Invalid character.
.next/dev/types/validator.ts(1,4882): error TS1127: Invalid character.
.next/dev/types/validator.ts(1,4883): error TS1127: Invalid character.
.next/dev/types/validator.ts(1,4884): error TS1127: Invalid character.
.next/dev/types/validator.ts(1,4885): error TS1127: Invalid character.
.next/dev/types/validator.ts(1,4886): error TS1127: Invalid character.
.next/dev/types/validator.ts(1,4887): error TS1127: Invalid character.
.next/dev/types/validator.ts(1,4888): error TS1127: Invalid character.
.next/dev/types/validator.ts(1,4889): error TS1127: Invalid character.
.next/dev/types/validator.ts(1,4890): error TS1127: Invalid character.
.next/dev/types/validator.ts(1,4891): error TS1127: Invalid character.
.next/dev/types/validator.ts(1,4892): error TS1127: Invalid character.
.next/dev/types/validator.ts(1,4893): error TS1127: Invalid character.
.next/dev/types/validator.ts(1,4894): error TS1127: Invalid character.
.next/dev/types/validator.ts(1,4895): error TS1127: Invalid character.
.next/dev/types/validator.ts(1,4896): error TS1127: Invalid character.
.next/dev/types/validator.ts(1,4897): error TS1127: Invalid character.
.next/dev/types/validator.ts(1,4898): error TS1127: Invalid character.
.next/dev/types/validator.ts(1,4899): error TS1127: Invalid character.
.next/dev/types/validator.ts(1,4900): error TS1127: Invalid character.
.next/dev/types/validator.ts(1,4901): error TS1127: Invalid character.
.next/dev/types/validator.ts(1,4902): error TS1127: Invalid character.
.next/dev/types/validator.ts(1,4903): error TS1127: Invalid character.
.next/dev/types/validator.ts(1,4904): error TS1127: Invalid character.
.next/dev/types/validator.ts(1,4905): error TS1127: Invalid character.
.next/dev/types/validator.ts(1,4906): error TS1127: Invalid character.
.next/dev/types/validator.ts(1,4907): error TS1127: Invalid character.
.next/dev/types/validator.ts(1,4908): error TS1127: Invalid character.
.next/dev/types/validator.ts(1,4909): error TS1127: Invalid character.
.next/dev/types/validator.ts(1,4910): error TS1127: Invalid character.
.next/dev/types/validator.ts(1,4911): error TS1127: Invalid character.
.next/dev/types/validator.ts(1,4912): error TS1127: Invalid character.
.next/dev/types/validator.ts(1,4913): error TS1127: Invalid character.
.next/dev/types/validator.ts(1,4914): error TS1127: Invalid character.
.next/dev/types/validator.ts(1,4915): error TS1127: Invalid character.
.next/dev/types/validator.ts(1,4916): error TS1127: Invalid character.
.next/dev/types/validator.ts(1,4917): error TS1127: Invalid character.
.next/dev/types/validator.ts(1,4918): error TS1127: Invalid character.
.next/dev/types/validator.ts(1,4919): error TS1127: Invalid character.
.next/dev/types/validator.ts(1,4920): error TS1127: Invalid character.
.next/dev/types/validator.ts(1,4921): error TS1127: Invalid character.
.next/dev/types/validator.ts(1,4922): error TS1127: Invalid character.
.next/dev/types/validator.ts(1,4923): error TS1127: Invalid character.
.next/dev/types/validator.ts(1,4924): error TS1127: Invalid character.
.next/dev/types/validator.ts(1,4925): error TS1127: Invalid character.
.next/dev/types/validator.ts(1,4926): error TS1127: Invalid character.
.next/dev/types/validator.ts(1,4927): error TS1127: Invalid character.
.next/dev/types/validator.ts(1,4928): error TS1127: Invalid character.
.next/dev/types/validator.ts(1,4929): error TS1127: Invalid character.
.next/dev/types/validator.ts(1,4930): error TS1127: Invalid character.
.next/dev/types/validator.ts(1,4931): error TS1127: Invalid character.
.next/dev/types/validator.ts(1,4932): error TS1127: Invalid character.
.next/dev/types/validator.ts(1,4933): error TS1127: Invalid character.
.next/dev/types/validator.ts(1,4934): error TS1127: Invalid character.
.next/dev/types/validator.ts(1,4935): error TS1127: Invalid character.
.next/dev/types/validator.ts(1,4936): error TS1127: Invalid character.
.next/dev/types/validator.ts(1,4937): error TS1127: Invalid character.
.next/dev/types/validator.ts(1,4938): error TS1127: Invalid character.
.next/dev/types/validator.ts(1,4939): error TS1127: Invalid character.
.next/dev/types/validator.ts(1,4940): error TS1127: Invalid character.
.next/dev/types/validator.ts(1,4941): error TS1127: Invalid character.
.next/dev/types/validator.ts(1,4942): error TS1127: Invalid character.
.next/dev/types/validator.ts(1,4943): error TS1127: Invalid character.
.next/dev/types/validator.ts(1,4944): error TS1127: Invalid character.
.next/dev/types/validator.ts(1,4945): error TS1127: Invalid character.
.next/dev/types/validator.ts(1,4946): error TS1127: Invalid character.
.next/dev/types/validator.ts(1,4947): error TS1127: Invalid character.
.next/dev/types/validator.ts(1,4948): error TS1127: Invalid character.
.next/dev/types/validator.ts(1,4949): error TS1127: Invalid character.
.next/dev/types/validator.ts(1,4950): error TS1127: Invalid character.
.next/dev/types/validator.ts(1,4951): error TS1127: Invalid character.
.next/dev/types/validator.ts(1,4952): error TS1127: Invalid character.
.next/dev/types/validator.ts(1,4953): error TS1127: Invalid character.
.next/dev/types/validator.ts(1,4954): error TS1127: Invalid character.
.next/dev/types/validator.ts(1,4955): error TS1127: Invalid character.
.next/dev/types/validator.ts(1,4956): error TS1127: Invalid character.
.next/dev/types/validator.ts(1,4957): error TS1127: Invalid character.
.next/dev/types/validator.ts(1,4958): error TS1127: Invalid character.
.next/dev/types/validator.ts(1,4959): error TS1127: Invalid character.
.next/dev/types/validator.ts(1,4960): error TS1127: Invalid character.
.next/dev/types/validator.ts(1,4961): error TS1127: Invalid character.
.next/dev/types/validator.ts(1,4962): error TS1127: Invalid character.
.next/dev/types/validator.ts(1,4963): error TS1127: Invalid character.
.next/dev/types/validator.ts(1,4964): error TS1127: Invalid character.
.next/dev/types/validator.ts(1,4965): error TS1127: Invalid character.
.next/dev/types/validator.ts(1,4966): error TS1127: Invalid character.
.next/dev/types/validator.ts(1,4967): error TS1127: Invalid character.
.next/dev/types/validator.ts(1,4968): error TS1127: Invalid character.
.next/dev/types/validator.ts(1,4969): error TS1127: Invalid character.
.next/dev/types/validator.ts(1,4970): error TS1127: Invalid character.
.next/dev/types/validator.ts(1,4971): error TS1127: Invalid character.
.next/dev/types/validator.ts(1,4972): error TS1127: Invalid character.
.next/dev/types/validator.ts(1,4973): error TS1127: Invalid character.
.next/dev/types/validator.ts(1,4974): error TS1127: Invalid character.
.next/dev/types/validator.ts(1,4975): error TS1127: Invalid character.
.next/dev/types/validator.ts(1,4976): error TS1127: Invalid character.
.next/dev/types/validator.ts(1,4977): error TS1127: Invalid character.
.next/dev/types/validator.ts(1,4978): error TS1127: Invalid character.
.next/dev/types/validator.ts(1,4979): error TS1127: Invalid character.
.next/dev/types/validator.ts(1,4980): error TS1127: Invalid character.
.next/dev/types/validator.ts(1,4981): error TS1127: Invalid character.
.next/dev/types/validator.ts(1,4982): error TS1127: Invalid character.
.next/dev/types/validator.ts(1,4983): error TS1127: Invalid character.
.next/dev/types/validator.ts(1,4984): error TS1127: Invalid character.
.next/dev/types/validator.ts(1,4985): error TS1127: Invalid character.
.next/dev/types/validator.ts(1,4986): error TS1127: Invalid character.
.next/dev/types/validator.ts(1,4987): error TS1127: Invalid character.
.next/dev/types/validator.ts(1,4988): error TS1127: Invalid character.
.next/dev/types/validator.ts(1,4989): error TS1127: Invalid character.
.next/dev/types/validator.ts(1,4990): error TS1127: Invalid character.
.next/dev/types/validator.ts(1,4991): error TS1127: Invalid character.
.next/dev/types/validator.ts(1,4992): error TS1127: Invalid character.
.next/dev/types/validator.ts(1,4993): error TS1127: Invalid character.
.next/dev/types/validator.ts(1,4994): error TS1127: Invalid character.
.next/dev/types/validator.ts(1,4995): error TS1127: Invalid character.
.next/dev/types/validator.ts(1,4996): error TS1127: Invalid character.
.next/dev/types/validator.ts(1,4997): error TS1127: Invalid character.
.next/dev/types/validator.ts(1,4998): error TS1127: Invalid character.
.next/dev/types/validator.ts(1,4999): error TS1127: Invalid character.
.next/dev/types/validator.ts(1,5000): error TS1127: Invalid character.
.next/dev/types/validator.ts(1,5001): error TS1127: Invalid character.
.next/dev/types/validator.ts(1,5002): error TS1127: Invalid character.
.next/dev/types/validator.ts(1,5003): error TS1127: Invalid character.
.next/dev/types/validator.ts(1,5004): error TS1127: Invalid character.
.next/dev/types/validator.ts(1,5005): error TS1127: Invalid character.
.next/dev/types/validator.ts(1,5006): error TS1127: Invalid character.
.next/dev/types/validator.ts(1,5007): error TS1127: Invalid character.
.next/dev/types/validator.ts(1,5008): error TS1127: Invalid character.
.next/dev/types/validator.ts(1,5009): error TS1127: Invalid character.
.next/dev/types/validator.ts(1,5010): error TS1127: Invalid character.
.next/dev/types/validator.ts(1,5011): error TS1127: Invalid character.
.next/dev/types/validator.ts(1,5012): error TS1127: Invalid character.
.next/dev/types/validator.ts(1,5013): error TS1127: Invalid character.
.next/dev/types/validator.ts(1,5014): error TS1127: Invalid character.
.next/dev/types/validator.ts(1,5015): error TS1127: Invalid character.
.next/dev/types/validator.ts(1,5016): error TS1127: Invalid character.
.next/dev/types/validator.ts(1,5017): error TS1127: Invalid character.
.next/dev/types/validator.ts(1,5018): error TS1127: Invalid character.
.next/dev/types/validator.ts(1,5019): error TS1127: Invalid character.
.next/dev/types/validator.ts(1,5020): error TS1127: Invalid character.
.next/dev/types/validator.ts(1,5021): error TS1127: Invalid character.
.next/dev/types/validator.ts(1,5022): error TS1127: Invalid character.
.next/dev/types/validator.ts(1,5023): error TS1127: Invalid character.
.next/dev/types/validator.ts(1,5024): error TS1127: Invalid character.
.next/dev/types/validator.ts(1,5025): error TS1127: Invalid character.
.next/dev/types/validator.ts(1,5026): error TS1127: Invalid character.
.next/dev/types/validator.ts(1,5027): error TS1127: Invalid character.
.next/dev/types/validator.ts(1,5028): error TS1127: Invalid character.
.next/dev/types/validator.ts(1,5029): error TS1127: Invalid character.
.next/dev/types/validator.ts(1,5030): error TS1127: Invalid character.
.next/dev/types/validator.ts(1,5031): error TS1127: Invalid character.
.next/dev/types/validator.ts(1,5032): error TS1127: Invalid character.
.next/dev/types/validator.ts(1,5033): error TS1127: Invalid character.
.next/dev/types/validator.ts(1,5034): error TS1127: Invalid character.
.next/dev/types/validator.ts(1,5035): error TS1127: Invalid character.
.next/dev/types/validator.ts(1,5036): error TS1127: Invalid character.
.next/dev/types/validator.ts(1,5037): error TS1127: Invalid character.
.next/dev/types/validator.ts(1,5038): error TS1127: Invalid character.
.next/dev/types/validator.ts(1,5039): error TS1127: Invalid character.
.next/dev/types/validator.ts(1,5040): error TS1127: Invalid character.
.next/dev/types/validator.ts(1,5041): error TS1127: Invalid character.
.next/dev/types/validator.ts(1,5042): error TS1127: Invalid character.
.next/dev/types/validator.ts(1,5043): error TS1127: Invalid character.
.next/dev/types/validator.ts(1,5044): error TS1127: Invalid character.
.next/dev/types/validator.ts(1,5045): error TS1127: Invalid character.
.next/dev/types/validator.ts(1,5046): error TS1127: Invalid character.
.next/dev/types/validator.ts(1,5047): error TS1127: Invalid character.
.next/dev/types/validator.ts(1,5048): error TS1127: Invalid character.
.next/dev/types/validator.ts(1,5049): error TS1127: Invalid character.
.next/dev/types/validator.ts(1,5050): error TS1127: Invalid character.
.next/dev/types/validator.ts(1,5051): error TS1127: Invalid character.
.next/dev/types/validator.ts(1,5052): error TS1127: Invalid character.
.next/dev/types/validator.ts(1,5053): error TS1127: Invalid character.
.next/dev/types/validator.ts(1,5054): error TS1127: Invalid character.
.next/dev/types/validator.ts(1,5055): error TS1127: Invalid character.
.next/dev/types/validator.ts(1,5056): error TS1127: Invalid character.
.next/dev/types/validator.ts(1,5057): error TS1127: Invalid character.
.next/dev/types/validator.ts(1,5058): error TS1127: Invalid character.
.next/dev/types/validator.ts(1,5059): error TS1127: Invalid character.
.next/dev/types/validator.ts(1,5060): error TS1127: Invalid character.
.next/dev/types/validator.ts(1,5061): error TS1127: Invalid character.
.next/dev/types/validator.ts(1,5062): error TS1127: Invalid character.
.next/dev/types/validator.ts(1,5063): error TS1127: Invalid character.
.next/dev/types/validator.ts(1,5064): error TS1127: Invalid character.
.next/dev/types/validator.ts(1,5065): error TS1127: Invalid character.
.next/dev/types/validator.ts(1,5066): error TS1127: Invalid character.
.next/dev/types/validator.ts(1,5067): error TS1127: Invalid character.
.next/dev/types/validator.ts(1,5068): error TS1127: Invalid character.
.next/dev/types/validator.ts(1,5069): error TS1127: Invalid character.
.next/dev/types/validator.ts(1,5070): error TS1127: Invalid character.
.next/dev/types/validator.ts(1,5071): error TS1127: Invalid character.
.next/dev/types/validator.ts(1,5072): error TS1127: Invalid character.
.next/dev/types/validator.ts(1,5073): error TS1127: Invalid character.
.next/dev/types/validator.ts(1,5074): error TS1127: Invalid character.
.next/dev/types/validator.ts(1,5075): error TS1127: Invalid character.
.next/dev/types/validator.ts(1,5076): error TS1127: Invalid character.
.next/dev/types/validator.ts(1,5077): error TS1127: Invalid character.
.next/dev/types/validator.ts(1,5078): error TS1127: Invalid character.
.next/dev/types/validator.ts(1,5079): error TS1127: Invalid character.
.next/dev/types/validator.ts(1,5080): error TS1127: Invalid character.
.next/dev/types/validator.ts(1,5081): error TS1127: Invalid character.
.next/dev/types/validator.ts(1,5082): error TS1127: Invalid character.
.next/dev/types/validator.ts(1,5083): error TS1127: Invalid character.
.next/dev/types/validator.ts(1,5084): error TS1127: Invalid character.
.next/dev/types/validator.ts(1,5085): error TS1127: Invalid character.
.next/dev/types/validator.ts(1,5086): error TS1127: Invalid character.
.next/dev/types/validator.ts(1,5087): error TS1127: Invalid character.
.next/dev/types/validator.ts(1,5088): error TS1127: Invalid character.
.next/dev/types/validator.ts(1,5089): error TS1127: Invalid character.
.next/dev/types/validator.ts(1,5090): error TS1127: Invalid character.
.next/dev/types/validator.ts(1,5091): error TS1127: Invalid character.
.next/dev/types/validator.ts(1,5092): error TS1127: Invalid character.
.next/dev/types/validator.ts(1,5093): error TS1127: Invalid character.
.next/dev/types/validator.ts(1,5094): error TS1127: Invalid character.
.next/dev/types/validator.ts(1,5095): error TS1127: Invalid character.
.next/dev/types/validator.ts(1,5096): error TS1127: Invalid character.
.next/dev/types/validator.ts(1,5097): error TS1127: Invalid character.
.next/dev/types/validator.ts(1,5098): error TS1127: Invalid character.
.next/dev/types/validator.ts(1,5099): error TS1127: Invalid character.
.next/dev/types/validator.ts(1,5100): error TS1127: Invalid character.
.next/dev/types/validator.ts(1,5101): error TS1127: Invalid character.
.next/dev/types/validator.ts(1,5102): error TS1127: Invalid character.
.next/dev/types/validator.ts(1,5103): error TS1127: Invalid character.
.next/dev/types/validator.ts(1,5104): error TS1127: Invalid character.
.next/dev/types/validator.ts(1,5105): error TS1127: Invalid character.
.next/dev/types/validator.ts(1,5106): error TS1127: Invalid character.
.next/dev/types/validator.ts(1,5107): error TS1127: Invalid character.
.next/dev/types/validator.ts(1,5108): error TS1127: Invalid character.
.next/dev/types/validator.ts(1,5109): error TS1127: Invalid character.
.next/dev/types/validator.ts(1,5110): error TS1127: Invalid character.
.next/dev/types/validator.ts(1,5111): error TS1127: Invalid character.
.next/dev/types/validator.ts(1,5112): error TS1127: Invalid character.
.next/dev/types/validator.ts(1,5113): error TS1127: Invalid character.
.next/dev/types/validator.ts(1,5114): error TS1127: Invalid character.
.next/dev/types/validator.ts(1,5115): error TS1127: Invalid character.
.next/dev/types/validator.ts(1,5116): error TS1127: Invalid character.
.next/dev/types/validator.ts(1,5117): error TS1127: Invalid character.
.next/dev/types/validator.ts(1,5118): error TS1127: Invalid character.
.next/dev/types/validator.ts(1,5119): error TS1127: Invalid character.
.next/dev/types/validator.ts(1,5120): error TS1127: Invalid character.
.next/dev/types/validator.ts(1,5121): error TS1127: Invalid character.
.next/dev/types/validator.ts(1,5122): error TS1127: Invalid character.
.next/dev/types/validator.ts(1,5123): error TS1127: Invalid character.
.next/dev/types/validator.ts(1,5124): error TS1127: Invalid character.
.next/dev/types/validator.ts(1,5125): error TS1127: Invalid character.
.next/dev/types/validator.ts(1,5126): error TS1127: Invalid character.
.next/dev/types/validator.ts(1,5127): error TS1127: Invalid character.
.next/dev/types/validator.ts(1,5128): error TS1127: Invalid character.
.next/dev/types/validator.ts(1,5129): error TS1127: Invalid character.
.next/dev/types/validator.ts(1,5130): error TS1127: Invalid character.
.next/dev/types/validator.ts(1,5131): error TS1127: Invalid character.
.next/dev/types/validator.ts(1,5132): error TS1127: Invalid character.
.next/dev/types/validator.ts(1,5133): error TS1127: Invalid character.
.next/dev/types/validator.ts(1,5134): error TS1127: Invalid character.
.next/dev/types/validator.ts(1,5135): error TS1127: Invalid character.
.next/dev/types/validator.ts(1,5136): error TS1127: Invalid character.
.next/dev/types/validator.ts(1,5137): error TS1127: Invalid character.
.next/dev/types/validator.ts(1,5138): error TS1127: Invalid character.
.next/dev/types/validator.ts(1,5139): error TS1127: Invalid character.
.next/dev/types/validator.ts(1,5140): error TS1127: Invalid character.
.next/dev/types/validator.ts(1,5141): error TS1127: Invalid character.
.next/dev/types/validator.ts(1,5142): error TS1127: Invalid character.
.next/dev/types/validator.ts(1,5143): error TS1127: Invalid character.
.next/dev/types/validator.ts(1,5144): error TS1127: Invalid character.
.next/dev/types/validator.ts(1,5145): error TS1127: Invalid character.
.next/dev/types/validator.ts(1,5146): error TS1127: Invalid character.
.next/dev/types/validator.ts(1,5147): error TS1127: Invalid character.
.next/dev/types/validator.ts(1,5148): error TS1127: Invalid character.
.next/dev/types/validator.ts(1,5149): error TS1127: Invalid character.
.next/dev/types/validator.ts(1,5150): error TS1127: Invalid character.
.next/dev/types/validator.ts(1,5151): error TS1127: Invalid character.
.next/dev/types/validator.ts(1,5152): error TS1127: Invalid character.
.next/dev/types/validator.ts(1,5153): error TS1127: Invalid character.
.next/dev/types/validator.ts(1,5154): error TS1127: Invalid character.
.next/dev/types/validator.ts(1,5155): error TS1127: Invalid character.
.next/dev/types/validator.ts(1,5156): error TS1127: Invalid character.
.next/dev/types/validator.ts(1,5157): error TS1127: Invalid character.
.next/dev/types/validator.ts(1,5158): error TS1127: Invalid character.
.next/dev/types/validator.ts(1,5159): error TS1127: Invalid character.
.next/dev/types/validator.ts(1,5160): error TS1127: Invalid character.
.next/dev/types/validator.ts(1,5161): error TS1127: Invalid character.
.next/dev/types/validator.ts(1,5162): error TS1127: Invalid character.
.next/dev/types/validator.ts(1,5163): error TS1127: Invalid character.
.next/dev/types/validator.ts(1,5164): error TS1127: Invalid character.
.next/dev/types/validator.ts(1,5165): error TS1127: Invalid character.
.next/dev/types/validator.ts(1,5166): error TS1127: Invalid character.
.next/dev/types/validator.ts(1,5167): error TS1127: Invalid character.
.next/dev/types/validator.ts(1,5168): error TS1127: Invalid character.
.next/dev/types/validator.ts(1,5169): error TS1127: Invalid character.
.next/dev/types/validator.ts(1,5170): error TS1127: Invalid character.
.next/dev/types/validator.ts(1,5171): error TS1127: Invalid character.
.next/dev/types/validator.ts(1,5172): error TS1127: Invalid character.
.next/dev/types/validator.ts(1,5173): error TS1127: Invalid character.
.next/dev/types/validator.ts(1,5174): error TS1127: Invalid character.
.next/dev/types/validator.ts(1,5175): error TS1127: Invalid character.
.next/dev/types/validator.ts(1,5176): error TS1127: Invalid character.
.next/dev/types/validator.ts(1,5177): error TS1127: Invalid character.
.next/dev/types/validator.ts(1,5178): error TS1127: Invalid character.
.next/dev/types/validator.ts(1,5179): error TS1127: Invalid character.
.next/dev/types/validator.ts(1,5180): error TS1127: Invalid character.
.next/dev/types/validator.ts(1,5181): error TS1127: Invalid character.
.next/dev/types/validator.ts(1,5182): error TS1127: Invalid character.
.next/dev/types/validator.ts(1,5183): error TS1127: Invalid character.
.next/dev/types/validator.ts(1,5184): error TS1127: Invalid character.
.next/dev/types/validator.ts(1,5185): error TS1127: Invalid character.
.next/dev/types/validator.ts(1,5186): error TS1127: Invalid character.
.next/dev/types/validator.ts(1,5187): error TS1127: Invalid character.
.next/dev/types/validator.ts(1,5188): error TS1127: Invalid character.
.next/dev/types/validator.ts(1,5189): error TS1127: Invalid character.
.next/dev/types/validator.ts(1,5190): error TS1127: Invalid character.
.next/dev/types/validator.ts(1,5191): error TS1127: Invalid character.
.next/dev/types/validator.ts(1,5192): error TS1127: Invalid character.
.next/dev/types/validator.ts(1,5193): error TS1127: Invalid character.
.next/dev/types/validator.ts(1,5194): error TS1127: Invalid character.
.next/dev/types/validator.ts(1,5195): error TS1127: Invalid character.
.next/dev/types/validator.ts(1,5196): error TS1127: Invalid character.
.next/dev/types/validator.ts(1,5197): error TS1127: Invalid character.
.next/dev/types/validator.ts(1,5198): error TS1127: Invalid character.
.next/dev/types/validator.ts(1,5199): error TS1127: Invalid character.
.next/dev/types/validator.ts(1,5200): error TS1127: Invalid character.
.next/dev/types/validator.ts(1,5201): error TS1127: Invalid character.
.next/dev/types/validator.ts(1,5202): error TS1127: Invalid character.
.next/dev/types/validator.ts(1,5203): error TS1127: Invalid character.
.next/dev/types/validator.ts(1,5204): error TS1127: Invalid character.
.next/dev/types/validator.ts(1,5205): error TS1127: Invalid character.
.next/dev/types/validator.ts(1,5206): error TS1127: Invalid character.
.next/dev/types/validator.ts(1,5207): error TS1127: Invalid character.
.next/dev/types/validator.ts(1,5208): error TS1127: Invalid character.
.next/dev/types/validator.ts(1,5209): error TS1127: Invalid character.
.next/dev/types/validator.ts(1,5210): error TS1127: Invalid character.
.next/dev/types/validator.ts(1,5211): error TS1127: Invalid character.
.next/dev/types/validator.ts(1,5212): error TS1127: Invalid character.
.next/dev/types/validator.ts(1,5213): error TS1127: Invalid character.
.next/dev/types/validator.ts(1,5214): error TS1127: Invalid character.
.next/dev/types/validator.ts(1,5215): error TS1127: Invalid character.
.next/dev/types/validator.ts(1,5216): error TS1127: Invalid character.
.next/dev/types/validator.ts(1,5217): error TS1127: Invalid character.
.next/dev/types/validator.ts(1,5218): error TS1127: Invalid character.
.next/dev/types/validator.ts(1,5219): error TS1127: Invalid character.
.next/dev/types/validator.ts(1,5220): error TS1127: Invalid character.
.next/dev/types/validator.ts(1,5221): error TS1127: Invalid character.
.next/dev/types/validator.ts(1,5222): error TS1127: Invalid character.
.next/dev/types/validator.ts(1,5223): error TS1127: Invalid character.
.next/dev/types/validator.ts(1,5224): error TS1127: Invalid character.
.next/dev/types/validator.ts(1,5225): error TS1127: Invalid character.
.next/dev/types/validator.ts(1,5226): error TS1127: Invalid character.
.next/dev/types/validator.ts(1,5227): error TS1127: Invalid character.
.next/dev/types/validator.ts(1,5228): error TS1127: Invalid character.
.next/dev/types/validator.ts(1,5229): error TS1127: Invalid character.
.next/dev/types/validator.ts(1,5230): error TS1127: Invalid character.
.next/dev/types/validator.ts(1,5231): error TS1127: Invalid character.
.next/dev/types/validator.ts(1,5232): error TS1127: Invalid character.
.next/dev/types/validator.ts(1,5233): error TS1127: Invalid character.
.next/dev/types/validator.ts(1,5234): error TS1127: Invalid character.
.next/dev/types/validator.ts(1,5235): error TS1127: Invalid character.
.next/dev/types/validator.ts(1,5236): error TS1127: Invalid character.
.next/dev/types/validator.ts(1,5237): error TS1127: Invalid character.
.next/dev/types/validator.ts(1,5238): error TS1127: Invalid character.
.next/dev/types/validator.ts(1,5239): error TS1127: Invalid character.
.next/dev/types/validator.ts(1,5240): error TS1127: Invalid character.
.next/dev/types/validator.ts(1,5241): error TS1127: Invalid character.
.next/dev/types/validator.ts(1,5242): error TS1127: Invalid character.
.next/dev/types/validator.ts(1,5243): error TS1127: Invalid character.
.next/dev/types/validator.ts(1,5244): error TS1127: Invalid character.
.next/dev/types/validator.ts(1,5245): error TS1127: Invalid character.
.next/dev/types/validator.ts(1,5246): error TS1127: Invalid character.
.next/dev/types/validator.ts(1,5247): error TS1127: Invalid character.
.next/dev/types/validator.ts(1,5248): error TS1127: Invalid character.
.next/dev/types/validator.ts(1,5249): error TS1127: Invalid character.
.next/dev/types/validator.ts(1,5250): error TS1127: Invalid character.
.next/dev/types/validator.ts(1,5251): error TS1127: Invalid character.
.next/dev/types/validator.ts(1,5252): error TS1127: Invalid character.
.next/dev/types/validator.ts(1,5253): error TS1127: Invalid character.
.next/dev/types/validator.ts(1,5254): error TS1127: Invalid character.
.next/dev/types/validator.ts(1,5255): error TS1127: Invalid character.
.next/dev/types/validator.ts(1,5256): error TS1127: Invalid character.
.next/dev/types/validator.ts(1,5257): error TS1127: Invalid character.
.next/dev/types/validator.ts(1,5258): error TS1127: Invalid character.
.next/dev/types/validator.ts(1,5259): error TS1127: Invalid character.
.next/dev/types/validator.ts(1,5260): error TS1127: Invalid character.
.next/dev/types/validator.ts(1,5261): error TS1127: Invalid character.
.next/dev/types/validator.ts(1,5262): error TS1127: Invalid character.
.next/dev/types/validator.ts(1,5263): error TS1127: Invalid character.
.next/dev/types/validator.ts(1,5264): error TS1127: Invalid character.
.next/dev/types/validator.ts(1,5265): error TS1127: Invalid character.
.next/dev/types/validator.ts(1,5266): error TS1127: Invalid character.
.next/dev/types/validator.ts(1,5267): error TS1127: Invalid character.
.next/dev/types/validator.ts(1,5268): error TS1127: Invalid character.
.next/dev/types/validator.ts(1,5269): error TS1127: Invalid character.
.next/dev/types/validator.ts(1,5270): error TS1127: Invalid character.
.next/dev/types/validator.ts(1,5271): error TS1127: Invalid character.
.next/dev/types/validator.ts(1,5272): error TS1127: Invalid character.
.next/dev/types/validator.ts(1,5273): error TS1127: Invalid character.
.next/dev/types/validator.ts(1,5274): error TS1127: Invalid character.
.next/dev/types/validator.ts(1,5275): error TS1127: Invalid character.
.next/dev/types/validator.ts(1,5276): error TS1127: Invalid character.
.next/dev/types/validator.ts(1,5277): error TS1127: Invalid character.
.next/dev/types/validator.ts(1,5278): error TS1127: Invalid character.
.next/dev/types/validator.ts(1,5279): error TS1127: Invalid character.
.next/dev/types/validator.ts(1,5280): error TS1127: Invalid character.
.next/dev/types/validator.ts(1,5281): error TS1127: Invalid character.
.next/dev/types/validator.ts(1,5282): error TS1127: Invalid character.
.next/dev/types/validator.ts(1,5283): error TS1127: Invalid character.
.next/dev/types/validator.ts(1,5284): error TS1127: Invalid character.
.next/dev/types/validator.ts(1,5285): error TS1127: Invalid character.
.next/dev/types/validator.ts(1,5286): error TS1127: Invalid character.
.next/dev/types/validator.ts(1,5287): error TS1127: Invalid character.
.next/dev/types/validator.ts(1,5288): error TS1127: Invalid character.
.next/dev/types/validator.ts(1,5289): error TS1127: Invalid character.
.next/dev/types/validator.ts(1,5290): error TS1127: Invalid character.
.next/dev/types/validator.ts(1,5291): error TS1127: Invalid character.
.next/dev/types/validator.ts(1,5292): error TS1127: Invalid character.
.next/dev/types/validator.ts(1,5293): error TS1127: Invalid character.
.next/dev/types/validator.ts(1,5294): error TS1127: Invalid character.
.next/dev/types/validator.ts(1,5295): error TS1127: Invalid character.
.next/dev/types/validator.ts(1,5296): error TS1127: Invalid character.
.next/dev/types/validator.ts(1,5297): error TS1127: Invalid character.
.next/dev/types/validator.ts(1,5298): error TS1127: Invalid character.
.next/dev/types/validator.ts(1,5299): error TS1127: Invalid character.
.next/dev/types/validator.ts(1,5300): error TS1127: Invalid character.
.next/dev/types/validator.ts(1,5301): error TS1127: Invalid character.
.next/dev/types/validator.ts(1,5302): error TS1127: Invalid character.
.next/dev/types/validator.ts(1,5303): error TS1127: Invalid character.
.next/dev/types/validator.ts(1,5304): error TS1127: Invalid character.
.next/dev/types/validator.ts(1,5305): error TS1127: Invalid character.
.next/dev/types/validator.ts(1,5306): error TS1127: Invalid character.
.next/dev/types/validator.ts(1,5307): error TS1127: Invalid character.
.next/dev/types/validator.ts(1,5308): error TS1127: Invalid character.
.next/dev/types/validator.ts(1,5309): error TS1127: Invalid character.
.next/dev/types/validator.ts(1,5310): error TS1127: Invalid character.
.next/dev/types/validator.ts(1,5311): error TS1127: Invalid character.
.next/dev/types/validator.ts(1,5312): error TS1127: Invalid character.
.next/dev/types/validator.ts(1,5313): error TS1127: Invalid character.
.next/dev/types/validator.ts(1,5314): error TS1127: Invalid character.
.next/dev/types/validator.ts(1,5315): error TS1127: Invalid character.
.next/dev/types/validator.ts(1,5316): error TS1127: Invalid character.
.next/dev/types/validator.ts(1,5317): error TS1127: Invalid character.
.next/dev/types/validator.ts(1,5318): error TS1127: Invalid character.
.next/dev/types/validator.ts(1,5319): error TS1127: Invalid character.
.next/dev/types/validator.ts(1,5320): error TS1127: Invalid character.
.next/dev/types/validator.ts(1,5321): error TS1127: Invalid character.
.next/dev/types/validator.ts(1,5322): error TS1127: Invalid character.
.next/dev/types/validator.ts(1,5323): error TS1127: Invalid character.
.next/dev/types/validator.ts(1,5324): error TS1127: Invalid character.
.next/dev/types/validator.ts(1,5325): error TS1127: Invalid character.
.next/dev/types/validator.ts(1,5326): error TS1127: Invalid character.
.next/dev/types/validator.ts(1,5327): error TS1127: Invalid character.
.next/dev/types/validator.ts(1,5328): error TS1127: Invalid character.
.next/dev/types/validator.ts(1,5329): error TS1127: Invalid character.
.next/dev/types/validator.ts(1,5330): error TS1127: Invalid character.
.next/dev/types/validator.ts(1,5331): error TS1127: Invalid character.
.next/dev/types/validator.ts(1,5332): error TS1127: Invalid character.
.next/dev/types/validator.ts(1,5333): error TS1127: Invalid character.
.next/dev/types/validator.ts(1,5334): error TS1127: Invalid character.
.next/dev/types/validator.ts(1,5335): error TS1127: Invalid character.
.next/dev/types/validator.ts(1,5336): error TS1127: Invalid character.
.next/dev/types/validator.ts(1,5337): error TS1127: Invalid character.
.next/dev/types/validator.ts(1,5338): error TS1127: Invalid character.
.next/dev/types/validator.ts(1,5339): error TS1127: Invalid character.
.next/dev/types/validator.ts(1,5340): error TS1127: Invalid character.
.next/dev/types/validator.ts(1,5341): error TS1127: Invalid character.
.next/dev/types/validator.ts(1,5342): error TS1127: Invalid character.
.next/dev/types/validator.ts(1,5343): error TS1127: Invalid character.
.next/dev/types/validator.ts(1,5344): error TS1127: Invalid character.
.next/dev/types/validator.ts(1,5345): error TS1127: Invalid character.
.next/dev/types/validator.ts(1,5346): error TS1127: Invalid character.
.next/dev/types/validator.ts(1,5347): error TS1127: Invalid character.
.next/dev/types/validator.ts(1,5348): error TS1127: Invalid character.
.next/dev/types/validator.ts(1,5349): error TS1127: Invalid character.
.next/dev/types/validator.ts(1,5350): error TS1127: Invalid character.
.next/dev/types/validator.ts(1,5351): error TS1127: Invalid character.
.next/dev/types/validator.ts(1,5352): error TS1127: Invalid character.
.next/dev/types/validator.ts(1,5353): error TS1127: Invalid character.
.next/dev/types/validator.ts(1,5354): error TS1127: Invalid character.
.next/dev/types/validator.ts(1,5355): error TS1127: Invalid character.
.next/dev/types/validator.ts(1,5356): error TS1127: Invalid character.
.next/dev/types/validator.ts(1,5357): error TS1127: Invalid character.
.next/dev/types/validator.ts(1,5358): error TS1127: Invalid character.
.next/dev/types/validator.ts(1,5359): error TS1127: Invalid character.
.next/dev/types/validator.ts(1,5360): error TS1127: Invalid character.
.next/dev/types/validator.ts(1,5361): error TS1127: Invalid character.
.next/dev/types/validator.ts(1,5362): error TS1127: Invalid character.
.next/dev/types/validator.ts(1,5363): error TS1127: Invalid character.
.next/dev/types/validator.ts(1,5364): error TS1127: Invalid character.
.next/dev/types/validator.ts(1,5365): error TS1127: Invalid character.
.next/dev/types/validator.ts(1,5366): error TS1127: Invalid character.
.next/dev/types/validator.ts(1,5367): error TS1127: Invalid character.
.next/dev/types/validator.ts(1,5368): error TS1127: Invalid character.
.next/dev/types/validator.ts(1,5369): error TS1127: Invalid character.
.next/dev/types/validator.ts(1,5370): error TS1127: Invalid character.
.next/dev/types/validator.ts(1,5371): error TS1127: Invalid character.
.next/dev/types/validator.ts(1,5372): error TS1127: Invalid character.
.next/dev/types/validator.ts(1,5373): error TS1127: Invalid character.
.next/dev/types/validator.ts(1,5374): error TS1127: Invalid character.
.next/dev/types/validator.ts(1,5375): error TS1127: Invalid character.
.next/dev/types/validator.ts(1,5376): error TS1127: Invalid character.
.next/dev/types/validator.ts(1,5377): error TS1127: Invalid character.
.next/dev/types/validator.ts(1,5378): error TS1127: Invalid character.
.next/dev/types/validator.ts(1,5379): error TS1127: Invalid character.
.next/dev/types/validator.ts(1,5380): error TS1127: Invalid character.
.next/dev/types/validator.ts(1,5381): error TS1127: Invalid character.
.next/dev/types/validator.ts(1,5382): error TS1127: Invalid character.
.next/dev/types/validator.ts(1,5383): error TS1127: Invalid character.
.next/dev/types/validator.ts(1,5384): error TS1127: Invalid character.
.next/dev/types/validator.ts(1,5385): error TS1127: Invalid character.
.next/dev/types/validator.ts(1,5386): error TS1127: Invalid character.
.next/dev/types/validator.ts(1,5387): error TS1127: Invalid character.
.next/dev/types/validator.ts(1,5388): error TS1127: Invalid character.
.next/dev/types/validator.ts(1,5389): error TS1127: Invalid character.
.next/dev/types/validator.ts(1,5390): error TS1127: Invalid character.
.next/dev/types/validator.ts(1,5391): error TS1127: Invalid character.
.next/dev/types/validator.ts(1,5392): error TS1127: Invalid character.
.next/dev/types/validator.ts(1,5393): error TS1127: Invalid character.
.next/dev/types/validator.ts(1,5394): error TS1127: Invalid character.
.next/dev/types/validator.ts(1,5395): error TS1127: Invalid character.
.next/dev/types/validator.ts(1,5396): error TS1127: Invalid character.
.next/dev/types/validator.ts(1,5397): error TS1127: Invalid character.
.next/dev/types/validator.ts(1,5398): error TS1127: Invalid character.
.next/dev/types/validator.ts(1,5399): error TS1127: Invalid character.
.next/dev/types/validator.ts(1,5400): error TS1127: Invalid character.
.next/dev/types/validator.ts(1,5401): error TS1127: Invalid character.
.next/dev/types/validator.ts(1,5402): error TS1127: Invalid character.
.next/dev/types/validator.ts(1,5403): error TS1127: Invalid character.
.next/dev/types/validator.ts(1,5404): error TS1127: Invalid character.
.next/dev/types/validator.ts(1,5405): error TS1127: Invalid character.
.next/dev/types/validator.ts(1,5406): error TS1127: Invalid character.
.next/dev/types/validator.ts(1,5407): error TS1127: Invalid character.
.next/dev/types/validator.ts(1,5408): error TS1127: Invalid character.
.next/dev/types/validator.ts(1,5409): error TS1127: Invalid character.
.next/dev/types/validator.ts(1,5410): error TS1127: Invalid character.
.next/dev/types/validator.ts(1,5411): error TS1127: Invalid character.
.next/dev/types/validator.ts(1,5412): error TS1127: Invalid character.
.next/dev/types/validator.ts(1,5413): error TS1127: Invalid character.
.next/dev/types/validator.ts(1,5414): error TS1127: Invalid character.
.next/dev/types/validator.ts(1,5415): error TS1127: Invalid character.
.next/dev/types/validator.ts(1,5416): error TS1127: Invalid character.
